
 Start         Length     Name                   Class
 0001:00000000 000CA058H .text                   CODE
 0002:00000000 00004230H .data                   DATA
 0002:00004230 00001505H .bss                    BSS


Detailed map of segments

 0001:00000000 00005E83 C=CODE     S=.text    G=(none)   M=System   ACBP=A9
 0001:00005E84 00000140 C=CODE     S=.text    G=(none)   M=SysInit  ACBP=A9
 0001:00005FC4 00000078 C=CODE     S=.text    G=(none)   M=Types    ACBP=A9
 0001:0000603C 00000F60 C=CODE     S=.text    G=(none)   M=Windows  ACBP=A9
 0001:00006F9C 00000388 C=CODE     S=.text    G=(none)   M=SysConst ACBP=A9
 0001:00007324 00007230 C=CODE     S=.text    G=(none)   M=SysUtils ACBP=A9
 0001:0000E554 00000038 C=CODE     S=.text    G=(none)   M=Messages ACBP=A9
 0001:0000E58C 0000082B C=CODE     S=.text    G=(none)   M=VarUtils ACBP=A9
 0001:0000EDB8 000094DE C=CODE     S=.text    G=(none)   M=Variants ACBP=A9
 0001:00018298 00000170 C=CODE     S=.text    G=(none)   M=RTLConsts ACBP=A9
 0001:00018408 0000192C C=CODE     S=.text    G=(none)   M=TypInfo  ACBP=A9
 0001:00019D34 000000B0 C=CODE     S=.text    G=(none)   M=ActiveX  ACBP=A9
 0001:00019DE4 0000CC12 C=CODE     S=.text    G=(none)   M=Classes  ACBP=A9
 0001:000269F8 00000038 C=CODE     S=.text    G=(none)   M=ETypes   ACBP=A9
 0001:00026A30 00000F44 C=CODE     S=.text    G=(none)   M=EConsts  ACBP=A9
 0001:00027974 0000273F C=CODE     S=.text    G=(none)   M=ECore    ACBP=A9
 0001:0002A0B4 00000A77 C=CODE     S=.text    G=(none)   M=EHook    ACBP=A9
 0001:0002AB2C 000000C4 C=CODE     S=.text    G=(none)   M=ELang    ACBP=A9
 0001:0002ABF0 000000A0 C=CODE     S=.text    G=(none)   M=WinSock  ACBP=A9
 0001:0002AC90 0000161C C=CODE     S=.text    G=(none)   M=ESockets ACBP=A9
 0001:0002C2AC 000060A0 C=CODE     S=.text    G=(none)   M=EZLib    ACBP=A9
 0001:0003234C 0001498A C=CODE     S=.text    G=(none)   M=ExceptionLog ACBP=A9
 0001:00046CD8 000002F0 C=CODE     S=.text    G=(none)   M=Consts   ACBP=A9
 0001:00046FC8 0000908F C=CODE     S=.text    G=(none)   M=Graphics ACBP=A9
 0001:00050058 00000048 C=CODE     S=.text    G=(none)   M=Math     ACBP=A9
 0001:000500A0 000002B8 C=CODE     S=.text    G=(none)   M=Contnrs  ACBP=A9
 0001:00050358 000000F4 C=CODE     S=.text    G=(none)   M=CommCtrl ACBP=A9
 0001:0005044C 00000787 C=CODE     S=.text    G=(none)   M=MultiMon ACBP=A9
 0001:00050BD4 00000038 C=CODE     S=.text    G=(none)   M=Imm      ACBP=A9
 0001:00050C0C 00000FF8 C=CODE     S=.text    G=(none)   M=HelpIntfs ACBP=A9
 0001:00051C04 00000038 C=CODE     S=.text    G=(none)   M=WinSpool ACBP=A9
 0001:00051C3C 00000044 C=CODE     S=.text    G=(none)   M=Printers ACBP=A9
 0001:00051C80 0000031F C=CODE     S=.text    G=(none)   M=FlatSB   ACBP=A9
 0001:00051FA0 000001A4 C=CODE     S=.text    G=(none)   M=SyncObjs ACBP=A9
 0001:00052144 000009BB C=CODE     S=.text    G=(none)   M=UxTheme  ACBP=A9
 0001:00052B00 00000038 C=CODE     S=.text    G=(none)   M=RichEdit ACBP=A9
 0001:00052B38 00000038 C=CODE     S=.text    G=(none)   M=ToolWin  ACBP=A9
 0001:00052B70 00000038 C=CODE     S=.text    G=(none)   M=ShellAPI ACBP=A9
 0001:00052BA8 00000038 C=CODE     S=.text    G=(none)   M=RegStr   ACBP=A9
 0001:00052BE0 00000038 C=CODE     S=.text    G=(none)   M=WinInet  ACBP=A9
 0001:00052C18 00000038 C=CODE     S=.text    G=(none)   M=UrlMon   ACBP=A9
 0001:00052C50 00000038 C=CODE     S=.text    G=(none)   M=ShlObj   ACBP=A9
 0001:00052C88 00000038 C=CODE     S=.text    G=(none)   M=CommDlg  ACBP=A9
 0001:00052CC0 00000038 C=CODE     S=.text    G=(none)   M=Dlgs     ACBP=A9
 0001:00052CF8 000012E5 C=CODE     S=.text    G=(none)   M=Dialogs  ACBP=A9
 0001:00053FE0 00002B3E C=CODE     S=.text    G=(none)   M=ExtCtrls ACBP=A9
 0001:00056B20 00000038 C=CODE     S=.text    G=(none)   M=ComStrs  ACBP=A9
 0001:00056B58 0000069C C=CODE     S=.text    G=(none)   M=Clipbrd  ACBP=A9
 0001:000571F4 00000038 C=CODE     S=.text    G=(none)   M=StrUtils ACBP=A9
 0001:0005722C 000000F5 C=CODE     S=.text    G=(none)   M=Buttons  ACBP=A9
 0001:00057324 00000038 C=CODE     S=.text    G=(none)   M=ExtDlgs  ACBP=A9
 0001:0005735C 00000068 C=CODE     S=.text    G=(none)   M=IniFiles ACBP=A9
 0001:000573C4 00000068 C=CODE     S=.text    G=(none)   M=Registry ACBP=A9
 0001:0005742C 0000006C C=CODE     S=.text    G=(none)   M=Mapi     ACBP=A9
 0001:00057498 00000058 C=CODE     S=.text    G=(none)   M=ExtActns ACBP=A9
 0001:000574F0 00000038 C=CODE     S=.text    G=(none)   M=ListActns ACBP=A9
 0001:00057528 00000180 C=CODE     S=.text    G=(none)   M=ComCtrls ACBP=A9
 0001:000576A8 00000B20 C=CODE     S=.text    G=(none)   M=Themes   ACBP=A9
 0001:000581C8 00005EE0 C=CODE     S=.text    G=(none)   M=StdCtrls ACBP=A9
 0001:0005E0A8 00000168 C=CODE     S=.text    G=(none)   M=StdActns ACBP=A9
 0001:0005E210 00000D1F C=CODE     S=.text    G=(none)   M=WinHelpViewer ACBP=A9
 0001:0005EF30 000113FB C=CODE     S=.text    G=(none)   M=Controls ACBP=A9
 0001:0007032C 00001292 C=CODE     S=.text    G=(none)   M=ActnList ACBP=A9
 0001:000715C0 00001974 C=CODE     S=.text    G=(none)   M=ImgList  ACBP=A9
 0001:00072F34 00006639 C=CODE     S=.text    G=(none)   M=Menus    ACBP=A9
 0001:00079570 0000C4B0 C=CODE     S=.text    G=(none)   M=Forms    ACBP=A9
 0001:00085A20 00000A4C C=CODE     S=.text    G=(none)   M=MaskUtils ACBP=A9
 0001:0008646C 00000070 C=CODE     S=.text    G=(none)   M=DateUtils ACBP=A9
 0001:000864DC 000001B0 C=CODE     S=.text    G=(none)   M=DBConsts ACBP=A9
 0001:0008668C 00000F73 C=CODE     S=.text    G=(none)   M=SqlTimSt ACBP=A9
 0001:00087600 00004AFB C=CODE     S=.text    G=(none)   M=FMTBcd   ACBP=A9
 0001:0008C0FC 00000058 C=CODE     S=.text    G=(none)   M=ComConst ACBP=A9
 0001:0008C154 00000E9D C=CODE     S=.text    G=(none)   M=ComObj   ACBP=A9
 0001:0008CFF4 00014AAC C=CODE     S=.text    G=(none)   M=DB       ACBP=A9
 0001:000A1AA0 000000C4 C=CODE     S=.text    G=(none)   M=OleDB    ACBP=A9
 0001:000A1B64 00000250 C=CODE     S=.text    G=(none)   M=ADOInt   ACBP=A9
 0001:000A1DB4 000009CC C=CODE     S=.text    G=(none)   M=DBCommon ACBP=A9
 0001:000A2780 00000160 C=CODE     S=.text    G=(none)   M=Mtx      ACBP=A9
 0001:000A28E0 000000B0 C=CODE     S=.text    G=(none)   M=ADOConst ACBP=A9
 0001:000A2990 0001037E C=CODE     S=.text    G=(none)   M=ADODB    ACBP=A9
 0001:000B2D10 00002108 C=CODE     S=.text    G=(none)   M=Mask     ACBP=A9
 0001:000B4E18 00008120 C=CODE     S=.text    G=(none)   M=Grids    ACBP=A9
 0001:000BCF38 000000B8 C=CODE     S=.text    G=(none)   M=VDBConsts ACBP=A9
 0001:000BCFF0 00000728 C=CODE     S=.text    G=(none)   M=DBLogDlg ACBP=A9
 0001:000BD718 00000531 C=CODE     S=.text    G=(none)   M=DBPWDlg  ACBP=A9
 0001:000BDC4C 000030D0 C=CODE     S=.text    G=(none)   M=DBCtrls  ACBP=A9
 0001:000C0D1C 00008D28 C=CODE     S=.text    G=(none)   M=DBGrids  ACBP=A9
 0001:000C9A44 000002D4 C=CODE     S=.text    G=(none)   M=main     ACBP=A9
 0001:000C9D18 0000033D C=CODE     S=.text    G=(none)   M=del_z    ACBP=A9
 0002:00000000 000000A0 C=DATA     S=.data    G=DGROUP   M=System   ACBP=A9
 0002:000000A0 00000020 C=DATA     S=.data    G=DGROUP   M=SysInit  ACBP=A9
 0002:000000C0 00000274 C=DATA     S=.data    G=DGROUP   M=SysUtils ACBP=A9
 0002:00000334 00000110 C=DATA     S=.data    G=DGROUP   M=VarUtils ACBP=A9
 0002:00000444 000001B6 C=DATA     S=.data    G=DGROUP   M=Variants ACBP=A9
 0002:000005FC 0000000C C=DATA     S=.data    G=DGROUP   M=TypInfo  ACBP=A9
 0002:00000608 00000010 C=DATA     S=.data    G=DGROUP   M=ActiveX  ACBP=A9
 0002:00000618 00000080 C=DATA     S=.data    G=DGROUP   M=Classes  ACBP=A9
 0002:00000698 000002BC C=DATA     S=.data    G=DGROUP   M=EConsts  ACBP=A9
 0002:00000954 00000008 C=DATA     S=.data    G=DGROUP   M=ECore    ACBP=A9
 0002:0000095C 0000210C C=DATA     S=.data    G=DGROUP   M=EZLib    ACBP=A9
 0002:00002A68 00000099 C=DATA     S=.data    G=DGROUP   M=ExceptionLog ACBP=A9
 0002:00002B04 00000304 C=DATA     S=.data    G=DGROUP   M=Graphics ACBP=A9
 0002:00002E08 00000004 C=DATA     S=.data    G=DGROUP   M=Printers ACBP=A9
 0002:00002E0C 000000B4 C=DATA     S=.data    G=DGROUP   M=Dialogs  ACBP=A9
 0002:00002EC0 0000018C C=DATA     S=.data    G=DGROUP   M=ExtCtrls ACBP=A9
 0002:0000304C 0000002C C=DATA     S=.data    G=DGROUP   M=Buttons  ACBP=A9
 0002:00003078 00000008 C=DATA     S=.data    G=DGROUP   M=IniFiles ACBP=A9
 0002:00003080 00000008 C=DATA     S=.data    G=DGROUP   M=Registry ACBP=A9
 0002:00003088 00000008 C=DATA     S=.data    G=DGROUP   M=Mapi     ACBP=A9
 0002:00003090 00000018 C=DATA     S=.data    G=DGROUP   M=ComCtrls ACBP=A9
 0002:000030A8 00000068 C=DATA     S=.data    G=DGROUP   M=Themes   ACBP=A9
 0002:00003110 000000A0 C=DATA     S=.data    G=DGROUP   M=StdCtrls ACBP=A9
 0002:000031B0 0000013C C=DATA     S=.data    G=DGROUP   M=Controls ACBP=A9
 0002:000032EC 00000020 C=DATA     S=.data    G=DGROUP   M=ImgList  ACBP=A9
 0002:0000330C 000000EC C=DATA     S=.data    G=DGROUP   M=Menus    ACBP=A9
 0002:000033F8 0000011C C=DATA     S=.data    G=DGROUP   M=Forms    ACBP=A9
 0002:00003514 00000009 C=DATA     S=.data    G=DGROUP   M=MaskUtils ACBP=A9
 0002:00003520 0000003C C=DATA     S=.data    G=DGROUP   M=SqlTimSt ACBP=A9
 0002:0000355C 00000065 C=DATA     S=.data    G=DGROUP   M=FMTBcd   ACBP=A9
 0002:000035C4 00000030 C=DATA     S=.data    G=DGROUP   M=ComObj   ACBP=A9
 0002:000035F4 0000021E C=DATA     S=.data    G=DGROUP   M=DB       ACBP=A9
 0002:00003814 00000010 C=DATA     S=.data    G=DGROUP   M=OleDB    ACBP=A9
 0002:00003824 00000060 C=DATA     S=.data    G=DGROUP   M=ADOInt   ACBP=A9
 0002:00003884 00000020 C=DATA     S=.data    G=DGROUP   M=Mtx      ACBP=A9
 0002:000038A4 00000294 C=DATA     S=.data    G=DGROUP   M=ADODB    ACBP=A9
 0002:00003B38 00000004 C=DATA     S=.data    G=DGROUP   M=Mask     ACBP=A9
 0002:00003B3C 0000002C C=DATA     S=.data    G=DGROUP   M=DBCtrls  ACBP=A9
 0002:00003B68 00000028 C=DATA     S=.data    G=DGROUP   M=DBGrids  ACBP=A9
 0002:00005000 00000664 C=BSS      S=.bss     G=DGROUP   M=System   ACBP=A9
 0002:00005664 00000010 C=BSS      S=.bss     G=DGROUP   M=SysInit  ACBP=A9
 0002:00005674 00000004 C=BSS      S=.bss     G=DGROUP   M=Types    ACBP=A9
 0002:00005678 00000004 C=BSS      S=.bss     G=DGROUP   M=Windows  ACBP=A9
 0002:0000567C 00000004 C=BSS      S=.bss     G=DGROUP   M=SysConst ACBP=A9
 0002:00005680 00000120 C=BSS      S=.bss     G=DGROUP   M=SysUtils ACBP=A9
 0002:000057A0 00000004 C=BSS      S=.bss     G=DGROUP   M=Messages ACBP=A9
 0002:000057A4 0000005C C=BSS      S=.bss     G=DGROUP   M=VarUtils ACBP=A9
 0002:00005800 00000040 C=BSS      S=.bss     G=DGROUP   M=Variants ACBP=A9
 0002:00005840 00000004 C=BSS      S=.bss     G=DGROUP   M=RTLConsts ACBP=A9
 0002:00005844 00000004 C=BSS      S=.bss     G=DGROUP   M=TypInfo  ACBP=A9
 0002:00005848 00000004 C=BSS      S=.bss     G=DGROUP   M=ActiveX  ACBP=A9
 0002:0000584C 00000044 C=BSS      S=.bss     G=DGROUP   M=Classes  ACBP=A9
 0002:00005890 00000004 C=BSS      S=.bss     G=DGROUP   M=ETypes   ACBP=A9
 0002:00005894 00000004 C=BSS      S=.bss     G=DGROUP   M=EConsts  ACBP=A9
 0002:00005898 0000002C C=BSS      S=.bss     G=DGROUP   M=ECore    ACBP=A9
 0002:000058C4 0000000C C=BSS      S=.bss     G=DGROUP   M=EHook    ACBP=A9
 0002:000058D0 00000004 C=BSS      S=.bss     G=DGROUP   M=ELang    ACBP=A9
 0002:000058D4 00000004 C=BSS      S=.bss     G=DGROUP   M=WinSock  ACBP=A9
 0002:000058D8 00000004 C=BSS      S=.bss     G=DGROUP   M=ESockets ACBP=A9
 0002:000058DC 00000004 C=BSS      S=.bss     G=DGROUP   M=EZLib    ACBP=A9
 0002:000058E0 0000081C C=BSS      S=.bss     G=DGROUP   M=ExceptionLog ACBP=A9
 0002:000060FC 00000004 C=BSS      S=.bss     G=DGROUP   M=Consts   ACBP=A9
 0002:00006100 00000060 C=BSS      S=.bss     G=DGROUP   M=Graphics ACBP=A9
 0002:00006160 00000004 C=BSS      S=.bss     G=DGROUP   M=Math     ACBP=A9
 0002:00006164 00000004 C=BSS      S=.bss     G=DGROUP   M=Contnrs  ACBP=A9
 0002:00006168 00000004 C=BSS      S=.bss     G=DGROUP   M=CommCtrl ACBP=A9
 0002:0000616C 00000031 C=BSS      S=.bss     G=DGROUP   M=MultiMon ACBP=A9
 0002:000061A0 00000004 C=BSS      S=.bss     G=DGROUP   M=Imm      ACBP=A9
 0002:000061A4 00000008 C=BSS      S=.bss     G=DGROUP   M=HelpIntfs ACBP=A9
 0002:000061AC 00000004 C=BSS      S=.bss     G=DGROUP   M=WinSpool ACBP=A9
 0002:000061B0 00000004 C=BSS      S=.bss     G=DGROUP   M=Printers ACBP=A9
 0002:000061B4 00000034 C=BSS      S=.bss     G=DGROUP   M=FlatSB   ACBP=A9
 0002:000061E8 00000004 C=BSS      S=.bss     G=DGROUP   M=SyncObjs ACBP=A9
 0002:000061EC 000000CC C=BSS      S=.bss     G=DGROUP   M=UxTheme  ACBP=A9
 0002:000062B8 00000004 C=BSS      S=.bss     G=DGROUP   M=RichEdit ACBP=A9
 0002:000062BC 00000004 C=BSS      S=.bss     G=DGROUP   M=ToolWin  ACBP=A9
 0002:000062C0 00000004 C=BSS      S=.bss     G=DGROUP   M=ShellAPI ACBP=A9
 0002:000062C4 00000004 C=BSS      S=.bss     G=DGROUP   M=RegStr   ACBP=A9
 0002:000062C8 00000004 C=BSS      S=.bss     G=DGROUP   M=WinInet  ACBP=A9
 0002:000062CC 00000004 C=BSS      S=.bss     G=DGROUP   M=UrlMon   ACBP=A9
 0002:000062D0 00000004 C=BSS      S=.bss     G=DGROUP   M=ShlObj   ACBP=A9
 0002:000062D4 00000004 C=BSS      S=.bss     G=DGROUP   M=CommDlg  ACBP=A9
 0002:000062D8 00000004 C=BSS      S=.bss     G=DGROUP   M=Dlgs     ACBP=A9
 0002:000062DC 00000038 C=BSS      S=.bss     G=DGROUP   M=Dialogs  ACBP=A9
 0002:00006314 00000004 C=BSS      S=.bss     G=DGROUP   M=ExtCtrls ACBP=A9
 0002:00006318 00000004 C=BSS      S=.bss     G=DGROUP   M=ComStrs  ACBP=A9
 0002:0000631C 0000000C C=BSS      S=.bss     G=DGROUP   M=Clipbrd  ACBP=A9
 0002:00006328 00000004 C=BSS      S=.bss     G=DGROUP   M=StrUtils ACBP=A9
 0002:0000632C 00000030 C=BSS      S=.bss     G=DGROUP   M=Buttons  ACBP=A9
 0002:0000635C 00000004 C=BSS      S=.bss     G=DGROUP   M=ExtDlgs  ACBP=A9
 0002:00006360 00000004 C=BSS      S=.bss     G=DGROUP   M=IniFiles ACBP=A9
 0002:00006364 00000004 C=BSS      S=.bss     G=DGROUP   M=Registry ACBP=A9
 0002:00006368 00000004 C=BSS      S=.bss     G=DGROUP   M=Mapi     ACBP=A9
 0002:0000636C 00000009 C=BSS      S=.bss     G=DGROUP   M=ExtActns ACBP=A9
 0002:00006378 00000004 C=BSS      S=.bss     G=DGROUP   M=ListActns ACBP=A9
 0002:0000637C 00000010 C=BSS      S=.bss     G=DGROUP   M=ComCtrls ACBP=A9
 0002:0000638C 00000008 C=BSS      S=.bss     G=DGROUP   M=Themes   ACBP=A9
 0002:00006394 00000004 C=BSS      S=.bss     G=DGROUP   M=StdCtrls ACBP=A9
 0002:00006398 00000004 C=BSS      S=.bss     G=DGROUP   M=StdActns ACBP=A9
 0002:0000639C 00000014 C=BSS      S=.bss     G=DGROUP   M=WinHelpViewer ACBP=A9
 0002:000063B0 00000080 C=BSS      S=.bss     G=DGROUP   M=Controls ACBP=A9
 0002:00006430 00000004 C=BSS      S=.bss     G=DGROUP   M=ActnList ACBP=A9
 0002:00006434 0000000C C=BSS      S=.bss     G=DGROUP   M=ImgList  ACBP=A9
 0002:00006440 00000010 C=BSS      S=.bss     G=DGROUP   M=Menus    ACBP=A9
 0002:00006450 00000020 C=BSS      S=.bss     G=DGROUP   M=Forms    ACBP=A9
 0002:00006470 00000004 C=BSS      S=.bss     G=DGROUP   M=MaskUtils ACBP=A9
 0002:00006474 00000004 C=BSS      S=.bss     G=DGROUP   M=DateUtils ACBP=A9
 0002:00006478 00000004 C=BSS      S=.bss     G=DGROUP   M=DBConsts ACBP=A9
 0002:0000647C 00000004 C=BSS      S=.bss     G=DGROUP   M=SqlTimSt ACBP=A9
 0002:00006480 00000004 C=BSS      S=.bss     G=DGROUP   M=FMTBcd   ACBP=A9
 0002:00006484 00000004 C=BSS      S=.bss     G=DGROUP   M=ComConst ACBP=A9
 0002:00006488 00000011 C=BSS      S=.bss     G=DGROUP   M=ComObj   ACBP=A9
 0002:0000649C 00000020 C=BSS      S=.bss     G=DGROUP   M=DB       ACBP=A9
 0002:000064BC 00000004 C=BSS      S=.bss     G=DGROUP   M=OleDB    ACBP=A9
 0002:000064C0 00000004 C=BSS      S=.bss     G=DGROUP   M=ADOInt   ACBP=A9
 0002:000064C4 00000004 C=BSS      S=.bss     G=DGROUP   M=DBCommon ACBP=A9
 0002:000064C8 00000004 C=BSS      S=.bss     G=DGROUP   M=Mtx      ACBP=A9
 0002:000064CC 00000004 C=BSS      S=.bss     G=DGROUP   M=ADOConst ACBP=A9
 0002:000064D0 00000008 C=BSS      S=.bss     G=DGROUP   M=ADODB    ACBP=A9
 0002:000064D8 00000004 C=BSS      S=.bss     G=DGROUP   M=Mask     ACBP=A9
 0002:000064DC 00000004 C=BSS      S=.bss     G=DGROUP   M=Grids    ACBP=A9
 0002:000064E0 00000004 C=BSS      S=.bss     G=DGROUP   M=VDBConsts ACBP=A9
 0002:000064E4 00000004 C=BSS      S=.bss     G=DGROUP   M=DBLogDlg ACBP=A9
 0002:000064E8 00000004 C=BSS      S=.bss     G=DGROUP   M=DBPWDlg  ACBP=A9
 0002:000064EC 00000004 C=BSS      S=.bss     G=DGROUP   M=DBCtrls  ACBP=A9
 0002:000064F0 0000000C C=BSS      S=.bss     G=DGROUP   M=DBGrids  ACBP=A9
 0002:000064FC 00000008 C=BSS      S=.bss     G=DGROUP   M=main     ACBP=A9


  Address         Publics by Name

 0002:00000A18       ..
 0002:00001FC8       ..
 0002:00000A90       ..
 0001:0002EDD8       ..
 0002:00001FFC       ..
 0001:000303A0       ..
 0002:00001F50       ..
 0002:00000B4C       ..
 0002:00000960       ..
 0002:000062D0       .1
 0002:000062D4       .1
 0002:000062D8       .1
 0002:00006474       .1
 0002:000062CC       .1
 0002:0000618C       .1
 0002:00006168       .1
 0002:00006318       .1
 0002:000061D4       .1
 0002:000062A8       .1
 0002:000064E0       .1
 0002:000062B8       .1
 0002:00006328       .1
 0002:00005674       .1
 0002:00006368       .1
 0002:0000566C       .1
 0002:00005840       .1
 0002:000062C0       .1
 0002:000063A4       .1
 0002:000058DC       .1
 0002:000058D4       .1
 0002:000058D0       .1
 0002:000058C4       .1
 0002:000061A0       .1
 0002:000062C4       .1
 0002:00005890       .1
 0002:000062C8       .1
 0002:00006478       .1
 0002:0000647C       .1
 0002:0000567C       .1
 0002:000057A0       .1
 0002:00006484       .1
 0002:000064BC       .1
 0002:000064C8       .1
 0002:000064CC       .1
 0002:000060FC       .1
 0002:000064DC       .11
 0002:000062DC       .11
 0002:00006104       .12
 0002:00006314       .12
 0002:00006470       .2
 0002:00006160       .2
 0002:000058A0       .2
 0002:00006500       .2
 0002:0000638C       .2
 0002:00006320       .2
 0002:000064E4       .2
 0002:000064E8       .2
 0002:000061A4       .2
 0002:00006164       .21
 0002:000064EC       .22
 0002:000061AC       .3
 0002:00005848       .3
 0002:0000635C       .3
 0002:00005678       .3
 0002:00006480       .3
 0002:000061B0       .3
 0002:00006434       .3
 0002:000064C4       .3
 0002:000064D0       .31
 0002:00005790       .35
 0002:000064B8       .36
 0002:0000637C       .36
 0002:00005894       .4
 0002:0000632C       .4
 0002:000058D8       .4
 0002:000062BC       .4
 0002:00006458       .41
 0002:00006488       .41
 0002:00006394       .42
 0002:00005858       .45
 0002:000064C0       .5
 0002:00006364       .5
 0002:000064D8       .5
 0002:000055BC       .5
 0002:000057FC       .5
 0002:000061E8       .6
 0002:00005844       .6
 0002:000058EC       .7
 0002:0000636C       .72
 0002:000063B8       .72
 0002:00006398       .73
 0002:00006378       .8
 0002:00006430       .8
 0002:00006360       .8
 0002:00005820       .81
 0002:000064F0       .9
 0002:00006448       .9
 0001:00001D28       @AbstractError
 0001:0000464C       @AddRefArray
 0001:00004604       @AddRefRecord
 0001:000321E8       @adler32
 0001:00002D74       @AfterConstruction
 0001:00002B68       @AsClass
 0001:00003828       @Assert
 0001:00002194       @AStrCmp
 0001:00002D84       @BeforeDestruction
 0001:000028F8       @BoundErr
 0001:00002BB4       @CallDynaInst
 0001:000058C0       @CheckAutoResult
 0001:00002D1C       @ClassCreate
 0001:00002D6C       @ClassDestroy
 0001:00002060       @Close
 0001:000019C8       @Copy
 0001:00004840       @CopyArray
 0001:00004724       @CopyRecord
 0001:000049AC       @DispCallByIDError
 0001:0000FE14       @DispInvoke
 0001:0000FB0C       @DispInvokeError
 0001:00004948       @Dispose
 0001:000032C4       @DoneExcept
 0001:0000515C       @DynArrayAddRef
 0001:00005134       @DynArrayAsg
 0001:000050F8       @DynArrayClear
 0001:00004FE4       @DynArrayCopy
 0001:00005004       @DynArrayCopyRange
 0001:00004E24       @DynArrayHigh
 0001:00004E1C       @DynArrayLength
 0001:00004FD8       @DynArraySetLength
 0001:000033AC       @ExceptionHandler
 0001:00002204       @FillChar
 0001:000045F8       @Finalize
 0001:0000450C       @FinalizeArray
 0001:000044C0       @FinalizeRecord
 0001:00002BCC       @FindDynaInst
 0001:00002054       @Flush
 0001:000028EC       @FpuInit
 0001:00002828       @FpuMaskInit
 0001:00001850       @FreeMem
 0001:00001830       @GetMem
 0001:00005EFC       @GetTls
 0001:00003810       @Halt
 0001:00003738       @Halt0
 0001:00002E98       @HandleAnyException
 0001:00003184       @HandleAutoException
 0001:0000314C       @HandleFinally
 0001:00002FC4       @HandleOnException
 0001:0002E0A8       @inflate_blocks
 0001:0002ED78       @inflate_blocks_free
 0001:0002E010       @inflate_blocks_new
 0001:0002DFAC       @inflate_blocks_reset
 0001:0002EDCC       @inflate_blocks_sync_point
 0001:0002F524       @inflate_codes
 0001:0002FDBC       @inflate_codes_free
 0001:0002F4D4       @inflate_codes_new
 0001:0002FED8       @inflate_fast
 0001:0002FDC8       @inflate_flush
 0001:0002EDA8       @inflate_set_dictionary
 0001:0002F2CC       @inflate_trees_bits
 0001:0002F368       @inflate_trees_dynamic
 0001:0002F4A8       @inflate_trees_fixed
 0001:00005F48       @InitExe
 0001:000044B4       @Initialize
 0001:00004420       @InitializeArray
 0001:000043F0       @InitializeRecord
 0001:000035E0       @InitImports
 0001:000035B8       @InitResStringImports
 0001:00003594       @InitResStrings
 0001:00003604       @InitWideStrings
 0001:00005824       @IntfAddRef
 0001:000057F4       @IntfCast
 0001:000057B0       @IntfClear
 0001:000057C8       @IntfCopy
 0001:00002B44       @IsClass
 0001:000027F8       @isNECWindows
 0001:00001A0C       @LGetDir
 0001:00003D98       @LStrAddRef
 0001:000038F0       @LStrArrayClr
 0001:00003920       @LStrAsg
 0001:00003BB0       @LStrCat
 0001:00003BF4       @LStrCat3
 0001:00003C68       @LStrCatN
 0001:000038CC       @LStrClr
 0001:00003CF4       @LStrCmp
 0001:00003E08       @LStrCopy
 0001:00003E48       @LStrDelete
 0001:00003B3C       @LStrFromArray
 0001:00003AB4       @LStrFromChar
 0001:00003AC4       @LStrFromPChar
 0001:000039BC       @LStrFromPCharLen
 0001:00003AF4       @LStrFromPWChar
 0001:00003A28       @LStrFromPWCharLen
 0001:00003B30       @LStrFromString
 0001:00003B54       @LStrFromWArray
 0001:00003B70       @LStrFromWStr
 0001:00003E90       @LStrInsert
 0001:00003964       @LStrLAsg
 0001:00003BA8       @LStrLen
 0001:00003F98       @LStrOfChar
 0001:00003EEC       @LStrPos
 0001:00003F34       @LStrSetLength
 0001:00003DA8       @LStrToPChar
 0001:00003B84       @LStrToString
 0001:00004934       @New
 0001:00003990       @NewAnsiString
 0001:00003FF4       @NewWideString
 0001:00014360       @OleVarFromInt
 0001:00014664       @OleVarFromLStr
 0001:00014720       @OleVarFromVar
 0001:00001C90       @Pos
 0001:0000250C       @Pow10
 0001:00002110       @PStrCmp
 0001:000020E8       @PStrCpy
 0001:000020B8       @PStrNCat
 0001:000020F4       @PStrNCpy
 0001:00003270       @RaiseAgain
 0001:00003248       @RaiseExcept
 0001:00001870       @ReallocMem
 0001:00001D9C       @RewritText
 0001:00001CF8       @ROUND
 0001:0000381C       @RunError
 0001:000024F0       @SetEq
 0001:00001CD0       @SetLength
 0001:00003554       @StartExe
 0001:00004BD0       @Str0Int64
 0001:00002284       @Str0Long
 0001:00004B10       @StrInt64
 0001:00000408       @strlen
 0001:00002224       @StrLong
 0001:00001D04       @TRUNC
 0001:000032F4       @TryFinallyExit
 0001:00003E00       @UniqueStringA
 0001:00004BEC       @ValInt64
 0001:00002290       @ValLong
 0001:00018128       @VarAdd
 0001:0001602C       @VarAddRef
 0001:00004634       @VarAddRef
 0001:00016880       @VarArrayGet
 0001:00016970       @VarArrayPut
 0001:000166CC       @VarArrayRedim
 0001:00010768       @VarCast
 0001:0000FDF8       @VarClear
 0001:0000FE0C       @VarClr
 0001:000044F4       @VarClr
 0001:00018134       @VarCmpEQ
 0001:00018164       @VarCmpGT
 0001:00018154       @VarCmpLT
 0001:00018144       @VarCmpNE
 0001:0000470C       @VarCopy
 0001:00010224       @VarCopy
 0001:000104A4       @VarCopyNoInd
 0001:000144F4       @VarFromBool
 0001:00014380       @VarFromByte
 0001:00014544       @VarFromCurr
 0001:0001449C       @VarFromCurrency
 0001:000144C8       @VarFromDate
 0001:00014638       @VarFromDisp
 0001:00014470       @VarFromDouble
 0001:00014304       @VarFromInt
 0001:00014420       @VarFromInt64
 0001:00014340       @VarFromInteger
 0001:0001460C       @VarFromIntf
 0001:000143C0       @VarFromLongWord
 0001:00014558       @VarFromLStr
 0001:00014584       @VarFromPStr
 0001:0001451C       @VarFromReal
 0001:000143E0       @VarFromShortInt
 0001:0001444C       @VarFromSingle
 0001:00014400       @VarFromSmallInt
 0001:00014530       @VarFromTDateTime
 0001:000143A0       @VarFromWord
 0001:000145D4       @VarFromWStr
 0001:0000FB60       @VarNull
 0001:00015680       @VarOp
 0001:000104B8       @VarStringToOleStr
 0001:00011F34       @VarToBool
 0001:00011BEC       @VarToBoolean
 0001:0001102C       @VarToByte
 0001:00012DD8       @VarToCurrency
 0001:00012870       @VarToDate
 0001:00014258       @VarToDisp
 0001:00012100       @VarToDouble
 0001:000115F0       @VarToInt64
 0001:00010B2C       @VarToInteger
 0001:0001418C       @VarToIntf
 0001:000112A4       @VarToLongWord
 0001:0001348C       @VarToLStr
 0001:0001247C       @VarToReal
 0001:00010F7C       @VarToShortInt
 0001:00012498       @VarToSingle
 0001:000110D4       @VarToSmallInt
 0001:000111CC       @VarToWord
 0001:00013BB4       @VarToWStr
 0001:00003FC4       @Write0LString
 0001:000023A8       @WriteBytes
 0001:00002478       @WriteLn
 0001:00003FCC       @WriteLString
 0001:000023FC       @WriteSpaces
 0001:000043D0       @WStrAddRef
 0001:00004034       @WStrArrayClr
 0001:00004058       @WStrAsg
 0001:000041C4       @WStrCat
 0001:00004224       @WStrCatN
 0001:0000401C       @WStrClr
 0001:0000426C       @WStrCmp
 0001:000042F0       @WStrCopy
 0001:00004198       @WStrFromLStr
 0001:0000412C       @WStrFromPChar
 0001:0000407C       @WStrFromPCharLen
 0001:0000415C       @WStrFromPWChar
 0001:00004108       @WStrFromPWCharLen
 0001:000041B8       @WStrLen
 0001:0000433C       @WStrPos
 0001:0000438C       @WStrSetLength
 0001:000041A8       @WStrToPWChar
 0001:000024CC       @_CLenToPasStr
 0001:000024C0       @_CToPasStr
 0001:00001998       @_IOTest
 0001:000049D8       @_lldiv
 0001:00004A54       @_llmod
 0001:000049B4       @_llmul
 0001:00004AD0       @_llshl
 0001:00004AF0       @_llushr
 0001:00031598       @_tr_align
 0001:00031858       @_tr_flush_block
 0001:000303A4       @_tr_init
 0001:000314DC       @_tr_stored_block
 0001:0000C2E4       Abort
 0001:000620A0       AbsMin
 0001:0000C6B0       AbstractErrorHandler
 0002:0000502C       AbstractErrorProc
 0002:00000144       AccessMode
 0001:00001900       AcquireExceptionObject
 0001:0003A304       ActicatePage
 0001:0001C460       ActivateClassGroup
 0002:00005A38       ActivateEurekaLog
 0001:00006700       ActivateKeyboardLayout
 0002:000063EC       ActiveDrag
 0002:000058BD       ActiveInternalLog
 0002:000059AC       ActiveSafeCall
 0001:00019DDC       ActiveX
 0001:00071594       ActnList
 0001:0000053C       AddBlockAfter
 0001:0008874C       AddChars
 0001:0008B7F4       AddCurrency
 0001:0008AFC4       AddCurrencySymbol
 0002:00000618       AddDataModule
 0001:0008A8D0       AddDigit
 0001:0002BA54       AddDNS
 0001:00007FDC       AddExitProc
 0001:000AB76C       AddFieldDef
 0001:000940C0       AddFieldDefs
 0001:000C42E0       AddFields
 0001:0009431C       AddFields
 0001:000B1FA4       AddFieldToList
 0001:0001FFBC       AddFinished
 0001:00074B68       AddIn
 0001:0008BAE4       AddLiterals
 0001:00036D60       AddModule
 0001:00005654       AddModuleUnloadProc
 0001:00005644       AddModuleUnloadProc
 0001:0008B0A4       AddNegCurrencySymbol
 0001:00089E38       AddNormalizedFractions
 0001:0001FFF4       AddNotFinished
 0001:0008A8B4       AddOneChar
 0001:00088808       AddStrings
 0001:00020A18       AddSubComponentsToLoaded
 0001:00024F80       AddThread
 0001:00036E70       AddToStack
 0002:0000353C       AdjustAmt
 0002:00003554       AdjustAmt
 0002:0000354C       AdjustAmt
 0002:00003544       AdjustAmt
 0001:0004AB2C       AdjustColor
 0001:0005636C       AdjustColors
 0001:00089264       AdjustDecimalPosition
 0001:0003A254       AdjustDialog
 0001:0009FCD4       AdjustFirstRecord
 0001:00038764       AdjustFlatStyle
 0001:0007BB78       Adjustment
 0001:0008A190       AdjustNibbles
 0001:00006708       AdjustWindowRectEx
 0001:000A2988       ADOConst
 0001:000B2CBC       ADODB
 0001:000A1DAC       ADOInt
 0001:000A608C       ADOTypeToFieldType
 0002:00003B04       AffectRecordsValues
 0001:0003C1AC       AfterScreenshot
 0001:0000D980       AL1
 0002:00000314       AL1s
 0001:0000D990       AL2
 0002:00000324       AL2s
 0002:00003B6C       AlignFlags
 0002:000033D0       Alignments
 0002:00002EC8       Alignments
 0002:00003118       Alignments
 0002:000033E0       Alignments
 0001:00082A70       AlignWork
 0001:00067754       AlignWork
 0001:000267D8       AllocateHWnd
 0001:00007F90       AllocMem
 0002:000055B4       AllocMemCount
 0002:000055B8       AllocMemSize
 0001:0004FE50       AllocPatternBitmap
 0001:00005EA4       AllocTlsBuffer
 0001:0000D9C0       ALR
 0001:0000D9A8       ALV
 0001:00023778       AncestorIsValid
 0002:000031BC       AnchorAlign
 0002:000031B0       AnimateWindowProc
 0002:000032B8       AnimationStyle
 0001:000081BC       AnsiCompareStr
 0001:000081F4       AnsiCompareText
 0001:000082B4       AnsiExtractQuotedStr
 0001:000089C4       AnsiLastChar
 0001:00006710       AnsiLower
 0001:00008188       AnsiLowerCase
 0001:0000CFF0       AnsiLowerCaseFileName
 0001:0000CFB8       AnsiPos
 0001:0007937C       AnsiSameCaption
 0001:0000822C       AnsiSameText
 0001:00008244       AnsiStrLIComp
 0001:0000D07C       AnsiStrPos
 0001:0000D11C       AnsiStrRScan
 0001:0000D144       AnsiStrScan
 0001:00005C40       AnsiToUtf8
 0001:00008154       AnsiUpperCase
 0001:00014C94       AnyOp
 0001:00014114       AnyToIntf
 0001:0000A554       AppendChars
 0001:0000A918       AppendFormat
 0001:0000A5B8       AppendNumber
 0001:0000A598       AppendString
 0002:00006450       Application
 0002:00000628       ApplicationHandleException
 0001:000A68A0       ApplicationHandleException
 0002:00000630       ApplicationShowException
 0002:0000350C       AppVisible
 0002:00003B38       ArrowKey
 0001:00036110       ASMAssigned
 0001:0000C694       AssertErrorHandler
 0002:00005024       AssertErrorProc
 0001:000A9218       AssignField
 0001:000193FC       AssignLongStr
 0001:000A9294       AssignParam
 0001:000A9138       AssignParameter
 0001:000A9544       AssignToParam
 0001:00019A78       AssignVariant
 0001:0003D1D8       AttachedFile
 0001:0003D438       AttachedFiles
 0001:00094BD4       AttributeSetStored
 0002:0000560C       avail
 0001:00008C5C       BackfillGetDiskFreeSpaceEx
 0001:00064C34       BackgroundClipped
 0001:0000E824       BackupVarBoolFromStr
 0001:0000E984       BackupVarBStrFromBool
 0001:0000E8A4       BackupVarBStrFromCy
 0001:0000E914       BackupVarBStrFromDate
 0001:0000E7B8       BackupVarCyFromStr
 0001:0000E74C       BackupVarDateFromStr
 0001:0000E608       BackupVarI4FromStr
 0001:0000E5B4       BackupVariantChangeTypeEx
 0001:0000E674       BackupVarR4FromStr
 0001:0000E6E0       BackupVarR8FromStr
 0001:0003CD48       Base64Encode
 0001:0003CF98       Base64EncodeFromFile
 0001:0003CF1C       Base64EncodeFromString
 0002:000037EC       BaseFieldTypes
 0002:0000045C       BaseTypeMap
 0001:0008A764       BcdAdd
 0001:0008A340       BcdCompare
 0001:0008B434       BcdCurrencyFormat
 0001:0008A5A8       BcdDivide
 0001:0008A6F8       BcdDivide
 0001:00087920       BcdError
 0001:000878B0       BcdErrorFmt
 0001:0008ADE4       BcdFixedOrNumberFormat
 0001:0008AD80       BcdGeneralFormat
 0001:0008A444       BcdMultiply
 0001:0008A53C       BcdMultiply
 0001:0008ABD8       BcdScale
 0001:0008AD98       BcdScientificFormat
 0001:0008A408       BcdSubtract
 0001:0008ACD4       BCDToCurr
 0001:00088320       BcdToDouble
 0001:0008AA94       BcdToStr
 0001:0008B520       BcdToStrF
 0001:0000CC88       Beep
 0001:0003BF8C       BeforeScreenshot
 0001:0001C834       BeginGlobalLoading
 0001:00006718       BeginPaint
 0001:00003880       BeginThread
 0001:0004AB38       BetterSize
 0001:00055C5C       BevelLine
 0001:00055B6C       BevelRect
 0001:000759DC       BiDiDraw
 0001:00006498       BitBlt
 0002:0000304C       BitBtnCaptions
 0002:00006330       BitBtnGlyphs
 0002:00002DBC       BitmapCanvasList
 0002:0000611C       BitmapImageLock
 0001:0000E5F0       BiUnimplemented
 0001:00089100       BlankArgument
 0002:0000066C       BlockCode
 0002:000055E4       blockDescBlockList
 0002:000055E8       blockDescFreeList
 0002:000005FC       BooleanIdents
 0002:00000458       BooleanToStringRule
 0001:000087CC       BoolToStr
 0001:00013214       BoolToWStrViaOS
 0002:00003110       BorderStyles
 0002:00002EC0       BorderStyles
 0001:00005FE8       Bounds
 0001:0001B778       Bounds
 0002:00003378       Breaks
 0002:00006154       BrushManager
 0002:00003B3C       BtnHintId
 0001:0009F3A0       BufferToByteArray
 0001:000AD3D4       BufferToVar
 0001:000B568C       Build
 0001:00078190       BuildImage
 0002:00002E68       ButtonCaptions
 0002:00002E3C       ButtonNames
 0001:000572FC       Buttons
 0002:000033F4       Buttons
 0002:00003154       ButtonStyles
 0002:000062E8       ButtonWidths
 0001:0009F454       ByteArrayToBuffer
 0001:0004A318       BytesPerScanline
 0001:0003BCBC       BytesSwap
 0001:0004A670       ByteSwapColors
 0001:0000CD6C       ByteToCharIndex
 0001:0000CD44       ByteToCharLen
 0001:0000CD08       ByteType
 0001:0000CC90       ByteTypeTest
 0002:00006438       CachedComCtrlVer
 0002:00005A8C       Cached_LogFile
 0001:00043EF4       CalcAddr
 0001:000B8840       CalcAxis
 0001:000B7B18       CalcAxis
 0001:000B7D5C       CalcAxisState
 0001:0003BCEC       CalcCRC
 0001:000374DC       CalcDuplicatedException
 0001:000B7BA4       CalcFixedAxis
 0001:00026714       CalcJmpOffset
 0001:000B7CB8       CalcMaxCell
 0001:000B9CEC       CalcPageExtents
 0001:0008B6E4       CalcPrecisionAndDigits
 0001:000B95E8       CalcScroll
 0001:000B8C50       CalcScrollBar
 0001:000B994C       CalcSizeInfo
 0001:0006F4FC       CalcSplitterPos
 0001:0009AA30       CalcTotalSize
 0001:00094C14       CalculatedStored
 0001:000377B0       CallExceptionActionNotify
 0001:0003F4FC       CallExceptionActionNotify_atSavedLogFile
 0001:0003F4E8       CallExceptionActionNotify_atSavingLogFile
 0001:0003E3EC       CallExceptionActionNotify_atSendingEmail
 0001:0003E400       CallExceptionActionNotify_atSentEmail
 0001:0003F808       CallExceptionActionNotify_atShowedExceptionInfo
 0001:0003F7F4       CallExceptionActionNotify_atShowingExceptionInfo
 0001:0003B6EC       CallExceptionActionNotify_atTerminating
 0001:00037870       CallExceptionErrorNotify
 0001:0003F510       CallExceptionErrorNotify_atSavedLogFile
 0001:0003E414       CallExceptionErrorNotify_atSentEmail
 0001:0003774C       CallExceptionNotify
 0001:00006720       CallNextHookEx
 0001:0000D944       CallTerminateProcs
 0001:00006728       CallWindowProc
 0001:0003F81C       CallWriteIntraWebText
 0001:00042D9C       Call_HookedExceptionObject
 0001:00042BD8       Call_HookedRaise
 0001:00042E64       Call_HookedRtlUnwind
 0002:000059E4       CanAttachScreenshot
 0002:000059E1       CanAttachScreenshot_Show
 0001:000630D8       CancelDrag
 0001:000A0AC8       CancelNestedDataSets
 0002:000059E5       CanCopy
 0002:000059E2       CanCopy_Show
 0001:00037594       CanExit
 0002:000058BE       CanSaveLog
 0002:000059E3       CanSendEmail
 0002:000059E0       CanSendEmail_Show
 0001:00089090       CanUseShort
 0002:00006158       CanvasList
 0002:00006400       CanvasList
 0002:00005ABC       CaptionFontName
 0002:00002E14       Captions
 0002:00005CB0       CAPTION_HEIGHT
 0002:00003274       CaptureControl
 0001:000B5C9C       CaretPos
 0002:00003318       cBooleanToItemAutoFlag
 0002:00000508       CBooleanToRelationship
 0002:0000631E       CF_COMPONENT
 0002:0000631C       CF_PICTURE
 0002:00005974       CGIHandleException
 0002:0000593C       CGIOutputFile
 0002:00005818       ChangeAnyProc
 0001:00061658       ChangeBiDiModeAlignment
 0001:00008A44       ChangeFileExt
 0002:00003138       CharCases
 0001:000039EC       CharFromWChar
 0001:0000CF40       CharLength
 0001:00006730       CharLowerBuff
 0001:00006738       CharNext
 0001:00000368       CharNext
 0001:00048A90       CharsetToIdent
 0001:0000CE54       CharToByteIndex
 0001:0000CEB8       CharToByteLen
 0001:00006740       CharToOemA
 0001:00006748       CharUpperBuff
 0001:0004B100       CheckBool
 0001:000A6F84       CheckForAsyncExecute
 0001:000ADEF0       CheckForFlyAway
 0001:000C7060       CheckForPassthroughs
 0001:00035250       CheckForResult
 0001:000284D0       CheckIntoIDE
 0001:00002E14       CheckJmp
 0001:00006750       CheckMenuItem
 0001:0009F8C0       CheckNestedBrowseMode
 0002:00003368       Checks
 0001:0008749C       CheckSqlTimeStamp
 0001:00020A54       CheckSubComponents
 0001:00024F98       CheckSynchronize
 0001:0007B5B4       CheckTaskWindow
 0001:00014C70       CheckType
 0001:00062D8C       CheckUndock
 0001:0000CB7C       CheckWin32Version
 0002:00000474       CInvalidCustomVariantType
 0002:0000331C       cItemAutoFlagToBoolean
 0002:00003314       cItemAutoFlagToMenu
 0001:00026964       Classes
 0001:0001C224       ClassNotFound
 0002:00003834       CLASS_Command
 0002:00003824       CLASS_Connection
 0002:00003854       CLASS_DataSpace
 0002:00003844       CLASS_Recordset
 0002:00005814       ClearAnyProc
 0001:00048320       ClearColor
 0001:0008CCD4       ClearExcepInfo
 0001:0003369C       ClearInternalError
 0001:000C66AC       ClearSelection
 0001:000173A8       ClearVariantTypeList
 0001:00006758       ClientToScreen
 0001:0006CAA0       ClientToWindow
 0001:000570B0       Clipboard
 0002:00002DB4       ClipboardFormats
 0001:0005719C       Clipbrd
 0001:00006760       CloseClipboard
 0001:00006128       CloseHandle
 0001:00000308       CloseHandle
 0001:000374C0       CloseLogFile
 0001:0002ABF0       closesocket
 0002:000061F0       CloseThemeData
 0002:00003814       CLSID_DATALINKS
 0002:0000597C       CLXHandleException
 0002:00005040       CmdLine
 0002:0000503C       CmdShow
 0002:00003310       cMenuAutoFlagToItem
 0002:00000514       CmpTypeMap
 0001:0000E5FC       CmpUnimplemented
 0002:000035CC       CoAddRefServerProcess
 0001:00019D80       CoCreateInstance
 0002:000035C4       CoCreateInstanceEx
 0002:00002AC0       Code64
 0001:00019D78       CoGetMalloc
 0002:00003888       CoGetObjectContextProc
 0002:000035DC       CoInitFlags
 0001:00019D68       CoInitialize
 0002:000035C8       CoInitializeEx
 0001:0001CAF0       CollectionsEqual
 0002:00002B34       Colors
 0001:00048888       ColorToIdent
 0002:00002ED4       ColorToPretyName
 0001:00048878       ColorToRGB
 0002:00005CB4       ColoursCount
 0002:00005C78       ColWidths
 0002:00006490       ComClassManagerVar
 0001:0008C14C       ComConst
 0002:00006388       ComCtlVersion
 0001:000576A0       ComCtrls
 0002:0000644C       CommandPool
 0002:000038A4       CommandTypeValues
 0001:00050444       CommCtrl
 0001:00052CB8       CommDlg
 0001:0000081C       Commit
 0002:00005628       committedRoot
 0001:0003C0F0       CommonSaveToStream
 0001:0008CF9C       ComObj
 0001:0008A110       CompactBcd
 0001:000884EC       CompareDigits
 0001:00036344       CompareEurekaFunctions
 0001:000B59F8       CompareExtents
 0001:0007414C       CompareFront
 0001:000080BC       CompareMem
 0001:00033FEC       CompareModulesFunctions
 0001:00089EF0       CompareNormalizedFractions
 0001:0000808C       CompareStr
 0001:00006130       CompareString
 0001:000080DC       CompareText
 0001:000086F4       CompareWith
 0001:00034FF0       CompiledWithPackages
 0001:0003F3E8       CompleteStr
 0001:00020B34       ComponentCreated
 0001:0004AED0       ComputeAldusChecksum
 0001:0003E8A4       ComputerName
 0001:00056B50       ComStrs
 0001:0002ABF8       connect
 0002:000038BC       ConnectModeValues
 0002:000038DC       ConnectOptionValues
 0001:00046FC0       Consts
 0001:00050350       Contnrs
 0002:000063BE       ControlAtom
 0002:000063C4       ControlAtomString
 0001:00080340       ControlHasHelp
 0001:0007029C       Controls
 0001:0000C084       ConvertAddr
 0001:00035004       ConvertAddress
 0001:0002A244       ConvertAddress
 0001:0000A6A8       ConvertEraString
 0001:00007F54       ConvertError
 0001:00007F6C       ConvertErrorFmt
 0001:0000A810       ConvertYearString
 0001:00004E2C       CopyArray
 0001:0004D3E0       CopyBitmap
 0001:0004DAA8       CopyBitmapAsMask
 0001:0008AD6C       CopyByte
 0001:000064A0       CopyEnhMetaFile
 0001:00006CD8       CopyMemory
 0001:0004DA44       CopyPalette
 0001:00006768       CopyRect
 0002:000030AC       Copyright
 0001:0007723C       CopyToBest
 0002:000035D0       CoReleaseServerProcess
 0002:000035D4       CoResumeClassObjects
 0002:000035D8       CoSuspendClassObjects
 0001:00019D70       CoUninitialize
 0001:0000CDC4       CountChars
 0002:00006134       CounterLock
 0001:0003A010       CPUDialogProc
 0002:00000478       CRangeToType
 0002:00005CE0       CRCList
 0002:00002A6C       CRCListed
 0001:000A6028       CreateADOObject
 0001:0000C5D8       CreateAssertException
 0001:0000C760       CreateAVObject
 0001:000064A8       CreateBitmap
 0001:000064B0       CreateBrushIndirect
 0001:0008C4AC       CreateComObject
 0001:000064B8       CreateCompatibleBitmap
 0001:000064C0       CreateCompatibleDC
 0001:00020BB4       CreateComponent
 0001:000064C8       CreateDC
 0001:00006E54       CreateDialog
 0001:00037D38       CreateDialogFonts
 0001:00006770       CreateDialogParam
 0001:000064D8       CreateDIBitmap
 0001:000064D0       CreateDIBSection
 0001:00006138       CreateEvent
 0001:00006140       CreateFile
 0001:00000310       CreateFileA
 0001:00006148       CreateFileMapping
 0001:000064E0       CreateFont
 0001:000064E8       CreateFontIndirect
 0001:0003F828       CreateGeneralText
 0001:000064F0       CreateHalftonePalette
 0001:00006778       CreateIcon
 0001:0000C504       CreateInOutError
 0001:00006780       CreateMenu
 0001:00053778       CreateMessageDialog
 0001:0002BE88       CreateMXQuery
 0001:000064F8       CreatePalette
 0001:00006500       CreatePenIndirect
 0001:00006788       CreatePopupMenu
 0001:00006150       CreateProcess
 0001:00032E24       CreateSafeCallItem
 0001:00006508       CreateSolidBrush
 0001:0004A6C8       CreateSystemPalette
 0001:00000370       CreateThread
 0001:00006158       CreateThread
 0001:0003DFA4       CreateTmpLogFile
 0001:00032BBC       CreateVirtualFile
 0001:00006DFC       CreateWindow
 0001:00006DA4       CreateWindowEx
 0002:00002E0C       CreationControl
 0002:000031B4       CreationControl
 0002:000005E8       CRelationshipToBoolean
 0002:0000043C       CResult
 0002:000031A0       CSHREDRAW
 0002:0000013C       cSimpleBoolStrs
 0002:00000590       CText
 0002:000032B0       Ctl3DStyles
 0001:000B5C68       Ctrl
 0002:00005620       curAlloc
 0001:00015980       CurrCompare
 0002:00005688       CurrencyDecimals
 0002:00005684       CurrencyFormat
 0002:00005680       CurrencyString
 0002:0000599C       CurrentCPUErrorText
 0001:000449FC       CurrentEurekaLogOptions
 0002:00005998       CurrentGeneralErrorText
 0002:00005934       CurrentOptions
 0002:00005A18       CurrentRequestValue
 0002:00005918       CurrentStackList
 0001:0000A540       CurrentYear
 0001:0001527C       CurrOp
 0001:0008AC48       CurrToBCD
 0001:000ACC54       CurrToBuffer
 0001:00009E08       CurrToStr
 0001:00009E70       CurrToStrF
 0001:000131A4       CurrToWStrViaOS
 0002:000038E4       CursorLocationValues
 0002:00003490       CursorMap
 0002:000038EC       CursorOptionValues
 0002:000031C4       Cursors
 0001:00061978       CursorToIdent
 0002:00003920       CursorTypeValues
 0002:00003480       cUseAlpha
 0002:00003488       cUseColorKey
 0002:00000334       CVarTypeToElementInfo
 0001:00008418       CvtInt
 0001:00008484       CvtInt64
 0002:000035B8       CWNear
 0002:0000017C       CWNear
 0002:00005CC4       Data
 0002:000031A8       Data
 0001:00092B78       DatabaseError
 0001:00092C24       DatabaseErrorFmt
 0002:00005CBC       DataSize
 0002:00003934       DataTypeValues
 0001:00015958       DateCompare
 0001:00014DB4       DateOp
 0002:00005689       DateSeparator
 0001:0009F358       DateTimeToNative
 0001:000873CC       DateTimeToSQLTimeStamp
 0001:0000B128       DateTimeToStr
 0001:0000B0CC       DateTimeToString
 0001:0000A024       DateTimeToTimeStamp
 0001:000131DC       DateToWStrViaOS
 0001:000864D4       DateUtils
 0001:0000A4C8       DayOfWeek
 0002:00002AA0       Days
 0001:0008646C       DaysInAMonth
 0001:000A1A14       DB
 0002:000064B4       DBApplication
 0001:000A2778       DBCommon
 0001:00086684       DBConsts
 0001:000C0CAC       DBCtrls
 0001:000C9A3C       DBGrids
 0001:000BD6C4       DBLogDlg
 0001:000BDC34       DBPWDlg
 0002:000064B0       DBScreen
 0001:000BEB3C       DBUseRightToLeftAlignment
 0002:00000178       DCon10
 0002:00002B30       DDBsOnly
 0001:0002688C       DeallocateHWnd
 0002:00000028       DebugHook
 0002:00005687       DecimalSeparator
 0001:00016C18       DecIndices
 0001:0000A4A8       DecodeDate
 0001:0000A35C       DecodeDateFully
 0001:0000A1CC       DecodeTime
 0001:000008B0       Decommit
 0001:00000ECC       DecommitFree
 0002:000055FC       decommittedRoot
 0001:00083698       Default
 0001:0007DFC8       Default
 0002:00000020       Default8087CW
 0002:00003514       DefaultBlank
 0002:000031B8       DefaultDockTreeClass
 0002:000035F4       DefaultFieldClasses
 0002:00000034       DefaultTextLineBreakStyle
 0002:000055C0       DefaultUserCodePage
 0002:00002D84       DefBrushData
 0002:00002B04       DefFontData
 0001:00006790       DefFrameProc
 0001:0002C8E0       deflate
 0001:0002CB50       deflateEnd
 0001:0002C40C       deflateInit_
 0002:00000208       DefLongDayNames
 0002:000001BC       DefLongMonthNames
 0001:00006798       DefMDIChildProc
 0002:00002D64       DefPenData
 0002:000001EC       DefShortDayNames
 0002:0000018C       DefShortMonthNames
 0001:000067A0       DefWindowProc
 0001:00005198       DelayLoadResourceModule
 0001:0000056C       DeleteBlock
 0001:00006160       DeleteCriticalSection
 0001:000004DC       DeleteCriticalSection
 0001:00006510       DeleteDC
 0001:00006518       DeleteEnhMetaFile
 0001:00006168       DeleteFile
 0001:000089AC       DeleteFile
 0001:00000D14       DeleteFree
 0001:000067A8       DeleteMenu
 0001:00006520       DeleteObject
 0001:000C6AA0       DeletePrompt
 0001:00032D48       DeleteVirtualFile
 0001:000CA010       del_z
 0001:0004CF9C       DeselectBitmap
 0001:000ABE9C       DesignerDataStored
 0001:000067B0       DestroyCursor
 0001:00037EA8       DestroyDialogFonts
 0001:000067B8       DestroyIcon
 0001:0005722C       DestroyLocals
 0001:000067C0       DestroyMenu
 0001:000067C8       DestroyWindow
 0002:00005CA0       DetailsActive
 0001:000387A0       DetailsState
 0001:000067D0       DialogBoxParam
 0001:0005EBE4       DialogEnumerationTester
 0002:00005CAC       DialogHeight
 0001:00053FA0       Dialogs
 0002:00002DC0       DIBPalSizes
 0002:00000090       dig
 0002:00003864       DIID_ConnectionEvents
 0002:00003874       DIID_RecordsetEvents
 0002:00003B68       Direction
 0001:0007B408       DisableTaskWindows
 0001:0008C6E8       DispatchInvoke
 0001:0008CCC8       DispatchInvokeError
 0001:000067D8       DispatchMessage
 0001:00081620       DispatchShortCut
 0001:0008CCE4       DispCall
 0001:0008CDC8       DispCallByID
 0002:00005000       DispCallByIDProc
 0001:0008CBF4       DispCallError
 0001:00007F38       DivMod
 0001:00052CF0       Dlgs
 0001:000379F4       DlgTemplate
 0002:000058CC       DllList
 0001:00082924       DoAlign
 0001:000675E4       DoAlign
 0001:0009EA04       DoBindFields
 0001:000B79B0       DoCalc
 0001:0006B760       DoCalcConstraints
 0001:000B7A18       DoCalcRightToLeft
 0001:000B81A0       DoChange
 0002:000063F4       DockSiteList
 0001:00077E5C       DoClick
 0001:000B6B1C       DoColWidths
 0001:00068D28       DoControlMsg
 0001:0007B3B8       DoDisableWindow
 0001:000626B8       DoDragOver
 0001:00007FB0       DoExitProc
 0001:0006D7D0       DoFindControlZone
 0001:0007B4F4       DoFindWindow
 0001:0006DD5C       DoFindZone
 0001:0006D854       DoForEach
 0001:0006F160       DoGetNextLimit
 0001:0002A040       Done
 0001:0002AA5C       Done
 0001:00046A44       Done
 0001:0007B380       DoneApplication
 0001:000457DC       DoneCheckFreeze
 0001:0006FFC4       DoneControls
 0001:0000CA8C       DoneExceptions
 0001:0007F99C       DoNestedActivation
 0001:00024F34       DoneThreadSynchronization
 0001:00082774       DoPosition
 0001:000671A4       DoPosition
 0001:0006E788       DoPrune
 0001:000AE1D0       DoRecordsetDelete
 0001:000553D0       DoRect
 0001:000B6B60       DoRowHeights
 0001:0006EC60       DoSaveZone
 0001:000C66E0       DoSelection
 0001:0006EE64       DoSetNewBounds
 0001:000B65C4       DoSizeAdjust
 0002:000035BC       Dot
 0002:00000604       DotSep
 0001:000B98B8       DoUpdate
 0001:000727AC       DoWrite
 0001:0004B358       DoWrite
 0001:0004C0B8       DoWrite
 0001:0001E088       DoWrite
 0001:00068310       DoWriteDesignSize
 0001:00065D7C       DoWriteIsControl
 0002:000063D8       DragCapture
 0002:000063CC       DragControl
 0001:00062E00       DragDone
 0001:00062668       DragFindTarget
 0001:0006263C       DragFindWindow
 0002:000063F0       DragImageList
 0001:00062A58       DragInit
 0001:00062BC8       DragInitControl
 0002:000063D4       DragInternalObject
 0001:00062584       DragMessage
 0002:000063D0       DragObject
 0002:000063FC       DragSave
 0002:000063E4       DragSaveCursor
 0002:000063DC       DragStartPos
 0002:000063E8       DragThreshold
 0001:00062788       DragTo
 0001:000836D4       DrawAppIcon
 0001:000B6F08       DrawAxisLines
 0002:000064F4       DrawBitmap
 0001:0003A15C       DrawBmp
 0001:000B7180       DrawCells
 0001:0006E2F4       DrawCloseButton
 0001:000067E0       DrawEdge
 0001:000067E8       DrawFocusRect
 0001:000067F0       DrawFrameControl
 0001:0006E34C       DrawGrabberLine
 0001:000067F8       DrawIcon
 0001:00006800       DrawIconEx
 0002:000032EC       DrawingStyles
 0001:000B70F0       DrawLines
 0001:00006808       DrawMenuBar
 0001:0007919C       DrawMenuItem
 0001:00006810       DrawText
 0002:000061F4       DrawThemeBackground
 0002:00006218       DrawThemeEdge
 0002:0000621C       DrawThemeIcon
 0002:000062A0       DrawThemeParentBackground
 0002:000061F8       DrawThemeText
 0001:000C5994       DrawTitleCell
 0001:0004A198       DupBits
 0002:000059E6       DuplicatedException
 0001:00006170       DuplicateHandle
 0001:00016BC4       DynArrayBounds
 0001:00004E44       DynArrayClear
 0001:00016B3C       DynArrayDim
 0001:00016B20       DynArrayElTypeInfo
 0001:00017074       DynArrayFromVariant
 0001:00016AE0       DynArrayIndex
 0001:00004E4C       DynArraySetLength
 0001:00016B54       DynArraySize
 0001:00016D24       DynArrayToVariant
 0001:00016C84       DynArrayVariantBounds
 0001:00016CDC       DynArrayVarType
 0001:0002796C       EConsts
 0001:0002A0A4       ECore
 0002:000033D8       EdgeStyle
 0002:000032A0       EdgeStyles
 0001:0000C4D8       EHeapException.FreeInstance
 0001:0002AB1C       EHook
 0001:0002ABE8       ELang
 0001:00006818       EmptyClipboard
 0001:000157E4       EmptyCompare
 0001:000151E4       EmptyOp
 0002:00005800       EmptyParam
 0002:000000C0       EmptyStr
 0002:000000C4       EmptyWideStr
 0002:0000069C       EMsgs
 0001:00006820       EnableMenuItem
 0002:00003370       Enables
 0001:00006828       EnableScrollBar
 0001:0007B4BC       EnableTaskWindows
 0002:00006288       EnableThemeDialogTexture
 0002:000062A4       EnableTheming
 0001:00006830       EnableWindow
 0001:0003BEB4       Encode
 0001:0000A32C       EncodeDate
 0001:0000A18C       EncodeTime
 0001:0003E0C0       EncodeURL
 0002:00005CDC       Encode_Data
 0002:00005CD8       Encode_Filter
 0001:00006838       EndDialog
 0001:0001C8BC       EndGlobalLoading
 0001:00006840       EndPaint
 0001:000038C4       EndThread
 0001:000004CC       EnterCriticalSection
 0001:00006178       EnterCriticalSection
 0001:00006180       EnumCalendarInfoA
 0001:00006848       EnumClipboardFormats
 0002:00006188       EnumDisplayMonitors
 0001:0000BCF8       EnumEraNames
 0001:0000BD34       EnumEraYearOffsets
 0001:0007E58C       EnumMonitorsProc
 0001:00006188       EnumSystemLocales
 0001:00006850       EnumThreadWindows
 0001:00020364       EnumValue
 0001:00006858       EnumWindows
 0001:000372F4       EnumWindowsProc
 0001:0008C3E0       EOleException.Create
 0001:0008C310       EOleSysError.Create
 0001:00006860       EqualRect
 0002:00005750       EraNames
 0001:0000B3B4       EraToYear
 0002:0000576C       EraYearOffsets
 0002:00000068       errCaption
 0001:0000198C       Error
 0001:0003C5E0       Error
 0001:0001BDC8       Error
 0001:00073E9C       Error
 0001:0001FB48       Error
 0002:00000004       ErrorAddr
 0001:00001940       ErrorAt
 0001:0000C584       ErrorHandler
 0002:00000224       ErrorMap
 0002:00005008       ErrorProc
 0002:000053E8       ErrOutput
 0002:000008F8       EShowOptions
 0001:0002C2A4       ESockets
 0001:00026A28       ETypes
 0001:00092AA4       EUpdateError.Create
 0001:00092B48       EUpdateError.Destroy
 0002:00000698       EurekaLogCurrentVersion
 0002:000059FC       EurekaLogList
 0002:000007DC       EVals
 0002:000039CC       EventReasonValues
 0002:0000374C       Events
 0002:00003A08       EventStatusValues
 0001:000018E0       ExceptAddr
 0002:0000500C       ExceptClsProc
 0001:0000C9F8       ExceptHandler
 0001:0000C304       Exception.Create
 0001:0000C340       Exception.CreateFmt
 0001:0000C490       Exception.CreateHelp
 0001:0000C3C0       Exception.CreateRes
 0001:0000C3FC       Exception.CreateResFmt
 0002:000058E4       ExceptionActionNotify
 0002:00005A94       ExceptionAddressText
 0002:0000501C       ExceptionClass
 0001:0000C090       ExceptionErrorMessage
 0002:000058E8       ExceptionErrorNotify
 0002:00005A44       ExceptionInfoData
 0002:00005A3C       ExceptionInfoHandle
 0001:00046CA0       ExceptionLog
 0001:00044DA8       ExceptionManager
 0002:00005A90       ExceptionModuleText
 0002:00005A9C       ExceptionMsgText
 0002:000058E0       ExceptionNotify
 0002:00005944       ExceptionNumber
 0001:00035058       ExceptionTypeByAddr
 0002:00005A98       ExceptionTypeText
 0002:0000025C       ExceptMap
 0001:000425F8       ExceptNotify
 0001:000018C0       ExceptObject
 0002:00005010       ExceptObjProc
 0002:00005004       ExceptProc
 0001:00006528       ExcludeClipRect
 0001:000A641C       ExecuteOptionsToOrd
 0002:00003A1C       ExecuteOptionValues
 0002:00000000       ExitCode
 0001:0000367C       ExitDll
 0002:00005048       ExitProc
 0001:00000380       ExitProcess
 0002:00005028       ExitProcessProc
 0002:00000138       ExitProcList
 0001:00006190       ExitThread
 0001:00000378       ExitThread
 0001:00006198       ExpandEnvironmentStrings
 0001:00008C20       ExpandFileName
 0001:0003C4B0       ExpandPath
 0001:000363D8       ExportedFunctions
 0001:000574E8       ExtActns
 0001:00006530       ExtCreatePen
 0001:00056AF0       ExtCtrls
 0001:00057354       ExtDlgs
 0002:00003180       ExtendSelects
 0001:0003C4E4       ExtractAddresses
 0001:000A754C       ExtractCommandType
 0001:000A6498       ExtractFieldName
 0001:00092CF8       ExtractFieldName
 0001:00008B0C       ExtractFileDrive
 0001:00008BD8       ExtractFileExt
 0001:00008BA0       ExtractFileName
 0001:00008AD8       ExtractFilePath
 0001:0008B988       ExtractLiterals
 0001:0008B5DC       ExtractMoneySymbol
 0001:00035A9C       ExtractStr
 0001:000A71C4       ExtractUserID
 0001:00006538       ExtTextOut
 0001:00032344       EZLib
 0002:00005AA8       fActive
 0002:00002A68       fActivePage
 0002:0000578C       FalseBoolStrs
 0002:00005C38       fBmp
 0002:00005AAC       fCaptionFont
 0002:00006324       FClipboard
 0002:0000016C       FCon1E18
 0002:000035B4       FConst10
 0002:00005AA0       fDlgBack
 0002:00005AB4       fFixedFont
 0001:000C700C       FieldIsMapped
 0001:000A685C       FieldListCheckSum
 0002:0000368C       FieldTypeNames
 0001:00008934       FileAge
 0001:0000892C       FileClose
 0001:00008894       FileCreate
 0001:00008870       FileCreate
 0001:0000899C       FileExists
 0002:00002DB8       FileFormats
 0002:00000008       FileMode
 0001:00001DE4       FileNOPProc
 0001:00008818       FileOpen
 0001:0000889C       FileRead
 0002:00000640       FilerSignature
 0001:000088F4       FileSeek
 0001:000061A0       FileTimeToDosDateTime
 0001:000061A8       FileTimeToLocalFileTime
 0001:000088C8       FileWrite
 0001:00000DFC       FillAfterGap
 0001:00000DA8       FillBeforeGap
 0001:000B6EB4       FillDWord
 0001:00000E94       FillerSizeAfterGap
 0001:00000E24       FillerSizeBeforeGap
 0001:00006868       FillRect
 0002:00003A2C       FilterGroupValues
 0002:00005C34       fImageList
 0001:0008C11C       Finalization
 0001:0008CF1C       Finalization
 0001:0002ABB8       Finalization
 0001:00051BBC       Finalization
 0001:0005E070       Finalization
 0001:000269F8       Finalization
 0001:000268B4       Finalization
 0001:00057628       Finalization
 0001:00050320       Finalization
 0001:000A2748       Finalization
 0001:00086654       Finalization
 0001:0005E1D8       Finalization
 0001:00050068       Finalization
 0001:00057374       Finalization
 0001:000864A4       Finalization
 0001:000A28A8       Finalization
 0001:00086434       Finalization
 0001:00050BD4       Finalization
 0001:0002AC58       Finalization
 0001:00051F60       Finalization
 0001:0004FE88       Finalization
 0001:00050B94       Finalization
 0001:000C9A0C       Finalization
 0001:00057440       Finalization
 0001:000183D0       Finalization
 0001:00085980       Finalization
 0001:000573DC       Finalization
 0001:0005EE5C       Finalization
 0001:00079478       Finalization
 0001:000BD694       Finalization
 0001:00053F44       Finalization
 0001:000875A8       Finalization
 0001:000A2958       Finalization
 0001:00051C04       Finalization
 0001:000574F0       Finalization
 0001:00051C3C       Finalization
 0001:00052CC0       Finalization
 0001:0008C0A4       Finalization
 0001:00052B38       Finalization
 0001:00052C88       Finalization
 0001:0002A06C       Finalization
 0001:000278FC       Finalization
 0001:00046B80       Finalization
 0001:000A1D7C       Finalization
 0001:00046F90       Finalization
 0001:0002AAE4       Finalization
 0001:0005817C       Finalization
 0001:000C0C68       Finalization
 0001:0000ED78       Finalization
 0001:000C9CE0       Finalization
 0001:00052B00       Finalization
 0001:00052C50       Finalization
 0001:000072EC       Finalization
 0001:00052C18       Finalization
 0001:00057498       Finalization
 0001:000BCF00       Finalization
 0001:000BDBF8       Finalization
 0001:000BCFB8       Finalization
 0001:000A19B8       Finalization
 0001:0005210C       Finalization
 0001:00052A90       Finalization
 0001:00052BE0       Finalization
 0001:00057324       Finalization
 0001:00070234       Finalization
 0001:00056AA8       Finalization
 0001:00052BA8       Finalization
 0001:00072EFC       Finalization
 0001:00006F64       Finalization
 0001:00005D5C       Finalization
 0001:00056B20       Finalization
 0001:00032314       Finalization
 0001:00071564       Finalization
 0001:000A1B2C       Finalization
 0001:000B2C6C       Finalization
 0001:000572C4       Finalization
 0001:000B4DE0       Finalization
 0001:00019DAC       Finalization
 0001:00052B70       Finalization
 0001:00005F8C       Finalization
 0001:00019CDC       Finalization
 0001:000C9D18       Finalization
 0001:00057160       Finalization
 0001:00050414       Finalization
 0001:00018174       Finalization
 0001:00006004       Finalization
 0001:0000E554       Finalization
 0001:000571F4       Finalization
 0001:0002C274       Finalization
 0001:0000E354       Finalization
 0001:00004E3C       FinalizeArray
 0001:00003494       FinalizeUnits
 0001:00077C1C       Find
 0001:00022E98       FindAncestor
 0001:00005208       FindBS
 0001:0001C2E4       FindClass
 0001:00005190       FindClassHInstance
 0001:000061B0       FindClose
 0001:00000390       FindClose
 0001:0002A64C       FindCode
 0001:00000D78       FindCommitted
 0001:00061758       FindControl
 0001:0006DF88       FindControlAtPos
 0001:00018030       FindCustomVariantType
 0001:00017F78       FindCustomVariantType
 0001:00063124       FindDragTarget
 0001:0003F76C       FindException
 0001:00020D64       FindExistingComponent
 0001:00000398       FindFirstFile
 0001:000061B8       FindFirstFile
 0001:00035E60       FindFunction
 0001:0007B600       FindGlobalComponent
 0001:0001C74C       FindGlobalComponent
 0002:00005864       FindGlobalComponentProcs
 0001:00005168       FindHInstance
 0001:0001C5F4       FindIdentToInt
 0001:0001C578       FindIntToIdent
 0001:00033AA8       FindModuleType
 0002:000062E4       FindMsg
 0001:0001FEF4       FindNestedComponent
 0001:00073E64       FindPopupControl
 0001:0000EA40       FindProc
 0001:000061C0       FindResource
 0001:000051E0       FindResourceHInstance
 0001:000851D4       FindScanline
 0001:00044644       FindSection
 0001:0005DC6C       FindString
 0001:0007B558       FindTopMostWindow
 0001:00021C48       FindUniqueName
 0001:00016324       FindVarData
 0001:000630F0       FindVCLWindow
 0001:00006870       FindWindow
 0001:0005EC3C       FindWinHelp
 0002:00005AC0       FixedFontName
 0002:00005AB8       FixedFontSize
 0001:0004D394       FixupBitFields
 0002:000033E8       Flags
 0002:0000579C       FLanguages
 0001:00051F90       FlatSB
 0002:000061B4       FlatSB_EnableScrollBar
 0002:000061C0       FlatSB_GetScrollInfo
 0002:000061C4       FlatSB_GetScrollPos
 0002:000061BC       FlatSB_GetScrollRange
 0002:000061CC       FlatSB_SetScrollInfo
 0002:000061C8       FlatSB_SetScrollPos
 0001:00051C80       FlatSB_SetScrollProp
 0002:000061D0       FlatSB_SetScrollRange
 0002:000061B8       FlatSB_ShowScrollBar
 0001:00009A98       FloatToDecimal
 0001:00009DD8       FloatToStr
 0001:00009E38       FloatToStrF
 0001:000094D0       FloatToText
 0001:000097A4       FloatToTextFmt
 0001:00002048       Flush
 0001:000061C8       FlushInstructionCache
 0002:00005AA4       fMemoBack
 0002:00005C18       fMonitor
 0002:00005C1C       fMonitorInfo
 0002:00000180       FMSecsPerDay
 0001:0008C0E0       FMTBcd
 0002:00003580       FMTBcdVariantType
 0001:000093CC       FmtStr
 0002:00003404       FocusCount
 0002:00003400       FocusMessages
 0002:00002CD4       FontCharsets
 0002:0000614C       FontManager
 0001:00028380       ForceSaveLog
 0001:0007B5D4       ForegroundTask
 0002:000064FC       Form1
 0002:00000188       Format
 0001:000093B8       Format
 0001:0008BFDC       FormatBcd
 0001:00008FC0       FormatBuf
 0001:00008FB4       FormatClearStr
 0001:0003F428       FormatComplete
 0001:00009F00       FormatCurr
 0001:0000B13C       FormatDateTime
 0001:00008F38       FormatError
 0002:00000164       FormatErrorStrs
 0001:00009EA8       FormatFloat
 0001:00086400       FormatMaskText
 0001:000061D0       FormatMessage
 0001:0008BC24       FormatOneBcd
 0001:00008F90       FormatVarToStr
 0001:000859DC       Forms
 0001:000B5C4C       ForwardMovement
 0001:00002504       FPower10
 0002:00002E08       FPrinter
 0001:0008A94C       FractionToStr
 0001:00055494       Frame3D
 0001:00006878       FrameRect
 0001:0000DF34       FreeAndNil
 0001:00000AE4       FreeCommitted
 0001:00001004       FreeCurAlloc
 0001:000631E4       FreeDeviceContext
 0001:000632A0       FreeDeviceContexts
 0001:00026680       FreeIntConstList
 0001:000061D8       FreeLibrary
 0001:000003A0       FreeLibrary
 0001:0004CEF0       FreeMemoryContexts
 0001:000267B4       FreeObjectInstance
 0001:000061F8       FreeResource
 0001:00032E7C       FreeSafeCallItem
 0001:00000764       FreeSpace
 0001:0000D960       FreeTerminateProcs
 0001:00052144       FreeThemeLibrary
 0002:000059B0       FreezeThread
 0002:00006384       FRichEditModule
 0001:00035154       FunctionSize
 0001:000360F0       FuzzyFind
 0002:00005AB0       fVariableFont
 0001:0000DA30       GDAL
 0001:0004A188       GDICheck
 0001:0004A0E0       GDIError
 0001:00042ADC       GeneralRaise
 0001:00001CF0       Get8087CW
 0001:00006200       GetACP
 0001:0003E9C0       GetActiveControlClass
 0001:0003E9D8       GetActiveControlText
 0001:0003E8E0       GetActiveFormClass
 0001:0003E92C       GetActiveFormText
 0001:00006880       GetActiveWindow
 0001:00082E00       GetAnimation
 0001:0003F36C       GetApplicationName
 0001:000530D4       GetAveCharSize
 0001:00006540       GetBitmapBits
 0001:000004E4       GetBlockDesc
 0001:00006548       GetBrushOrgEx
 0001:00006D5C       GetBValue
 0001:00044C44       GetCallerSourceLine
 0001:00036FDC       GetCallStackByAddresses
 0001:00006888       GetCapture
 0001:00061A20       GetCaptureControl
 0001:00006890       GetCaretPos
 0001:0001C290       GetClass
 0001:00006898       GetClassInfo
 0001:000068A0       GetClassName
 0001:000068A8       GetClientRect
 0001:000068B0       GetClipboardData
 0001:0004BB5C       GetClipboardFormats
 0001:00006550       GetClipBox
 0001:00000480       GetCmdShow
 0001:000717BC       GetColor
 0001:000575C8       GetComCtlVersion
 0001:00006210       GetCommandLine
 0001:000003A8       GetCommandLine
 0001:00000930       GetCommitted
 0001:000009C0       GetCommittedAt
 0001:000A8C28       GetComponent
 0001:00024228       GetComponentValue
 0001:00006218       GetComputerName
 0001:000688DC       GetControlAtPos
 0001:000421E8       GetControlClass
 0001:0004222C       GetControlText
 0001:0000A604       GetCount
 0001:00006208       GetCPInfo
 0001:00044AD0       GetCurrentCallStack
 0001:00008CD0       GetCurrentDir
 0001:000003B0       GetCurrentDirectory
 0001:00006558       GetCurrentPositionEx
 0001:00006220       GetCurrentProcess
 0001:00006228       GetCurrentProcessId
 0001:00044DA0       GetCurrentStackPointer
 0002:00006298       GetCurrentThemeName
 0001:00006230       GetCurrentThread
 0002:0000589C       GetCurrentThreadClass
 0001:00006238       GetCurrentThreadId
 0001:00000470       GetCurrentThreadId
 0001:00006CD0       GetCurrentTime
 0001:0003380C       GetCurrentTopOfStack
 0001:000068B8       GetCursor
 0001:000851E4       GetCursorHeightMargin
 0001:000068C0       GetCursorPos
 0001:0000A630       GetDate
 0001:00006240       GetDateFormat
 0001:0000B2CC       GetDateOrder
 0001:000068C8       GetDC
 0001:000068D0       GetDCEx
 0001:00006560       GetDCOrgEx
 0001:00035F24       GetDebugInfosByAddr
 0001:00035C48       GetDebugPartialInfos
 0001:0004FA98       GetDefFontCharSet
 0001:0001D688       GetDesigner
 0001:000068D8       GetDesktopWindow
 0001:00006578       GetDeviceCaps
 0001:0003A230       GetDialogState
 0001:0004B0E8       GetDIB
 0001:00006568       GetDIBColorTable
 0001:00006570       GetDIBits
 0001:0004B030       GetDIBSizes
 0001:0004A2F8       GetDInColors
 0001:00006248       GetDiskFreeSpaceA
 0002:00000134       GetDiskFreeSpaceEx
 0001:0003F124       GetDiskInfo
 0001:000068E0       GetDlgItem
 0001:0002BA78       GetDNSList
 0001:0006F240       GetDockAlign
 0001:000623C8       GetDockSiteAtPos
 0001:0002BC44       GetDomain
 0001:0002BDB0       GetDomainName
 0001:000068E8       GetDoubleClickTime
 0001:000626F4       GetDropCtl
 0001:00040130       GetDump
 0001:00002B84       GetDynaMethod
 0001:0003FE90       GetEAX
 0001:0003FEE4       GetEBX
 0001:0003FF38       GetECX
 0001:00040034       GetEDI
 0001:0003FF8C       GetEDX
 0001:00036108       GetEF
 0001:000400DC       GetEIP
 0001:00006580       GetEnhMetaFileBits
 0001:00006588       GetEnhMetaFileHeader
 0001:00006590       GetEnhMetaFilePaletteEntries
 0001:00018CBC       GetEnumName
 0001:00018D94       GetEnumNameValue
 0001:00019040       GetEnumProp
 0001:00018DE0       GetEnumValue
 0001:00006250       GetEnvironmentVariable
 0001:0000BDAC       GetEraNamesAndYearOffsets
 0001:0000B360       GetEraYearOffset
 0001:00019D98       GetErrorInfo
 0001:0003FFE0       GetESI
 0001:00040088       GetESP
 0001:0003EE64       GetExceptionAddress
 0001:0000C748       GetExceptionClass
 0001:0003EE48       GetExceptionDate
 0001:0003EF5C       GetExceptionMessage
 0001:0003EE98       GetExceptionModule
 0001:0000C92C       GetExceptionObject
 0001:0003EEEC       GetExceptionType
 0001:00006258       GetExitCodeThread
 0001:0001C218       GetFieldClassTable
 0001:00092C80       GetFieldProperty
 0001:0004BB3C       GetFileFormats
 0001:00033FB8       GetFileSize
 0001:00000320       GetFileSize
 0001:00000318       GetFileType
 0001:0000CB9C       GetFileVersion
 0001:00006480       GetFileVersionInfo
 0001:00006488       GetFileVersionInfoSize
 0001:000A64E4       GetFilterStr
 0001:00019768       GetFloatProp
 0001:000068F0       GetFocus
 0001:00048AB0       GetFontData
 0001:000068F8       GetForegroundWindow
 0001:0008BF18       GetFormat
 0001:0000D3E4       GetFormatSettings
 0001:0003F214       GetFreeDisk
 0001:0003F094       GetFreeMemory
 0001:000A7EB0       GetFromDataFactory
 0001:000A7F58       GetFromProperty
 0001:00006260       GetFullPathName
 0001:00006D58       GetGValue
 0001:0004801C       GetHashCode
 0001:00080378       GetHelpInfo
 0001:00051054       GetHelpSystem
 0001:00082BE4       GetHint
 0001:00082C1C       GetHintControl
 0001:0002AC28       gethostbyname
 0001:0002AC30       gethostname
 0001:00079318       GetHotkey
 0001:00006900       GetIconInfo
 0001:0008CA60       GetIDsOfNames
 0001:000B13E8       GetIdx
 0001:00019B84       GetInt64Prop
 0001:00019BE8       GetInterfaceProp
 0001:00039614       GetItemText
 0001:00006918       GetKeyboardLayout
 0001:00006920       GetKeyboardLayoutList
 0001:00006928       GetKeyboardState
 0001:000027F0       GetKeyboardType
 0001:00006908       GetKeyNameText
 0001:00006910       GetKeyState
 0001:0003EE14       GetLanguageString
 0001:00006930       GetLastActivePopup
 0001:0006D508       GetLastChildZone
 0001:00006268       GetLastError
 0001:000003B8       GetLastError
 0002:00000954       GetLastLine
 0001:00044B48       GetLine
 0001:0000BB70       GetLocaleChar
 0001:0003ECE8       GetLocaleDataA
 0001:0003ECA8       GetLocaleDataW
 0001:000003C0       GetLocaleInfo
 0001:00006278       GetLocaleInfo
 0001:00006280       GetLocaleInfoA
 0001:00006288       GetLocaleInfoW
 0001:0000BB24       GetLocaleStr
 0001:00006270       GetLocalTime
 0001:000403AC       GetLogText
 0001:000619DC       GetLongHint
 0001:00019410       GetLongStrProp
 0001:0003732C       GetMainWindow
 0001:00006938       GetMenu
 0001:00080300       GetMenuHelpContext
 0001:00006940       GetMenuItemCount
 0001:00006948       GetMenuItemID
 0001:00006950       GetMenuItemInfo
 0001:00076468       GetMenuSize
 0001:00006958       GetMenuState
 0001:00006960       GetMenuString
 0001:00006968       GetMessageTime
 0001:00019B0C       GetMethodProp
 0001:00033D10       GetModuleDescriptionAndVersion
 0001:00006290       GetModuleFileName
 0001:000003C8       GetModuleFileName
 0001:00005E84       GetModuleHandle
 0001:00006298       GetModuleHandle
 0001:000003D0       GetModuleHandle
 0001:00027B84       GetModuleName
 0001:00033C4C       GetModulePath
 0001:000342E8       GetModulesList
 0001:00034158       GetModulesWin9X
 0001:00033FF4       GetModulesWinNT
 0002:0000617C       GetMonitorInfo
 0002:00006180       GetMonitorInfoA
 0002:00006184       GetMonitorInfoW
 0001:0000BBD4       GetMonthDayNames
 0001:0002BFB0       GetMXBestRecord
 0001:0002BF10       GetMXRecord
 0001:0002C0A0       GetMXServerFromEmail
 0001:00006598       GetNearestColor
 0001:00006970       GetNextWindow
 0001:000065A0       GetObject
 0001:000A2868       GetObjectContext
 0002:00003884       GetObjectContextProc
 0001:00018F70       GetOrdProp
 0001:0003EC60       GetOSBuild
 0001:0003EE3C       GetOSLanguage
 0001:0003EA4C       GetOSType
 0001:00029C28       GetOSType
 0001:0003EC94       GetOSUpdate
 0001:000065A8       GetPaletteEntries
 0001:0003E800       GetParameters
 0001:00001AE4       GetParamStr
 0001:00006978       GetParent
 0001:0007B7CC       GetParentForm
 0001:000065B0       GetPixel
 0001:000062A0       GetPrivateProfileString
 0001:000062A8       GetProcAddress
 0001:000003D8       GetProcAddress
 0001:00006980       GetProp
 0001:00018E44       GetPropInfo
 0001:00018EB4       GetPropInfo
 0001:0001863C       GetPropInfo
 0001:0001865C       GetPropInfo
 0001:00018EEC       GetPropInfos
 0001:0001867C       GetPropValue
 0001:0007BC8C       GetRealScrollPosition
 0001:000367AC       GetResourceData
 0001:0007179C       GetRGBColor
 0001:00006D54       GetRValue
 0001:00032DB0       GetSafeCallValue
 0001:00006988       GetScrollInfo
 0001:00006990       GetScrollPos
 0001:00006998       GetScrollRange
 0001:000190B4       GetSetProp
 0001:00061998       GetShortHint
 0001:00019308       GetShortStrProp
 0001:000193A0       GetShortStrPropAsLongStr
 0001:000352F0       GetSourceInfoByAddr
 0001:00000688       GetSpace
 0001:000006EC       GetSpaceAt
 0001:00073EF4       GetSpecialName
 0001:000A1E70       GetSQLToken
 0001:0004031C       GetStack
 0001:0004352C       GetStackPointer
 0001:0003F354       GetStartDate
 0001:000062B0       GetStartupInfo
 0001:000003E0       GetStartupInfo
 0001:000A63C8       GetStates
 0001:000062B8       GetStdHandle
 0001:00000328       GetStdHandle
 0001:000065B8       GetStockObject
 0001:000062C0       GetStringTypeEx
 0001:00019540       GetStrProp
 0001:000069A0       GetSubMenu
 0001:00035950       GetSymbolAddr
 0001:000069A8       GetSysColor
 0001:000069B0       GetSysColorBrush
 0001:000062C8       GetSystemDefaultLangID
 0001:000062D0       GetSystemInfo
 0001:000069B8       GetSystemMenu
 0002:0000616C       GetSystemMetrics
 0001:000069C0       GetSystemMetrics
 0001:000065C0       GetSystemPaletteEntries
 0001:000A2624       GetTableNameFromSQL
 0001:000062D8       GetTempPath
 0001:000065D0       GetTextExtentPoint
 0001:000065C8       GetTextExtentPoint32
 0001:000065D8       GetTextMetrics
 0002:00006290       GetThemeAppProperties
 0002:000061FC       GetThemeBackgroundContentRect
 0002:00006200       GetThemeBackgroundExtent
 0002:00006210       GetThemeBackgroundRegion
 0002:00006234       GetThemeBool
 0002:00006228       GetThemeColor
 0002:0000629C       GetThemeDocumentationProperty
 0002:0000623C       GetThemeEnumValue
 0002:0000625C       GetThemeFilename
 0002:00006244       GetThemeFont
 0002:00006238       GetThemeInt
 0002:00006250       GetThemeIntList
 0002:0000624C       GetThemeMargins
 0002:0000622C       GetThemeMetric
 0002:00006204       GetThemePartSize
 0002:00006240       GetThemePosition
 0002:00006254       GetThemePropertyOrigin
 0002:00006248       GetThemeRect
 0002:00006230       GetThemeString
 0002:00006268       GetThemeSysBool
 0002:00006260       GetThemeSysColor
 0002:00006264       GetThemeSysColorBrush
 0002:00006270       GetThemeSysFont
 0002:00006278       GetThemeSysInt
 0002:0000626C       GetThemeSysSize
 0002:00006274       GetThemeSysString
 0002:00006208       GetThemeTextExtent
 0002:0000620C       GetThemeTextMetrics
 0001:00043CA8       GetThreadClass
 0001:00029B94       GetThreadClass
 0001:000062E0       GetThreadContext
 0001:000062E8       GetThreadLocale
 0001:000003E8       GetThreadLocale
 0001:000428B4       GetThreadParams
 0001:000062F0       GetTickCount
 0001:0000A668       GetTime
 0001:000062F8       GetTimeZoneInformation
 0001:00005EB0       GetTlsSize
 0001:000833B0       GetTopMostWindows
 0001:00061B28       GetTopParent
 0001:000069C8       GetTopWindow
 0001:0003F2B4       GetTotalDisk
 0001:0003F004       GetTotalMemory
 0001:00018CB0       GetTypeData
 0001:00006108       GetUserName
 0001:000A7290       GetUserName
 0001:000885A0       GetValueAndMultiplyOrder
 0001:0001658C       GetVarDataArrayInfo
 0001:00019A8C       GetVariantProp
 0001:00000478       GetVersion
 0001:00006300       GetVersion
 0001:00006308       GetVersionEx
 0001:0003E9F0       GetVersionNumber
 0001:000195AC       GetWideStrProp
 0001:00019490       GetWideStrPropAsLongStr
 0001:000069D0       GetWindow
 0001:000069D8       GetWindowDC
 0001:000069E0       GetWindowLong
 0001:000065E8       GetWindowOrgEx
 0001:000069E8       GetWindowPlacement
 0001:000069F0       GetWindowRect
 0001:000069F8       GetWindowText
 0002:00006284       GetWindowTheme
 0001:00006A00       GetWindowThreadProcessId
 0001:00006A08       GetWindowThreadProcessId
 0001:000065E0       GetWinMetaFileBits
 0001:00006310       GlobalAddAtom
 0001:00006318       GlobalAlloc
 0001:00006CEC       GlobalAllocPtr
 0001:00006320       GlobalDeleteAtom
 0001:00006328       GlobalFindAtom
 0002:00005868       GlobalFixupList
 0001:0002003C       GlobalFixupReferences
 0001:00006330       GlobalFree
 0001:00006D18       GlobalFreePtr
 0001:00006340       GlobalHandle
 0001:00006338       GlobalLock
 0002:000064D4       GlobalMalloc
 0001:00006348       GlobalMemoryStatus
 0002:0000584C       GlobalNameSpace
 0001:00006350       GlobalReAlloc
 0001:00006CFC       GlobalReAllocPtr
 0002:00005A00       GlobalSMTPValues
 0001:00006358       GlobalUnlock
 0002:00005A6C       Global_CriticalSection
 0002:00005A84       Global_CurrentEvent
 0002:00005A50       Global_ExceptionRecord
 0002:00005A4C       Global_Execute
 0002:00005A4D       Global_Handled
 0002:00005A88       Global_IntraWebText
 0002:00005A4E       Global_Retry
 0001:00042924       GoNotify
 0001:0004FF5C       Graphics
 0001:000B55A0       GridRect
 0001:000BCF30       Grids
 0001:0001C40C       GroupDescendentsWith
 0002:00000608       GUID_NULL
 0001:000459A4       HandleAnyExceptionAddr
 0002:00005948       HandleAnyExceptionAddr_Variable
 0001:00045A58       HandleAutoExceptionAddr
 0002:00005950       HandleAutoExceptionAddr_Variable
 0001:0000FA88       HandleConversionException
 0001:00080580       HandleEdge
 0001:000214A0       HandleException
 0001:000459F0       HandleOnExceptionAddr
 0002:0000594C       HandleOnExceptionAddr_Variable
 0002:00005CC8       HeaderData
 0002:00000024       HeapAllocFlags
 0002:000055C8       heapErrorCode
 0002:000055CC       heapLock
 0001:00051BFC       HelpIntfs
 0002:000061A8       HelpManager
 0002:000062E0       HelpMsg
 0002:000063A8       HelpViewer
 0002:000063AC       HelpViewerIntf
 0002:00000130       HexDisplayPrefix
 0002:00003144       HideSelections
 0001:0006F2BC       HideZone
 0002:00005668       HInstance
 0002:00006464       HintDoneEvent
 0001:00082CEC       HintGetMsgHook
 0002:00006468       HintHook
 0001:00082C90       HintMouseThread
 0002:0000646C       HintThread
 0002:00006460       HintThreadID
 0001:00082C3C       HintTimerProc
 0002:000033F8       HintWindowClass
 0002:00006214       HitTestThemeBackground
 0001:00006CCC       HiWord
 0001:0003602C       HookBPLProcedure
 0001:0002A710       HookDllProcedure
 0001:00043178       HookedCreateThread
 0001:00042E40       HookedExceptionObject
 0001:00042F4C       HookedExceptProc
 0001:000437B4       HookedExitThread
 0001:00043854       HookedHttpExtensionProc
 0001:00042D3C       HookedRaise
 0001:00043534       HookedResumeThread
[...]
 0002:00003844       CLASS_Recordset
 0002:00003854       CLASS_DataSpace
 0002:00003864       DIID_ConnectionEvents
 0002:00003874       DIID_RecordsetEvents
 0002:00003884       GetObjectContextProc
 0002:00003888       CoGetObjectContextProc
 0002:0000388C       SafeRefProc
 0002:00003890       MtsProcsLoaded
 0002:00003894       IID_IObjectContext
 0002:000038A4       CommandTypeValues
 0002:000038BC       ConnectModeValues
 0002:000038DC       ConnectOptionValues
 0002:000038E4       CursorLocationValues
 0002:000038EC       CursorOptionValues
 0002:00003920       CursorTypeValues
 0002:00003934       DataTypeValues
 0002:000039CC       EventReasonValues
 0002:00003A08       EventStatusValues
 0002:00003A1C       ExecuteOptionValues
 0002:00003A2C       FilterGroupValues
 0002:00003A48       IsolationLevelValues
 0002:00003A6C       LockTypeValues
 0002:00003A80       MarshalOptionValues
 0002:00003A88       ObjectStateValues
 0002:00003A9C       ParameterAttributeValues
 0002:00003AA8       ParameterDirectionValues
 0002:00003ABC       RecordStatusValues
 0002:00003B04       AffectRecordsValues
 0002:00003B14       XactAttributeValues
 0002:00003B1C       ValidDirectionValues
 0002:00003B30       SIsAutoInc
 0002:00003B34       RetCodes
 0002:00003B38       ArrowKey
 0002:00003B3C       BtnHintId
 0002:00003B64       SearchTickCount
 0002:00003B68       Direction
 0002:00003B6C       AlignFlags
 0002:00003B78       RTL
 0002:00003B80       ScrollArrows
 0002:00005000       DispCallByIDProc
 0002:00005004       ExceptProc
 0002:00005008       ErrorProc
 0002:0000500C       ExceptClsProc
 0002:00005010       ExceptObjProc
 0002:00005014       RaiseExceptionProc
 0002:00005018       RTLUnwindProc
 0002:0000501C       ExceptionClass
 0002:00005020       SafeCallErrorProc
 0002:00005024       AssertErrorProc
 0002:00005028       ExitProcessProc
 0002:0000502C       AbstractErrorProc
 0002:00005030       MainInstance
 0002:00005034       MainThreadID
 0002:00005038       IsLibrary
 0002:0000503C       CmdShow
 0002:00005040       CmdLine
 0002:00005044       InitProc
 0002:00005048       ExitProc
 0002:0000504C       IsConsole
 0002:0000504D       IsMultiThread
 0002:0000504E       Test8086
 0002:00005050       Input
 0002:0000521C       Output
 0002:000053E8       ErrOutput
 0002:000055B4       AllocMemCount
 0002:000055B8       AllocMemSize
 0002:000055BC       .5
 0002:000055C0       DefaultUserCodePage
 0002:000055C4       initialized
 0002:000055C8       heapErrorCode
 0002:000055CC       heapLock
 0002:000055E4       blockDescBlockList
 0002:000055E8       blockDescFreeList
 0002:000055EC       spaceRoot
 0002:000055FC       decommittedRoot
 0002:0000560C       avail
 0002:00005618       rover
 0002:0000561C       remBytes
 0002:00005620       curAlloc
 0002:00005624       smallTab
 0002:00005628       committedRoot
 0002:00005638       InitContext
 0002:00005664       ModuleIsLib
 0002:00005665       ModuleIsCpp
 0002:00005668       HInstance
 0002:0000566C       .1
 0002:00005670       tlsBuffer
 0002:00005674       .1
 0002:00005678       .3
 0002:0000567C       .1
 0002:00005680       CurrencyString
 0002:00005684       CurrencyFormat
 0002:00005685       NegCurrFormat
 0002:00005686       ThousandSeparator
 0002:00005687       DecimalSeparator
 0002:00005688       CurrencyDecimals
 0002:00005689       DateSeparator
 0002:0000568C       ShortDateFormat
 0002:00005690       LongDateFormat
 0002:00005694       TimeSeparator
 0002:00005698       TimeAMString
 0002:0000569C       TimePMString
 0002:000056A0       ShortTimeFormat
 0002:000056A4       LongTimeFormat
 0002:000056A8       ShortMonthNames
 0002:000056D8       LongMonthNames
 0002:00005708       ShortDayNames
 0002:00005724       LongDayNames
 0002:00005740       SysLocale
 0002:0000574E       ListSeparator
 0002:00005750       EraNames
 0002:0000576C       EraYearOffsets
 0002:00005788       TrueBoolStrs
 0002:0000578C       FalseBoolStrs
 0002:00005790       .35
 0002:00005794       OutOfMemory
 0002:00005798       InvalidPointer
 0002:0000579C       FLanguages
 0002:000057A0       .1
 0002:000057A4       VariantChangeTypeEx
 0002:000057A8       VarNeg
 0002:000057AC       VarNot
 0002:000057B0       VarAdd
 0002:000057B4       VarSub
 0002:000057B8       VarMul
 0002:000057BC       VarDiv
 0002:000057C0       VarIDiv
 0002:000057C4       VarMod
 0002:000057C8       VarAnd
 0002:000057CC       VarOr
 0002:000057D0       VarXor
 0002:000057D4       VarCmp
 0002:000057D8       VarI4FromStr
 0002:000057DC       VarR4FromStr
 0002:000057E0       VarR8FromStr
 0002:000057E4       VarDateFromStr
 0002:000057E8       VarCyFromStr
 0002:000057EC       VarBoolFromStr
 0002:000057F0       VarBstrFromCy
 0002:000057F4       VarBstrFromDate
 0002:000057F8       VarBstrFromBool
 0002:000057FC       .5
 0002:00005800       EmptyParam
 0002:00005810       VarDispProc
 0002:00005814       ClearAnyProc
 0002:00005818       ChangeAnyProc
 0002:0000581C       RefAnyProc
 0002:00005820       .81
 0002:00005824       LVarTypes
 0002:00005828       LVarTypeSync
 0002:00005840       .1
 0002:00005844       .6
 0002:00005848       .3
 0002:0000584C       GlobalNameSpace
 0002:00005850       IsUniqueGlobalComponentNameProc
 0002:00005854       SyncEvent
 0002:00005858       .45
 0002:0000585C       IntConstList
 0002:00005860       RegGroups
 0002:00005864       FindGlobalComponentProcs
 0002:00005868       GlobalFixupList
 0002:0000586C       ThreadLock
 0002:00005884       ThreadCount
 0002:00005888       InstBlockList
 0002:0000588C       InstFreeList
 0002:00005890       .1
 0002:00005894       .4
 0002:00005898       LastEurekaVersion
 0002:0000589C       GetCurrentThreadClass
 0002:000058A0       .2
 0002:000058A4       LogCriticalSection
 0002:000058BC       InternalIntoIDE
 0002:000058BD       ActiveInternalLog
 0002:000058BE       CanSaveLog
 0002:000058C0       StringLog
 0002:000058C4       .1
 0002:000058C8       ProcedureList
 0002:000058CC       DllList
 0002:000058D0       .1
 0002:000058D4       .1
 0002:000058D8       .4
 0002:000058DC       .1
 0002:000058E0       ExceptionNotify
 0002:000058E4       ExceptionActionNotify
 0002:000058E8       ExceptionErrorNotify
 0002:000058EC       .7
 0002:000058F0       Kernel_RaiseException
 0002:000058F4       Kernel_RtlUnwind
 0002:000058F8       Kernel_CreateThread
 0002:000058FC       Kernel_ResumeThread
 0002:00005900       Kernel_ExitThread
 0002:00005904       ISAPI_HttpExtensionProc
 0002:00005908       ISAPI_Proc
 0002:0000590C       Recursive
 0002:00005910       ModulesList
 0002:00005914       OldExceptProc
 0002:00005918       CurrentStackList
 0002:0000591C       ThreadsList
 0002:00005920       StartingDate
 0002:00005928       Initialized
 0002:0000592C       LastThreadID
 0002:00005930       OldExceptObjProc
 0002:00005934       CurrentOptions
 0002:00005938       ServerECB
 0002:0000593C       CGIOutputFile
 0002:00005940       LanguageStr
 0002:00005944       ExceptionNumber
 0002:00005948       HandleAnyExceptionAddr_Variable
 0002:0000594C       HandleOnExceptionAddr_Variable
 0002:00005950       HandleAutoExceptionAddr_Variable
 0002:00005954       TerminateApplication
 0002:00005958       LastInitializationPtr
 0002:0000595C       LastFinalizationPtr
 0002:00005960       IntraWeb_HandleException
 0002:00005964       IntraWeb_ShowMessage
 0002:00005968       VCLHandleException
 0002:0000596C       NTService_LogMessage
 0002:00005970       IndyThread_HandleException
 0002:00005974       CGIHandleException
 0002:00005978       ISAPIHandleException
 0002:0000597C       CLXHandleException
 0002:00005980       LastInitPointer
 0002:00005984       IntoInitialization
 0002:00005985       IntoFinalization
 0002:00005988       OriginalThreadProc
 0002:0000598C       OriginalThreadProcAddr
 0002:00005990       IntraWebApplication
 0002:00005994       IntraWebServerController
 0002:00005998       CurrentGeneralErrorText
 0002:0000599C       CurrentCPUErrorText
 0002:000059A0       IntraWebMainThreadID
 0002:000059A4       OnlySafeCallExceptions
 0002:000059A8       SafeCallHandle
 0002:000059AC       ActiveSafeCall
 0002:000059B0       FreezeThread
 0002:000059B4       MainThreadHandle
 0002:000059B8       MainThreadTopOfStack
 0002:000059BC       LastExceptAddr
 0002:000059C0       RaisedExceptAddr
 0002:000059C4       LastExceptObject
 0002:000059C8       LastDelphiException
 0002:000059CC       LastExceptMessage
 0002:000059D0       LastExceptionRecord
 0002:000059D4       LastExceptionLog
 0002:000059D8       LastExceptThreadID
 0002:000059DC       LastLog
 0002:000059E0       CanSendEmail_Show
 0002:000059E1       CanAttachScreenshot_Show
 0002:000059E2       CanCopy_Show
 0002:000059E3       CanSendEmail
 0002:000059E4       CanAttachScreenshot
 0002:000059E5       CanCopy
 0002:000059E6       DuplicatedException
 0002:000059E8       StartDir
 0002:000059EC       SynchronizeExcept
 0002:000059F0       SynchronizeRaise
 0002:000059F4       InternalErrorCode
 0002:000059F8       InternalErrorMsg
 0002:000059FC       EurekaLogList
 0002:00005A00       GlobalSMTPValues
 0002:00005A18       CurrentRequestValue
 0002:00005A1C       ThreadsCriticalSection
 0002:00005A34       InactiveThreads
 0002:00005A38       ActivateEurekaLog
 0002:00005A39       NotLoadDebugInfo
 0002:00005A3C       ExceptionInfoHandle
 0002:00005A40       ModuleInfoHandle
 0002:00005A44       ExceptionInfoData
 0002:00005A48       ModuleInfoData
 0002:00005A4C       Global_Execute
 0002:00005A4D       Global_Handled
 0002:00005A4E       Global_Retry
 0002:00005A50       Global_ExceptionRecord
 0002:00005A6C       Global_CriticalSection
 0002:00005A84       Global_CurrentEvent
 0002:00005A88       Global_IntraWebText
 0002:00005A8C       Cached_LogFile
 0002:00005A90       ExceptionModuleText
 0002:00005A94       ExceptionAddressText
 0002:00005A98       ExceptionTypeText
 0002:00005A9C       ExceptionMsgText
 0002:00005AA0       fDlgBack
 0002:00005AA4       fMemoBack
 0002:00005AA8       fActive
 0002:00005AAC       fCaptionFont
 0002:00005AB0       fVariableFont
 0002:00005AB4       fFixedFont
 0002:00005AB8       FixedFontSize
 0002:00005ABC       CaptionFontName
 0002:00005AC0       FixedFontName
 0002:00005AC4       NonClientMetrics
 0002:00005C18       fMonitor
 0002:00005C1C       fMonitorInfo
 0002:00005C34       fImageList
 0002:00005C38       fBmp
 0002:00005C48       OriginalWidth
 0002:00005C4C       OriginalHeight
 0002:00005C50       RealLeft
 0002:00005C54       RealTop
 0002:00005C58       RealWidth
 0002:00005C5C       RealHeight
 0002:00005C60       ListWidth
 0002:00005C64       ListHeight
 0002:00005C68       TextWidth
 0002:00005C6C       LeftButton
 0002:00005C70       TopButton
 0002:00005C74       WindowState
 0002:00005C78       ColWidths
 0002:00005CA0       DetailsActive
 0002:00005CA4       MainDialog
 0002:00005CA8       IsDialogShowed
 0002:00005CAC       DialogHeight
 0002:00005CB0       CAPTION_HEIGHT
 0002:00005CB4       ColoursCount
 0002:00005CB8       RowBytes
 0002:00005CBC       DataSize
 0002:00005CC0       ImgData
 0002:00005CC4       Data
 0002:00005CC8       HeaderData
 0002:00005CD8       Encode_Filter
 0002:00005CDC       Encode_Data
 0002:00005CE0       CRCList
 0002:000060E0       scr_pal
 0002:000060E4       scr_UsePal
 0002:000060E8       scr_DCScreen
 0002:000060EC       scr_DCCompatible
 0002:000060F0       scr_Bitmap
 0002:000060F4       scr_Width
 0002:000060F8       scr_Height
 0002:000060FC       .1
 0002:00006100       SystemPalette16
 0002:00006104       .12
 0002:00006108       ScreenLogPixels
 0002:0000610C       StockPen
 0002:00006110       StockBrush
 0002:00006114       StockFont
 0002:00006118       StockIcon
 0002:0000611C       BitmapImageLock
 0002:00006134       CounterLock
 0002:0000614C       FontManager
 0002:00006150       PenManager
 0002:00006154       BrushManager
 0002:00006158       CanvasList
 0002:0000615C       PatternManager
 0002:00006160       .2
 0002:00006164       .21
 0002:00006168       .1
 0002:0000616C       GetSystemMetrics
 0002:00006170       MonitorFromWindow
 0002:00006174       MonitorFromRect
 0002:00006178       MonitorFromPoint
 0002:0000617C       GetMonitorInfo
 0002:00006180       GetMonitorInfoA
 0002:00006184       GetMonitorInfoW
 0002:00006188       EnumDisplayMonitors
 0002:0000618C       .1
 0002:00006190       User32Dll
 0002:00006194       InitApis
 0002:0000619C       MMAvailable
 0002:000061A0       .1
 0002:000061A4       .2
 0002:000061A8       HelpManager
 0002:000061AC       .3
 0002:000061B0       .3
 0002:000061B4       FlatSB_EnableScrollBar
 0002:000061B8       FlatSB_ShowScrollBar
 0002:000061BC       FlatSB_GetScrollRange
 0002:000061C0       FlatSB_GetScrollInfo
 0002:000061C4       FlatSB_GetScrollPos
 0002:000061C8       FlatSB_SetScrollPos
 0002:000061CC       FlatSB_SetScrollInfo
 0002:000061D0       FlatSB_SetScrollRange
 0002:000061D4       .1
 0002:000061D8       _FlatSB_GetScrollProp
 0002:000061DC       _FlatSB_SetScrollProp
 0002:000061E0       _InitializeFlatSB
 0002:000061E4       _UninitializeFlatSB
 0002:000061E8       .6
 0002:000061EC       OpenThemeData
 0002:000061F0       CloseThemeData
 0002:000061F4       DrawThemeBackground
 0002:000061F8       DrawThemeText
 0002:000061FC       GetThemeBackgroundContentRect
 0002:00006200       GetThemeBackgroundExtent
 0002:00006204       GetThemePartSize
 0002:00006208       GetThemeTextExtent
 0002:0000620C       GetThemeTextMetrics
 0002:00006210       GetThemeBackgroundRegion
 0002:00006214       HitTestThemeBackground
 0002:00006218       DrawThemeEdge
 0002:0000621C       DrawThemeIcon
 0002:00006220       IsThemePartDefined
 0002:00006224       IsThemeBackgroundPartiallyTransparent
 0002:00006228       GetThemeColor
 0002:0000622C       GetThemeMetric
 0002:00006230       GetThemeString
 0002:00006234       GetThemeBool
 0002:00006238       GetThemeInt
 0002:0000623C       GetThemeEnumValue
 0002:00006240       GetThemePosition
 0002:00006244       GetThemeFont
 0002:00006248       GetThemeRect
 0002:0000624C       GetThemeMargins
 0002:00006250       GetThemeIntList
 0002:00006254       GetThemePropertyOrigin
 0002:00006258       SetWindowTheme
 0002:0000625C       GetThemeFilename
 0002:00006260       GetThemeSysColor
 0002:00006264       GetThemeSysColorBrush
 0002:00006268       GetThemeSysBool
 0002:0000626C       GetThemeSysSize
 0002:00006270       GetThemeSysFont
 0002:00006274       GetThemeSysString
 0002:00006278       GetThemeSysInt
 0002:0000627C       IsThemeActive
 0002:00006280       IsAppThemed
 0002:00006284       GetWindowTheme
 0002:00006288       EnableThemeDialogTexture
 0002:0000628C       IsThemeDialogTextureEnabled
 0002:00006290       GetThemeAppProperties
 0002:00006294       SetThemeAppProperties
 0002:00006298       GetCurrentThemeName
 0002:0000629C       GetThemeDocumentationProperty
 0002:000062A0       DrawThemeParentBackground
 0002:000062A4       EnableTheming
 0002:000062A8       .1
 0002:000062AC       ThemeLibrary
 0002:000062B0       ReferenceCount
 0002:000062B4       Lock
 0002:000062B8       .1
 0002:000062BC       .4
 0002:000062C0       .1
 0002:000062C4       .1
 0002:000062C8       .1
 0002:000062CC       .1
 0002:000062D0       .1
 0002:000062D4       .1
 0002:000062D8       .1
 0002:000062DC       .11
 0002:000062E0       HelpMsg
 0002:000062E4       FindMsg
 0002:000062E8       ButtonWidths
 0002:00006314       .12
 0002:00006318       .1
 0002:0000631C       CF_PICTURE
 0002:0000631E       CF_COMPONENT
 0002:00006320       .2
 0002:00006324       FClipboard
 0002:00006328       .1
 0002:0000632C       .4
 0002:00006330       BitBtnGlyphs
 0002:0000635C       .3
 0002:00006360       .8
 0002:00006364       .5
 0002:00006368       .1
 0002:0000636C       .72
 0002:00006370       UrlMonHandle
 0002:00006374       UrlMonInitialized
 0002:00006378       .8
 0002:0000637C       .36
 0002:00006380       ShellModule
 0002:00006384       FRichEditModule
 0002:00006388       ComCtlVersion
 0002:0000638C       .2
 0002:00006390       InternalServices
 0002:00006394       .42
 0002:00006398       .73
 0002:0000639C       WinHelpTester
 0002:000063A0       ViewerName
 0002:000063A4       .1
 0002:000063A8       HelpViewer
 0002:000063AC       HelpViewerIntf
 0002:000063B0       Mouse
 0002:000063B4       NewStyleControls
 0002:000063B8       .72
 0002:000063BC       WindowAtom
 0002:000063BE       ControlAtom
 0002:000063C0       WindowAtomString
 0002:000063C4       ControlAtomString
 0002:000063C8       RM_GetObjectInstance
 0002:000063CC       DragControl
 0002:000063D0       DragObject
 0002:000063D4       DragInternalObject
 0002:000063D8       DragCapture
 0002:000063DC       DragStartPos
 0002:000063E4       DragSaveCursor
 0002:000063E8       DragThreshold
 0002:000063EC       ActiveDrag
 0002:000063F0       DragImageList
 0002:000063F4       DockSiteList
 0002:000063F8       QualifyingSites
 0002:000063FC       DragSave
 0002:00006400       CanvasList
 0002:00006404       _WINNLSEnableIME
 0002:00006408       _ImmGetContext
 0002:0000640C       _ImmReleaseContext
 0002:00006410       _ImmGetConversionStatus
 0002:00006414       _ImmSetConversionStatus
 0002:00006418       _ImmSetOpenStatus
 0002:0000641C       _ImmSetCompositionWindow
 0002:00006420       _ImmSetCompositionFont
 0002:00006424       _ImmGetCompositionString
 0002:00006428       _ImmIsIME
 0002:0000642C       _ImmNotifyIME
 0002:00006430       .8
 0002:00006434       .3
 0002:00006438       CachedComCtrlVer
 0002:0000643C       ImageListWriteExProc
 0002:00006440       PopupList
 0002:00006444       ShortCutItems
 0002:00006448       .9
 0002:0000644C       CommandPool
 0002:00006450       Application
 0002:00006454       Screen
 0002:00006458       .41
 0002:0000645C       RM_TaskbarCreated
 0002:00006460       HintThreadID
 0002:00006464       HintDoneEvent
 0002:00006468       HintHook
 0002:0000646C       HintThread
 0002:00006470       .2
 0002:00006474       .1
 0002:00006478       .1
 0002:0000647C       .1
 0002:00006480       .3
 0002:00006484       .1
 0002:00006488       .41
 0002:0000648C       OleUninitializing
 0002:00006490       ComClassManagerVar
 0002:00006494       SaveInitProc
 0002:00006498       NeedToUninitialize
 0002:0000649C       LoginDialogProc
 0002:000064A0       LoginDialogExProc
 0002:000064A4       RemoteLoginDialogProc
 0002:000064A8       ScreenCursorProc
 0002:000064AC       PasswordDialog
 0002:000064B0       DBScreen
 0002:000064B4       DBApplication
 0002:000064B8       .36
 0002:000064BC       .1
 0002:000064C0       .5
 0002:000064C4       .3
 0002:000064C8       .1
 0002:000064CC       .1
 0002:000064D0       .31
 0002:000064D4       GlobalMalloc
 0002:000064D8       .5
 0002:000064DC       .11
 0002:000064E0       .1
 0002:000064E4       .2
 0002:000064E8       .2
 0002:000064EC       .22
 0002:000064F0       .9
 0002:000064F4       DrawBitmap
 0002:000064F8       UserCount
 0002:000064FC       Form1
 0002:00006500       .2


Line numbers for main(main.pas) segment .text

    31 0001:000C9C2C    32 0001:000C9C46    33 0001:000C9C82    34 0001:000C9C8D
    35 0001:000C9C98    36 0001:000C9CC0    38 0001:000C9D10    38 0001:000C9D17

Line numbers for del_z(U:\MASTER\Experion2ISU\Del_Zayvka_SQL\del_z.dpr) segment .text

    10 0001:000CA010    11 0001:000CA020    12 0001:000CA02C    13 0001:000CA044
    14 0001:000CA050

Bound resource files

C:\Program Files\EurekaLog 4\Delphi7\DIALOG.RES
c:\program files\borland\delphi7\Lib\Buttons.res
c:\program files\borland\delphi7\Lib\ExtDlgs.res
c:\program files\borland\delphi7\Lib\Controls.res
c:\program files\borland\delphi7\Lib\DBLogDlg.dfm
c:\program files\borland\delphi7\Lib\DBPWDlg.dfm
c:\program files\borland\delphi7\Lib\DBCtrls.res
c:\program files\borland\delphi7\Lib\DBGrids.res
main.dfm
del_z.res
del_z.drf


Program entry point at 0001:000CA010
