
 Start         Length     Name                   Class
 0001:00000000 00030B18H .text                   CODE
 0002:00000000 00001C30H .data                   DATA
 0002:00001C30 00000FF1H .bss                    BSS


Detailed map of segments

 0001:00000000 0000035E C=CODE     S=.text    G=(none)   M=System   ACBP=A9
 0001:00000360 00000140 C=CODE     S=.text    G=(none)   M=SysInit  ACBP=A9
 0001:000004A0 0000000E C=CODE     S=.text    G=(none)   M=Types    ACBP=A9
 0001:000004B0 00000608 C=CODE     S=.text    G=(none)   M=Windows  ACBP=A9
 0001:00000AB8 0000000E C=CODE     S=.text    G=(none)   M=SysConst ACBP=A9
 0001:00000AC8 00000206 C=CODE     S=.text    G=(none)   M=SysUtils ACBP=A9
 0001:00000CD0 00000038 C=CODE     S=.text    G=(none)   M=Messages ACBP=A9
 0001:00000D08 0000001E C=CODE     S=.text    G=(none)   M=ActiveX  ACBP=A9
 0001:00000D28 0000000E C=CODE     S=.text    G=(none)   M=VarUtils ACBP=A9
 0001:00000D38 0000004E C=CODE     S=.text    G=(none)   M=Variants ACBP=A9
 0001:00000D88 0000000E C=CODE     S=.text    G=(none)   M=RTLConsts ACBP=A9
 0001:00000D98 00000026 C=CODE     S=.text    G=(none)   M=TypInfo  ACBP=A9
 0001:00000DC0 0000014E C=CODE     S=.text    G=(none)   M=Classes  ACBP=A9
 0001:00000F10 00000038 C=CODE     S=.text    G=(none)   M=ETypes   ACBP=A9
 0001:00000F48 000014D0 C=CODE     S=.text    G=(none)   M=EConsts  ACBP=A9
 0001:00002418 0000244F C=CODE     S=.text    G=(none)   M=ECore    ACBP=A9
 0001:00004868 00000040 C=CODE     S=.text    G=(none)   M=ShellAPI ACBP=A9
 0001:000048A8 000000A0 C=CODE     S=.text    G=(none)   M=WinSock  ACBP=A9
 0001:00004948 00000EC7 C=CODE     S=.text    G=(none)   M=EHook    ACBP=A9
 0001:00005810 000000C4 C=CODE     S=.text    G=(none)   M=ELang    ACBP=A9
 0001:000058D4 00001553 C=CODE     S=.text    G=(none)   M=ESockets ACBP=A9
 0001:00006E28 000051D8 C=CODE     S=.text    G=(none)   M=EZLib    ACBP=A9
 0001:0000C000 00000D3C C=CODE     S=.text    G=(none)   M=EEncrypt ACBP=A9
 0001:0000CD3C 000001A8 C=CODE     S=.text    G=(none)   M=EBase64  ACBP=A9
 0001:0000CEE4 0000092C C=CODE     S=.text    G=(none)   M=ETarGZip ACBP=A9
 0001:0000D810 000014EC C=CODE     S=.text    G=(none)   M=EWebTools ACBP=A9
 0001:0000ECFC 000005A8 C=CODE     S=.text    G=(none)   M=EXMLBuilder ACBP=A9
 0001:0000F2A4 000030F0 C=CODE     S=.text    G=(none)   M=ELogManager ACBP=A9
 0001:00012394 000012F0 C=CODE     S=.text    G=(none)   M=EListView ACBP=A9
 0001:00013684 00019C9E C=CODE     S=.text    G=(none)   M=ExceptionLog ACBP=A9
 0001:0002D324 00000016 C=CODE     S=.text    G=(none)   M=Math     ACBP=A9
 0001:0002D33C 0000000E C=CODE     S=.text    G=(none)   M=DBConsts ACBP=A9
 0001:0002D34C 0000000E C=CODE     S=.text    G=(none)   M=FMTBcd   ACBP=A9
 0001:0002D35C 00000016 C=CODE     S=.text    G=(none)   M=DateUtils ACBP=A9
 0001:0002D374 0000000E C=CODE     S=.text    G=(none)   M=SqlTimSt ACBP=A9
 0001:0002D384 0000000E C=CODE     S=.text    G=(none)   M=MaskUtils ACBP=A9
 0001:0002D394 0000000E C=CODE     S=.text    G=(none)   M=ComConst ACBP=A9
 0001:0002D3A4 0000000E C=CODE     S=.text    G=(none)   M=ComObj   ACBP=A9
 0001:0002D3B4 00000036 C=CODE     S=.text    G=(none)   M=DB       ACBP=A9
 0001:0002D3EC 0000000E C=CODE     S=.text    G=(none)   M=ADOInt   ACBP=A9
 0001:0002D3FC 0000000E C=CODE     S=.text    G=(none)   M=OleDB    ACBP=A9
 0001:0002D40C 0000000E C=CODE     S=.text    G=(none)   M=ADOConst ACBP=A9
 0001:0002D41C 0000000E C=CODE     S=.text    G=(none)   M=Mtx      ACBP=A9
 0001:0002D42C 0000000E C=CODE     S=.text    G=(none)   M=DBCommon ACBP=A9
 0001:0002D43C 00000066 C=CODE     S=.text    G=(none)   M=ADODB    ACBP=A9
 0001:0002D4A4 00000016 C=CODE     S=.text    G=(none)   M=IniFiles ACBP=A9
 0001:0002D4BC 00000016 C=CODE     S=.text    G=(none)   M=StrUtils ACBP=A9
 0001:0002D4D4 00000038 C=CODE     S=.text    G=(none)   M=Consts   ACBP=A9
 0001:0002D50C 00000070 C=CODE     S=.text    G=(none)   M=rxStrUtils ACBP=A9
 0001:0002D57C 000009B8 C=CODE     S=.text    G=(none)   M=DateUtil ACBP=A9
 0001:0002DF34 00002BE4 C=CODE     S=.text    G=(none)   M=Exp2isu  ACBP=A9
 0002:00000000 0000001C C=DATA     S=.data    G=DGROUP   M=SysInit  ACBP=A9
 0002:0000001C 000003B4 C=DATA     S=.data    G=DGROUP   M=EConsts  ACBP=A9
 0002:000003D0 00000020 C=DATA     S=.data    G=DGROUP   M=ECore    ACBP=A9
 0002:000003F0 00001674 C=DATA     S=.data    G=DGROUP   M=EZLib    ACBP=A9
 0002:00001A64 00000040 C=DATA     S=.data    G=DGROUP   M=EBase64  ACBP=A9
 0002:00001AA4 00000012 C=DATA     S=.data    G=DGROUP   M=ETarGZip ACBP=A9
 0002:00001AB8 0000002C C=DATA     S=.data    G=DGROUP   M=EWebTools ACBP=A9
 0002:00001AE4 00000020 C=DATA     S=.data    G=DGROUP   M=EXMLBuilder ACBP=A9
 0002:00001B04 00000084 C=DATA     S=.data    G=DGROUP   M=ExceptionLog ACBP=A9
 0002:00001B88 0000003C C=DATA     S=.data    G=DGROUP   M=DateUtil ACBP=A9
 0002:00002000 00000010 C=BSS      S=.bss     G=DGROUP   M=SysInit  ACBP=A9
 0002:00002010 00000004 C=BSS      S=.bss     G=DGROUP   M=Windows  ACBP=A9
 0002:00002014 00000004 C=BSS      S=.bss     G=DGROUP   M=Messages ACBP=A9
 0002:00002018 00000004 C=BSS      S=.bss     G=DGROUP   M=ETypes   ACBP=A9
 0002:0000201C 00000004 C=BSS      S=.bss     G=DGROUP   M=EConsts  ACBP=A9
 0002:00002020 00000009 C=BSS      S=.bss     G=DGROUP   M=ECore    ACBP=A9
 0002:0000202C 00000004 C=BSS      S=.bss     G=DGROUP   M=ShellAPI ACBP=A9
 0002:00002030 00000004 C=BSS      S=.bss     G=DGROUP   M=WinSock  ACBP=A9
 0002:00002034 00000010 C=BSS      S=.bss     G=DGROUP   M=EHook    ACBP=A9
 0002:00002044 00000004 C=BSS      S=.bss     G=DGROUP   M=ELang    ACBP=A9
 0002:00002048 00000004 C=BSS      S=.bss     G=DGROUP   M=ESockets ACBP=A9
 0002:0000204C 00000004 C=BSS      S=.bss     G=DGROUP   M=EZLib    ACBP=A9
 0002:00002050 0000001C C=BSS      S=.bss     G=DGROUP   M=EEncrypt ACBP=A9
 0002:0000206C 00000004 C=BSS      S=.bss     G=DGROUP   M=EBase64  ACBP=A9
 0002:00002070 00000404 C=BSS      S=.bss     G=DGROUP   M=ETarGZip ACBP=A9
 0002:00002474 00000038 C=BSS      S=.bss     G=DGROUP   M=EWebTools ACBP=A9
 0002:000024AC 00000004 C=BSS      S=.bss     G=DGROUP   M=EXMLBuilder ACBP=A9
 0002:000024B0 00000004 C=BSS      S=.bss     G=DGROUP   M=ELogManager ACBP=A9
 0002:000024B4 00000004 C=BSS      S=.bss     G=DGROUP   M=EListView ACBP=A9
 0002:000024B8 000008AC C=BSS      S=.bss     G=DGROUP   M=ExceptionLog ACBP=A9
 0002:00002D64 00000004 C=BSS      S=.bss     G=DGROUP   M=Consts   ACBP=A9
 0002:00002D68 00000004 C=BSS      S=.bss     G=DGROUP   M=rxStrUtils ACBP=A9
 0002:00002D6C 00000008 C=BSS      S=.bss     G=DGROUP   M=DateUtil ACBP=A9
 0002:00002D74 0000027C C=BSS      S=.bss     G=DGROUP   M=Exp2isu  ACBP=A9


  Address         Publics by Name

 0002:000004BC       ..
 0002:0000046C       ..
 0002:00000418       ..
 0002:00000FF8       ..
 0001:0000A170       ..
 0002:00000ECC       ..
 0002:00002034       .1
 0002:00002044       .1
 0002:00002018       .1
 0002:00002474       .1
 0002:00002050       .1
 0002:0000206C       .1
 0002:00002D70       .1
 0002:00002030       .1
 0002:00002008       .1
 0002:0000202C       .1
 0002:00002D68       .1
 0002:00002014       .1
 0002:00002D64       .1
 0002:00002024       .2
 0002:0000204C       .2
 0002:000024B4       .2
 0002:00002010       .3
 0002:00002070       .3
 0002:000024B0       .3
 0002:000024AC       .3
 0002:00002048       .4
 0002:0000201C       .4
 0002:000024D4       .7
 0001:000003D8       @GetTls
 0001:000083B4       @inflate_fast
 0001:00009CFC       @inflate_table
 0001:00000424       @InitExe
 0001:0000B368       @_tr_align
 0001:0000B634       @_tr_flush_block
 0001:0000A174       @_tr_init
 0001:0000B2AC       @_tr_stored_block
 0001:0001F238       ActicatePage
 0002:0000261C       ActivateEurekaLog
 0001:00028904       AddCallerCallStack
 0001:00006560       AddDNS
 0001:0001B034       AddModule
 0001:0001B1A0       AddToStack
 0001:000101B0       AddValueField
 0001:0001F188       AdjustDialog
 0001:0001CE48       AdjustFlatStyle
 0001:00007224       adler32
 0001:00021BAC       AfterScreenshot
 0001:000218DC       AfterScreenshotToStream
 0001:00000380       AllocTlsBuffer
 0001:0001B6D8       ApplicationRestore
 0002:00002D8C       ApplIniName
 0002:00002D90       ArhFrom
 0002:00002DA0       ArhTo
 0001:0001A3D8       ASMAssigned
 0001:0001C3FC       AssignPriority
 0001:00022868       AttachedFile
 0001:00022AC4       AttachedFiles
 0002:000024CC       AttachedFilesRequest
 0002:00002628       AutoCloseTimer
 0001:0001BE8C       AutoCloseTimerProc
 0001:0000CD68       Base64Encode
 0001:00022518       Base64EncodeFromFile
 0001:0000CE24       Base64EncodeStr
 0001:0000CE70       Base64EncodeString
 0001:0000CE78       Base64EncodeToString
 0001:000033B0       BinToStr
 0001:00000740       BitBlt
 0001:00024660       BlockingSendInternetMessage
 0001:0002127C       BytesSwap
 0002:000026A4       Cached_LogFile
 0001:0002B310       CalcAddr
 0001:000212AC       CalcCRC
 0001:00019208       CalcDuplicatedException
 0001:0000CD3C       CalcEncodedSize
 0001:00019FA0       CallAttachedFilesRequest
 0001:00019F34       CallCustomDataRequest
 0001:0001A00C       CallCustomFieldsRequest
 0001:00019D48       CallExceptionActionNotify
 0001:00025DD4       CallExceptionActionNotify_atSavedLogFile
 0001:00025DC0       CallExceptionActionNotify_atSavingLogFile
 0001:00023BC0       CallExceptionActionNotify_atSendingEmail
 0001:00023BE8       CallExceptionActionNotify_atSendingWebMessage
 0001:00023BD4       CallExceptionActionNotify_atSentEmail
 0001:00023BFC       CallExceptionActionNotify_atSentWebMessage
 0001:0002601C       CallExceptionActionNotify_atShowedExceptionInfo
 0001:00026008       CallExceptionActionNotify_atShowingExceptionInfo
 0001:00020F08       CallExceptionActionNotify_atTerminating
 0001:00019E08       CallExceptionErrorNotify
 0001:00025DE8       CallExceptionErrorNotify_atSavedLogFile
 0001:00023C10       CallExceptionErrorNotify_atSentEmail
 0001:00023C24       CallExceptionErrorNotify_atSentWebMessage
 0001:00019CE4       CallExceptionNotify
 0001:0001A084       CallModule_PasswordRequestEvent
 0001:00019EC8       CallPasswordRequest
 0001:0001B3AC       CallStackByAddresses
 0001:0001DE78       CallStackDialogProc
 0001:00026030       CallWriteIntraWebText
 0001:0002A380       Call_HookedExceptionObject
 0001:0002A2C0       Call_HookedRaise
 0001:0002A400       Call_HookedRtlUnwind
 0002:000025DD       CanAttachScreenshot
 0002:000025D9       CanAttachScreenshot_Show
 0002:000025DE       CanCopy
 0002:000025DA       CanCopy_Show
 0001:0001A140       CanExit
 0002:000025A1       CanHookLibraries
 0001:00028968       CanPauseThisThread
 0002:000025D8       CanSendEmail_Show
 0002:000025DC       CanSendMessage
 0002:000025DB       CanSupport_Show
 0002:000026DC       CaptionFontName
 0002:000028F0       CAPTION_HEIGHT
 0002:00001A64       cBase64Codec
 0002:00001B88       CenturyOffset
 0002:00002570       CGIHandleException
 0002:00002530       CGIOutputFile
 0001:0000DAAC       CheckError
 0001:00018140       CheckForResult
 0001:00002A20       CheckIntoIDE
 0001:0000D220       ClearDirRec
 0001:00015E8C       ClearInternalError
 0001:00012CA0       ClickOnSign
 0001:00000820       CloseClipboard
 0001:000004D0       CloseHandle
 0001:000191EC       CloseLogFile
 0001:000227DC       CloseSendDialog
 0001:000048A8       closesocket
 0002:00002578       CLXHandleException
 0002:0000257C       CLXShowException
 0002:00001B7C       ColIdx
 0002:000028A0       ColWidths
 0001:00000748       CombineRgn
 0001:00021820       CommonSaveToStream
 0001:0001A548       CompareEurekaFunctions
 0001:00016A58       CompareModulesFunctions
 0001:00025CC0       CompleteStr
 0001:0000C070       Compress
 0001:000046D4       ComputerName
 0001:00024D20       ComputerName
 0001:000048B0       connect
 0001:0002D504       Consts
 0001:00004F00       ConvertAddress
 0001:00017EF4       ConvertAddress
 0001:000004D8       CopyFile
 0001:00000A30       CopyMemory
 0001:00000828       CopyRect
 0001:0001ED70       CPUDialogProc
 0001:0001461C       CPUToRTF
 0002:00002074       crc_table
 0002:00001AA4       crc_table_computed
 0001:00000750       CreateBitmap
 0001:00000758       CreateCompatibleBitmap
 0001:00000760       CreateCompatibleDC
 0001:00000A68       CreateDialog
 0001:0001BB84       CreateDialogFonts
 0001:00000830       CreateDialogParam
 0001:000004E0       CreateFile
 0001:000004E8       CreateFileMapping
 0001:00000768       CreateFont
 0001:00000770       CreateFontIndirect
 0001:0002603C       CreateGeneralText
 0001:0000D014       CreateGZipFile
 0001:000175DC       CreateHTMLByLayout
 0001:00019790       CreateHTMLFile
 0001:00026EB4       CreateLogText
 0001:00006994       CreateMXQuery
 0001:00000778       CreatePalette
 0001:000004F0       CreateProcess
 0001:00000780       CreateRectRgn
 0001:00000788       CreateRectRgnIndirect
 0001:00000790       CreateSolidBrush
 0001:000179B4       CreateTemplateFile
 0001:00023C38       CreateTGZFile
 0001:0001C6AC       CreateThreadStr
 0001:000236F8       CreateTmpLogFile
 0001:00014BB0       CreateVirtualFile
 0001:0001985C       CreateXMLLogCopy
 0002:0000259C       CurrentCPUErrorText
 0002:0000262C       CurrentDialog
 0001:0002B384       CurrentEurekaLogOptions
 0002:00002598       CurrentGeneralErrorText
 0002:0000252C       CurrentOptions
 0002:000025FC       CurrentRequestValue
 0002:00001B1C       CurrentStackList
 0001:0002D624       CurrentYear
 0001:0001EF78       CustomDataDialogProc
 0002:000024C8       CustomDataRequest
 0002:000025C8       CustomExceptMessage
 0002:000024D0       CustomFieldsRequest
 0002:00002054       CV
 0001:0002DEC0       DateUtil
 0002:00001B60       Days
 0002:00001B94       DaysInMonth
 0001:0002D5B8       DaysPerMonth
 0002:00002640       DbgSection
 0001:0000CC34       Decrypt
 0001:00007888       deflate
 0001:00007B40       deflateEnd
 0001:00006F44       DeflateInit
 0001:00007350       deflateInit_
 0001:00000838       DefWindowProc
 0001:000004F8       DeleteCriticalSection
 0001:00000798       DeleteDC
 0001:00023DA4       DeleteExtraFiles
 0001:000007A0       DeleteObject
 0001:00014D3C       DeleteVirtualFile
 0001:0001BD8C       DestroyDialogFonts
 0001:00000840       DestroyWindow
 0002:000028E0       DetailsActive
 0001:0001CE88       DetailsState
 0001:00000848       DialogBoxParam
 0002:000028EC       DialogHeight
 0001:00017990       DirectoryExists
 0001:00000850       DispatchMessage
 0001:0001B83C       DlgTemplate
 0002:0000203C       DllList
 0001:00006DD8       Done
 0001:00005728       Done
 0001:0000481C       Done
 0001:0002D048       Done
 0001:0002BEA8       DoneCheckFreeze
 0001:0000D810       DoneLib
 0001:00012464       DrawBmp
 0001:00013010       DrawBottom
 0001:00012F9C       DrawFrame
 0001:00000858       DrawIconEx
 0001:000130B8       DrawItem
 0001:00013064       DrawLine
 0001:0001F4D0       DrawSupportLink
 0001:00000860       DrawText
 0002:00002D98       DstFromConn
 0002:00002D9C       DstFromTable
 0002:00002DA8       DstToTable
 0002:00002D84       dt
 0002:000025DF       DuplicatedException
 0001:00000500       DuplicateHandle
 0001:0000CEDC       EBase64
 0001:00002410       EConsts
 0001:00004858       ECore
 0001:0000CD34       EEncrypt
 0001:00005800       EHook
 0001:0000F6F0       ElaborateString
 0001:0000DC04       ElaborateURL
 0001:000058CC       ELang
 0001:0001367C       EListView
 0001:0001238C       ELogManager
 0001:00000868       EmptyClipboard
 0002:00000020       EMsgs
 0001:00000870       EnableWindow
 0001:00021474       Encode
 0002:00001AE4       EncodedChars
 0001:0002385C       EncodeURL
 0001:00000878       EndDialog
 0001:00000508       EnterCriticalSection
 0001:00000510       EnumSystemLocales
 0001:00000880       EnumWindows
 0001:00015FE8       EnumWindowsProc
 0002:00002DAC       ErrF
 0001:00021CAC       Error
 0002:0000034C       EShowOptions
 0001:00006E18       ESockets
 0001:0000D808       ETarGZip
 0001:00000F40       ETypes
 0002:0000001C       EurekaLogCurrentVersion
 0002:000025F8       EurekaLogList
 0001:0001A0FC       EurekaLog_PasswordRequestEvent
 0002:000001CC       EVals
 0001:0000ECF4       EWebTools
 0002:000024BC       ExceptionActionNotify
 0002:000026AC       ExceptionAddressText
 0002:00002500       ExceptionCriticalSection
 0002:000024C0       ExceptionErrorNotify
 0001:0002D2EC       ExceptionLog
 0001:0002B504       ExceptionManager
 0002:000026A8       ExceptionModuleText
 0002:000026B4       ExceptionMsgText
 0002:000024B8       ExceptionNotify
 0002:00002538       ExceptionNumber
 0002:00002634       ExceptionsTime
 0002:00002638       ExceptionTime
 0001:00017F48       ExceptionTypeByAddr
 0002:000026B0       ExceptionTypeText
 0001:00029D7C       ExceptNotify
 0001:000249B4       ExceptNotifyAfter1
 0001:00024AA4       ExceptNotifyAfter2
 0001:00024AB8       ExceptNotifyAfter3
 0001:00000518       ExitThread
 0001:0000F29C       EXMLBuilder
 0001:0002E444       Exp2isu
 0001:00000520       ExpandEnvironmentStrings
 0001:00021C78       ExpandPath
 0001:0002D7A8       ExpandYear
 0001:0001A5E8       ExportedFunctions
 0001:000192C0       ExtractList
 0001:0002DB58       ExtractMask
 0001:00018C30       ExtractStr
 0001:000027AC       ExtractStringsEx
 0001:0001C4E4       ExtractThreadByList
 0001:000106CC       ExtractValue
 0001:0000BFF8       EZLib
 0002:000026C0       fActive
 0002:00001B28       fActivePage
 0002:000026C4       fCaptionFont
 0002:000026B8       fDlgBack
 0002:000026CC       fFixedFont1
 0002:000026D0       fFixedFont2
 0001:00000528       FileTimeToDosDateTime
 0001:00000530       FileTimeToLocalFileTime
 0001:00000538       FileTimeToSystemTime
 0001:000199D4       FillAttachedList
 0001:000257D4       FilledInt
 0001:00000888       FillRect
 0001:00000F10       Finalization
 0001:0000CEAC       Finalization
 0001:00000CD0       Finalization
 0001:0001235C       Finalization
 0001:00004820       Finalization
 0001:0002DE90       Finalization
 0001:0000589C       Finalization
 0001:0002D174       Finalization
 0001:000057C8       Finalization
 0001:00000A80       Finalization
 0001:0000ECA4       Finalization
 0001:0002D4D4       Finalization
 0001:0002D544       Finalization
 0001:00000468       Finalization
 0001:0000CD04       Finalization
 0001:00004910       Finalization
 0001:0000BFC8       Finalization
 0001:0001364C       Finalization
 0001:0000F26C       Finalization
 0001:00006DE0       Finalization
 0001:0002E27C       Finalization
 0001:00004870       Finalization
 0001:000023A0       Finalization
 0001:0000D7D8       Finalization
 0001:00000540       FindClose
 0001:00005308       FindCode
 0001:00023678       FindEOFLine
 0001:00025F80       FindException
 0001:00000548       FindFirstFile
 0001:00018FF4       FindFunction
 0001:000164F8       FindModuleType
 0001:00000550       FindResource
 0001:00011FA4       FindSection
 0002:000026E0       FixedFontName1
 0002:000026E4       FixedFontName2
 0002:000026D8       FixedFontSize
 0002:000026D4       fLinkFont
 0002:00002858       fListViewItems
 0001:00000558       FlushInstructionCache
 0002:000026BC       fMemoBack
 0002:0000283C       fMonitor
 0002:00002840       fMonitorInfo
 0001:0002B458       ForceApplicationTermination
 0001:00025D00       FormatComplete
 0002:00002D6C       FourDigitYear
 0001:00000890       FrameRect
 0001:00000560       FreeLibrary
 0001:00021C3C       FreeScreenshot
 0002:000025A4       FreezeThread
 0002:000024A8       FtpOpenFile
 0001:0000E85C       FTPUploadFiles
 0001:00018044       FunctionSize
 0002:000026C8       fVariableFont
 0001:0001EB68       GeneralDialogProc
 0001:0002A1C4       GeneralRaise
 0001:000141FC       GeneralToRTF
 0001:0001786C       GenerateHTML
 0001:0000DD64       GenerateMultipartBoundary
 0001:0000DE94       GenerateRequestBody
 0001:00000568       GetACP
 0001:00024E3C       GetActiveControlClass
 0001:00024E54       GetActiveControlText
 0001:00024D5C       GetActiveFormClass
 0001:00024DA8       GetActiveFormText
 0001:000255B4       GetApplicationName
 0001:00000A64       GetBValue
 0001:0001B698       GetCallStackByAddresses
 0001:00000898       GetClassName
 0001:000134CC       GetColumnAlign
 0001:000134A0       GetColumnCount
 0001:00000570       GetCommandLine
 0001:00024CCC       GetCompilationDate
 0001:00000578       GetComputerName
 0001:000298BC       GetControlClass
 0001:00029914       GetControlText
 0001:000007A8       GetCurrentObject
 0001:00000580       GetCurrentProcess
 0001:00000588       GetCurrentProcessId
 0001:0002B4FC       GetCurrentStackPointer
 0001:00000590       GetCurrentThread
 0001:00000598       GetCurrentThreadId
 0001:00015080       GetCurrentTopOfStack
 0001:000008A0       GetCursor
 0001:000008A8       GetCursorPos
 0001:0002D75C       GetDateOrder
 0001:000008B0       GetDC
 0001:0001B160       GetDebugDetail
 0001:0001909C       GetDebugInfosByAddr
 0001:00018DDC       GetDebugPartialInfo
 0001:000008B8       GetDesktopWindow
 0001:000007B8       GetDeviceCaps
 0001:0001F164       GetDialogState
 0001:000007B0       GetDIBits
 0001:0002536C       GetDiskInfo
 0001:0002595C       GetDisplayMode
 0001:000008C0       GetDlgItem
 0001:00006584       GetDNSList
 0001:00006750       GetDomain
 0001:000068BC       GetDomainName
 0001:00026B90       GetDump
 0001:000268D0       GetEAX
 0001:00026928       GetEBX
 0001:00026980       GetECX
 0001:00026A88       GetEDI
 0001:000269D8       GetEDX
 0001:0001A3D0       GetEF
 0001:00026B38       GetEIP
 0001:00026E0C       GetEmptySection
 0001:000005A0       GetEnvironmentVariable
 0001:00026A30       GetESI
 0001:00026AE0       GetESP
 0001:000250C8       GetExceptionAddress
 0001:000250B0       GetExceptionDate
 0001:000251C0       GetExceptionMessage
 0001:000250FC       GetExceptionModule
 0001:00025150       GetExceptionType
 0001:0001B74C       GetExceptMessage
 0001:000005A8       GetExitCodeProcess
 0001:000005B0       GetFileAttributes
 0001:0000DE28       GetFileContents
 0001:00016A24       GetFileSize
 0001:0000E820       GetFileSize
 0001:00000728       GetFileVersionInfo
 0001:00000730       GetFileVersionInfoSize
 0001:000008C8       GetFocus
 0001:000008D0       GetForegroundWindow
 0001:0002545C       GetFreeDisk
 0001:000252DC       GetFreeMemory
 0001:000029D8       GetGMT
 0001:00000A60       GetGValue
 0001:0001B250       GetHInstance
 0001:000048E0       gethostbyname
 0001:000048E8       gethostname
 0001:0000E160       GetHTTPResponse
 0001:000008D8       GetIconInfo
 0001:0001243C       GetItemRect
 0001:0001DE2C       GetItemText
 0001:0002507C       GetLanguageString
 0001:000008E0       GetLastActivePopup
 0001:000005B8       GetLastError
 0001:00024F50       GetLocaleDataA
 0001:00024F10       GetLocaleDataW
 0001:000005C8       GetLocaleInfo
 0001:000005D0       GetLocaleInfoA
 0001:000005D8       GetLocaleInfoW
 0001:000005C0       GetLocalTime
 0001:00016020       GetMainWindow
 0001:000007C0       GetMapMode
 0001:0000C92C       GetMD5Key
 0001:0000254C       GetModifiedDate
 0001:0001677C       GetModuleDescriptionAndVersion
 0001:000005E0       GetModuleFileName
 0001:00000360       GetModuleHandle
 0001:000005E8       GetModuleHandle
 0001:000166BC       GetModulePath
 0001:00016D54       GetModulesList
 0001:00016BC4       GetModulesWin9X
 0001:00016A60       GetModulesWinNT
 0001:00006ABC       GetMXBestRecord
 0001:00006A1C       GetMXRecord
 0001:00006BAC       GetMXServerFromEmail
 0001:000259FC       GetNetworkData
 0001:000007C8       GetObject
 0001:00024EC8       GetOSBuild
 0001:000250A4       GetOSLanguage
 0001:000152D4       GetOSType
 0001:00024EFC       GetOSUpdate
 0001:00024C28       GetParameters
 0001:000007D0       GetPixel
 0001:000005F0       GetPrivateProfileString
 0001:000005F8       GetProcAddress
 0001:00025630       GetProcessor
 0001:00014F64       GetReadableSize
 0001:000193E4       GetRealFileName
 0001:000180F8       GetResourceData
 0001:00000A5C       GetRValue
 0001:000183CC       GetSourceInfoByAddr
 0001:00026D7C       GetStack
 0001:0002559C       GetStartDate
 0001:00000600       GetStartupInfo
 0001:00018AE0       GetSymbolAddr
 0001:000008E8       GetSysColor
 0001:00000608       GetSystemDefaultLangID
 0001:000008F0       GetSystemMetrics
 0001:000007D8       GetSystemPaletteEntries
 0001:00000610       GetSystemTime
 0001:00025824       GetSystemUpTime
 0001:00000618       GetTempPath
 0001:000007E0       GetTextExtentPoint32
 0001:00000620       GetThreadContext
 0001:0001C57C       GetThreadData
 0001:0002A0A4       GetThreadParams
 0001:00000628       GetThreadPriority
 0001:00000630       GetTickCount
 0001:0000038C       GetTlsSize
 0001:000254FC       GetTotalDisk
 0001:0002524C       GetTotalMemory
 0001:0000D538       GetUnixGMTFileTime
 0001:000004B0       GetUserName
 0001:00024E6C       GetVersionNumber
 0001:00004C70       GetVirtualMethod
 0001:000008F8       GetWindowDC
 0001:00000900       GetWindowLong
 0001:00000908       GetWindowPlacement
 0001:00000910       GetWindowRect
 0001:00000918       GetWindowText
 0001:00000920       GetWindowThreadProcessId
 0001:00000638       GlobalAlloc
 0001:00000640       GlobalFree
 0001:00000648       GlobalLock
 0001:00000650       GlobalMemoryStatus
 0002:000028F4       GlobalSendValues
 0001:00000658       GlobalUnlock
 0002:00002690       Global_AttachedFiles
 0002:00002664       Global_CriticalSection
 0002:0000267C       Global_CurrentEvent
 0002:00002688       Global_CustomData
 0002:00002648       Global_ExceptionRecord
 0002:00002644       Global_Execute
 0002:00002694       Global_FieldsName
 0002:00002698       Global_FieldsValue
 0002:00002645       Global_Handled
 0002:0000268C       Global_HModule
 0002:0000269C       Global_IntraWebText
 0002:00002684       Global_LastInitPassword
 0002:00002680       Global_Password
 0002:00002646       Global_Retry
 0002:000026A0       Global_WebTextID
 0001:0002A11C       GoNotify
 0001:0002C084       HandleAnyExceptionAddr
 0002:0000253C       HandleAnyExceptionAddr_Variable
 0001:0002C128       HandleAutoExceptionAddr
 0002:00002544       HandleAutoExceptionAddr_Variable
 0001:00012F28       HandleBackgroundState
 0001:0002C0D0       HandleOnExceptionAddr
 0002:00002540       HandleOnExceptionAddr_Variable
 0002:00002004       HInstance
 0001:00000A2C       HiWord
 0001:0001A2F0       HookBPLProcedure
 0001:000053CC       HookDllProcedure
 0001:0002A908       HookedCreateThread
 0001:0002A3DC       HookedExceptionObject
 0001:0002A56C       HookedExceptProc
 0001:0002ACFC       HookedExitThread
 0001:0002AD9C       HookedHttpExtensionProc
 0002:00002040       HookedMethodsList
 0001:0002A360       HookedRaise
 0001:0002AB38       HookedResumeThread
 0001:0002A6CC       HookedRTLThreadProc
 0001:0002A4B4       HookedRtlUnwind
 0001:0002A5B4       HookedThreadExecute
 0001:0002A7E8       HookedThreadProc
 0001:0002AD68       HookedWriteClientProc
 0001:0002A4DC       HookedWriteFile
 0001:0002B650       Hooked_CGIHandleServerException
 0001:0002B810       Hooked_CLXHandleException
 0001:0002B878       Hooked_CLXShowException
 0001:0002BBE8       Hooked_IndyThreadHandleException
 0001:0002B900       Hooked_IntraWebHandleException
 0001:0002B9FC       Hooked_IntraWebSendResponse
 0001:0002B6B8       Hooked_ISAPIHandleServerException
 0001:0002BB28       Hooked_NTServiceLogMessage
 0001:0002B720       Hooked_VCLHandleException
 0001:0002B788       Hooked_VCLShowException
 0001:00005350       HookFunction
 0001:0002C7A8       HookingModuleName
 0001:0002C7CC       HookingRTLModuleName
 0001:0002C1A4       HookLastFInit
 0001:0002C188       HookLastInit
 0001:0000500C       HookProcedureEx
 0001:0001A24C       HookSymbolProcedure
 0001:00004CE0       HookVirtualMethod
 0001:0002C1B4       Hook_InitializationAndFinalization
 0001:0002C34C       Hook_OnExceptionEvents
 0001:000227F8       HostName
 0001:000048B8       htons
 0002:00002488       HttpAddRequestHeaders
 0002:00002498       HttpEndRequest
 0002:00002484       HttpOpenRequest
 0002:0000249C       HttpQueryInfo
 0002:0000248C       HttpSendRequest
 0002:00002490       HttpSendRequestEx
 0001:0000E294       HTTPUploadFiles
 0002:00002FB0       i1
 0002:00001B84       IDATHeader
 0001:0002142C       IDATWrite
 0001:00013DDC       ifelseStr
 0001:00013E54       ifStr
 0001:000126F4       ImageList_Add
 0001:000126EC       ImageList_Create
 0001:000126FC       ImageList_Destroy
 0002:00002618       InactiveThreads
 0001:00004544       IncludeLastBackslash
 0002:0000256C       IndyThread_HandleException
 0001:00008B08       inflate
 0001:000099A8       inflateEnd
 0001:00006F5C       InflateInit
 0001:000089D4       inflateInit_
 0001:000088A8       inflateReset
 0001:00004810       Init
 0001:0002C7D8       Init
 0001:000056F4       Init
 0001:00006DD0       Init
 0001:0002BE58       InitCheckFreeze
 0001:00021330       InitDeflate
 0001:00000660       InitializeCriticalSection
 0002:00001B20       Initialized
 0001:00000418       InitializeModule
 0001:0000CB94       InitKey
 0001:0000D828       InitLib
 0001:00021550       InitScreenshot
 0001:00000394       InitThreadTLS
 0001:0001C93C       InsertColumn
 0001:0002C7C0       InstanceModuleName
 0001:00005A40       InternalCleanup
 0001:0001575C       InternalCriticalError
 0002:000025F0       InternalErrorCode
 0002:000025F4       InternalErrorMsg
 0001:00028A00       InternalExceptNotify
 0001:00016F90       InternalGetFileSize
 0001:00004F9C       InternalHookProc
 0002:00002028       InternalIntoIDE
 0001:00021CB8       InternalSendMail
 0001:00005A20       InternalStartup
 0001:0002DD88       InternalStrToDate
 0001:00004FBC       InternalUnhookProc
 0002:000024A0       InternetCloseHandle
 0002:00002480       InternetConnect
 0002:0000247C       InternetOpen
 0002:000024A4       InternetSetOption
 0002:00002494       InternetWriteFile
 0002:00002589       IntoFinalization
 0001:00002A18       IntoIDE
 0002:00002588       IntoInitialization
 0002:00002590       IntraWebApplication
 0002:00002594       IntraWebServerController
 0001:0002C26C       IntraWeb_BPL
 0002:00002554       IntraWeb_HandleException
 0002:0000255C       IntraWeb_SendResponse
 0002:00002558       IntraWeb_ShowMessage
 0001:00000928       InvalidateRect
 0001:00000930       InvalidateRgn
 0001:000048C0       ioctlsocket
 0001:000151E8       IsAParent
 0001:000150E0       IsAParentClassStr
 0001:00015258       IsAParents
 0001:000151C0       IsAParentStr
 0002:00002574       ISAPIHandleException
 0002:000024F0       ISAPI_HttpExtensionProc
 0002:000024F8       ISAPI_Proc
 0002:00001B14       ISAPI_SendError
 0002:000024F4       ISAPI_WriteClientProc
 0001:00019C44       IsAttachedFilesRequestAssigned
 0001:00000668       IsBadReadPtr
 0001:0002893C       IsBorlandThread
 0001:00016F5C       IsCGI
 0001:00017EE0       IsCompiledWithPackages
 0001:00016040       IsCurrentProcessWindow
 0001:00019BF4       IsCustomDataRequestAssigned
 0001:00019C94       IsCustomFieldsRequestAssigned
 0001:00015004       IsDebugged
 0001:00019128       IsDelphiException
 0002:000028E8       IsDialogShowed
 0001:0002B4F4       IsEurekaLogActive
 0001:0002B49C       IsEurekaLogActiveInThread
 0001:0002B37C       IsEurekaLogInstalled
 0001:0001AA34       IsEurekaLogModule
 0001:0001A99C       IsEurekaLogModule_New
 0001:0001A888       IsEurekaLogModule_Old
 0001:00019B1C       IsExceptionActionNotifyAssigned
 0001:00019B60       IsExceptionErrorNotifyAssigned
 0001:0001A3E0       IsExceptionHandled
 0001:00019AD8       IsExceptionNotifyAssigned
 0001:000171B8       IsGUI
 0001:00029CBC       IsHandledSafeCallException
 0001:0002B97C       IsHTMLPage
 0001:00000938       IsIconic
 0001:00017180       IsIntraWeb
 0001:00017144       IsISAPI
 0001:0002D57C       IsLeapYear
 0001:00017E80       IsLocalStorageProc
 0001:0002892C       IsMainThread
 0001:00015F9C       IsMainWindow
 0001:000152AC       IsManageableObject
 0001:00016418       IsModuleLibrary
 0001:0001BF68       ISODateTime
 0001:00019BA4       IsPasswordRequestAssigned
 0001:0000DA90       IsRealFile
 0001:00017ED4       IsRTLCompiledWithStackFrames
 0001:00017EA0       IsStackFramesProc
 0001:00004ED4       IsValidBlockAddr
 0001:00014FEC       IsValidBlockAddr
 0001:0000532C       IsValidBlockAddr
 0001:0002D5E0       IsValidDate
 0001:000064F8       IsValidDNS
 0001:000162EC       IsValidModule
 0001:00015088       IsValidObject
 0001:0001718C       IsWeb
 0001:00016FE8       IsWinCGI
 0001:00000940       IsWindow
 0001:00028958       IsWindowsThread
 0001:00000948       IsWindowVisible
 0001:00017F94       Is_HandleOnException_Handled
 0002:00002FB4       jjj
 0002:00002F78       jjj_s
 0002:000024E0       Kernel_CreateThread
 0002:000024E8       Kernel_ExitThread
 0002:000024D8       Kernel_RaiseException
 0002:000024E4       Kernel_ResumeThread
 0002:000024DC       Kernel_RtlUnwind
 0002:000024EC       Kernel_WriteFile
 0002:0000205C       KeyData
 0001:00016140       KillApplication
 0001:00000950       KillTimer
 0002:00002534       LanguageStr
 0002:000025C0       LastDelphiException
 0002:00002020       LastEurekaVersion
 0002:000025B0       LastExceptAddr
 0002:000025D0       LastExceptionLog
 0002:000025CC       LastExceptionRecord
 0002:000025C4       LastExceptMessage
 0002:000025BC       LastExceptObject
 0002:000025B8       LastExceptThreadID
 0002:00002550       LastFinalizationPtr
 0002:00002580       LastHTMLPage
 0002:0000254C       LastInitializationPtr
 0002:00002584       LastInitPointer
 0002:000025D4       LastLog
 0001:00000670       LeaveCriticalSection
 0002:00002894       LeftButton
 0002:0000288C       ListHeight
 0002:00002888       ListWidth
 0002:00002FD0       llll
 0001:00013F90       Load
 0001:00000958       LoadBitmap
 0001:00000960       LoadCursor
 0001:0001AB9C       LoadData
 0001:0001AA58       LoadData_Old
 0001:0001AF50       LoadDebugInformation
 0001:00000678       LoadLibrary
 0001:00000680       LoadLibraryEx
 0001:00000688       LoadResource
 0001:0001993C       LoadTextFile
 0001:00000368       LocalAlloc
 0001:00024F94       LocalesCallback
 0001:00000690       LockResource
 0001:00023808       LogFileMessage
 0001:00016DFC       LogicToPhysicAddr
 0001:0000C000       LRot32
 0001:0001DD44       MailSlotSend
 0002:000028E4       MainDialog
 0002:000025A8       MainThreadHandle
 0002:000025AC       MainThreadTopOfStack
 0001:0000CFCC       MakeCRC32
 0001:00000A20       MakeLong
 0001:0002D50C       MakeStr
 0001:0000CF70       make_crc_table
 0001:00000698       MapViewOfFile
 0001:0001A550       MaxReadableSize
 0001:00000968       MessageBeep
 0001:00000970       MessageBox
 0001:00000D00       Messages
 0002:00000004       Module
 0001:0001D3A8       ModuleBmp
 0001:00004FDC       ModuleFileName
 0001:00016254       ModuleFileName
 0001:000163FC       ModuleInfoByAddr
 0001:00016338       ModuleInfoByHandle
 0002:00002624       ModuleInfoData
 0002:00002620       ModuleInfoHandle
 0001:00016DE4       ModuleInitTable
 0002:00002000       ModuleIsLib
 0001:0001D4A0       ModuleSize
 0002:00001B18       ModulesList
 0001:0001D618       ModulesListDialogProc
 0001:0001D54C       ModuleVer
 0001:0002DAA4       MonthFromName
 0002:00001B30       Months
 0001:000006A0       MoveFile
 0001:00000978       MoveWindow
 0001:000006A8       MulDiv
 0001:000289A8       MustPauseThisThread
 0001:00028820       MustSendMessage
 0002:00002478       NetLib
 0001:00021128       NewDialogProc
 0001:0001F5C4       NewDialogProc
 0001:0001BFA4       NewDialogProc
 0001:0001B1E0       NextItem
 0002:000003D0       NoChars
 0002:000026E8       NonClientMetrics
 0001:00011F24       NormalizePos
 0002:0000261D       NotLoadDebugInfo
 0002:00002568       NTService_LogMessage
 0002:00001B8C       NullDate
 0001:0000D23C       Octal
 0001:0000D284       OctalN
 0001:00000980       OffsetRect
 0002:00002528       OldExceptObjProc
 0002:00002518       OldExceptProc
 0001:00013ED4       OneString
 0002:000025A0       OnlySafeCallExceptions
 0001:00000988       OpenClipboard
 0002:00001B24       Opened_LogFile_Name
 0001:0001913C       OpenLogFile
 0001:000006B0       OpenProcess
 0001:0000E1E8       OpenRequest
 0002:00002874       OriginalHeight
 0002:0000258C       OriginalThreadProc
 0002:00002870       OriginalWidth
 0001:000006B8       OutputDebugString
 0002:00001AA8       p
 0001:0002E1DC       PADL
 0002:000024C4       PasswordRequest
 0001:00000990       PeekMessage
 0002:00002D58       PNG_Bitmap
 0002:00002910       PNG_ColoursCount
 0002:0000293C       PNG_CRCList
 0002:00001B2C       PNG_CRCListed
 0002:00002D4C       PNG_Cursor
 0002:00002920       PNG_Data
 0002:00002918       PNG_DataSize
 0002:00002D54       PNG_DCCompatible
 0002:00002D50       PNG_DCScreen
 0002:00002938       PNG_Encode_Data
 0002:00002934       PNG_Encode_Filter
 0002:00002D48       PNG_FocusWnd
 0002:00002924       PNG_HeaderData
 0002:00002D60       PNG_Height
 0002:00002D44       PNG_HWindow
 0002:0000291C       PNG_ImgData
 0002:00002D3C       PNG_pal
 0002:00002914       PNG_RowBytes
 0002:00002D40       PNG_UsePal
 0002:00002D5C       PNG_Width
 0001:000025F0       PosEx
 0002:00002038       ProcedureList
 0001:00029C04       ProcessMessages
 0002:00001ABC       ProxyPassword
 0002:00001AC0       ProxyServer
 0002:00001AB8       ProxyUserName
 0001:00000998       PtInRect
 0001:0001B274       PurgeCallStack
 0001:00028864       PurgeModulesList
 0001:00024B24       PurgeString
 0002:00002D80       qForCSV
 0002:00002D78       qInsert
 0002:00002D7C       qSh30DBF
 0001:00002688       QuickStringReplace
 0002:00002D74       qUpdate
 0002:000025B4       RaisedExceptAddr
 0001:0001A5B8       ReadAddr
 0001:0001828C       ReadEncodeString
 0001:000028CC       ReadKey
 0001:0001C9F0       ReadState
 0001:00016E08       ReadString
 0001:000034EC       ReadString
 0001:0002C064       RealAddr
 0002:00002884       RealHeight
 0002:00002878       RealLeft
 0001:00019644       RealTmpLastHTMLPage
 0002:0000287C       RealTop
 0002:00002880       RealWidth
 0001:000048C8       recv
 0001:000004B8       RegCloseKey
 0001:000004C0       RegOpenKeyEx
 0001:000004C8       RegQueryValueEx
 0001:000052F0       ReHook_ProcedureByCaller
 0001:000009A0       ReleaseDC
 0001:0001BF00       ResetAutoCloseTimer
 0001:00022854       ResetCounting
 0001:00029BD4       ResetGlobalVars
 0001:000006C0       ResumeThread
 0001:000155CC       RFCDate
 0001:00000A40       RGB
 0001:0001A22C       RoundMatch
 0001:0001A244       RoundMatchPtr
 0002:0000285C       rSupport
 0001:00013FDC       RTF_LoadFromStream
 0001:00014008       RTF_LoadFromText
 0001:0002D574       rxStrUtils
 0001:0002E0EC       SafeCopyFile
 0002:0000290C       SavedLastHTMLPage
 0001:000194B0       SavedScreenshot
 0001:00025DFC       SaveLogFile
 0001:0001CC78       SaveState
 0001:0002D638       ScanBlanks
 0001:0002D6E8       ScanChar
 0001:0002D7E8       ScanDate
 0001:0002DCD0       ScanDateStr
 0001:0002D65C       ScanNumber
 0001:0002D720       ScanToNumber
 0001:000009A8       ScreenToClient
 0001:0000F864       SearchItem
 0001:0000DB50       SearchPort
 0001:0000DAC4       SearchWord
 0001:000007E8       SelectObject
 0001:000007F0       SelectPalette
 0001:000048D0       send
 0001:00023F28       SendEmailMessage
 0001:00024978       SendInternetMessage
 0001:000009B0       SendMessage
 0001:000009B8       SendMessageTimeout
 0001:0002452C       SendWebMessage
 0002:000024FC       ServerECB
 0001:0001BEBC       SetAutoCloseTimer
 0001:0001BF40       SetAutoTopMost
 0001:000007F8       SetBkColor
 0001:00000800       SetBkMode
 0001:000009C0       SetClipboardData
 0001:00016058       SetClipboardText
 0001:00022830       SetCounting
 0001:000009C8       SetCursor
 0001:0002C78C       SetDebugHook
 0001:0001C9B8       SetDialogRect
 0001:0001CE10       SetDialogState
 0001:000240FC       SetError
 0001:00015EA0       SetErrorType
 0001:000009D0       SetFocus
 0001:000009D8       SetForegroundWindow
 0001:00029D14       SetHandledWithEurekaLog
 0001:0001BDC4       SetInitDialog
 0001:00015D50       SetInternalError
 0001:0002A350       SetLastECX
 0001:000006C8       SetLastError
 0001:0001B744       SetLastException
 0001:0001B730       SetLastExceptionData
 0001:0002A340       SetLastStackPointer
 0001:0002C074       SetMainThreadTopOfStack
 0001:00000808       SetMapMode
 0001:0001B778       SetRectangles
 0001:0001F404       SetRectangles
 0001:000140BC       SetRTFBackColor
 0001:000227B4       SetSendDialogBar
 0001:000226A0       SetSendDialogLabel
 0001:00022788       SetSendDialogSingleLabel
 0001:00000810       SetTextColor
 0001:000009E0       SetTimer
 0001:00004C80       SetVirtualMethod
 0001:000009E8       SetWindowLong
 0001:000009F0       SetWindowPlacement
 0001:000009F8       SetWindowPos
 0001:000048A0       ShellAPI
 0001:00004868       ShellExecute
 0001:00023940       ShellSendMail
 0001:00020F1C       ShowDialog
 0001:0001C38C       ShowRequestDialog
 0001:000210A8       ShowSendDialog
 0001:00021254       ShowSendDialogThread
 0001:000288BC       ShowType
 0001:00000A00       ShowWindow
 0001:000006D0       SizeofResource
 0001:000006D8       Sleep
 0001:00023848       SMTPSend
 0001:00023348       SMTPSendEmail
 0001:00022BE8       SMTPSendSingleEmail
 0001:000048D8       socket
 0002:00002D94       SrcFromTable
 0002:00002DA4       SrcToConn
 0002:000025E0       StartDir
 0002:00002520       StartingDate
 0002:00002F80       StrDT
 0001:0000D1CC       StreamLoadFromFile
 0002:00002F7C       StrF
 0001:00003440       StrToBin
 0001:0002DE0C       StrToDateFmt
 0001:0002E024       StrToInteger
 0001:0002DF34       StrToReal
 0001:00006734       StrToWord
 0002:0000286C       SupportLinkActive
 0001:000006E0       SuspendThread
 0001:0000C03C       SwapDWord
 0001:0001A18C       SynchronizeEvent
 0002:000025E4       SynchronizeExcept
 0002:000025E8       SynchronizeRaise
 0001:00000498       SysInit
 0001:00000A08       SystemParametersInfo
 0001:0000CAE4       TEA_Decrypt
 0001:0000CA34       TEA_Encrypt
 0001:00013EA8       TempPath
 0002:00002548       TerminateApplication
 0001:000006E8       TerminateProcess
 0001:000006F0       TerminateThread
 0001:00006308       TEurekaClientSMTP.GetText
 0001:000062C4       TEurekaClientSMTP.Open
 0001:000063E4       TEurekaClientSMTP.SendCommand
 0001:00005C50       TEurekaClientSocket.Close
 0001:00005B8C       TEurekaClientSocket.Create
 0001:00005C1C       TEurekaClientSocket.Destroy
 0001:00005AB0       TEurekaClientSocket.Error
 0001:00006238       TEurekaClientSocket.GetFullText
 0001:00005A4C       TEurekaClientSocket.LookupName
 0001:00005D10       TEurekaClientSocket.Open
 0001:00006078       TEurekaClientSocket.ReceiveBuf
 0001:00006270       TEurekaClientSocket.ReceiveFullText
 0001:00006160       TEurekaClientSocket.ReceiveText
 0001:00005EF8       TEurekaClientSocket.SendBuf
 0001:00005FC0       TEurekaClientSocket.SendText
 0001:0002B268       TEurekaFunctionsList.Clear
 0001:0002B28C       TEurekaFunctionsList.Delete
 0001:0002B2C8       TEurekaFunctionsList.Destroy
 0001:0002B2F4       TEurekaFunctionsList.GetItem
 0001:00013DC8       TEurekaLogList.GetItem
 0001:00002C04       TEurekaModuleOptions.Assign
 0001:00003DAC       TEurekaModuleOptions.Changed
 0001:00002B04       TEurekaModuleOptions.Create
 0001:00002BCC       TEurekaModuleOptions.Destroy
 0001:00003DB8       TEurekaModuleOptions.DisableSharedDataWrite
 0001:00003DBC       TEurekaModuleOptions.EnableSharedDataWrite
 0001:00002F04       TEurekaModuleOptions.GetCustomizedTexts
 0001:00003564       TEurekaModuleOptions.LoadFromStream
 0001:000045F4       TEurekaModuleOptions.OutputFile
 0001:00004750       TEurekaModuleOptions.OutputLogFile
 0001:00003DC0       TEurekaModuleOptions.SaveToSharedData
 0001:00003024       TEurekaModuleOptions.SaveToStream
 0001:00004230       TEurekaModuleOptions.SetActivateHandle
 0001:0000423C       TEurekaModuleOptions.SetActivateLog
 0001:000041E0       TEurekaModuleOptions.SetActive
 0001:00004248       TEurekaModuleOptions.SetAppendLogs
 0001:00004478       TEurekaModuleOptions.SetAttachedFiles
 0001:000044AC       TEurekaModuleOptions.SetAutoCloseDialogSecs
 0001:000044B8       TEurekaModuleOptions.SetAutoCrashMinutes
 0001:000044C4       TEurekaModuleOptions.SetAutoCrashNumber
 0001:000044D0       TEurekaModuleOptions.SetAutoCrashOperation
 0001:0000451C       TEurekaModuleOptions.SetBehaviourOptions
 0001:00004530       TEurekaModuleOptions.SetCallStackOptions
 0001:00004460       TEurekaModuleOptions.SetCommonSendOptions
 0001:00004254       TEurekaModuleOptions.SetEMailAddresses
 0001:00004274       TEurekaModuleOptions.SetEMailMessage
 0001:00004294       TEurekaModuleOptions.SetEMailSendMode
 0001:000042A0       TEurekaModuleOptions.SetEMailSubject
 0001:000041F8       TEurekaModuleOptions.SetErrorsNumberToSave
 0001:000042C0       TEurekaModuleOptions.SetErrorsNumberToShowTerminateBtn
 0001:00004498       TEurekaModuleOptions.SetExceptionDialogOptions
 0001:000042CC       TEurekaModuleOptions.SetForegroundTab
 0001:000041EC       TEurekaModuleOptions.SetFreezeActivate
 0001:000042D8       TEurekaModuleOptions.SetFreezeMessage
 0001:000042F4       TEurekaModuleOptions.SetFreezeTimeout
 0001:000044DC       TEurekaModuleOptions.SetHTMLLayout
 0001:00004300       TEurekaModuleOptions.SetLogOptions
 0001:00004214       TEurekaModuleOptions.SetModuleName
 0001:00004314       TEurekaModuleOptions.SetOutputPath
 0001:00004334       TEurekaModuleOptions.SetSaveLogFile
 0001:00004340       TEurekaModuleOptions.SetShowOptions
 0001:00004354       TEurekaModuleOptions.SetShowTerminateBtn
 0001:00004360       TEurekaModuleOptions.SetSMTPFrom
 0001:0000437C       TEurekaModuleOptions.SetSMTPHost
 0001:00004398       TEurekaModuleOptions.SetSMTPPassword
 0001:000043B4       TEurekaModuleOptions.SetSMTPPort
 0001:000043C0       TEurekaModuleOptions.SetSMTPUserID
 0001:000044FC       TEurekaModuleOptions.SetSupportURL
 0001:000043DC       TEurekaModuleOptions.SetTerminateBtnOperation
 0001:00003DF0       TEurekaModuleOptions.SetToDefaultOptions
 0001:00004414       TEurekaModuleOptions.SetWebPassword
 0001:00004434       TEurekaModuleOptions.SetWebPort
 0001:000043E8       TEurekaModuleOptions.SetWebSendMode
 0001:000043F4       TEurekaModuleOptions.SetWebURL
 0001:00004440       TEurekaModuleOptions.SetWebUserID
 0001:00003DB4       TEurekaModuleOptions.StoreSharedData
 0001:0002BF08       TEurekaModuleOptionsEx.SetActive
 0001:0002BF50       TEurekaModuleOptionsEx.SetFreezeActivate
 0001:0002BF98       TEurekaModuleOptionsEx.StoreSharedData
 0001:0002AE80       TEurekaModulesList.Clear
 0001:0002AEA4       TEurekaModulesList.Delete
 0001:0002AF04       TEurekaModulesList.Destroy
 0001:0002AF30       TEurekaModulesList.GetItem
 0001:0002ADD8       TEurekaStackList.Clear
 0001:0002ADFC       TEurekaStackList.Delete
 0001:0002AE38       TEurekaStackList.Destroy
 0001:0002AE64       TEurekaStackList.GetItem
 0001:0002B1FC       TEurekaThreadsList.BeginRead
 0001:0002B214       TEurekaThreadsList.BeginWrite
 0001:0002B06C       TEurekaThreadsList.Clear
 0001:0002AF4C       TEurekaThreadsList.Create
 0001:0002B090       TEurekaThreadsList.Delete
 0001:0002B030       TEurekaThreadsList.Destroy
 0001:0002B208       TEurekaThreadsList.EndRead
 0001:0002B220       TEurekaThreadsList.EndWrite
 0001:0002B13C       TEurekaThreadsList.FindByThreadHandle
 0001:0002B1AC       TEurekaThreadsList.FindByThreadID
 0001:0002B174       TEurekaThreadsList.FindByThreadObject
 0001:0002B1E0       TEurekaThreadsList.GetItem
 0001:0002B22C       TEurekaThreadsList.NewItem
 0001:0002B0E0       TEurekaThreadsList.RemoveCurrentThread
 0001:00029A30       TExceptionThread.Create
 0001:00029B64       TExceptionThread.Execute
 0001:00000818       TextOut
 0001:00014D6C       TextToHtml
 0001:000140E4       TextToRTF
 0002:00002890       TextWidth
 0001:0002BC4C       TFreezeThread.Create
 0001:0002BC84       TFreezeThread.Execute
 0001:000161A0       THModuleStream.Create
 0001:000161E8       THModuleStream.Destroy
 0001:00016218       THModuleStream.SecureRead
 0001:00004B1C       THookedMethodsList.Create
 0001:00004B90       THookedMethodsList.Delete
 0001:00004BC8       THookedMethodsList.Destroy
 0001:00004B5C       THookedMethodsList.GetItem
 0001:00004B78       THookedMethodsList.Lock
 0001:00004B84       THookedMethodsList.Unlock
 0002:00002600       ThreadsCriticalSection
 0002:0000251C       ThreadsList
 0002:000025EC       ThreadWrapperAddr
 0001:00012958       TListViewItems.AddRow
 0001:00012EB0       TListViewItems.Clear
 0001:00012CE8       TListViewItems.ClickOnItem
 0001:00012704       TListViewItems.Create
 0001:00012E5C       TListViewItems.Delete
 0001:00012C78       TListViewItems.DeleteItem
 0001:000128C0       TListViewItems.Destroy
 0001:00013478       TListViewItems.DrawList
 0001:00012ED4       TListViewItems.GetItem
 0001:00012EF0       TListViewItems.GetItemParam
 0001:00013528       TListViewItems.InitializeData
 0001:00012B48       TListViewItems.InsertItem
 0001:00012C8C       TListViewItems.RedrawItems
 0001:00013638       TListViewItems.SetRedrawState
 0001:0000F664       TLogFile.Append
 0001:0000F374       TLogFile.Create
 0001:0000F40C       TLogFile.Destroy
 0001:0000F964       TLogFile.FindItem
 0001:0000FA80       TLogFile.FindItemValue
 0001:0000FCA4       TLogFile.GetCount
 0001:0000FDFC       TLogFile.GetItem_CallStack
 0001:00010704       TLogFile.GetItem_CallStackXML
 0001:0000FF9C       TLogFile.GetItem_CPU
 0001:000110D0       TLogFile.GetItem_CPUXML
 0001:0000FD58       TLogFile.GetItem_Generals
 0001:00010314       TLogFile.GetItem_GeneralsXML
 0001:0000FE94       TLogFile.GetItem_Modules
 0001:00010D8C       TLogFile.GetItem_ModulesXML
 0001:0001004C       TLogFile.GetItem_Reproduce
 0001:0001167C       TLogFile.GetItem_ReproduceXML
 0001:00011784       TLogFile.GetItem_XML
 0001:00011A8C       TLogFile.GetLogVersion
 0001:0000FCB0       TLogFile.GetText
 0001:00011928       TLogFile.GetXML
 0001:0000F504       TLogFile.LoadFromStream
 0001:0000F43C       TLogFile.ParseBuffer
 0001:0000FA30       TLogFile.Save
 0001:0000F600       TLogFile.SaveToStream
 0001:00011B60       TLogFile.SaveXMLCopy
 0001:0000FCC4       TLogFile.SectionIndex
 0001:00011C4C       TLogItem.AddHeader
 0001:00011CC4       TLogItem.AddItem
 0001:00011C34       TLogItem.Clear
 0001:00011BFC       TLogItem.Create
 0001:00012190       TLogItem.GetString
 0002:0000200C       tlsBuffer
 0001:00000370       TlsGetValue
 0002:00000000       TlsIndex
 0002:FFBCE0DA       TlsLast
 0001:00000378       TlsSetValue
 0001:00023D18       TmpCompressedFileName
 0001:000196C8       TmpLastHTMLPage
 0001:00019550       TmpLogFileName
 0001:00019530       TmpScreenshot
 0001:000195D8       TmpTGZFileName
 0001:000196E8       TmpXMLLogCopy
 0002:00002898       TopButton
 0001:0001BF08       TopMostTimerProc
 0001:00005810       TranslateCharsetInfo
 0001:00000A10       TranslateMessage
 0001:000055A8       TryHookDllProcedureEx
 0001:0002B334       TSafeObject.GetSafeCall
 0001:000235AC       TSendDialogThread.Execute
 0001:000235B4       TSendDialogThread.OnSent
 0001:00024AD4       TSendThread.Execute
 0001:0000D5E0       TTGZWriter.AddFile
 0001:0000D6C8       TTGZWriter.AddStream
 0001:0000D488       TTGZWriter.Create
 0001:0000D4D4       TTGZWriter.Destroy
 0001:0000EE7C       TXMLItem.AddField
 0001:0000EF10       TXMLItem.AddItem
 0001:0000F11C       TXMLItem.AppendXMLText
 0001:0000EF20       TXMLItem.Create
 0001:0000EFC8       TXMLItem.Destroy
 0001:0000EFF8       TXMLItem.EncodedString
 0001:0000F250       TXMLItem.GetXMLText
 0001:0000EDEC       TXMLItems.AddItem
 0001:0000EE18       TXMLItems.Destroy
 0001:0000EE68       TXMLItems.GetItem
 0002:00001B04       UnAttachableThreads
 0001:00004E10       UnhookVirtualMethod
 0001:000052B4       Unhook_Procedure
 0001:000006F8       UnmapViewOfFile
 0001:0001BEE8       UnsetAutoCloseTimer
 0001:0001BF58       UnsetAutoTopMost
 0001:00024408       UploadFTPFiles
 0001:00024270       UploadHTTPFiles
 0001:00005818       UserCharSet
 0001:00024BEC       UserName
 0002:00002630       UseTopMost
 0002:00001AC4       ValidDomainChars
 0002:00002FAC       vCardID
 0002:00002FC0       vCardNum
 0002:00002560       VCLHandleException
 0002:00002564       VCLShowException
 0002:00002FC8       vDate
 0001:00000738       VerQueryValue
 0002:00002FD8       ves
 0002:00002FA0       vFIO
 0002:00002F8C       vID
 0001:00000700       VirtualProtect
 0001:00000708       VirtualQuery
 0002:00002F84       vNN
 0002:00002F9C       vNumOtgr
 0002:00002FBC       vNumSec
 0002:00002FA4       vProd
 0002:00002F94       vRowID
 0002:00002FC4       vStatus
 0002:00002FA8       vTime
 0002:00002FB8       vVzlSert
 0002:00002FE8       vzliv
 0001:00000A18       WaitForInputIdle
 0001:00000710       WaitForSingleObject
 0001:000235C8       WebCallBackProc
 0001:00000AB0       Windows
 0002:0000289C       WindowState
 0001:00004940       WinSock
 0001:00000718       WriteFile
 0001:000171D4       WriteHTMLToWeb
 0001:00021388       WriteIDAT
 0001:00004F5C       WriteMem
 0001:00000720       WritePrivateProfileString
 0001:00002F20       WriteString
 0001:00016EC8       WriteString
 0001:0000D2A0       WriteTarHeader
 0001:00017A58       WriteTextToIntraWeb
 0001:00028680       WriteToWeb
 0001:000048F0       WSAAsyncSelect
 0001:00004908       WSACleanup
 0001:000048F8       WSAGetLastError
 0001:00004900       WSAStartup
 0001:0000C018       XorBlock
 0002:00002FE0       xpl
 0001:00006F04       zcalloc
 0001:00006F10       zcfree
 0001:00006F74       ZCheck
 0001:00006FE0       ZCompress
 0001:00007110       ZDecompress
 0001:00000A38       ZeroMemory
 0001:00006F30       _memcpy
 0001:00006F18       _memset
 0002:000003F0       _z_errmsg
 0002:00001763       __dist_code
 0002:00001963       __length_code


  Address         Publics by Value

 0002:FFBCE0DA       TlsLast
 0001:00000360       GetModuleHandle
 0001:00000368       LocalAlloc
 0001:00000370       TlsGetValue
 0001:00000378       TlsSetValue
 0001:00000380       AllocTlsBuffer
 0001:0000038C       GetTlsSize
 0001:00000394       InitThreadTLS
 0001:000003D8       @GetTls
 0001:00000418       InitializeModule
 0001:00000424       @InitExe
 0001:00000468       Finalization
 0001:00000498       SysInit
 0001:000004B0       GetUserName
 0001:000004B8       RegCloseKey
 0001:000004C0       RegOpenKeyEx
 0001:000004C8       RegQueryValueEx
 0001:000004D0       CloseHandle
 0001:000004D8       CopyFile
 0001:000004E0       CreateFile
 0001:000004E8       CreateFileMapping
 0001:000004F0       CreateProcess
 0001:000004F8       DeleteCriticalSection
 0001:00000500       DuplicateHandle
 0001:00000508       EnterCriticalSection
 0001:00000510       EnumSystemLocales
 0001:00000518       ExitThread
 0001:00000520       ExpandEnvironmentStrings
 0001:00000528       FileTimeToDosDateTime
 0001:00000530       FileTimeToLocalFileTime
 0001:00000538       FileTimeToSystemTime
 0001:00000540       FindClose
 0001:00000548       FindFirstFile
 0001:00000550       FindResource
 0001:00000558       FlushInstructionCache
 0001:00000560       FreeLibrary
 0001:00000568       GetACP
 0001:00000570       GetCommandLine
 0001:00000578       GetComputerName
 0001:00000580       GetCurrentProcess
 0001:00000588       GetCurrentProcessId
 0001:00000590       GetCurrentThread
 0001:00000598       GetCurrentThreadId
 0001:000005A0       GetEnvironmentVariable
 0001:000005A8       GetExitCodeProcess
 0001:000005B0       GetFileAttributes
 0001:000005B8       GetLastError
 0001:000005C0       GetLocalTime
 0001:000005C8       GetLocaleInfo
 0001:000005D0       GetLocaleInfoA
 0001:000005D8       GetLocaleInfoW
 0001:000005E0       GetModuleFileName
 0001:000005E8       GetModuleHandle
 0001:000005F0       GetPrivateProfileString
 0001:000005F8       GetProcAddress
 0001:00000600       GetStartupInfo
 0001:00000608       GetSystemDefaultLangID
 0001:00000610       GetSystemTime
 0001:00000618       GetTempPath
 0001:00000620       GetThreadContext
 0001:00000628       GetThreadPriority
 0001:00000630       GetTickCount
 0001:00000638       GlobalAlloc
 0001:00000640       GlobalFree
 0001:00000648       GlobalLock
 0001:00000650       GlobalMemoryStatus
 0001:00000658       GlobalUnlock
 0001:00000660       InitializeCriticalSection
 0001:00000668       IsBadReadPtr
 0001:00000670       LeaveCriticalSection
 0001:00000678       LoadLibrary
 0001:00000680       LoadLibraryEx
 0001:00000688       LoadResource
 0001:00000690       LockResource
 0001:00000698       MapViewOfFile
 0001:000006A0       MoveFile
 0001:000006A8       MulDiv
 0001:000006B0       OpenProcess
 0001:000006B8       OutputDebugString
 0001:000006C0       ResumeThread
 0001:000006C8       SetLastError
 0001:000006D0       SizeofResource
 0001:000006D8       Sleep
 0001:000006E0       SuspendThread
 0001:000006E8       TerminateProcess
 0001:000006F0       TerminateThread
 0001:000006F8       UnmapViewOfFile
 0001:00000700       VirtualProtect
 0001:00000708       VirtualQuery
 0001:00000710       WaitForSingleObject
 0001:00000718       WriteFile
 0001:00000720       WritePrivateProfileString
 0001:00000728       GetFileVersionInfo
 0001:00000730       GetFileVersionInfoSize
 0001:00000738       VerQueryValue
 0001:00000740       BitBlt
 0001:00000748       CombineRgn
 0001:00000750       CreateBitmap
 0001:00000758       CreateCompatibleBitmap
 0001:00000760       CreateCompatibleDC
 0001:00000768       CreateFont
 0001:00000770       CreateFontIndirect
 0001:00000778       CreatePalette
 0001:00000780       CreateRectRgn
 0001:00000788       CreateRectRgnIndirect
 0001:00000790       CreateSolidBrush
 0001:00000798       DeleteDC
 0001:000007A0       DeleteObject
 0001:000007A8       GetCurrentObject
 0001:000007B0       GetDIBits
 0001:000007B8       GetDeviceCaps
 0001:000007C0       GetMapMode
 0001:000007C8       GetObject
 0001:000007D0       GetPixel
 0001:000007D8       GetSystemPaletteEntries
 0001:000007E0       GetTextExtentPoint32
 0001:000007E8       SelectObject
 0001:000007F0       SelectPalette
 0001:000007F8       SetBkColor
 0001:00000800       SetBkMode
 0001:00000808       SetMapMode
 0001:00000810       SetTextColor
 0001:00000818       TextOut
 0001:00000820       CloseClipboard
 0001:00000828       CopyRect
 0001:00000830       CreateDialogParam
 0001:00000838       DefWindowProc
 0001:00000840       DestroyWindow
 0001:00000848       DialogBoxParam
 0001:00000850       DispatchMessage
 0001:00000858       DrawIconEx
 0001:00000860       DrawText
 0001:00000868       EmptyClipboard
 0001:00000870       EnableWindow
 0001:00000878       EndDialog
 0001:00000880       EnumWindows
 0001:00000888       FillRect
 0001:00000890       FrameRect
 0001:00000898       GetClassName
 0001:000008A0       GetCursor
 0001:000008A8       GetCursorPos
 0001:000008B0       GetDC
 0001:000008B8       GetDesktopWindow
 0001:000008C0       GetDlgItem
 0001:000008C8       GetFocus
 0001:000008D0       GetForegroundWindow
 0001:000008D8       GetIconInfo
 0001:000008E0       GetLastActivePopup
 0001:000008E8       GetSysColor
 0001:000008F0       GetSystemMetrics
 0001:000008F8       GetWindowDC
 0001:00000900       GetWindowLong
 0001:00000908       GetWindowPlacement
 0001:00000910       GetWindowRect
 0001:00000918       GetWindowText
 0001:00000920       GetWindowThreadProcessId
 0001:00000928       InvalidateRect
 0001:00000930       InvalidateRgn
 0001:00000938       IsIconic
 0001:00000940       IsWindow
 0001:00000948       IsWindowVisible
 0001:00000950       KillTimer
 0001:00000958       LoadBitmap
 0001:00000960       LoadCursor
 0001:00000968       MessageBeep
 0001:00000970       MessageBox
 0001:00000978       MoveWindow
 0001:00000980       OffsetRect
 0001:00000988       OpenClipboard
 0001:00000990       PeekMessage
 0001:00000998       PtInRect
 0001:000009A0       ReleaseDC
 0001:000009A8       ScreenToClient
 0001:000009B0       SendMessage
 0001:000009B8       SendMessageTimeout
 0001:000009C0       SetClipboardData
 0001:000009C8       SetCursor
 0001:000009D0       SetFocus
 0001:000009D8       SetForegroundWindow
 0001:000009E0       SetTimer
 0001:000009E8       SetWindowLong
 0001:000009F0       SetWindowPlacement
 0001:000009F8       SetWindowPos
 0001:00000A00       ShowWindow
 0001:00000A08       SystemParametersInfo
 0001:00000A10       TranslateMessage
 0001:00000A18       WaitForInputIdle
 0001:00000A20       MakeLong
 0001:00000A2C       HiWord
 0001:00000A30       CopyMemory
 0001:00000A38       ZeroMemory
 0001:00000A40       RGB
 0001:00000A5C       GetRValue
 0001:00000A60       GetGValue
 0001:00000A64       GetBValue
 0001:00000A68       CreateDialog
 0001:00000A80       Finalization
 0001:00000AB0       Windows
 0001:00000CD0       Finalization
 0001:00000D00       Messages
 0001:00000F10       Finalization
 0001:00000F40       ETypes
 0001:000023A0       Finalization
 0001:00002410       EConsts
 0001:0000254C       GetModifiedDate
 0001:000025F0       PosEx
 0001:00002688       QuickStringReplace
 0001:000027AC       ExtractStringsEx
 0001:000028CC       ReadKey
 0001:000029D8       GetGMT
 0001:00002A18       IntoIDE
 0001:00002A20       CheckIntoIDE
 0001:00002B04       TEurekaModuleOptions.Create
 0001:00002BCC       TEurekaModuleOptions.Destroy
 0001:00002C04       TEurekaModuleOptions.Assign
 0001:00002F04       TEurekaModuleOptions.GetCustomizedTexts
 0001:00002F20       WriteString
 0001:00003024       TEurekaModuleOptions.SaveToStream
 0001:000033B0       BinToStr
 0001:00003440       StrToBin
 0001:000034EC       ReadString
 0001:00003564       TEurekaModuleOptions.LoadFromStream
 0001:00003DAC       TEurekaModuleOptions.Changed
 0001:00003DB4       TEurekaModuleOptions.StoreSharedData
 0001:00003DB8       TEurekaModuleOptions.DisableSharedDataWrite
 0001:00003DBC       TEurekaModuleOptions.EnableSharedDataWrite
 0001:00003DC0       TEurekaModuleOptions.SaveToSharedData
 0001:00003DF0       TEurekaModuleOptions.SetToDefaultOptions
 0001:000041E0       TEurekaModuleOptions.SetActive
 0001:000041EC       TEurekaModuleOptions.SetFreezeActivate
 0001:000041F8       TEurekaModuleOptions.SetErrorsNumberToSave
 0001:00004214       TEurekaModuleOptions.SetModuleName
 0001:00004230       TEurekaModuleOptions.SetActivateHandle
 0001:0000423C       TEurekaModuleOptions.SetActivateLog
 0001:00004248       TEurekaModuleOptions.SetAppendLogs
 0001:00004254       TEurekaModuleOptions.SetEMailAddresses
 0001:00004274       TEurekaModuleOptions.SetEMailMessage
 0001:00004294       TEurekaModuleOptions.SetEMailSendMode
 0001:000042A0       TEurekaModuleOptions.SetEMailSubject
 0001:000042C0       TEurekaModuleOptions.SetErrorsNumberToShowTerminateBtn
 0001:000042CC       TEurekaModuleOptions.SetForegroundTab
 0001:000042D8       TEurekaModuleOptions.SetFreezeMessage
 0001:000042F4       TEurekaModuleOptions.SetFreezeTimeout
 0001:00004300       TEurekaModuleOptions.SetLogOptions
 0001:00004314       TEurekaModuleOptions.SetOutputPath
 0001:00004334       TEurekaModuleOptions.SetSaveLogFile
 0001:00004340       TEurekaModuleOptions.SetShowOptions
 0001:00004354       TEurekaModuleOptions.SetShowTerminateBtn
 0001:00004360       TEurekaModuleOptions.SetSMTPFrom
 0001:0000437C       TEurekaModuleOptions.SetSMTPHost
 0001:00004398       TEurekaModuleOptions.SetSMTPPassword
 0001:000043B4       TEurekaModuleOptions.SetSMTPPort
 0001:000043C0       TEurekaModuleOptions.SetSMTPUserID
 0001:000043DC       TEurekaModuleOptions.SetTerminateBtnOperation
 0001:000043E8       TEurekaModuleOptions.SetWebSendMode
 0001:000043F4       TEurekaModuleOptions.SetWebURL
 0001:00004414       TEurekaModuleOptions.SetWebPassword
 0001:00004434       TEurekaModuleOptions.SetWebPort
 0001:00004440       TEurekaModuleOptions.SetWebUserID
 0001:00004460       TEurekaModuleOptions.SetCommonSendOptions
 0001:00004478       TEurekaModuleOptions.SetAttachedFiles
 0001:00004498       TEurekaModuleOptions.SetExceptionDialogOptions
 0001:000044AC       TEurekaModuleOptions.SetAutoCloseDialogSecs
 0001:000044B8       TEurekaModuleOptions.SetAutoCrashMinutes
 0001:000044C4       TEurekaModuleOptions.SetAutoCrashNumber
 0001:000044D0       TEurekaModuleOptions.SetAutoCrashOperation
 0001:000044DC       TEurekaModuleOptions.SetHTMLLayout
 0001:000044FC       TEurekaModuleOptions.SetSupportURL
 0001:0000451C       TEurekaModuleOptions.SetBehaviourOptions
 0001:00004530       TEurekaModuleOptions.SetCallStackOptions
 0001:00004544       IncludeLastBackslash
 0001:000045F4       TEurekaModuleOptions.OutputFile
 0001:000046D4       ComputerName
 0001:00004750       TEurekaModuleOptions.OutputLogFile
 0001:00004810       Init
 0001:0000481C       Done
 0001:00004820       Finalization
 0001:00004858       ECore
 0001:00004868       ShellExecute
 0001:00004870       Finalization
 0001:000048A0       ShellAPI
 0001:000048A8       closesocket
 0001:000048B0       connect
 0001:000048B8       htons
 0001:000048C0       ioctlsocket
 0001:000048C8       recv
 0001:000048D0       send
 0001:000048D8       socket
 0001:000048E0       gethostbyname
 0001:000048E8       gethostname
 0001:000048F0       WSAAsyncSelect
 0001:000048F8       WSAGetLastError
 0001:00004900       WSAStartup
 0001:00004908       WSACleanup
 0001:00004910       Finalization
 0001:00004940       WinSock
 0001:00004B1C       THookedMethodsList.Create
 0001:00004B5C       THookedMethodsList.GetItem
 0001:00004B78       THookedMethodsList.Lock
 0001:00004B84       THookedMethodsList.Unlock
 0001:00004B90       THookedMethodsList.Delete
 0001:00004BC8       THookedMethodsList.Destroy
 0001:00004C70       GetVirtualMethod
 0001:00004C80       SetVirtualMethod
 0001:00004CE0       HookVirtualMethod
 0001:00004E10       UnhookVirtualMethod
 0001:00004ED4       IsValidBlockAddr
 0001:00004F00       ConvertAddress
 0001:00004F5C       WriteMem
 0001:00004F9C       InternalHookProc
 0001:00004FBC       InternalUnhookProc
 0001:00004FDC       ModuleFileName
 0001:0000500C       HookProcedureEx
 0001:000052B4       Unhook_Procedure
 0001:000052F0       ReHook_ProcedureByCaller
 0001:00005308       FindCode
 0001:0000532C       IsValidBlockAddr
 0001:00005350       HookFunction
 0001:000053CC       HookDllProcedure
 0001:000055A8       TryHookDllProcedureEx
 0001:000056F4       Init
 0001:00005728       Done
 0001:000057C8       Finalization
 0001:00005800       EHook
 0001:00005810       TranslateCharsetInfo
 0001:00005818       UserCharSet
 0001:0000589C       Finalization
 0001:000058CC       ELang
 0001:00005A20       InternalStartup
 0001:00005A40       InternalCleanup
 0001:00005A4C       TEurekaClientSocket.LookupName
 0001:00005AB0       TEurekaClientSocket.Error
 0001:00005B8C       TEurekaClientSocket.Create
 0001:00005C1C       TEurekaClientSocket.Destroy
 0001:00005C50       TEurekaClientSocket.Close
 0001:00005D10       TEurekaClientSocket.Open
 0001:00005EF8       TEurekaClientSocket.SendBuf
 0001:00005FC0       TEurekaClientSocket.SendText
 0001:00006078       TEurekaClientSocket.ReceiveBuf
 0001:00006160       TEurekaClientSocket.ReceiveText
 0001:00006238       TEurekaClientSocket.GetFullText
 0001:00006270       TEurekaClientSocket.ReceiveFullText
 0001:000062C4       TEurekaClientSMTP.Open
 0001:00006308       TEurekaClientSMTP.GetText
 0001:000063E4       TEurekaClientSMTP.SendCommand
 0001:000064F8       IsValidDNS
 0001:00006560       AddDNS
 0001:00006584       GetDNSList
 0001:00006734       StrToWord
 0001:00006750       GetDomain
 0001:000068BC       GetDomainName
 0001:00006994       CreateMXQuery
 0001:00006A1C       GetMXRecord
 0001:00006ABC       GetMXBestRecord
 0001:00006BAC       GetMXServerFromEmail
 0001:00006DD0       Init
 0001:00006DD8       Done
 0001:00006DE0       Finalization
 0001:00006E18       ESockets
 0001:00006F04       zcalloc
 0001:00006F10       zcfree
 0001:00006F18       _memset
 0001:00006F30       _memcpy
 0001:00006F44       DeflateInit
 0001:00006F5C       InflateInit
 0001:00006F74       ZCheck
 0001:00006FE0       ZCompress
 0001:00007110       ZDecompress
 0001:00007224       adler32
 0001:00007350       deflateInit_
 0001:00007888       deflate
 0001:00007B40       deflateEnd
 0001:000083B4       @inflate_fast
 0001:000088A8       inflateReset
 0001:000089D4       inflateInit_
 0001:00008B08       inflate
 0001:000099A8       inflateEnd
 0001:00009CFC       @inflate_table
 0001:0000A170       ..
 0001:0000A174       @_tr_init
 0001:0000B2AC       @_tr_stored_block
 0001:0000B368       @_tr_align
 0001:0000B634       @_tr_flush_block
 0001:0000BFC8       Finalization
 0001:0000BFF8       EZLib
 0001:0000C000       LRot32
 0001:0000C018       XorBlock
 0001:0000C03C       SwapDWord
 0001:0000C070       Compress
 0001:0000C92C       GetMD5Key
 0001:0000CA34       TEA_Encrypt
 0001:0000CAE4       TEA_Decrypt
 0001:0000CB94       InitKey
 0001:0000CC34       Decrypt
 0001:0000CD04       Finalization
 0001:0000CD34       EEncrypt
 0001:0000CD3C       CalcEncodedSize
 0001:0000CD68       Base64Encode
 0001:0000CE24       Base64EncodeStr
 0001:0000CE70       Base64EncodeString
 0001:0000CE78       Base64EncodeToString
 0001:0000CEAC       Finalization
 0001:0000CEDC       EBase64
 0001:0000CF70       make_crc_table
 0001:0000CFCC       MakeCRC32
 0001:0000D014       CreateGZipFile
 0001:0000D1CC       StreamLoadFromFile
 0001:0000D220       ClearDirRec
 0001:0000D23C       Octal
 0001:0000D284       OctalN
 0001:0000D2A0       WriteTarHeader
 0001:0000D488       TTGZWriter.Create
 0001:0000D4D4       TTGZWriter.Destroy
 0001:0000D538       GetUnixGMTFileTime
 0001:0000D5E0       TTGZWriter.AddFile
 0001:0000D6C8       TTGZWriter.AddStream
 0001:0000D7D8       Finalization
 0001:0000D808       ETarGZip
 0001:0000D810       DoneLib
 0001:0000D828       InitLib
 0001:0000DA90       IsRealFile
 0001:0000DAAC       CheckError
 0001:0000DAC4       SearchWord
 0001:0000DB50       SearchPort
 0001:0000DC04       ElaborateURL
 0001:0000DD64       GenerateMultipartBoundary
 0001:0000DE28       GetFileContents
 0001:0000DE94       GenerateRequestBody
 0001:0000E160       GetHTTPResponse
 0001:0000E1E8       OpenRequest
 0001:0000E294       HTTPUploadFiles
 0001:0000E820       GetFileSize
 0001:0000E85C       FTPUploadFiles
 0001:0000ECA4       Finalization
 0001:0000ECF4       EWebTools
 0001:0000EDEC       TXMLItems.AddItem
 0001:0000EE18       TXMLItems.Destroy
 0001:0000EE68       TXMLItems.GetItem
 0001:0000EE7C       TXMLItem.AddField
 0001:0000EF10       TXMLItem.AddItem
 0001:0000EF20       TXMLItem.Create
 0001:0000EFC8       TXMLItem.Destroy
 0001:0000EFF8       TXMLItem.EncodedString
 0001:0000F11C       TXMLItem.AppendXMLText
 0001:0000F250       TXMLItem.GetXMLText
 0001:0000F26C       Finalization
 0001:0000F29C       EXMLBuilder
 0001:0000F374       TLogFile.Create
 0001:0000F40C       TLogFile.Destroy
 0001:0000F43C       TLogFile.ParseBuffer
 0001:0000F504       TLogFile.LoadFromStream
 0001:0000F600       TLogFile.SaveToStream
 0001:0000F664       TLogFile.Append
 0001:0000F6F0       ElaborateString
 0001:0000F864       SearchItem
 0001:0000F964       TLogFile.FindItem
 0001:0000FA30       TLogFile.Save
 0001:0000FA80       TLogFile.FindItemValue
 0001:0000FCA4       TLogFile.GetCount
 0001:0000FCB0       TLogFile.GetText
 0001:0000FCC4       TLogFile.SectionIndex
 0001:0000FD58       TLogFile.GetItem_Generals
 0001:0000FDFC       TLogFile.GetItem_CallStack
 0001:0000FE94       TLogFile.GetItem_Modules
 0001:0000FF9C       TLogFile.GetItem_CPU
 0001:0001004C       TLogFile.GetItem_Reproduce
 0001:000101B0       AddValueField
 0001:00010314       TLogFile.GetItem_GeneralsXML
 0001:000106CC       ExtractValue
 0001:00010704       TLogFile.GetItem_CallStackXML
 0001:00010D8C       TLogFile.GetItem_ModulesXML
 0001:000110D0       TLogFile.GetItem_CPUXML
 0001:0001167C       TLogFile.GetItem_ReproduceXML
 0001:00011784       TLogFile.GetItem_XML
 0001:00011928       TLogFile.GetXML
 0001:00011A8C       TLogFile.GetLogVersion
 0001:00011B60       TLogFile.SaveXMLCopy
 0001:00011BFC       TLogItem.Create
 0001:00011C34       TLogItem.Clear
 0001:00011C4C       TLogItem.AddHeader
 0001:00011CC4       TLogItem.AddItem
 0001:00011F24       NormalizePos
 0001:00011FA4       FindSection
 0001:00012190       TLogItem.GetString
 0001:0001235C       Finalization
 0001:0001238C       ELogManager
 0001:0001243C       GetItemRect
 0001:00012464       DrawBmp
 0001:000126EC       ImageList_Create
 0001:000126F4       ImageList_Add
 0001:000126FC       ImageList_Destroy
 0001:00012704       TListViewItems.Create
 0001:000128C0       TListViewItems.Destroy
 0001:00012958       TListViewItems.AddRow
 0001:00012B48       TListViewItems.InsertItem
 0001:00012C78       TListViewItems.DeleteItem
 0001:00012C8C       TListViewItems.RedrawItems
 0001:00012CA0       ClickOnSign
 0001:00012CE8       TListViewItems.ClickOnItem
 0001:00012E5C       TListViewItems.Delete
 0001:00012EB0       TListViewItems.Clear
 0001:00012ED4       TListViewItems.GetItem
 0001:00012EF0       TListViewItems.GetItemParam
 0001:00012F28       HandleBackgroundState
 0001:00012F9C       DrawFrame
 0001:00013010       DrawBottom
 0001:00013064       DrawLine
 0001:000130B8       DrawItem
 0001:00013478       TListViewItems.DrawList
 0001:000134A0       GetColumnCount
 0001:000134CC       GetColumnAlign
 0001:00013528       TListViewItems.InitializeData
 0001:00013638       TListViewItems.SetRedrawState
 0001:0001364C       Finalization
 0001:0001367C       EListView
 0001:00013DC8       TEurekaLogList.GetItem
 0001:00013DDC       ifelseStr
 0001:00013E54       ifStr
 0001:00013EA8       TempPath
 0001:00013ED4       OneString
 0001:00013F90       Load
 0001:00013FDC       RTF_LoadFromStream
 0001:00014008       RTF_LoadFromText
 0001:000140BC       SetRTFBackColor
 0001:000140E4       TextToRTF
 0001:000141FC       GeneralToRTF
 0001:0001461C       CPUToRTF
 0001:00014BB0       CreateVirtualFile
 0001:00014D3C       DeleteVirtualFile
 0001:00014D6C       TextToHtml
 0001:00014F64       GetReadableSize
 0001:00014FEC       IsValidBlockAddr
 0001:00015004       IsDebugged
 0001:00015080       GetCurrentTopOfStack
 0001:00015088       IsValidObject
 0001:000150E0       IsAParentClassStr
 0001:000151C0       IsAParentStr
 0001:000151E8       IsAParent
 0001:00015258       IsAParents
 0001:000152AC       IsManageableObject
 0001:000152D4       GetOSType
 0001:000155CC       RFCDate
 0001:0001575C       InternalCriticalError
 0001:00015D50       SetInternalError
 0001:00015E8C       ClearInternalError
 0001:00015EA0       SetErrorType
 0001:00015F9C       IsMainWindow
 0001:00015FE8       EnumWindowsProc
 0001:00016020       GetMainWindow
 0001:00016040       IsCurrentProcessWindow
 0001:00016058       SetClipboardText
 0001:00016140       KillApplication
 0001:000161A0       THModuleStream.Create
 0001:000161E8       THModuleStream.Destroy
 0001:00016218       THModuleStream.SecureRead
 0001:00016254       ModuleFileName
 0001:000162EC       IsValidModule
 0001:00016338       ModuleInfoByHandle
 0001:000163FC       ModuleInfoByAddr
 0001:00016418       IsModuleLibrary
 0001:000164F8       FindModuleType
 0001:000166BC       GetModulePath
 0001:0001677C       GetModuleDescriptionAndVersion
 0001:00016A24       GetFileSize
 0001:00016A58       CompareModulesFunctions
 0001:00016A60       GetModulesWinNT
 0001:00016BC4       GetModulesWin9X
 0001:00016D54       GetModulesList
 0001:00016DE4       ModuleInitTable
 0001:00016DFC       LogicToPhysicAddr
 0001:00016E08       ReadString
 0001:00016EC8       WriteString
 0001:00016F5C       IsCGI
 0001:00016F90       InternalGetFileSize
 0001:00016FE8       IsWinCGI
 0001:00017144       IsISAPI
 0001:00017180       IsIntraWeb
 0001:0001718C       IsWeb
 0001:000171B8       IsGUI
 0001:000171D4       WriteHTMLToWeb
 0001:000175DC       CreateHTMLByLayout
 0001:0001786C       GenerateHTML
 0001:00017990       DirectoryExists
 0001:000179B4       CreateTemplateFile
 0001:00017A58       WriteTextToIntraWeb
 0001:00017E80       IsLocalStorageProc
 0001:00017EA0       IsStackFramesProc
 0001:00017ED4       IsRTLCompiledWithStackFrames
 0001:00017EE0       IsCompiledWithPackages
 0001:00017EF4       ConvertAddress
 0001:00017F48       ExceptionTypeByAddr
 0001:00017F94       Is_HandleOnException_Handled
 0001:00018044       FunctionSize
 0001:000180F8       GetResourceData
 0001:00018140       CheckForResult
 0001:0001828C       ReadEncodeString
 0001:000183CC       GetSourceInfoByAddr
 0001:00018AE0       GetSymbolAddr
 0001:00018C30       ExtractStr
 0001:00018DDC       GetDebugPartialInfo
 0001:00018FF4       FindFunction
 0001:0001909C       GetDebugInfosByAddr
 0001:00019128       IsDelphiException
 0001:0001913C       OpenLogFile
 0001:000191EC       CloseLogFile
 0001:00019208       CalcDuplicatedException
 0001:000192C0       ExtractList
 0001:000193E4       GetRealFileName
 0001:000194B0       SavedScreenshot
 0001:00019530       TmpScreenshot
 0001:00019550       TmpLogFileName
 0001:000195D8       TmpTGZFileName
 0001:00019644       RealTmpLastHTMLPage
 0001:000196C8       TmpLastHTMLPage
 0001:000196E8       TmpXMLLogCopy
 0001:00019790       CreateHTMLFile
 0001:0001985C       CreateXMLLogCopy
 0001:0001993C       LoadTextFile
 0001:000199D4       FillAttachedList
 0001:00019AD8       IsExceptionNotifyAssigned
 0001:00019B1C       IsExceptionActionNotifyAssigned
 0001:00019B60       IsExceptionErrorNotifyAssigned
 0001:00019BA4       IsPasswordRequestAssigned
 0001:00019BF4       IsCustomDataRequestAssigned
 0001:00019C44       IsAttachedFilesRequestAssigned
 0001:00019C94       IsCustomFieldsRequestAssigned
 0001:00019CE4       CallExceptionNotify
 0001:00019D48       CallExceptionActionNotify
 0001:00019E08       CallExceptionErrorNotify
 0001:00019EC8       CallPasswordRequest
 0001:00019F34       CallCustomDataRequest
 0001:00019FA0       CallAttachedFilesRequest
 0001:0001A00C       CallCustomFieldsRequest
 0001:0001A084       CallModule_PasswordRequestEvent
 0001:0001A0FC       EurekaLog_PasswordRequestEvent
 0001:0001A140       CanExit
 0001:0001A18C       SynchronizeEvent
 0001:0001A22C       RoundMatch
 0001:0001A244       RoundMatchPtr
 0001:0001A24C       HookSymbolProcedure
 0001:0001A2F0       HookBPLProcedure
 0001:0001A3D0       GetEF
 0001:0001A3D8       ASMAssigned
 0001:0001A3E0       IsExceptionHandled
 0001:0001A548       CompareEurekaFunctions
 0001:0001A550       MaxReadableSize
 0001:0001A5B8       ReadAddr
 0001:0001A5E8       ExportedFunctions
 0001:0001A888       IsEurekaLogModule_Old
 0001:0001A99C       IsEurekaLogModule_New
 0001:0001AA34       IsEurekaLogModule
 0001:0001AA58       LoadData_Old
 0001:0001AB9C       LoadData
 0001:0001AF50       LoadDebugInformation
 0001:0001B034       AddModule
 0001:0001B160       GetDebugDetail
 0001:0001B1A0       AddToStack
 0001:0001B1E0       NextItem
 0001:0001B250       GetHInstance
 0001:0001B274       PurgeCallStack
 0001:0001B3AC       CallStackByAddresses
 0001:0001B698       GetCallStackByAddresses
 0001:0001B6D8       ApplicationRestore
 0001:0001B730       SetLastExceptionData
 0001:0001B744       SetLastException
 0001:0001B74C       GetExceptMessage
 0001:0001B778       SetRectangles
 0001:0001B83C       DlgTemplate
 0001:0001BB84       CreateDialogFonts
 0001:0001BD8C       DestroyDialogFonts
 0001:0001BDC4       SetInitDialog
 0001:0001BE8C       AutoCloseTimerProc
 0001:0001BEBC       SetAutoCloseTimer
 0001:0001BEE8       UnsetAutoCloseTimer
 0001:0001BF00       ResetAutoCloseTimer
 0001:0001BF08       TopMostTimerProc
[...]
 0002:00001AA4       crc_table_computed
 0002:00001AA8       p
 0002:00001AB8       ProxyUserName
 0002:00001ABC       ProxyPassword
 0002:00001AC0       ProxyServer
 0002:00001AC4       ValidDomainChars
 0002:00001AE4       EncodedChars
 0002:00001B04       UnAttachableThreads
 0002:00001B14       ISAPI_SendError
 0002:00001B18       ModulesList
 0002:00001B1C       CurrentStackList
 0002:00001B20       Initialized
 0002:00001B24       Opened_LogFile_Name
 0002:00001B28       fActivePage
 0002:00001B2C       PNG_CRCListed
 0002:00001B30       Months
 0002:00001B60       Days
 0002:00001B7C       ColIdx
 0002:00001B84       IDATHeader
 0002:00001B88       CenturyOffset
 0002:00001B8C       NullDate
 0002:00001B94       DaysInMonth
 0002:00002000       ModuleIsLib
 0002:00002004       HInstance
 0002:00002008       .1
 0002:0000200C       tlsBuffer
 0002:00002010       .3
 0002:00002014       .1
 0002:00002018       .1
 0002:0000201C       .4
 0002:00002020       LastEurekaVersion
 0002:00002024       .2
 0002:00002028       InternalIntoIDE
 0002:0000202C       .1
 0002:00002030       .1
 0002:00002034       .1
 0002:00002038       ProcedureList
 0002:0000203C       DllList
 0002:00002040       HookedMethodsList
 0002:00002044       .1
 0002:00002048       .4
 0002:0000204C       .2
 0002:00002050       .1
 0002:00002054       CV
 0002:0000205C       KeyData
 0002:0000206C       .1
 0002:00002070       .3
 0002:00002074       crc_table
 0002:00002474       .1
 0002:00002478       NetLib
 0002:0000247C       InternetOpen
 0002:00002480       InternetConnect
 0002:00002484       HttpOpenRequest
 0002:00002488       HttpAddRequestHeaders
 0002:0000248C       HttpSendRequest
 0002:00002490       HttpSendRequestEx
 0002:00002494       InternetWriteFile
 0002:00002498       HttpEndRequest
 0002:0000249C       HttpQueryInfo
 0002:000024A0       InternetCloseHandle
 0002:000024A4       InternetSetOption
 0002:000024A8       FtpOpenFile
 0002:000024AC       .3
 0002:000024B0       .3
 0002:000024B4       .2
 0002:000024B8       ExceptionNotify
 0002:000024BC       ExceptionActionNotify
 0002:000024C0       ExceptionErrorNotify
 0002:000024C4       PasswordRequest
 0002:000024C8       CustomDataRequest
 0002:000024CC       AttachedFilesRequest
 0002:000024D0       CustomFieldsRequest
 0002:000024D4       .7
 0002:000024D8       Kernel_RaiseException
 0002:000024DC       Kernel_RtlUnwind
 0002:000024E0       Kernel_CreateThread
 0002:000024E4       Kernel_ResumeThread
 0002:000024E8       Kernel_ExitThread
 0002:000024EC       Kernel_WriteFile
 0002:000024F0       ISAPI_HttpExtensionProc
 0002:000024F4       ISAPI_WriteClientProc
 0002:000024F8       ISAPI_Proc
 0002:000024FC       ServerECB
 0002:00002500       ExceptionCriticalSection
 0002:00002518       OldExceptProc
 0002:0000251C       ThreadsList
 0002:00002520       StartingDate
 0002:00002528       OldExceptObjProc
 0002:0000252C       CurrentOptions
 0002:00002530       CGIOutputFile
 0002:00002534       LanguageStr
 0002:00002538       ExceptionNumber
 0002:0000253C       HandleAnyExceptionAddr_Variable
 0002:00002540       HandleOnExceptionAddr_Variable
 0002:00002544       HandleAutoExceptionAddr_Variable
 0002:00002548       TerminateApplication
 0002:0000254C       LastInitializationPtr
 0002:00002550       LastFinalizationPtr
 0002:00002554       IntraWeb_HandleException
 0002:00002558       IntraWeb_ShowMessage
 0002:0000255C       IntraWeb_SendResponse
 0002:00002560       VCLHandleException
 0002:00002564       VCLShowException
 0002:00002568       NTService_LogMessage
 0002:0000256C       IndyThread_HandleException
 0002:00002570       CGIHandleException
 0002:00002574       ISAPIHandleException
 0002:00002578       CLXHandleException
 0002:0000257C       CLXShowException
 0002:00002580       LastHTMLPage
 0002:00002584       LastInitPointer
 0002:00002588       IntoInitialization
 0002:00002589       IntoFinalization
 0002:0000258C       OriginalThreadProc
 0002:00002590       IntraWebApplication
 0002:00002594       IntraWebServerController
 0002:00002598       CurrentGeneralErrorText
 0002:0000259C       CurrentCPUErrorText
 0002:000025A0       OnlySafeCallExceptions
 0002:000025A1       CanHookLibraries
 0002:000025A4       FreezeThread
 0002:000025A8       MainThreadHandle
 0002:000025AC       MainThreadTopOfStack
 0002:000025B0       LastExceptAddr
 0002:000025B4       RaisedExceptAddr
 0002:000025B8       LastExceptThreadID
 0002:000025BC       LastExceptObject
 0002:000025C0       LastDelphiException
 0002:000025C4       LastExceptMessage
 0002:000025C8       CustomExceptMessage
 0002:000025CC       LastExceptionRecord
 0002:000025D0       LastExceptionLog
 0002:000025D4       LastLog
 0002:000025D8       CanSendEmail_Show
 0002:000025D9       CanAttachScreenshot_Show
 0002:000025DA       CanCopy_Show
 0002:000025DB       CanSupport_Show
 0002:000025DC       CanSendMessage
 0002:000025DD       CanAttachScreenshot
 0002:000025DE       CanCopy
 0002:000025DF       DuplicatedException
 0002:000025E0       StartDir
 0002:000025E4       SynchronizeExcept
 0002:000025E8       SynchronizeRaise
 0002:000025EC       ThreadWrapperAddr
 0002:000025F0       InternalErrorCode
 0002:000025F4       InternalErrorMsg
 0002:000025F8       EurekaLogList
 0002:000025FC       CurrentRequestValue
 0002:00002600       ThreadsCriticalSection
 0002:00002618       InactiveThreads
 0002:0000261C       ActivateEurekaLog
 0002:0000261D       NotLoadDebugInfo
 0002:00002620       ModuleInfoHandle
 0002:00002624       ModuleInfoData
 0002:00002628       AutoCloseTimer
 0002:0000262C       CurrentDialog
 0002:00002630       UseTopMost
 0002:00002634       ExceptionsTime
 0002:00002638       ExceptionTime
 0002:00002640       DbgSection
 0002:00002644       Global_Execute
 0002:00002645       Global_Handled
 0002:00002646       Global_Retry
 0002:00002648       Global_ExceptionRecord
 0002:00002664       Global_CriticalSection
 0002:0000267C       Global_CurrentEvent
 0002:00002680       Global_Password
 0002:00002684       Global_LastInitPassword
 0002:00002688       Global_CustomData
 0002:0000268C       Global_HModule
 0002:00002690       Global_AttachedFiles
 0002:00002694       Global_FieldsName
 0002:00002698       Global_FieldsValue
 0002:0000269C       Global_IntraWebText
 0002:000026A0       Global_WebTextID
 0002:000026A4       Cached_LogFile
 0002:000026A8       ExceptionModuleText
 0002:000026AC       ExceptionAddressText
 0002:000026B0       ExceptionTypeText
 0002:000026B4       ExceptionMsgText
 0002:000026B8       fDlgBack
 0002:000026BC       fMemoBack
 0002:000026C0       fActive
 0002:000026C4       fCaptionFont
 0002:000026C8       fVariableFont
 0002:000026CC       fFixedFont1
 0002:000026D0       fFixedFont2
 0002:000026D4       fLinkFont
 0002:000026D8       FixedFontSize
 0002:000026DC       CaptionFontName
 0002:000026E0       FixedFontName1
 0002:000026E4       FixedFontName2
 0002:000026E8       NonClientMetrics
 0002:0000283C       fMonitor
 0002:00002840       fMonitorInfo
 0002:00002858       fListViewItems
 0002:0000285C       rSupport
 0002:0000286C       SupportLinkActive
 0002:00002870       OriginalWidth
 0002:00002874       OriginalHeight
 0002:00002878       RealLeft
 0002:0000287C       RealTop
 0002:00002880       RealWidth
 0002:00002884       RealHeight
 0002:00002888       ListWidth
 0002:0000288C       ListHeight
 0002:00002890       TextWidth
 0002:00002894       LeftButton
 0002:00002898       TopButton
 0002:0000289C       WindowState
 0002:000028A0       ColWidths
 0002:000028E0       DetailsActive
 0002:000028E4       MainDialog
 0002:000028E8       IsDialogShowed
 0002:000028EC       DialogHeight
 0002:000028F0       CAPTION_HEIGHT
 0002:000028F4       GlobalSendValues
 0002:0000290C       SavedLastHTMLPage
 0002:00002910       PNG_ColoursCount
 0002:00002914       PNG_RowBytes
 0002:00002918       PNG_DataSize
 0002:0000291C       PNG_ImgData
 0002:00002920       PNG_Data
 0002:00002924       PNG_HeaderData
 0002:00002934       PNG_Encode_Filter
 0002:00002938       PNG_Encode_Data
 0002:0000293C       PNG_CRCList
 0002:00002D3C       PNG_pal
 0002:00002D40       PNG_UsePal
 0002:00002D44       PNG_HWindow
 0002:00002D48       PNG_FocusWnd
 0002:00002D4C       PNG_Cursor
 0002:00002D50       PNG_DCScreen
 0002:00002D54       PNG_DCCompatible
 0002:00002D58       PNG_Bitmap
 0002:00002D5C       PNG_Width
 0002:00002D60       PNG_Height
 0002:00002D64       .1
 0002:00002D68       .1
 0002:00002D6C       FourDigitYear
 0002:00002D70       .1
 0002:00002D74       qUpdate
 0002:00002D78       qInsert
 0002:00002D7C       qSh30DBF
 0002:00002D80       qForCSV
 0002:00002D84       dt
 0002:00002D8C       ApplIniName
 0002:00002D90       ArhFrom
 0002:00002D94       SrcFromTable
 0002:00002D98       DstFromConn
 0002:00002D9C       DstFromTable
 0002:00002DA0       ArhTo
 0002:00002DA4       SrcToConn
 0002:00002DA8       DstToTable
 0002:00002DAC       ErrF
 0002:00002F78       jjj_s
 0002:00002F7C       StrF
 0002:00002F80       StrDT
 0002:00002F84       vNN
 0002:00002F8C       vID
 0002:00002F94       vRowID
 0002:00002F9C       vNumOtgr
 0002:00002FA0       vFIO
 0002:00002FA4       vProd
 0002:00002FA8       vTime
 0002:00002FAC       vCardID
 0002:00002FB0       i1
 0002:00002FB4       jjj
 0002:00002FB8       vVzlSert
 0002:00002FBC       vNumSec
 0002:00002FC0       vCardNum
 0002:00002FC4       vStatus
 0002:00002FC8       vDate
 0002:00002FD0       llll
 0002:00002FD8       ves
 0002:00002FE0       xpl
 0002:00002FE8       vzliv


Line numbers for SysInit(SysInit.pas) segment .text

    99 0001:00000360   102 0001:00000368   114 0001:00000370   117 0001:00000378
   128 0001:00000380   129 0001:00000388   285 0001:0000038C   286 0001:00000391
   293 0001:00000394   294 0001:00000395   295 0001:0000039C   299 0001:000003A0
   300 0001:000003B3   301 0001:000003BA   302 0001:000003BE   304 0001:000003CA
   305 0001:000003D6   359 0001:000003D8   360 0001:000003DE   361 0001:000003E3
   362 0001:000003E5   363 0001:000003E7   364 0001:000003EE   365 0001:000003F1
   368 0001:000003F2   369 0001:000003F7   370 0001:000003FC   371 0001:000003FD
   372 0001:00000402   373 0001:00000404   374 0001:00000406   377 0001:00000407
   378 0001:0000040C   381 0001:0000040D   382 0001:0000040E   383 0001:00000413
   384 0001:00000415   385 0001:00000417   423 0001:00000418   424 0001:00000422
   661 0001:00000424   662 0001:00000427   663 0001:0000042E   664 0001:0000043A
   665 0001:00000444   666 0001:0000044B   667 0001:00000452   668 0001:00000457
   669 0001:00000463   840 0001:00000498   840 0001:0000049F

Line numbers for Consts(Consts.pas) segment .text

   309 0001:0002D504   309 0001:0002D50B

Line numbers for rxStrUtils(rxStrUtils.pas) segment .text

   341 0001:0002D50C   342 0001:0002D512   347 0001:0002D521   348 0001:0002D528
   350 0001:0002D53F  1062 0001:0002D574  1062 0001:0002D57B

Line numbers for DateUtil(DateUtil.pas) segment .text

    89 0001:0002D57C    90 0001:0002D57F    91 0001:0002D5B3    97 0001:0002D5B8
    98 0001:0002D5BF    99 0001:0002D5C6   100 0001:0002D5D9   244 0001:0002D5E0
   245 0001:0002D5E9   247 0001:0002D620   311 0001:0002D624   312 0001:0002D627
   313 0001:0002D62D   314 0001:0002D631   328 0001:0002D638   329 0001:0002D63F
   330 0001:0002D643   331 0001:0002D656   332 0001:0002D658   339 0001:0002D65C
   340 0001:0002D66D   341 0001:0002D671   342 0001:0002D67B   343 0001:0002D680
   347 0001:0002D684   348 0001:0002D69A   344 0001:0002D69B   350 0001:0002D6C3
   351 0001:0002D6CA   352 0001:0002D6CF   353 0001:0002D6D7   355 0001:0002D6DE
   358 0001:0002D6E8   359 0001:0002D6F3   360 0001:0002D6F5   361 0001:0002D6FE
   362 0001:0002D714   363 0001:0002D716   365 0001:0002D71A   369 0001:0002D720
   371 0001:0002D728   372 0001:0002D740   370 0001:0002D742   374 0001:0002D759
   380 0001:0002D75C   381 0001:0002D761   382 0001:0002D763   384 0001:0002D76A
   386 0001:0002D782   388 0001:0002D786   389 0001:0002D78A   390 0001:0002D78E
   392 0001:0002D792   383 0001:0002D793   397 0001:0002D79E   398 0001:0002D7A2
   403 0001:0002D7A8   404 0001:0002D7AA   405 0001:0002D7AC   406 0001:0002D7B1
   407 0001:0002D7C2   408 0001:0002D7D1   409 0001:0002D7DE   411 0001:0002D7E3
   418 0001:0002D7E8   419 0001:0002D811   420 0001:0002D815   421 0001:0002D827
   423 0001:0002D832   424 0001:0002D83E   426 0001:0002D847   428 0001:0002D894
   429 0001:0002D8A9   430 0001:0002D8C3   431 0001:0002D8D2   432 0001:0002D8E9
   433 0001:0002D900   435 0001:0002D915   438 0001:0002D920   439 0001:0002D92A
   440 0001:0002D930   443 0001:0002D942   446 0001:0002D952   447 0001:0002D963
   449 0001:0002D96C   451 0001:0002D995   452 0001:0002D9A4   455 0001:0002D9B4
   456 0001:0002D9CA   457 0001:0002D9D3   462 0001:0002DA3E   463 0001:0002DA8C
   466 0001:0002DAA4   467 0001:0002DAC9   468 0001:0002DAD5   469 0001:0002DADD
   472 0001:0002DB22   468 0001:0002DB26   473 0001:0002DB2B   474 0001:0002DB51
   481 0001:0002DB58   482 0001:0002DB85   483 0001:0002DB8D   484 0001:0002DB98
   485 0001:0002DBA2   486 0001:0002DBB8   487 0001:0002DBC7   488 0001:0002DBEF
   489 0001:0002DBF7   491 0001:0002DBFD   492 0001:0002DC1E   490 0001:0002DC1F
   494 0001:0002DC34   495 0001:0002DC44   496 0001:0002DC4A   497 0001:0002DC6A
   499 0001:0002DC7D   500 0001:0002DCC7   505 0001:0002DCD0   506 0001:0002DCE3
   507 0001:0002DCF8   508 0001:0002DD15   509 0001:0002DD2A   510 0001:0002DD43
   511 0001:0002DD4C   512 0001:0002DD5D   513 0001:0002DD61   514 0001:0002DD68
   516 0001:0002DD7D   522 0001:0002DD88   523 0001:0002DD97   524 0001:0002DD9B
   525 0001:0002DDAC   528 0001:0002DDB0   529 0001:0002DDC6   530 0001:0002DDCA
   531 0001:0002DDD8   533 0001:0002DDFB   536 0001:0002DE04   539 0001:0002DE0C
   540 0001:0002DE2B   541 0001:0002DE3B   543 0001:0002DE89   629 0001:0002DEC0
   630 0001:0002DEDC   632 0001:0002DF1E

Line numbers for Exp2isu(U:\MASTER\Experion2ISU\SQLversion\Experion2ISU\Exp2isu.dpr) segment .text

    49 0001:0002DF34    50 0001:0002DF67    51 0001:0002DF7D    52 0001:0002DF9E
    53 0001:0002DFB9    54 0001:0002E005    60 0001:0002E024    61 0001:0002E04B
    62 0001:0002E061    63 0001:0002E082    64 0001:0002E096    65 0001:0002E0CD
    71 0001:0002E0EC    72 0001:0002E128    73 0001:0002E151    74 0001:0002E17A
    75 0001:0002E1C9    79 0001:0002E1DC    80 0001:0002E206    81 0001:0002E21C
    82 0001:0002E224    83 0001:0002E23E    84 0001:0002E26A    86 0001:0002E444
    88 0001:0002E476    89 0001:0002E47D    90 0001:0002E490    91 0001:0002E4A3
    93 0001:0002E4B6    96 0001:0002E4C9    97 0001:0002E4F0   100 0001:0002E504
   101 0001:0002E527   102 0001:0002E54A   103 0001:0002E56D   105 0001:0002E590
   106 0001:0002E5B3   107 0001:0002E5D6   108 0001:0002E5F9   112 0001:0002E612
   113 0001:0002E61C   114 0001:0002E62B   115 0001:0002E646   116 0001:0002E655
   117 0001:0002E686   118 0001:0002E6B2   121 0001:0002E6BC   122 0001:0002E6C6
   123 0001:0002E6D5   128 0001:0002E6F0   130 0001:0002E721   131 0001:0002E74D
   136 0001:0002E765   137 0001:0002E76F   138 0001:0002E77E   139 0001:0002E799
   140 0001:0002E7CA   141 0001:0002E7DE   142 0001:0002E7F2   143 0001:0002E806
   144 0001:0002E832   145 0001:0002E84A   146 0001:0002E865   147 0001:0002E880
   148 0001:0002E89B   149 0001:0002E8B6   150 0001:0002E8D1   151 0001:0002E8EC
   152 0001:0002E907   153 0001:0002E922   154 0001:0002E93D   155 0001:0002E958
   156 0001:0002E973   157 0001:0002E98E   159 0001:0002E9A9   160 0001:0002E9B3
   161 0001:0002E9C2   162 0001:0002E9DD   163 0001:0002EA0E   164 0001:0002EA22
   165 0001:0002EA4E   166 0001:0002EA66   167 0001:0002EA81   168 0001:0002EA9C
   169 0001:0002EAB7   170 0001:0002EAD2   171 0001:0002EAED   172 0001:0002EB08
   173 0001:0002EB23   174 0001:0002EB3E   175 0001:0002EB59   176 0001:0002EB74
   177 0001:0002EB8F   180 0001:0002EBAA   181 0001:0002EBC3   185 0001:0002EBD5
   186 0001:0002EBE5   187 0001:0002EBED   189 0001:0002EBF7   194 0001:0002EC09
   195 0001:0002EC27   197 0001:0002EC41   198 0001:0002EC4F   199 0001:0002EC5D
   200 0001:0002EC6B   201 0001:0002EC75   202 0001:0002EC7F   203 0001:0002EC89
   204 0001:0002EC90   205 0001:0002EC97   206 0001:0002ECA1   207 0001:0002ECA8
   208 0001:0002ECAF   209 0001:0002ECBB   210 0001:0002ECD6   212 0001:0002ECE5
   213 0001:0002ECEC   215 0001:0002ECF6   216 0001:0002ED0B   218 0001:0002ED14
   219 0001:0002ED2F   223 0001:0002ED46   225 0001:0002ED56   226 0001:0002ED5F
   227 0001:0002ED6D   229 0001:0002ED8D   231 0001:0002EDA0   232 0001:0002EDA9
   233 0001:0002EDB7   235 0001:0002EDD7   237 0001:0002EDEA   238 0001:0002EDF3
   239 0001:0002EE01   241 0001:0002EE21   243 0001:0002EE34   244 0001:0002EE3D
   245 0001:0002EE4D   246 0001:0002EE56   247 0001:0002EE66   248 0001:0002EE6F
   249 0001:0002EE7F   250 0001:0002EE88   251 0001:0002EE96   253 0001:0002EEB4
   255 0001:0002EEC0   256 0001:0002EEC9   257 0001:0002EED7   259 0001:0002EEF5
   261 0001:0002EF01   263 0001:0002EF0A   264 0001:0002EF1C   265 0001:0002EF20
   266 0001:0002EF2E   268 0001:0002EF60   271 0001:0002EF71   273 0001:0002EF7B
   274 0001:0002EF84   275 0001:0002EF92   277 0001:0002EFB1   279 0001:0002EFC0
   280 0001:0002EFC9   281 0001:0002EFD7   283 0001:0002EFF5   285 0001:0002F001
   286 0001:0002F00A   287 0001:0002F018   289 0001:0002F036   291 0001:0002F042
   292 0001:0002F04B   293 0001:0002F059   294 0001:0002F070   297 0001:0002F09A
   298 0001:0002F0A6   300 0001:0002F0C6   301 0001:0002F0CF   302 0001:0002F0DD
   304 0001:0002F0FC   306 0001:0002F110   307 0001:0002F116   310 0001:0002F123
   311 0001:0002F13C   312 0001:0002F146   313 0001:0002F178   314 0001:0002F182
   315 0001:0002F18C   316 0001:0002F1A5   318 0001:0002F1B7   320 0001:0002F1E3
   323 0001:0002F269   324 0001:0002F29B   325 0001:0002F2CD   326 0001:0002F2FF
   327 0001:0002F331   328 0001:0002F363   329 0001:0002F395   330 0001:0002F3C9
   331 0001:0002F3FD   332 0001:0002F42F   333 0001:0002F463   334 0001:0002F497
   335 0001:0002F4C9   336 0001:0002F4FB   337 0001:0002F52D   338 0001:0002F546
   339 0001:0002F550   343 0001:0002F5C7   349 0001:0002F614   350 0001:0002F646
   351 0001:0002F678   352 0001:0002F6AA   353 0001:0002F6DC   354 0001:0002F70E
   355 0001:0002F740   356 0001:0002F774   357 0001:0002F7A8   358 0001:0002F7DA
   359 0001:0002F80E   360 0001:0002F842   361 0001:0002F874   362 0001:0002F8A6
   363 0001:0002F8B0   191 0001:0002F8F8   367 0001:0002F90F   371 0001:0002F91E
   372 0001:0002F928   373 0001:0002F937   374 0001:0002F958   375 0001:0002F98F
   379 0001:0002F9C4   380 0001:0002FA11   384 0001:0002FA1B   385 0001:0002FA25
   386 0001:0002FA34   387 0001:0002FA55   388 0001:0002FA64   389 0001:0002FA9B
   390 0001:0002FAAF   391 0001:0002FAC3   392 0001:0002FAF8   393 0001:0002FB10
   394 0001:0002FB2B   395 0001:0002FB46   396 0001:0002FB61   398 0001:0002FB7C
   401 0001:0002FB95   402 0001:0002FBA3   403 0001:0002FBB2   405 0001:0002FBC3
   408 0001:0002FBCA   412 0001:0002FBD2   413 0001:0002FBE2   414 0001:0002FBEA
   416 0001:0002FBF4   561 0001:0002FC01   563 0001:0002FC1A   564 0001:0002FC24
   565 0001:0002FC33   566 0001:0002FC54   567 0001:0002FC63   568 0001:0002FC9A
   569 0001:0002FCCF   570 0001:0002FCE7   572 0001:0002FCFF   573 0001:0002FD31
   577 0001:0002FD3B   580 0001:0002FD4A   581 0001:0002FD73   582 0001:0002FD8E
   583 0001:0002FDC8   584 0001:0002FDF1   591 0001:0002FFE3   592 0001:0002FFFD
   578 0001:00030007   595 0001:00030019   596 0001:00030028   598 0001:00030041
   601 0001:00030050   605 0001:0003009D   606 0001:000300A7   607 0001:000300B1
   608 0001:000300BB   610 0001:000300C5   612 0001:000301FB

Bound resource files

C:\Program Files\Borland\Delphi7\Components\Eureka\Eureka5\Delphi7\DIALOG.RES
Exp2isu.drf


Program entry point at 0001:0002E444
