
 Start         Length     Name                   Class
 0001:00000000 000CCFE0H .text                   CODE
 0002:00000000 000047F4H .data                   DATA
 0002:000047F4 0000157DH .bss                    BSS


Detailed map of segments

 0001:00000000 00005C97 C=CODE     S=.text    G=(none)   M=System   ACBP=A9
 0001:00005C98 00000140 C=CODE     S=.text    G=(none)   M=SysInit  ACBP=A9
 0001:00005DD8 00000078 C=CODE     S=.text    G=(none)   M=Types    ACBP=A9
 0001:00005E50 00000F98 C=CODE     S=.text    G=(none)   M=Windows  ACBP=A9
 0001:00006DE8 00000388 C=CODE     S=.text    G=(none)   M=SysConst ACBP=A9
 0001:00007170 00007264 C=CODE     S=.text    G=(none)   M=SysUtils ACBP=A9
 0001:0000E3D4 00000038 C=CODE     S=.text    G=(none)   M=Messages ACBP=A9
 0001:0000E40C 00000823 C=CODE     S=.text    G=(none)   M=VarUtils ACBP=A9
 0001:0000EC30 0000847E C=CODE     S=.text    G=(none)   M=Variants ACBP=A9
 0001:000170B0 00000170 C=CODE     S=.text    G=(none)   M=RTLConsts ACBP=A9
 0001:00017220 0000192C C=CODE     S=.text    G=(none)   M=TypInfo  ACBP=A9
 0001:00018B4C 00000098 C=CODE     S=.text    G=(none)   M=ActiveX  ACBP=A9
 0001:00018BE4 0000CC42 C=CODE     S=.text    G=(none)   M=Classes  ACBP=A9
 0001:00025828 00000038 C=CODE     S=.text    G=(none)   M=ETypes   ACBP=A9
 0001:00025860 00000F44 C=CODE     S=.text    G=(none)   M=EConsts  ACBP=A9
 0001:000267A4 000020A7 C=CODE     S=.text    G=(none)   M=ECore    ACBP=A9
 0001:0002884C 00000A27 C=CODE     S=.text    G=(none)   M=EHook    ACBP=A9
 0001:00029274 000000C4 C=CODE     S=.text    G=(none)   M=ELang    ACBP=A9
 0001:00029338 000000A0 C=CODE     S=.text    G=(none)   M=WinSock  ACBP=A9
 0001:000293D8 00001534 C=CODE     S=.text    G=(none)   M=ESockets ACBP=A9
 0001:0002A90C 000060A0 C=CODE     S=.text    G=(none)   M=EZLib    ACBP=A9
 0001:000309AC 0001367E C=CODE     S=.text    G=(none)   M=ExceptionLog ACBP=A9
 0001:0004402C 000002F0 C=CODE     S=.text    G=(none)   M=Consts   ACBP=A9
 0001:0004431C 0000908F C=CODE     S=.text    G=(none)   M=Graphics ACBP=A9
 0001:0004D3AC 00000048 C=CODE     S=.text    G=(none)   M=Math     ACBP=A9
 0001:0004D3F4 000002B8 C=CODE     S=.text    G=(none)   M=Contnrs  ACBP=A9
 0001:0004D6AC 000000F4 C=CODE     S=.text    G=(none)   M=CommCtrl ACBP=A9
 0001:0004D7A0 00000787 C=CODE     S=.text    G=(none)   M=MultiMon ACBP=A9
 0001:0004DF28 00000038 C=CODE     S=.text    G=(none)   M=Imm      ACBP=A9
 0001:0004DF60 00000FF8 C=CODE     S=.text    G=(none)   M=HelpIntfs ACBP=A9
 0001:0004EF58 00000038 C=CODE     S=.text    G=(none)   M=WinSpool ACBP=A9
 0001:0004EF90 00000044 C=CODE     S=.text    G=(none)   M=Printers ACBP=A9
 0001:0004EFD4 0000031F C=CODE     S=.text    G=(none)   M=FlatSB   ACBP=A9
 0001:0004F2F4 000001A4 C=CODE     S=.text    G=(none)   M=SyncObjs ACBP=A9
 0001:0004F498 000009BB C=CODE     S=.text    G=(none)   M=UxTheme  ACBP=A9
 0001:0004FE54 00000038 C=CODE     S=.text    G=(none)   M=RichEdit ACBP=A9
 0001:0004FE8C 00000038 C=CODE     S=.text    G=(none)   M=ToolWin  ACBP=A9
 0001:0004FEC4 00000038 C=CODE     S=.text    G=(none)   M=ShellAPI ACBP=A9
 0001:0004FEFC 00000038 C=CODE     S=.text    G=(none)   M=RegStr   ACBP=A9
 0001:0004FF34 00000038 C=CODE     S=.text    G=(none)   M=WinInet  ACBP=A9
 0001:0004FF6C 00000038 C=CODE     S=.text    G=(none)   M=UrlMon   ACBP=A9
 0001:0004FFA4 00000038 C=CODE     S=.text    G=(none)   M=ShlObj   ACBP=A9
 0001:0004FFDC 00000038 C=CODE     S=.text    G=(none)   M=CommDlg  ACBP=A9
 0001:00050014 00000038 C=CODE     S=.text    G=(none)   M=Dlgs     ACBP=A9
 0001:0005004C 000012E5 C=CODE     S=.text    G=(none)   M=Dialogs  ACBP=A9
 0001:00051334 00002B3E C=CODE     S=.text    G=(none)   M=ExtCtrls ACBP=A9
 0001:00053E74 00000038 C=CODE     S=.text    G=(none)   M=ComStrs  ACBP=A9
 0001:00053EAC 0000069C C=CODE     S=.text    G=(none)   M=Clipbrd  ACBP=A9
 0001:00054548 00000038 C=CODE     S=.text    G=(none)   M=StrUtils ACBP=A9
 0001:00054580 000000F5 C=CODE     S=.text    G=(none)   M=Buttons  ACBP=A9
 0001:00054678 00000038 C=CODE     S=.text    G=(none)   M=ExtDlgs  ACBP=A9
 0001:000546B0 00000068 C=CODE     S=.text    G=(none)   M=IniFiles ACBP=A9
 0001:00054718 00000068 C=CODE     S=.text    G=(none)   M=Registry ACBP=A9
 0001:00054780 0000006C C=CODE     S=.text    G=(none)   M=Mapi     ACBP=A9
 0001:000547EC 00000058 C=CODE     S=.text    G=(none)   M=ExtActns ACBP=A9
 0001:00054844 00000038 C=CODE     S=.text    G=(none)   M=ListActns ACBP=A9
 0001:0005487C 00000180 C=CODE     S=.text    G=(none)   M=ComCtrls ACBP=A9
 0001:000549FC 00000B20 C=CODE     S=.text    G=(none)   M=Themes   ACBP=A9
 0001:0005551C 00005EE0 C=CODE     S=.text    G=(none)   M=StdCtrls ACBP=A9
 0001:0005B3FC 00000168 C=CODE     S=.text    G=(none)   M=StdActns ACBP=A9
 0001:0005B564 00000D1F C=CODE     S=.text    G=(none)   M=WinHelpViewer ACBP=A9
 0001:0005C284 000113FB C=CODE     S=.text    G=(none)   M=Controls ACBP=A9
 0001:0006D680 00001292 C=CODE     S=.text    G=(none)   M=ActnList ACBP=A9
 0001:0006E914 00001974 C=CODE     S=.text    G=(none)   M=ImgList  ACBP=A9
 0001:00070288 00006639 C=CODE     S=.text    G=(none)   M=Menus    ACBP=A9
 0001:000768C4 0000C4B0 C=CODE     S=.text    G=(none)   M=Forms    ACBP=A9
 0001:00082D74 00000A4C C=CODE     S=.text    G=(none)   M=MaskUtils ACBP=A9
 0001:000837C0 00002108 C=CODE     S=.text    G=(none)   M=Mask     ACBP=A9
 0001:000858C8 00008120 C=CODE     S=.text    G=(none)   M=Grids    ACBP=A9
 0001:0008D9E8 00000070 C=CODE     S=.text    G=(none)   M=DateUtils ACBP=A9
 0001:0008DA58 00000180 C=CODE     S=.text    G=(none)   M=DBConsts ACBP=A9
 0001:0008DBD8 00000F67 C=CODE     S=.text    G=(none)   M=SqlTimSt ACBP=A9
 0001:0008EB40 00004AEF C=CODE     S=.text    G=(none)   M=FMTBcd   ACBP=A9
 0001:00093630 00000058 C=CODE     S=.text    G=(none)   M=ComConst ACBP=A9
 0001:00093688 00000E65 C=CODE     S=.text    G=(none)   M=ComObj   ACBP=A9
 0001:000944F0 0001247C C=CODE     S=.text    G=(none)   M=DB       ACBP=A9
 0001:000A696C 000000B8 C=CODE     S=.text    G=(none)   M=VDBConsts ACBP=A9
 0001:000A6A24 00000728 C=CODE     S=.text    G=(none)   M=DBLogDlg ACBP=A9
 0001:000A714C 00000531 C=CODE     S=.text    G=(none)   M=DBPWDlg  ACBP=A9
 0001:000A7680 000030D0 C=CODE     S=.text    G=(none)   M=DBCtrls  ACBP=A9
 0001:000AA750 00008D28 C=CODE     S=.text    G=(none)   M=DBGrids  ACBP=A9
 0001:000B3478 00000764 C=CODE     S=.text    G=(none)   M=Dbf_Common ACBP=A9
 0001:000B3BDC 00000638 C=CODE     S=.text    G=(none)   M=Dbf_Str  ACBP=A9
 0001:000B4214 000011F4 C=CODE     S=.text    G=(none)   M=Dbf_PgFile ACBP=A9
 0001:000B5408 00000130 C=CODE     S=.text    G=(none)   M=Dbf_Cursor ACBP=A9
 0001:000B5538 00000BC0 C=CODE     S=.text    G=(none)   M=Dbf_Memo ACBP=A9
 0001:000B60F8 00000498 C=CODE     S=.text    G=(none)   M=Dbf_PrsSupp ACBP=A9
 0001:000B6590 000020E0 C=CODE     S=.text    G=(none)   M=Dbf_PrsDef ACBP=A9
 0001:000B8670 0000242C C=CODE     S=.text    G=(none)   M=Dbf_PrsCore ACBP=A9
 0001:000BAA9C 00000424 C=CODE     S=.text    G=(none)   M=Dbf_Lang ACBP=A9
 0001:000BAEC0 000004D8 C=CODE     S=.text    G=(none)   M=Dbf_IdxCur ACBP=A9
 0001:000BB398 000036EC C=CODE     S=.text    G=(none)   M=Dbf_Parser ACBP=A9
 0001:000BEA84 00005921 C=CODE     S=.text    G=(none)   M=Dbf_IdxFile ACBP=A9
 0001:000C43A8 00000E24 C=CODE     S=.text    G=(none)   M=Dbf_Fields ACBP=A9
 0001:000C51CC 00003290 C=CODE     S=.text    G=(none)   M=Dbf_DbfFile ACBP=A9
 0001:000C845C 0000461C C=CODE     S=.text    G=(none)   M=Dbf      ACBP=A9
 0001:000CCA78 000001E0 C=CODE     S=.text    G=(none)   M=Unit1    ACBP=A9
 0001:000CCC58 00000385 C=CODE     S=.text    G=(none)   M=Project1 ACBP=A9
 0002:00000000 000000A0 C=DATA     S=.data    G=DGROUP   M=System   ACBP=A9
 0002:000000A0 00000020 C=DATA     S=.data    G=DGROUP   M=SysInit  ACBP=A9
 0002:000000C0 00000274 C=DATA     S=.data    G=DGROUP   M=SysUtils ACBP=A9
 0002:00000334 00000110 C=DATA     S=.data    G=DGROUP   M=VarUtils ACBP=A9
 0002:00000444 0000013A C=DATA     S=.data    G=DGROUP   M=Variants ACBP=A9
 0002:00000580 0000000C C=DATA     S=.data    G=DGROUP   M=TypInfo  ACBP=A9
 0002:0000058C 00000010 C=DATA     S=.data    G=DGROUP   M=ActiveX  ACBP=A9
 0002:0000059C 00000080 C=DATA     S=.data    G=DGROUP   M=Classes  ACBP=A9
 0002:0000061C 000002BC C=DATA     S=.data    G=DGROUP   M=EConsts  ACBP=A9
 0002:000008D8 00000004 C=DATA     S=.data    G=DGROUP   M=ECore    ACBP=A9
 0002:000008DC 0000210C C=DATA     S=.data    G=DGROUP   M=EZLib    ACBP=A9
 0002:000029E8 00000099 C=DATA     S=.data    G=DGROUP   M=ExceptionLog ACBP=A9
 0002:00002A84 00000304 C=DATA     S=.data    G=DGROUP   M=Graphics ACBP=A9
 0002:00002D88 00000004 C=DATA     S=.data    G=DGROUP   M=Printers ACBP=A9
 0002:00002D8C 000000B4 C=DATA     S=.data    G=DGROUP   M=Dialogs  ACBP=A9
 0002:00002E40 0000018C C=DATA     S=.data    G=DGROUP   M=ExtCtrls ACBP=A9
 0002:00002FCC 0000002C C=DATA     S=.data    G=DGROUP   M=Buttons  ACBP=A9
 0002:00002FF8 00000008 C=DATA     S=.data    G=DGROUP   M=IniFiles ACBP=A9
 0002:00003000 00000008 C=DATA     S=.data    G=DGROUP   M=Registry ACBP=A9
 0002:00003008 00000008 C=DATA     S=.data    G=DGROUP   M=Mapi     ACBP=A9
 0002:00003010 00000018 C=DATA     S=.data    G=DGROUP   M=ComCtrls ACBP=A9
 0002:00003028 00000068 C=DATA     S=.data    G=DGROUP   M=Themes   ACBP=A9
 0002:00003090 000000A0 C=DATA     S=.data    G=DGROUP   M=StdCtrls ACBP=A9
 0002:00003130 0000013C C=DATA     S=.data    G=DGROUP   M=Controls ACBP=A9
 0002:0000326C 00000020 C=DATA     S=.data    G=DGROUP   M=ImgList  ACBP=A9
 0002:0000328C 000000EC C=DATA     S=.data    G=DGROUP   M=Menus    ACBP=A9
 0002:00003378 0000011C C=DATA     S=.data    G=DGROUP   M=Forms    ACBP=A9
 0002:00003494 00000009 C=DATA     S=.data    G=DGROUP   M=MaskUtils ACBP=A9
 0002:000034A0 00000004 C=DATA     S=.data    G=DGROUP   M=Mask     ACBP=A9
 0002:000034A4 0000003C C=DATA     S=.data    G=DGROUP   M=SqlTimSt ACBP=A9
 0002:000034E0 00000065 C=DATA     S=.data    G=DGROUP   M=FMTBcd   ACBP=A9
 0002:00003548 00000030 C=DATA     S=.data    G=DGROUP   M=ComObj   ACBP=A9
 0002:00003578 00000186 C=DATA     S=.data    G=DGROUP   M=DB       ACBP=A9
 0002:00003700 0000002C C=DATA     S=.data    G=DGROUP   M=DBCtrls  ACBP=A9
 0002:0000372C 00000028 C=DATA     S=.data    G=DGROUP   M=DBGrids  ACBP=A9
 0002:00003754 00000013 C=DATA     S=.data    G=DGROUP   M=Dbf_PgFile ACBP=A9
 0002:00003768 00000A08 C=DATA     S=.data    G=DGROUP   M=Dbf_Lang ACBP=A9
 0002:00004170 0000000B C=DATA     S=.data    G=DGROUP   M=Dbf_DbfFile ACBP=A9
 0002:0000417C 00000008 C=DATA     S=.data    G=DGROUP   M=Dbf      ACBP=A9
 0002:00005000 00000664 C=BSS      S=.bss     G=DGROUP   M=System   ACBP=A9
 0002:00005664 00000010 C=BSS      S=.bss     G=DGROUP   M=SysInit  ACBP=A9
 0002:00005674 00000004 C=BSS      S=.bss     G=DGROUP   M=Types    ACBP=A9
 0002:00005678 00000004 C=BSS      S=.bss     G=DGROUP   M=Windows  ACBP=A9
 0002:0000567C 00000004 C=BSS      S=.bss     G=DGROUP   M=SysConst ACBP=A9
 0002:00005680 00000120 C=BSS      S=.bss     G=DGROUP   M=SysUtils ACBP=A9
 0002:000057A0 00000004 C=BSS      S=.bss     G=DGROUP   M=Messages ACBP=A9
 0002:000057A4 0000005C C=BSS      S=.bss     G=DGROUP   M=VarUtils ACBP=A9
 0002:00005800 00000040 C=BSS      S=.bss     G=DGROUP   M=Variants ACBP=A9
 0002:00005840 00000004 C=BSS      S=.bss     G=DGROUP   M=RTLConsts ACBP=A9
 0002:00005844 00000004 C=BSS      S=.bss     G=DGROUP   M=TypInfo  ACBP=A9
 0002:00005848 00000004 C=BSS      S=.bss     G=DGROUP   M=ActiveX  ACBP=A9
 0002:0000584C 00000044 C=BSS      S=.bss     G=DGROUP   M=Classes  ACBP=A9
 0002:00005890 00000004 C=BSS      S=.bss     G=DGROUP   M=ETypes   ACBP=A9
 0002:00005894 00000004 C=BSS      S=.bss     G=DGROUP   M=EConsts  ACBP=A9
 0002:00005898 00000028 C=BSS      S=.bss     G=DGROUP   M=ECore    ACBP=A9
 0002:000058C0 0000000C C=BSS      S=.bss     G=DGROUP   M=EHook    ACBP=A9
 0002:000058CC 00000004 C=BSS      S=.bss     G=DGROUP   M=ELang    ACBP=A9
 0002:000058D0 00000004 C=BSS      S=.bss     G=DGROUP   M=WinSock  ACBP=A9
 0002:000058D4 00000004 C=BSS      S=.bss     G=DGROUP   M=ESockets ACBP=A9
 0002:000058D8 00000004 C=BSS      S=.bss     G=DGROUP   M=EZLib    ACBP=A9
 0002:000058DC 000007E8 C=BSS      S=.bss     G=DGROUP   M=ExceptionLog ACBP=A9
 0002:000060C4 00000004 C=BSS      S=.bss     G=DGROUP   M=Consts   ACBP=A9
 0002:000060C8 00000060 C=BSS      S=.bss     G=DGROUP   M=Graphics ACBP=A9
 0002:00006128 00000004 C=BSS      S=.bss     G=DGROUP   M=Math     ACBP=A9
 0002:0000612C 00000004 C=BSS      S=.bss     G=DGROUP   M=Contnrs  ACBP=A9
 0002:00006130 00000004 C=BSS      S=.bss     G=DGROUP   M=CommCtrl ACBP=A9
 0002:00006134 00000031 C=BSS      S=.bss     G=DGROUP   M=MultiMon ACBP=A9
 0002:00006168 00000004 C=BSS      S=.bss     G=DGROUP   M=Imm      ACBP=A9
 0002:0000616C 00000008 C=BSS      S=.bss     G=DGROUP   M=HelpIntfs ACBP=A9
 0002:00006174 00000004 C=BSS      S=.bss     G=DGROUP   M=WinSpool ACBP=A9
 0002:00006178 00000004 C=BSS      S=.bss     G=DGROUP   M=Printers ACBP=A9
 0002:0000617C 00000034 C=BSS      S=.bss     G=DGROUP   M=FlatSB   ACBP=A9
 0002:000061B0 00000004 C=BSS      S=.bss     G=DGROUP   M=SyncObjs ACBP=A9
 0002:000061B4 000000CC C=BSS      S=.bss     G=DGROUP   M=UxTheme  ACBP=A9
 0002:00006280 00000004 C=BSS      S=.bss     G=DGROUP   M=RichEdit ACBP=A9
 0002:00006284 00000004 C=BSS      S=.bss     G=DGROUP   M=ToolWin  ACBP=A9
 0002:00006288 00000004 C=BSS      S=.bss     G=DGROUP   M=ShellAPI ACBP=A9
 0002:0000628C 00000004 C=BSS      S=.bss     G=DGROUP   M=RegStr   ACBP=A9
 0002:00006290 00000004 C=BSS      S=.bss     G=DGROUP   M=WinInet  ACBP=A9
 0002:00006294 00000004 C=BSS      S=.bss     G=DGROUP   M=UrlMon   ACBP=A9
 0002:00006298 00000004 C=BSS      S=.bss     G=DGROUP   M=ShlObj   ACBP=A9
 0002:0000629C 00000004 C=BSS      S=.bss     G=DGROUP   M=CommDlg  ACBP=A9
 0002:000062A0 00000004 C=BSS      S=.bss     G=DGROUP   M=Dlgs     ACBP=A9
 0002:000062A4 00000038 C=BSS      S=.bss     G=DGROUP   M=Dialogs  ACBP=A9
 0002:000062DC 00000004 C=BSS      S=.bss     G=DGROUP   M=ExtCtrls ACBP=A9
 0002:000062E0 00000004 C=BSS      S=.bss     G=DGROUP   M=ComStrs  ACBP=A9
 0002:000062E4 0000000C C=BSS      S=.bss     G=DGROUP   M=Clipbrd  ACBP=A9
 0002:000062F0 00000004 C=BSS      S=.bss     G=DGROUP   M=StrUtils ACBP=A9
 0002:000062F4 00000030 C=BSS      S=.bss     G=DGROUP   M=Buttons  ACBP=A9
 0002:00006324 00000004 C=BSS      S=.bss     G=DGROUP   M=ExtDlgs  ACBP=A9
 0002:00006328 00000004 C=BSS      S=.bss     G=DGROUP   M=IniFiles ACBP=A9
 0002:0000632C 00000004 C=BSS      S=.bss     G=DGROUP   M=Registry ACBP=A9
 0002:00006330 00000004 C=BSS      S=.bss     G=DGROUP   M=Mapi     ACBP=A9
 0002:00006334 00000009 C=BSS      S=.bss     G=DGROUP   M=ExtActns ACBP=A9
 0002:00006340 00000004 C=BSS      S=.bss     G=DGROUP   M=ListActns ACBP=A9
 0002:00006344 00000010 C=BSS      S=.bss     G=DGROUP   M=ComCtrls ACBP=A9
 0002:00006354 00000008 C=BSS      S=.bss     G=DGROUP   M=Themes   ACBP=A9
 0002:0000635C 00000004 C=BSS      S=.bss     G=DGROUP   M=StdCtrls ACBP=A9
 0002:00006360 00000004 C=BSS      S=.bss     G=DGROUP   M=StdActns ACBP=A9
 0002:00006364 00000014 C=BSS      S=.bss     G=DGROUP   M=WinHelpViewer ACBP=A9
 0002:00006378 00000080 C=BSS      S=.bss     G=DGROUP   M=Controls ACBP=A9
 0002:000063F8 00000004 C=BSS      S=.bss     G=DGROUP   M=ActnList ACBP=A9
 0002:000063FC 0000000C C=BSS      S=.bss     G=DGROUP   M=ImgList  ACBP=A9
 0002:00006408 00000010 C=BSS      S=.bss     G=DGROUP   M=Menus    ACBP=A9
 0002:00006418 00000020 C=BSS      S=.bss     G=DGROUP   M=Forms    ACBP=A9
 0002:00006438 00000004 C=BSS      S=.bss     G=DGROUP   M=MaskUtils ACBP=A9
 0002:0000643C 00000004 C=BSS      S=.bss     G=DGROUP   M=Mask     ACBP=A9
 0002:00006440 00000004 C=BSS      S=.bss     G=DGROUP   M=Grids    ACBP=A9
 0002:00006444 00000004 C=BSS      S=.bss     G=DGROUP   M=DateUtils ACBP=A9
 0002:00006448 00000004 C=BSS      S=.bss     G=DGROUP   M=DBConsts ACBP=A9
 0002:0000644C 00000004 C=BSS      S=.bss     G=DGROUP   M=SqlTimSt ACBP=A9
 0002:00006450 00000004 C=BSS      S=.bss     G=DGROUP   M=FMTBcd   ACBP=A9
 0002:00006454 00000004 C=BSS      S=.bss     G=DGROUP   M=ComConst ACBP=A9
 0002:00006458 00000011 C=BSS      S=.bss     G=DGROUP   M=ComObj   ACBP=A9
 0002:0000646C 00000020 C=BSS      S=.bss     G=DGROUP   M=DB       ACBP=A9
 0002:0000648C 00000004 C=BSS      S=.bss     G=DGROUP   M=VDBConsts ACBP=A9
 0002:00006490 00000004 C=BSS      S=.bss     G=DGROUP   M=DBLogDlg ACBP=A9
 0002:00006494 00000004 C=BSS      S=.bss     G=DGROUP   M=DBPWDlg  ACBP=A9
 0002:00006498 00000004 C=BSS      S=.bss     G=DGROUP   M=DBCtrls  ACBP=A9
 0002:0000649C 0000000C C=BSS      S=.bss     G=DGROUP   M=DBGrids  ACBP=A9
 0002:000064A8 00000004 C=BSS      S=.bss     G=DGROUP   M=Dbf_Common ACBP=A9
 0002:000064AC 00000050 C=BSS      S=.bss     G=DGROUP   M=Dbf_Str  ACBP=A9
 0002:000064FC 00000004 C=BSS      S=.bss     G=DGROUP   M=Dbf_PgFile ACBP=A9
 0002:00006500 00000004 C=BSS      S=.bss     G=DGROUP   M=Dbf_Cursor ACBP=A9
 0002:00006504 00000004 C=BSS      S=.bss     G=DGROUP   M=Dbf_Memo ACBP=A9
 0002:00006508 00000004 C=BSS      S=.bss     G=DGROUP   M=Dbf_PrsSupp ACBP=A9
 0002:0000650C 00000004 C=BSS      S=.bss     G=DGROUP   M=Dbf_PrsDef ACBP=A9
 0002:00006510 00000004 C=BSS      S=.bss     G=DGROUP   M=Dbf_PrsCore ACBP=A9
 0002:00006514 00000004 C=BSS      S=.bss     G=DGROUP   M=Dbf_Lang ACBP=A9
 0002:00006518 00000004 C=BSS      S=.bss     G=DGROUP   M=Dbf_IdxCur ACBP=A9
 0002:0000651C 00000010 C=BSS      S=.bss     G=DGROUP   M=Dbf_Parser ACBP=A9
 0002:0000652C 00000030 C=BSS      S=.bss     G=DGROUP   M=Dbf_IdxFile ACBP=A9
 0002:0000655C 00000004 C=BSS      S=.bss     G=DGROUP   M=Dbf_Fields ACBP=A9
 0002:00006560 0000000C C=BSS      S=.bss     G=DGROUP   M=Dbf_DbfFile ACBP=A9
 0002:0000656C 00000008 C=BSS      S=.bss     G=DGROUP   M=Dbf      ACBP=A9
 0002:00006574 00000008 C=BSS      S=.bss     G=DGROUP   M=Unit1    ACBP=A9


  Address         Publics by Name

 0002:00001F7C       ..
 0001:0002EA00       ..
 0002:00001F48       ..
 0002:00001ED0       ..
 0002:00000ACC       ..
 0002:000008E0       ..
 0001:0002D438       ..
 0002:00000A10       ..
 0002:00000998       ..
 0002:000058CC       .1
 0002:000058D0       .1
 0002:00006154       .1
 0002:00006454       .1
 0002:00006168       .1
 0002:000058D8       .1
 0002:000057A0       .1
 0002:0000619C       .1
 0002:00005890       .1
 0002:0000567C       .1
 0002:00006270       .1
 0002:00006330       .1
 0002:00006444       .1
 0002:00006280       .1
 0002:00006288       .1
 0002:00006514       .1
 0002:0000628C       .1
 0002:00006290       .1
 0002:00006294       .1
 0002:000064F8       .1
 0002:00006298       .1
 0002:0000629C       .1
 0002:000062A0       .1
 0002:0000636C       .1
 0002:000062F0       .1
 0002:000062E0       .1
 0002:00006130       .1
 0002:000058C0       .1
 0002:0000566C       .1
 0002:00005840       .1
 0002:00005674       .1
 0002:0000644C       .1
 0002:000060C4       .1
 0002:0000648C       .1
 0002:00006448       .1
 0002:00006440       .11
 0002:000062A4       .11
 0002:000060CC       .12
 0002:000062DC       .12
 0002:0000616C       .2
 0002:00006510       .2
 0002:00006490       .2
 0002:000062E8       .2
 0002:00006438       .2
 0002:00006494       .2
 0002:00006354       .2
 0002:0000589C       .2
 0002:00006128       .2
 0002:00006578       .2
 0002:0000651C       .2
 0002:00006518       .2
 0002:000064FC       .2
 0002:00006500       .2
 0002:0000612C       .21
 0002:00006498       .22
 0002:00006450       .3
 0002:00005678       .3
 0002:000063FC       .3
 0002:00005848       .3
 0002:000064A8       .3
 0002:00006178       .3
 0002:00006324       .3
 0002:0000655C       .3
 0002:00006174       .3
 0002:00005790       .35
 0002:00006344       .36
 0002:00006488       .36
 0002:00006564       .4
 0002:000058D4       .4
 0002:00005894       .4
 0002:00006284       .4
 0002:000062F4       .4
 0002:00006458       .41
 0002:00006420       .41
 0002:0000635C       .42
 0002:00005858       .45
 0002:00006570       .5
 0002:000057FC       .5
 0002:0000643C       .5
 0002:0000652C       .5
 0002:000055BC       .5
 0002:0000632C       .5
 0002:00006508       .5
 0002:00006504       .5
 0002:0000650C       .52
 0002:000061B0       .6
 0002:00005844       .6
 0002:000058E8       .7
 0002:00006334       .72
 0002:00006380       .72
 0002:00006360       .73
 0002:00006340       .8
 0002:00006328       .8
 0002:000063F8       .8
 0002:00005820       .81
 0002:00006410       .9
 0002:0000649C       .9
 0001:00001CC0       @AbstractError
 0001:000044A0       @AddRefArray
 0001:00004458       @AddRefRecord
 0001:00030848       @adler32
 0001:00002D0C       @AfterConstruction
 0001:00002B00       @AsClass
 0001:000037A4       @Assert
 0001:0000212C       @AStrCmp
 0001:00002D1C       @BeforeDestruction
 0001:00002890       @BoundErr
 0001:00002B4C       @CallDynaInst
 0001:000056D4       @CheckAutoResult
 0001:00002CB4       @ClassCreate
 0001:00002D04       @ClassDestroy
 0001:00001FF8       @Close
 0001:00001960       @Copy
 0001:00004694       @CopyArray
 0001:00004578       @CopyRecord
 0001:00004800       @DispCallByIDError
 0001:0000F984       @DispInvokeError
 0001:0000479C       @Dispose
 0001:0000325C       @DoneExcept
 0001:00004F70       @DynArrayAddRef
 0001:00004F48       @DynArrayAsg
 0001:00004F0C       @DynArrayClear
 0001:00004DF8       @DynArrayCopy
 0001:00004E18       @DynArrayCopyRange
 0001:00004C38       @DynArrayHigh
 0001:00004C30       @DynArrayLength
 0001:00004DEC       @DynArraySetLength
 0001:00003344       @ExceptionHandler
 0001:0000219C       @FillChar
 0001:0000444C       @Finalize
 0001:00004360       @FinalizeArray
 0001:00004314       @FinalizeRecord
 0001:00002B64       @FindDynaInst
 0001:00001FEC       @Flush
 0001:00002884       @FpuInit
 0001:000027C0       @FpuMaskInit
 0001:000017E8       @FreeMem
 0001:000017C8       @GetMem
 0001:00005D10       @GetTls
 0001:0000378C       @Halt
 0001:000036B4       @Halt0
 0001:00002E30       @HandleAnyException
 0001:0000311C       @HandleAutoException
 0001:000030E4       @HandleFinally
 0001:00002F5C       @HandleOnException
 0001:0002C708       @inflate_blocks
 0001:0002D3D8       @inflate_blocks_free
 0001:0002C670       @inflate_blocks_new
 0001:0002C60C       @inflate_blocks_reset
 0001:0002D42C       @inflate_blocks_sync_point
 0001:0002DB84       @inflate_codes
 0001:0002E41C       @inflate_codes_free
 0001:0002DB34       @inflate_codes_new
 0001:0002E538       @inflate_fast
 0001:0002E428       @inflate_flush
 0001:0002D408       @inflate_set_dictionary
 0001:0002D92C       @inflate_trees_bits
 0001:0002D9C8       @inflate_trees_dynamic
 0001:0002DB08       @inflate_trees_fixed
 0001:00005D5C       @InitExe
 0001:00004308       @Initialize
 0001:00004274       @InitializeArray
 0001:00004244       @InitializeRecord
 0001:00003578       @InitImports
 0001:00003550       @InitResStringImports
 0001:0000352C       @InitResStrings
 0001:00005638       @IntfAddRef
 0001:00005608       @IntfCast
 0001:000055C4       @IntfClear
 0001:000055DC       @IntfCopy
 0001:00002ADC       @IsClass
 0001:00002790       @isNECWindows
 0001:000019A4       @LGetDir
 0001:00003D14       @LStrAddRef
 0001:0000386C       @LStrArrayClr
 0001:0000389C       @LStrAsg
 0001:00003B2C       @LStrCat
 0001:00003B70       @LStrCat3
 0001:00003BE4       @LStrCatN
 0001:00003848       @LStrClr
 0001:00003C70       @LStrCmp
 0001:00003D84       @LStrCopy
 0001:00003DC4       @LStrDelete
 0001:00003AB8       @LStrFromArray
 0001:00003A30       @LStrFromChar
 0001:00003A40       @LStrFromPChar
 0001:00003938       @LStrFromPCharLen
 0001:00003A70       @LStrFromPWChar
 0001:000039A4       @LStrFromPWCharLen
 0001:00003AAC       @LStrFromString
 0001:00003AD0       @LStrFromWArray
 0001:00003AEC       @LStrFromWStr
 0001:00003E0C       @LStrInsert
 0001:000038E0       @LStrLAsg
 0001:00003B24       @LStrLen
 0001:00003F14       @LStrOfChar
 0001:00003E68       @LStrPos
 0001:00003EB0       @LStrSetLength
 0001:00003D24       @LStrToPChar
 0001:00003B00       @LStrToString
 0001:00004788       @New
 0001:0000390C       @NewAnsiString
 0001:00003F70       @NewWideString
 0001:000143B8       @OleVarFromLStr
 0001:00014474       @OleVarFromVar
 0001:00001C28       @Pos
 0001:000024A4       @Pow10
 0001:000020A8       @PStrCmp
 0001:00002080       @PStrCpy
 0001:00002050       @PStrNCat
 0001:0000208C       @PStrNCpy
 0001:00003208       @RaiseAgain
 0001:000031E0       @RaiseExcept
 0001:00001808       @ReallocMem
 0001:00001D34       @RewritText
 0001:00001C90       @ROUND
 0001:00003798       @RunError
 0001:00002488       @SetEq
 0001:00001C68       @SetLength
 0001:000034EC       @StartExe
 0001:000049E4       @Str0Int64
 0001:0000221C       @Str0Long
 0001:00004924       @StrInt64
 0001:000003A0       @strlen
 0001:000021BC       @StrLong
 0001:00001C9C       @TRUNC
 0001:0000328C       @TryFinallyExit
 0001:00003D7C       @UniqueStringA
 0001:00004A00       @ValInt64
 0001:00002228       @ValLong
 0001:00014F04       @VarAddRef
 0001:00004488       @VarAddRef
 0001:000156AC       @VarArrayGet
 0001:0001579C       @VarArrayPut
 0001:000104DC       @VarCast
 0001:0000FC70       @VarClear
 0001:0000FC84       @VarClr
 0001:00004348       @VarClr
 0001:00016F4C       @VarCmpEQ
 0001:00016F7C       @VarCmpGT
 0001:00016F6C       @VarCmpLT
 0001:00016F5C       @VarCmpNE
 0001:00004560       @VarCopy
 0001:0000FF98       @VarCopy
 0001:00010218       @VarCopyNoInd
 0001:00014248       @VarFromBool
 0001:000140D4       @VarFromByte
 0001:00014298       @VarFromCurr
 0001:000141F0       @VarFromCurrency
 0001:0001421C       @VarFromDate
 0001:0001438C       @VarFromDisp
 0001:000141C4       @VarFromDouble
 0001:00014078       @VarFromInt
 0001:00014174       @VarFromInt64
 0001:000140B4       @VarFromInteger
 0001:00014360       @VarFromIntf
 0001:00014114       @VarFromLongWord
 0001:000142AC       @VarFromLStr
 0001:000142D8       @VarFromPStr
 0001:00014270       @VarFromReal
 0001:00014134       @VarFromShortInt
 0001:000141A0       @VarFromSingle
 0001:00014154       @VarFromSmallInt
 0001:00014284       @VarFromTDateTime
 0001:000140F4       @VarFromWord
 0001:00014328       @VarFromWStr
 0001:0000F9D8       @VarNull
 0001:0001022C       @VarStringToOleStr
 0001:00011CA8       @VarToBool
 0001:00011960       @VarToBoolean
 0001:00010DA0       @VarToByte
 0001:00012B4C       @VarToCurrency
 0001:000125E4       @VarToDate
 0001:00013FCC       @VarToDisp
 0001:00011E74       @VarToDouble
 0001:00011364       @VarToInt64
 0001:000108A0       @VarToInteger
 0001:00013F00       @VarToIntf
 0001:00011018       @VarToLongWord
 0001:00013200       @VarToLStr
 0001:000121F0       @VarToReal
 0001:00010CF0       @VarToShortInt
 0001:0001220C       @VarToSingle
 0001:00010E48       @VarToSmallInt
 0001:00010F40       @VarToWord
 0001:00013928       @VarToWStr
 0001:00003F40       @Write0LString
 0001:00002340       @WriteBytes
 0001:00002410       @WriteLn
 0001:00003F48       @WriteLString
 0001:00002394       @WriteSpaces
 0001:00004224       @WStrAddRef
 0001:00003FB0       @WStrArrayClr
 0001:00003FD4       @WStrAsg
 0001:00003F98       @WStrClr
 0001:00004110       @WStrCmp
 0001:00004194       @WStrCopy
 0001:000040E4       @WStrFromLStr
 0001:00003FF8       @WStrFromPCharLen
 0001:000040A8       @WStrFromPWChar
 0001:00004084       @WStrFromPWCharLen
 0001:00004104       @WStrLen
 0001:000041E0       @WStrSetLength
 0001:000040F4       @WStrToPWChar
 0001:00002464       @_CLenToPasStr
 0001:00002458       @_CToPasStr
 0001:00001930       @_IOTest
 0001:0000482C       @_lldiv
 0001:000048A8       @_llmod
 0001:00004808       @_llmul
 0001:0002FBF8       @_tr_align
 0001:0002FEB8       @_tr_flush_block
 0001:0002EA04       @_tr_init
 0001:0002FB3C       @_tr_stored_block
 0001:0000C0F0       Abort
 0001:0005F3F4       AbsMin
 0001:0000C4BC       AbstractErrorHandler
 0002:0000502C       AbstractErrorProc
 0002:00000144       AccessMode
 0001:00001898       AcquireExceptionObject
 0001:0003832C       ActicatePage
 0001:0001B260       ActivateClassGroup
 0002:00005A34       ActivateEurekaLog
 0001:00026FC4       ActivateInterlanLog
 0001:0000653C       ActivateKeyboardLayout
 0002:000063B4       ActiveDrag
 0002:000058B9       ActiveInternalLog
 0001:00018BDC       ActiveX
 0001:0006E8E8       ActnList
 0001:000004D4       AddBlockAfter
 0001:0008FC80       AddChars
 0001:00092D28       AddCurrency
 0001:000924F8       AddCurrencySymbol
 0002:0000059C       AddDataModule
 0001:00091E04       AddDigit
 0001:0002A0C4       AddDNS
 0001:00007E28       AddExitProc
 0001:0009AB60       AddFieldDefs
 0001:0009ADBC       AddFields
 0001:000ADD14       AddFields
 0001:0001EDEC       AddFinished
 0001:00071EBC       AddIn
 0001:00093018       AddLiterals
 0001:00035198       AddModule
 0001:00005468       AddModuleUnloadProc
 0001:00005458       AddModuleUnloadProc
 0001:000925D8       AddNegCurrencySymbol
 0001:0009136C       AddNormalizedFractions
 0001:0001EE24       AddNotFinished
 0001:00091DE8       AddOneChar
 0002:00005A35       AddSimpleModule
 0001:0008FD3C       AddStrings
 0001:0001F848       AddSubComponentsToLoaded
 0001:00023DB0       AddThread
 0001:000352A8       AddToStack
 0002:000034C0       AdjustAmt
 0002:000034D8       AdjustAmt
 0002:000034D0       AdjustAmt
 0002:000034C8       AdjustAmt
 0001:00047E80       AdjustColor
 0001:000536C0       AdjustColors
 0001:00090798       AdjustDecimalPosition
 0001:0003827C       AdjustDialog
 0001:000A4CBC       AdjustFirstRecord
 0001:00036790       AdjustFlatStyle
 0001:00078ECC       Adjustment
 0001:000916C4       AdjustNibbles
 0001:00006544       AdjustWindowRectEx
 0001:0000D800       AL1
 0002:00000314       AL1s
 0001:0000D810       AL2
 0002:00000324       AL2s
 0002:00003730       AlignFlags
 0002:00003350       Alignments
 0002:00003098       Alignments
 0002:00003360       Alignments
 0002:00002E48       Alignments
 0001:00064AA8       AlignWork
 0001:0007FDC4       AlignWork
 0001:00025608       AllocateHWnd
 0001:00007DDC       AllocMem
 0002:000055B4       AllocMemCount
 0002:000055B8       AllocMemSize
 0001:0004D1A4       AllocPatternBitmap
 0001:00005CB8       AllocTlsBuffer
 0001:0000D840       ALR
 0001:0000D828       ALV
 0001:000225A8       AncestorIsValid
 0002:0000313C       AnchorAlign
 0002:00003130       AnimateWindowProc
 0002:00003238       AnimationStyle
 0001:00008008       AnsiCompareStr
 0001:00008040       AnsiCompareText
 0001:00008784       AnsiLastChar
 0001:0000654C       AnsiLower
 0001:00007FD4       AnsiLowerCase
 0001:0000CE70       AnsiLowerCaseFileName
 0001:0000CE38       AnsiPos
 0001:000766D0       AnsiSameCaption
 0001:00008078       AnsiSameText
 0001:00008090       AnsiStrComp
 0001:000080B0       AnsiStrIComp
 0001:000080D0       AnsiStrLIComp
 0001:0000CEFC       AnsiStrPos
 0001:0000CF9C       AnsiStrRScan
 0001:0000CFC4       AnsiStrScan
 0001:00005A54       AnsiToUtf8
 0001:00007FA0       AnsiUpperCase
 0001:00013E88       AnyToIntf
 0001:0000A360       AppendChars
 0001:0000A724       AppendFormat
 0001:0000A3C4       AppendNumber
 0001:0000A3A4       AppendString
 0002:00006418       Application
 0002:000005AC       ApplicationHandleException
 0001:000CC9E0       ApplicationPath
 0002:000005B4       ApplicationShowException
 0002:0000348C       AppVisible
 0002:000034A0       ArrowKey
 0001:00034514       ASMAssigned
 0001:0000C4A0       AssertErrorHandler
 0002:00005024       AssertErrorProc
 0001:00018214       AssignLongStr
 0001:00018890       AssignVariant
 0001:0003B190       AttachedFile
 0001:0003B354       AttachedFiles
 0001:0009B674       AttributeSetStored
 0002:0000560C       avail
 0001:00008A1C       BackfillGetDiskFreeSpaceEx
 0001:00061F88       BackgroundClipped
 0001:0000E6A4       BackupVarBoolFromStr
 0001:0000E804       BackupVarBStrFromBool
 0001:0000E724       BackupVarBStrFromCy
 0001:0000E794       BackupVarBStrFromDate
 0001:0000E638       BackupVarCyFromStr
 0001:0000E5CC       BackupVarDateFromStr
 0001:0000E488       BackupVarI4FromStr
 0001:0000E434       BackupVariantChangeTypeEx
 0001:0000E4F4       BackupVarR4FromStr
 0001:0000E560       BackupVarR8FromStr
 0001:0003AD00       Base64Encode
 0001:0003AF50       Base64EncodeFromFile
 0001:0003AED4       Base64EncodeFromString
 0002:000036D8       BaseFieldTypes
 0002:0000045C       BaseTypeMap
 0001:00091C98       BcdAdd
 0001:00091874       BcdCompare
 0001:00092968       BcdCurrencyFormat
 0001:00091ADC       BcdDivide
 0001:00091C2C       BcdDivide
 0001:0008EE60       BcdError
 0001:0008EDF0       BcdErrorFmt
 0001:00092318       BcdFixedOrNumberFormat
 0001:000922B4       BcdGeneralFormat
 0001:00091A70       BcdMultiply
 0001:00091978       BcdMultiply
 0001:0009210C       BcdScale
 0001:000922CC       BcdScientificFormat
 0001:0009193C       BcdSubtract
 0001:00092208       BCDToCurr
 0001:0008F854       BcdToDouble
 0001:00091FC8       BcdToStr
 0001:00092A54       BcdToStrF
 0001:0000CA94       Beep
 0001:0001B634       BeginGlobalLoading
 0001:00006554       BeginPaint
 0001:000037FC       BeginThread
 0001:00047E8C       BetterSize
 0001:00052FB0       BevelLine
 0001:00052EC0       BevelRect
 0001:00072D30       BiDiDraw
 0001:000062D4       BitBlt
 0002:00002FCC       BitBtnCaptions
 0002:000062F8       BitBtnGlyphs
 0002:00002D3C       BitmapCanvasList
 0002:000060E4       BitmapImageLock
 0001:0000E470       BiUnimplemented
 0001:00090634       BlankArgument
 0002:000005F0       BlockCode
 0002:000055E4       blockDescBlockList
 0002:000055E8       blockDescFreeList
 0002:00000580       BooleanIdents
 0002:00000458       BooleanToStringRule
 0001:0000858C       BoolToStr
 0001:00012F88       BoolToWStrViaOS
 0002:00002E40       BorderStyles
 0002:00003090       BorderStyles
 0001:0001A578       Bounds
 0001:00005DFC       Bounds
 0002:000032F8       Breaks
 0002:0000611C       BrushManager
 0002:00003700       BtnHintId
 0001:000A4388       BufferToByteArray
 0001:0008613C       Build
 0001:000754E4       BuildImage
 0002:00002DE8       ButtonCaptions
 0002:00002DBC       ButtonNames
 0002:00003374       Buttons
 0001:00054650       Buttons
 0002:000030D4       ButtonStyles
 0002:000062B0       ButtonWidths
 0001:000A443C       ByteArrayToBuffer
 0001:0004766C       BytesPerScanline
 0001:00039C6C       BytesSwap
 0001:000479C4       ByteSwapColors
 0001:0000CB78       ByteToCharIndex
 0001:0000CB50       ByteToCharLen
 0001:0000CB14       ByteType
 0001:0000CA9C       ByteTypeTest
 0002:00006400       CachedComCtrlVer
 0001:00041AC0       CalcAddr
 0001:000892F0       CalcAxis
 0001:000885C8       CalcAxis
 0001:0008880C       CalcAxisState
 0001:00039C9C       CalcCRC
 0001:000358D8       CalcDuplicatedException
 0001:00088654       CalcFixedAxis
 0001:00025544       CalcJmpOffset
 0001:00088768       CalcMaxCell
 0001:000421AC       CalcMaxPos
 0001:0008A79C       CalcPageExtents
 0001:00092C18       CalcPrecisionAndDigits
 0001:0008A098       CalcScroll
 0001:00089700       CalcScrollBar
 0001:0008A3FC       CalcSizeInfo
 0001:0006C850       CalcSplitterPos
 0001:000A1448       CalcTotalSize
 0001:0009B6B4       CalculatedStored
 0001:00035798       CallExceptionActionNotify
 0001:0003D2E0       CallExceptionActionNotify_atSavedLogFile
 0001:0003D2CC       CallExceptionActionNotify_atSavingLogFile
 0001:0003C250       CallExceptionActionNotify_atSendingEmail
 0001:0003C264       CallExceptionActionNotify_atSentEmail
 0001:0003D714       CallExceptionActionNotify_atShowedExceptionInfo
 0001:0003D700       CallExceptionActionNotify_atShowingExceptionInfo
 0001:000396B0       CallExceptionActionNotify_atTerminating
 0001:00035838       CallExceptionErrorNotify
 0001:0003D2F4       CallExceptionErrorNotify_atSavedLogFile
 0001:0003C278       CallExceptionErrorNotify_atSentEmail
 0001:00035750       CallExceptionNotify
 0001:0000655C       CallNextHookEx
 0001:0000D7C4       CallTerminateProcs
 0001:00006564       CallWindowProc
 0001:0003D728       CallWriteIntraWebText
 0001:00040C7C       Call_HookedExceptionObject
 0001:00040B30       Call_HookedRaise
 0002:000059E0       CanAttachScreenshot
 0002:000059DD       CanAttachScreenshot_Show
 0001:0006042C       CancelDrag
 0001:000A5B18       CancelNestedDataSets
 0002:000059E1       CanCopy
 0002:000059DE       CanCopy_Show
 0001:000355FC       CanExit
 0002:000059DF       CanSendEmail
 0002:000059DC       CanSendEmail_Show
 0001:000905C4       CanUseShort
 0002:00006120       CanvasList
 0002:000063C8       CanvasList
 0002:00005AA4       CaptionFontName
 0002:00002D94       Captions
 0002:000031F4       CaptureControl
 0001:0008674C       CaretPos
 0002:00003298       cBooleanToItemAutoFlag
 0002:0000048C       CBooleanToRelationship
 0002:000062E6       CF_COMPONENT
 0002:000062E4       CF_PICTURE
 0002:00005974       CGIHandleException
 0002:0000593C       CGIOutputFile
 0002:00005818       ChangeAnyProc
 0001:0005E9AC       ChangeBiDiModeAlignment
 0001:00008804       ChangeFileExt
 0002:000030B8       CharCases
 0001:00003968       CharFromWChar
 0001:0000CD4C       CharLength
 0001:0000656C       CharLowerBuff
 0001:00006574       CharNext
 0001:00000300       CharNext
 0001:00045DE4       CharsetToIdent
 0001:0000CC60       CharToByteIndex
 0001:0000CCC4       CharToByteLen
 0001:0000657C       CharToOemA
 0001:00006584       CharToOemBuff
 0001:0000658C       CharUpperBuff
 0001:00048454       CheckBool
 0001:000B0A94       CheckForPassthroughs
 0001:000336E8       CheckForResult
 0001:000C1C34       CheckHeaderIntegrity
 0001:00027010       CheckIntoIDE
 0001:00002DAC       CheckJmp
 0001:00006594       CheckMenuItem
 0001:000A48A8       CheckNestedBrowseMode
 0002:000032E8       Checks
 0001:0008E9DC       CheckSqlTimeStamp
 0001:0001F884       CheckSubComponents
 0001:00023DC8       CheckSynchronize
 0001:00078908       CheckTaskWindow
 0001:000145C4       CheckType
 0001:000600E0       CheckUndock
 0001:0000C988       CheckWin32Version
 0002:00000474       CInvalidCustomVariantType
 0002:0000329C       cItemAutoFlagToBoolean
 0002:00003294       cItemAutoFlagToMenu
 0001:00025794       Classes
 0001:0001B024       ClassNotFound
 0002:00005814       ClearAnyProc
 0001:00045674       ClearColor
 0001:000941D0       ClearExcepInfo
 0001:00031D58       ClearInternalError
 0001:000B00E0       ClearSelection
 0001:000161D4       ClearVariantTypeList
 0001:0000659C       ClientToScreen
 0001:00069DF4       ClientToWindow
 0001:00054404       Clipboard
 0002:00002D34       ClipboardFormats
 0001:000544F0       Clipbrd
 0001:000065A4       CloseClipboard
 0001:000002A0       CloseHandle
 0001:00005F3C       CloseHandle
 0001:00029338       closesocket
 0002:000061B8       CloseThemeData
 0002:0000597C       CLXHandleException
 0002:00005040       CmdLine
 0002:0000503C       CmdShow
 0002:00003290       cMenuAutoFlagToItem
 0002:00000498       CmpTypeMap
 0001:0000E47C       CmpUnimplemented
 0002:00003550       CoAddRefServerProcess
 0002:00003548       CoCreateInstanceEx
 0002:00002A40       Code64
 0001:000C8268       CodePagesProc
 0002:00003560       CoInitFlags
 0001:00018B80       CoInitialize
 0002:0000354C       CoInitializeEx
 0001:0001B8F0       CollectionsEqual
 0002:00002AB4       Colors
 0001:00045BDC       ColorToIdent
 0002:00002E54       ColorToPretyName
 0001:00045BCC       ColorToRGB
 0002:00005C98       ColoursCount
 0002:00005C60       ColWidths
 0002:00006460       ComClassManagerVar
 0001:00093680       ComConst
 0002:00006350       ComCtlVersion
 0001:000549F4       ComCtrls
 0002:00006414       CommandPool
 0001:0004D798       CommCtrl
 0001:0005000C       CommDlg
 0001:000007B4       Commit
 0002:00005628       committedRoot
 0001:00039F3C       CommonSaveToStream
 0001:00094498       ComObj
 0001:00091644       CompactBcd
 0001:0008FA20       CompareDigits
 0001:000347C8       CompareEurekaFunctions
 0001:000864A8       CompareExtents
 0001:000714A0       CompareFront
 0001:00007F08       CompareMem
 0001:000325B0       CompareModulesFunctions
 0001:00091424       CompareNormalizedFractions
 0001:00007ED8       CompareStr
 0001:00005F44       CompareString
 0001:00007F28       CompareText
 0001:000CAFC0       CompareValues
 0001:000084B4       CompareWith
 0001:000334B4       CompiledWithPackages
 0001:0003D254       CompleteStr
 0001:0001F964       ComponentCreated
 0001:00048224       ComputeAldusChecksum
 0001:0003C684       ComputerName
 0001:00053EA4       ComStrs
 0001:00029340       connect
 0001:000BACE8       ConstructLangId
 0001:000BAA9C       ConstructLangName
 0001:00044314       Consts
 0001:0004D6A4       Contnrs
 0002:00006386       ControlAtom
 0002:0000638C       ControlAtomString
 0001:0007D694       ControlHasHelp
 0001:0006D5F0       Controls
 0001:0000BE90       ConvertAddr
 0001:000334C8       ConvertAddress
 0001:000289DC       ConvertAddress
 0001:0000A4B4       ConvertEraString
 0001:00007DA0       ConvertError
 0001:00007DB8       ConvertErrorFmt
 0001:0000A61C       ConvertYearString
 0001:00004C40       CopyArray
 0001:0004A734       CopyBitmap
 0001:0004ADFC       CopyBitmapAsMask
 0001:000922A0       CopyByte
 0001:000062DC       CopyEnhMetaFile
 0001:00006B24       CopyMemory
 0001:0004AD98       CopyPalette
 0001:000065AC       CopyRect
 0002:0000302C       Copyright
 0001:00074590       CopyToBest
 0002:00003554       CoReleaseServerProcess
 0002:00003558       CoResumeClassObjects
 0001:000C69E8       CorrectYear
 0002:0000355C       CoSuspendClassObjects
 0001:00018B88       CoUninitialize
 0001:0000CBD0       CountChars
 0002:000060FC       CounterLock
 0001:00038038       CPUDialogProc
 0002:00000478       CRangeToType
 0002:00005CC4       CRCList
 0002:000029EC       CRCListed
 0001:0000C3E4       CreateAssertException
 0001:0000C56C       CreateAVObject
 0001:000062E4       CreateBitmap
 0001:000062EC       CreateBrushIndirect
 0001:000062F4       CreateCompatibleBitmap
 0001:000062FC       CreateCompatibleDC
 0001:0001F9E4       CreateComponent
 0001:00006304       CreateDC
 0001:00006CA0       CreateDialog
 0001:00035E00       CreateDialogFonts
 0001:000065B4       CreateDialogParam
 0001:00006314       CreateDIBitmap
 0001:0000630C       CreateDIBSection
 0001:00005F4C       CreateEvent
 0001:000A341C       CreateFieldDefs
 0001:00005F54       CreateFile
 0001:000002A8       CreateFileA
 0001:00005F5C       CreateFileMapping
 0001:0000631C       CreateFont
 0001:00006324       CreateFontIndirect
 0001:0000632C       CreateHalftonePalette
 0001:000065BC       CreateIcon
 0001:0000C310       CreateInOutError
 0001:000065C4       CreateMenu
 0001:00050ACC       CreateMessageDialog
 0001:0002A4E8       CreateMXQuery
 0001:00006334       CreatePalette
 0001:0000633C       CreatePenIndirect
 0001:000065CC       CreatePopupMenu
 0001:00005F64       CreateProcess
 0001:000314F8       CreateSafeCallItem
 0001:00006344       CreateSolidBrush
 0001:00047A1C       CreateSystemPalette
 0001:00005F6C       CreateThread
 0001:00000308       CreateThread
 0001:0003BE44       CreateTmpLogFile
 0001:000312A8       CreateVirtualFile
 0001:00006C48       CreateWindow
 0001:00006BF0       CreateWindowEx
 0002:00002D8C       CreationControl
 0002:00003134       CreationControl
 0002:00003754       CreationModes
 0002:0000056C       CRelationshipToBoolean
 0002:0000043C       CResult
 0002:00003120       CSHREDRAW
 0002:0000013C       cSimpleBoolStrs
 0002:00000514       CText
 0002:00003230       Ctl3DStyles
 0001:00086718       Ctrl
 0002:00005620       curAlloc
 0001:00014858       CurrCompare
 0002:00005688       CurrencyDecimals
 0002:00005684       CurrencyFormat
 0002:00005680       CurrencyString
 0002:000059A0       CurrentCPUErrorText
 0001:000424F0       CurrentEurekaLogOptions
 0002:0000599C       CurrentGeneralErrorText
 0002:00005934       CurrentOptions
 0002:00005A14       CurrentRequestValue
 0002:00005914       CurrentStackList
 0001:0000A34C       CurrentYear
 0001:0009217C       CurrToBCD
 0001:00009C14       CurrToStr
 0001:00009C7C       CurrToStrF
 0001:00012F18       CurrToWStrViaOS
 0002:00003410       CursorMap
 0002:00003144       Cursors
 0001:0005ECCC       CursorToIdent
 0002:00003400       cUseAlpha
 0002:00003408       cUseColorKey
 0002:00000334       CVarTypeToElementInfo
 0001:000081D8       CvtInt
 0001:00008244       CvtInt64
 0002:0000017C       CWNear
 0002:0000353C       CWNear
 0002:00005CA8       Data
 0002:00003128       Data
 0001:000998F4       DatabaseError
 0001:000999A0       DatabaseErrorFmt
 0002:00005CA0       DataSize
 0001:00014830       DateCompare
 0002:00005689       DateSeparator
 0001:000A4340       DateTimeToNative
 0001:0008E90C       DateTimeToSQLTimeStamp
 0001:0000AF34       DateTimeToStr
 0001:0000AED8       DateTimeToString
 0001:00009E30       DateTimeToTimeStamp
 0001:00012F50       DateToWStrViaOS
 0001:0008DA50       DateUtils
 0001:0000A2D4       DayOfWeek
 0002:00002A20       Days
 0001:0008D9E8       DaysInAMonth
 0001:000A68E0       DB
 0002:00006484       DBApplication
 0002:00004168       dBase_Regions
 0001:0008DBD0       DBConsts
 0001:000AA6E0       DBCtrls
 0001:000CCA64       Dbf
 0002:0000656C       DbfBasePath
 0002:00006560       DbfGlobals
 0002:0000417C       DbfOpenMode
 0001:000C538C       DbfStrToFloat
 0002:00006528       DbfWordsAllList
 0002:00006524       DbfWordsInsensList
 0002:00006520       DbfWordsSensList
 0001:000B3BD4       Dbf_Common
 0001:000B5530       Dbf_Cursor
 0001:000C8454       Dbf_DbfFile
 0001:000C51C4       Dbf_Fields
 0001:000BB390       Dbf_IdxCur
 0001:000C4380       Dbf_IdxFile
 0001:000BAEB8       Dbf_Lang
 0001:000B60F0       Dbf_Memo
 0001:000BD95C       Dbf_Parser
 0001:000B5400       Dbf_PgFile
 0001:000BAA94       Dbf_PrsCore
 0001:000B8668       Dbf_PrsDef
 0001:000B6588       Dbf_PrsSupp
 0001:000B3CD0       Dbf_Str
 0001:000B3470       DBGrids
 0001:000A70F8       DBLogDlg
 0001:000A7668       DBPWDlg
 0002:00006480       DBScreen
 0001:000A8570       DBUseRightToLeftAlignment
 0002:00000178       DCon10
 0002:00002AB0       DDBsOnly
 0001:000256BC       DeallocateHWnd
 0002:00000028       DebugHook
 0002:00005687       DecimalSeparator
 0001:00015A44       DecIndices
 0001:0000A2B4       DecodeDate
 0001:0000A168       DecodeDateFully
 0001:00009FD8       DecodeTime
 0001:00000848       Decommit
 0001:00000E64       DecommitFree
 0002:000055FC       decommittedRoot
 0001:0007B31C       Default
 0001:000809EC       Default
 0002:00000020       Default8087CW
 0002:00003494       DefaultBlank
 0002:00003138       DefaultDockTreeClass
 0002:00003578       DefaultFieldClasses
 0002:00000034       DefaultTextLineBreakStyle
 0002:000055C0       DefaultUserCodePage
 0002:00002D04       DefBrushData
 0002:00002A84       DefFontData
 0001:000065D4       DefFrameProc
 0001:0002AF40       deflate
 0001:0002B1B0       deflateEnd
 0001:0002AA6C       deflateInit_
 0002:00000208       DefLongDayNames
 0002:000001BC       DefLongMonthNames
 0001:000065DC       DefMDIChildProc
 0002:00002CE4       DefPenData
 0002:000001EC       DefShortDayNames
 0002:0000018C       DefShortMonthNames
 0001:000065E4       DefWindowProc
 0001:00004FAC       DelayLoadResourceModule
 0001:00000504       DeleteBlock
 0001:00000474       DeleteCriticalSection
 0001:00005F74       DeleteCriticalSection
 0001:0000634C       DeleteDC
 0001:00006354       DeleteEnhMetaFile
 0001:0000876C       DeleteFile
 0001:00005F7C       DeleteFile
 0001:00000CAC       DeleteFree
 0001:000065EC       DeleteMenu
 0001:0000635C       DeleteObject
 0001:000B04D4       DeletePrompt
 0001:00031434       DeleteVirtualFile
 0001:0004A2F0       DeselectBitmap
 0001:000065F4       DestroyCursor
 0001:00035F70       DestroyDialogFonts
 0001:000065FC       DestroyIcon
 0001:00054580       DestroyLocals
 0001:00006604       DestroyMenu
 0001:0000660C       DestroyWindow
 0002:00005C88       DetailsActive
 0001:000367CC       DetailsState
 0001:00006614       DialogBoxParam
 0001:0005BF38       DialogEnumerationTester
 0002:00005C94       DialogHeight
 0001:000512F4       Dialogs
 0002:00002D40       DIBPalSizes
 0002:00000090       dig
 0002:0000372C       Direction
 0001:0007875C       DisableTaskWindows
 0001:00093BE4       DispatchInvoke
 0001:000941C4       DispatchInvokeError
 0001:0000661C       DispatchMessage
 0001:0007E974       DispatchShortCut
 0001:000941E0       DispCall
 0001:000942C4       DispCallByID
 0002:00005000       DispCallByIDProc
 0001:000940F0       DispCallError
 0001:00007D84       DivMod
 0001:00050044       Dlgs
 0001:00035ABC       DlgTemplate
 0002:000058C8       DllList
 0001:00064938       DoAlign
 0001:0007FC78       DoAlign
 0001:000A39EC       DoBindFields
 0001:00088460       DoCalc
 0001:00068AB4       DoCalcConstraints
 0001:000884C8       DoCalcRightToLeft
 0001:00088C50       DoChange
 0002:000063BC       DockSiteList
 0001:000751B0       DoClick
 0001:000875CC       DoColWidths
 0001:0006607C       DoControlMsg
 0001:0007870C       DoDisableWindow
 0001:0005FA0C       DoDragOver
 0001:00007DFC       DoExitProc
 0001:0006AB24       DoFindControlZone
 0001:00078848       DoFindWindow
 0001:0006B0B0       DoFindZone
 0001:0006ABA8       DoForEach
 0001:0006C4B4       DoGetNextLimit
 0001:000287E4       Done
 0001:00043E4C       Done
 0001:000291B0       Done
 0001:000786D4       DoneApplication
 0001:00042F0C       DoneCheckFreeze
 0001:0006D318       DoneControls
 0001:0000C898       DoneExceptions
 0001:0007CCF0       DoNestedActivation
 0001:00023D64       DoneThreadSynchronization
 0001:000644F8       DoPosition
 0001:0007FAC8       DoPosition
 0001:0006BADC       DoPrune
 0001:00052724       DoRect
 0001:00087610       DoRowHeights
 0001:0006BFB4       DoSaveZone
 0001:000B0114       DoSelection
 0001:0006C1B8       DoSetNewBounds
 0001:00087074       DoSizeAdjust
 0002:00003540       Dot
 0002:00000588       DotSep
 0001:0008A368       DoUpdate
 0001:000486AC       DoWrite
 0001:0001CEB8       DoWrite
 0001:0006FB00       DoWrite
 0001:0004940C       DoWrite
 0001:00065664       DoWriteDesignSize
 0001:000630D0       DoWriteIsControl
 0002:000063A0       DragCapture
 0002:00006394       DragControl
 0001:00060154       DragDone
 0001:0005F9BC       DragFindTarget
 0001:0005F990       DragFindWindow
 0002:000063B8       DragImageList
 0001:0005FDAC       DragInit
 0001:0005FF1C       DragInitControl
 0002:0000639C       DragInternalObject
 0001:0005F8D8       DragMessage
 0002:00006398       DragObject
 0002:000063C4       DragSave
 0002:000063AC       DragSaveCursor
 0002:000063A4       DragStartPos
 0002:000063B0       DragThreshold
 0001:0005FADC       DragTo
 0001:00080A28       DrawAppIcon
 0001:000879B8       DrawAxisLines
 0002:000064A0       DrawBitmap
 0001:00038184       DrawBmp
 0001:00087C30       DrawCells
 0001:0006B648       DrawCloseButton
 0001:00006624       DrawEdge
 0001:0000662C       DrawFocusRect
 0001:00006634       DrawFrameControl
 0001:0006B6A0       DrawGrabberLine
 0001:0000663C       DrawIcon
 0001:00006644       DrawIconEx
 0002:0000326C       DrawingStyles
 0001:00087BA0       DrawLines
 0001:0000664C       DrawMenuBar
 0001:000764F0       DrawMenuItem
 0001:00006654       DrawText
 0002:000061BC       DrawThemeBackground
 0002:000061E0       DrawThemeEdge
 0002:000061E4       DrawThemeIcon
 0002:00006268       DrawThemeParentBackground
 0002:000061C0       DrawThemeText
 0001:000AF3C8       DrawTitleCell
 0001:000474EC       DupBits
 0002:000059E2       DuplicatedException
 0001:00005F84       DuplicateHandle
 0001:000159F0       DynArrayBounds
 0001:00004C58       DynArrayClear
 0001:00015968       DynArrayDim
 0001:0001594C       DynArrayElTypeInfo
 0001:00015EA0       DynArrayFromVariant
 0001:0001590C       DynArrayIndex
 0001:00004C60       DynArraySetLength
 0001:00015980       DynArraySize
 0001:00015B50       DynArrayToVariant
 0001:00015AB0       DynArrayVariantBounds
 0001:00015B08       DynArrayVarType
 0001:0002679C       EConsts
 0001:0002883C       ECore
 0002:00003358       EdgeStyle
 0002:00003220       EdgeStyles
 0001:0000C2E4       EHeapException.FreeInstance
 0001:00029264       EHook
 0001:00029330       ELang
 0001:0000665C       EmptyClipboard
 0001:000146BC       EmptyCompare
 0002:00005800       EmptyParam
 0002:000000C0       EmptyStr
 0002:000000C4       EmptyWideStr
 0002:00000620       EMsgs
 0001:00006664       EnableMenuItem
 0002:000032F0       Enables
 0001:0000666C       EnableScrollBar
 0001:00078810       EnableTaskWindows
 0002:00006250       EnableThemeDialogTexture
 0002:0000626C       EnableTheming
 0001:00006674       EnableWindow
 0001:00039E64       Encode
 0001:0000A138       EncodeDate
 0001:00009F98       EncodeTime
 0002:00005CC0       Encode_Data
 0002:00005CBC       Encode_Filter
 0001:0000667C       EndDialog
 0001:0001B6BC       EndGlobalLoading
 0001:00006684       EndPaint
 0001:00003840       EndThread
 0001:00005F8C       EnterCriticalSection
 0001:00000464       EnterCriticalSection
 0002:00006530       Entry_Mdx_BOF
 0002:00006538       Entry_Mdx_EOF
 0002:00006540       Entry_Ndx_BOF
 0002:0000654C       Entry_Ndx_EOF
 0001:00005F94       EnumCalendarInfoA
 0001:0000668C       EnumClipboardFormats
 0002:00006150       EnumDisplayMonitors
 0001:0000BB04       EnumEraNames
 0001:0000BB40       EnumEraYearOffsets
 0001:0007B8E0       EnumMonitorsProc
 0001:00005F9C       EnumSystemCodePages
 0001:00005FA4       EnumSystemLocales
 0001:00006694       EnumThreadWindows
 0001:0001F194       EnumValue
 0001:0000669C       EnumWindows
 0001:000355A4       EnumWindowsProc
 0001:00093914       EOleException.Create
 0001:00093844       EOleSysError.Create
 0001:000066A4       EqualRect
 0002:00005750       EraNames
 0001:0000B1C0       EraToYear
 0002:0000576C       EraYearOffsets
 0002:00000068       errCaption
 0001:0001E978       Error
 0001:000711F0       Error
 0001:0001ABC8       Error
 0001:00001924       Error
 0001:0003A59C       Error
 0002:00000004       ErrorAddr
 0001:000018D8       ErrorAt
 0001:0000C390       ErrorHandler
 0002:00000224       ErrorMap
 0002:00005008       ErrorProc
 0002:000053E8       ErrOutput
 0002:0000087C       EShowOptions
 0001:0002A904       ESockets
 0001:00025858       ETypes
 0001:00099820       EUpdateError.Create
 0001:000998C4       EUpdateError.Destroy
 0002:0000061C       EurekaLogCurrentVersion
 0002:00000760       EVals
 0002:000036D0       Events
 0001:00001878       ExceptAddr
 0002:0000500C       ExceptClsProc
 0001:0000C804       ExceptHandler
 0001:0000C110       Exception.Create
 0001:0000C14C       Exception.CreateFmt
 0001:0000C29C       Exception.CreateHelp
 0001:0000C1CC       Exception.CreateRes
 0001:0000C208       Exception.CreateResFmt
 0002:000058E0       ExceptionActionNotify
 0002:0000501C       ExceptionClass
 0001:0000BE9C       ExceptionErrorMessage
 0002:000058E4       ExceptionErrorNotify
 0002:00005A40       ExceptionInfoData
 0002:00005A38       ExceptionInfoHandle
 0001:00043FF4       ExceptionLog
 0001:00042634       ExceptionManager
 0002:000058DC       ExceptionNotify
 0002:00005944       ExceptionNumber
 0001:00033508       ExceptionTypeByAddr
 0002:0000025C       ExceptMap
 0001:00040438       ExceptNotify
 0001:00001858       ExceptObject
 0002:00005010       ExceptObjProc
 0002:00005004       ExceptProc
 0001:00006364       ExcludeClipRect
 0002:00000000       ExitCode
 0001:000035F8       ExitDll
 0002:00005048       ExitProc
 0001:00000318       ExitProcess
 0002:00005028       ExitProcessProc
 0002:00000138       ExitProcList
 0001:00005FAC       ExitThread
 0001:00000310       ExitThread
 0001:00005FB4       ExpandEnvironmentStrings
 0001:000089E0       ExpandFileName
 0001:0003A46C       ExpandPath
 0001:00034840       ExportedFunctions
 0001:000B70D0       ExprCharToExprType
 0001:0005483C       ExtActns
 0001:0000636C       ExtCreatePen
 0001:00053E44       ExtCtrls
 0001:000546A8       ExtDlgs
 0002:00003100       ExtendSelects
 0001:0003A4A0       ExtractAddresses
 0001:00099A74       ExtractFieldName
 0001:000088CC       ExtractFileDrive
 0001:00008998       ExtractFileExt
 0001:00008960       ExtractFileName
 0001:00008898       ExtractFilePath
 0001:00092EBC       ExtractLiterals
 0001:00092B10       ExtractMoneySymbol
 0001:00033EEC       ExtractStr
 0001:00006374       ExtTextOut
 0001:000309A4       EZLib
 0002:00005A90       fActive
 0002:000029E8       fActivePage
 0002:0000578C       FalseBoolStrs
 0002:00005C20       fBmp
 0002:00005A94       fCaptionFont
 0002:000062EC       FClipboard
 0002:0000016C       FCon1E18
 0002:00003538       FConst10
 0002:00005A88       fDlgBack
 0002:00005A9C       fFixedFont
 0001:000B0A40       FieldIsMapped
 0002:00003610       FieldTypeNames
 0001:000086F4       FileAge
 0001:000086EC       FileClose
 0001:00008630       FileCreate
 0001:00008654       FileCreate
 0001:0000875C       FileExists
 0002:00002D38       FileFormats
 0002:00000008       FileMode
 0001:00001D7C       FileNOPProc
 0001:000085D8       FileOpen
 0001:0000865C       FileRead
 0002:000005C4       FilerSignature
 0001:000086B4       FileSeek
 0001:00005FBC       FileTimeToDosDateTime
 0001:00005FC4       FileTimeToLocalFileTime
 0001:00008688       FileWrite
 0001:00000D94       FillAfterGap
 0001:00000D40       FillBeforeGap
 0001:00087964       FillDWord
 0001:00000E2C       FillerSizeAfterGap
 0001:00000DBC       FillerSizeBeforeGap
 0001:000066AC       FillRect
 0002:00005C1C       fImageList
 0001:00051298       Finalization
 0001:0008D9B0       Finalization
 0001:00053DFC       Finalization
 0001:00053E74       Finalization
 0001:0000EBF0       Finalization
 0001:000544B4       Finalization
 0001:000442E4       Finalization
 0001:00005E18       Finalization
 0001:00054548       Finalization
 0001:000171E8       Finalization
 0001:00043EFC       Finalization
 0001:00016F8C       Finalization
 0001:00005DA0       Finalization
 0001:00054618       Finalization
 0001:00054678       Finalization
 0001:0006E8B8       Finalization
 0001:000287FC       Finalization
 0001:000546C8       Finalization
 0001:00054730       Finalization
 0001:00054794       Finalization
 0001:00005B70       Finalization
 0001:000547EC       Finalization
 0001:0002922C       Finalization
 0001:00054844       Finalization
 0001:00029300       Finalization
 0001:000767CC       Finalization
 0001:0005497C       Finalization
 0001:000293A0       Finalization
 0001:00007138       Finalization
 0001:00006DB0       Finalization
 0001:00093650       Finalization
 0001:000935D8       Finalization
 0001:00083788       Finalization
 0001:0006D588       Finalization
 0001:000554D0       Finalization
 0001:000BD90C       Finalization
 0001:0005B3C4       Finalization
 0001:000B3BDC       Finalization
 0001:000B3BA4       Finalization
 0001:0005B52C       Finalization
 0001:000A6884       Finalization
 0001:0002A8D4       Finalization
 0001:0005C1B0       Finalization
 0001:000A69EC       Finalization
 0001:000B3440       Finalization
 0001:00085890       Finalization
 0001:000A70C8       Finalization
 0001:00030974       Finalization
 0001:000AA69C       Finalization
 0001:000A762C       Finalization
 0001:000C4344       Finalization
 0001:0008DA20       Finalization
 0001:00050014       Finalization
 0001:000C5194       Finalization
 0001:00094418       Finalization
 0001:0004FFDC       Finalization
 0001:0002672C       Finalization
 0001:0004FF6C       Finalization
 0001:00070250       Finalization
 0001:000C8418       Finalization
 0001:0008DBA0       Finalization
 0001:00025828       Finalization
 0001:000256E4       Finalization
 0001:000CCA34       Finalization
 0001:0004FF34       Finalization
 0001:000B53D0       Finalization
 0001:000B5500       Finalization
 0001:0004D1DC       Finalization
 0001:0004D3BC       Finalization
 0001:0004D674       Finalization
 0001:0008EAE8       Finalization
 0001:0004D768       Finalization
 0001:000B60C0       Finalization
 0001:000B6558       Finalization
 0001:0004DEE8       Finalization
 0001:0004DF28       Finalization
 0001:0004EF10       Finalization
 0001:0004EF58       Finalization
 0001:0004EF90       Finalization
 0001:000B8638       Finalization
 0001:0000E3D4       Finalization
 0001:000BB360       Finalization
 0001:000BAE88       Finalization
 0001:0000E1D4       Finalization
 0001:00082CD4       Finalization
 0001:000CCC20       Finalization
 0001:000CCC58       Finalization
 0001:00018AF4       Finalization
 0001:000BAA64       Finalization
 0001:0004FEFC       Finalization
 0001:0004F2B4       Finalization
 0001:00018BAC       Finalization
 0001:0004F460       Finalization
 0001:0004FEC4       Finalization
 0001:0004FE8C       Finalization
 0001:0004FE54       Finalization
 0001:0004FFA4       Finalization
 0001:0004FDE4       Finalization
 0001:00004C50       FinalizeArray
 0001:0000342C       FinalizeUnits
 0001:00074F70       Find
 0001:00021CC8       FindAncestor
 0001:0000501C       FindBS
 0001:0001B0E4       FindClass
 0001:00004FA4       FindClassHInstance
 0001:00000328       FindClose
 0001:00005FCC       FindClose
 0001:00028DB8       FindCode
 0001:00000D10       FindCommitted
 0001:0005EAAC       FindControl
 0001:0006B2DC       FindControlAtPos
 0001:00016DA4       FindCustomVariantType
 0001:00016E5C       FindCustomVariantType
 0001:00060478       FindDragTarget
 0001:0003D678       FindException
 0001:0001FB94       FindExistingComponent
 0001:00000330       FindFirstFile
 0001:00005FD4       FindFirstFile
 0001:000342B0       FindFunction
 0001:0001B54C       FindGlobalComponent
 0001:00078954       FindGlobalComponent
 0002:00005864       FindGlobalComponentProcs
 0001:00004F7C       FindHInstance
 0001:0001B3F4       FindIdentToInt
 0001:0001B378       FindIntToIdent
 0001:000BAC1C       FindLangId
 0001:0003206C       FindModuleType
 0002:000062AC       FindMsg
 0001:0001ED24       FindNestedComponent
 0001:000711B8       FindPopupControl
 0001:0000E8B8       FindProc
 0001:00005FDC       FindResource
 0001:00004FF4       FindResourceHInstance
 0001:00082528       FindScanline
 0001:0005AFC0       FindString
 0001:000788AC       FindTopMostWindow
 0001:00020A78       FindUniqueName
 0001:000151FC       FindVarData
 0001:00060444       FindVCLWindow
 0001:000066B4       FindWindow
 0001:0005BF90       FindWinHelp
 0002:00005AA8       FixedFontName
 0002:00005AA0       FixedFontSize
 0001:0004A6E8       FixupBitFields
 0002:00003368       Flags
 0002:0000579C       FLanguages
 0001:0004F2E4       FlatSB
 0002:0000617C       FlatSB_EnableScrollBar
 0002:00006188       FlatSB_GetScrollInfo
 0002:0000618C       FlatSB_GetScrollPos
 0002:00006184       FlatSB_GetScrollRange
 0002:00006194       FlatSB_SetScrollInfo
 0002:00006190       FlatSB_SetScrollPos
 0001:0004EFD4       FlatSB_SetScrollProp
 0002:00006198       FlatSB_SetScrollRange
 0002:00006180       FlatSB_ShowScrollBar
 0001:000C5430       FloatToDbfStr
 0001:000098A4       FloatToDecimal
 0001:00009BE4       FloatToStr
 0001:00009C44       FloatToStrF
 0001:000092DC       FloatToText
 0001:000095B0       FloatToTextFmt
 0001:00001FE0       Flush
 0001:00005FE4       FlushInstructionCache
 0002:00005A8C       fMemoBack
 0002:00005C00       fMonitor
 0002:00005C04       fMonitorInfo
 0002:00000180       FMSecsPerDay
 0001:00093614       FMTBcd
 0002:00003504       FMTBcdVariantType
 0001:000091D8       FmtStr
 0002:00003384       FocusCount
 0002:00003380       FocusMessages
 0002:00002C54       FontCharsets
 0002:00006114       FontManager
 0001:00026EC4       ForceSaveLog
 0001:00078928       ForegroundTask
 0002:00006574       Form1
 0002:00000188       Format
 0001:000091C4       Format
 0001:00093510       FormatBcd
 0001:00008DCC       FormatBuf
 0001:00008DC0       FormatClearStr
 0001:00009D0C       FormatCurr
 0001:0000AF48       FormatDateTime
 0001:00008D44       FormatError
 0002:00000164       FormatErrorStrs
 0001:00009CB4       FormatFloat
 0001:00083754       FormatMaskText
 0001:00005FEC       FormatMessage
 0001:00093158       FormatOneBcd
 0001:00008D9C       FormatVarToStr
 0001:00082D30       Forms
 0001:000866FC       ForwardMovement
 0001:0000249C       FPower10
 0002:00002D88       FPrinter
 0001:00091E80       FractionToStr
 0001:000527E8       Frame3D
 0001:000066BC       FrameRect
 0001:0000DDB4       FreeAndNil
 0001:00000A7C       FreeCommitted
 0001:00000F9C       FreeCurAlloc
 0001:00060538       FreeDeviceContext
 0001:000605F4       FreeDeviceContexts
 0001:000254B0       FreeIntConstList
 0001:00000338       FreeLibrary
 0001:00005FF4       FreeLibrary
 0001:000B3A04       FreeMemAndNil
 0001:0004A244       FreeMemoryContexts
 0001:000255E4       FreeObjectInstance
 0001:00006014       FreeResource
 0001:00031550       FreeSafeCallItem
 0001:000006FC       FreeSpace
 0001:0000D7E0       FreeTerminateProcs
 0001:0004F498       FreeThemeLibrary
 0002:000059B0       FreezeThread
 0002:0000634C       FRichEditModule
 0001:000BC070       FuncAdd_F_FF
 0001:000BC0A4       FuncAdd_F_FI
 0001:000BC13C       FuncAdd_F_FL
 0001:000BC108       FuncAdd_F_IF
 0001:000BC0D8       FuncAdd_F_II
 0001:000BC170       FuncAdd_F_IL
 0001:000BC1E4       FuncAdd_F_LF
 0001:000BC218       FuncAdd_F_LI
 0001:000BC1A8       FuncAdd_F_LL
 0001:000BBEE4       FuncDateToStr
 0001:000BBCD0       FuncFloatToStr
 0001:000BBEC8       FuncIntToStr
 0001:000BBDF0       FuncIntToStr_Gen
 0001:000BC028       FuncLowercase
 0001:000BC250       FuncStrI_EQ
 0001:000BC2F8       FuncStrI_GT
 0001:000BC368       FuncStrI_GTE
 0001:000BC2C0       FuncStrI_LT
 0001:000BC330       FuncStrI_LTE
 0001:000BC288       FuncStrI_NEQ
 0001:000BC3A0       FuncStr_EQ
 0001:000BC448       FuncStr_GT
 0001:000BC4B8       FuncStr_GTE
 0001:000BC410       FuncStr_LT
 0001:000BC480       FuncStr_LTE
 0001:000BC3D8       FuncStr_NEQ
 0001:000BBF74       FuncSubString
 0001:000335EC       FunctionSize
 0001:000BBFE0       FuncUppercase
 0001:000BD120       Func_AND
 0001:000BC4F0       Func_FF_EQ
 0001:000BC598       Func_FF_GT
 0001:000BC608       Func_FF_GTE
 0001:000BC560       Func_FF_LT
 0001:000BC5D0       Func_FF_LTE
 0001:000BC528       Func_FF_NEQ
 0001:000BC640       Func_FI_EQ
 0001:000BC6E8       Func_FI_GT
 0001:000BC758       Func_FI_GTE
 0001:000BC6B0       Func_FI_LT
 0001:000BC720       Func_FI_LTE
 0001:000BC678       Func_FI_NEQ
 0001:000BCCE0       Func_FL_EQ
 0001:000BCD88       Func_FL_GT
 0001:000BCDF8       Func_FL_GTE
 0001:000BCD50       Func_FL_LT
 0001:000BCDC0       Func_FL_LTE
 0001:000BCD18       Func_FL_NEQ
 0001:000BC8C8       Func_IF_EQ
 0001:000BC970       Func_IF_GT
 0001:000BC9E0       Func_IF_GTE
 0001:000BC938       Func_IF_LT
 0001:000BC9A8       Func_IF_LTE
 0001:000BC900       Func_IF_NEQ
 0001:000BC790       Func_II_EQ
 0001:000BC82C       Func_II_GT
 0001:000BC894       Func_II_GTE
 0001:000BC7F8       Func_II_LT
 0001:000BC860       Func_II_LTE
 0001:000BC7C4       Func_II_NEQ
 0001:000BCFA8       Func_IL_EQ
 0001:000BD060       Func_IL_GT
 0001:000BD0E0       Func_IL_GTE
 0001:000BD020       Func_IL_LT
 0001:000BD0A0       Func_IL_LTE
 0001:000BCFE4       Func_IL_NEQ
 0001:000BCB90       Func_LF_EQ
 0001:000BCC38       Func_LF_GT
 0001:000BCCA8       Func_LF_GTE
 0001:000BCC00       Func_LF_LT
 0001:000BCC70       Func_LF_LTE
 0001:000BCBC8       Func_LF_NEQ
 0001:000BCE30       Func_LI_EQ
 0001:000BCEE8       Func_LI_GT
 0001:000BCF68       Func_LI_GTE
 0001:000BCEA8       Func_LI_LT
 0001:000BCF28       Func_LI_LTE
 0001:000BCE6C       Func_LI_NEQ
 0001:000BCA18       Func_LL_EQ
 0001:000BCAD0       Func_LL_GT
 0001:000BCB50       Func_LL_GTE
 0001:000BCA90       Func_LL_LT
 0001:000BCB10       Func_LL_LTE
 0001:000BCA54       Func_LL_NEQ
 0001:000BD198       Func_NOT
 0001:000BD15C       Func_OR
 0002:00005A98       fVariableFont
 0001:0000D8B0       GDAL
 0001:000474DC       GDICheck
 0001:00047434       GDIError
 0001:00040A3C       GeneralRaise
 0001:00001C88       Get8087CW
 0001:0000601C       GetACP
 0001:0003C7A0       GetActiveControlClass
 0001:0003C7B8       GetActiveControlText
 0001:0003C6C0       GetActiveFormClass
 0001:0003C70C       GetActiveFormText
 0001:000066C4       GetActiveWindow
 0001:00080154       GetAnimation
 0001:0003D1D8       GetApplicationName
 0001:00050428       GetAveCharSize
 0001:0000637C       GetBitmapBits
 0001:0000047C       GetBlockDesc
 0001:00006384       GetBrushOrgEx
 0001:00006BA8       GetBValue
 0001:000352DC       GetCallStackByAddresses
 0001:000066CC       GetCapture
 0001:0005ED74       GetCaptureControl
 0001:000066D4       GetCaretPos
 0001:0001B090       GetClass
 0001:000066DC       GetClassInfo
 0001:000066E4       GetClassName
 0001:000066EC       GetClientRect
 0001:000066F4       GetClipboardData
 0001:00048EB0       GetClipboardFormats
 0001:0000638C       GetClipBox
 0001:00000418       GetCmdShow
 0001:0006EB10       GetColor
 0001:0005491C       GetComCtlVersion
 0001:0000602C       GetCommandLine
 0001:00000340       GetCommandLine
 0001:000008C8       GetCommitted
 0001:00000958       GetCommittedAt
 0001:000B3698       GetCompleteFileName
 0001:000B3578       GetCompletePath
 0001:00023058       GetComponentValue
 0001:00006034       GetComputerName
 0001:00065C30       GetControlAtPos
 0001:000400F4       GetControlClass
 0001:00040138       GetControlText
 0001:0000A410       GetCount
 0001:00006024       GetCPInfo
 0001:00008A90       GetCurrentDir
 0001:00000348       GetCurrentDirectory
 0001:00006394       GetCurrentPositionEx
 0001:0000603C       GetCurrentProcess
 0001:00006044       GetCurrentProcessId
 0001:0004262C       GetCurrentStackPointer
 0002:00006260       GetCurrentThemeName
 0001:0000604C       GetCurrentThread
 0001:00000408       GetCurrentThreadId
 0001:00006054       GetCurrentThreadId
 0001:00006B1C       GetCurrentTime
 0001:00031EC8       GetCurrentTopOfStack
 0001:000066FC       GetCursor
 0001:00082538       GetCursorHeightMargin
 0001:00006704       GetCursorPos
 0001:0000A43C       GetDate
 0001:0000605C       GetDateFormat
 0001:0000B0D8       GetDateOrder
 0001:0000670C       GetDC
 0001:00006714       GetDCEx
 0001:0000639C       GetDCOrgEx
 0001:00034364       GetDebugInfosByAddr
 0001:00034098       GetDebugPartialInfos
 0001:0004CDEC       GetDefFontCharSet
 0001:0001C488       GetDesigner
 0001:0000671C       GetDesktopWindow
 0001:000063B4       GetDeviceCaps
 0001:00038258       GetDialogState
 0001:0004843C       GetDIB
 0001:000063A4       GetDIBColorTable
 0001:000063AC       GetDIBits
 0001:00048384       GetDIBSizes
 0001:0004764C       GetDInColors
 0001:00006064       GetDiskFreeSpaceA
 0002:00000134       GetDiskFreeSpaceEx
 0001:0003CF9C       GetDiskInfo
 0001:00006724       GetDlgItem
 0001:0002A0E8       GetDNSList
 0001:0006C594       GetDockAlign
 0001:0005F71C       GetDockSiteAtPos
 0001:0002A2A4       GetDomain
 0001:0002A410       GetDomainName
 0001:0000672C       GetDoubleClickTime
 0001:0005FA48       GetDropCtl
 0001:0003D9D4       GetDump
 0001:00002B1C       GetDynaMethod
 0001:0003D734       GetEAX
 0001:0003D788       GetEBX
 0001:0003D7DC       GetECX
 0001:0003D8D8       GetEDI
 0001:0003D830       GetEDX
 0001:0003450C       GetEF
 0001:0003D980       GetEIP
 0001:000063BC       GetEnhMetaFileBits
 0001:000063C4       GetEnhMetaFileHeader
 0001:000063CC       GetEnhMetaFilePaletteEntries
 0001:00017AD4       GetEnumName
 0001:00017BAC       GetEnumNameValue
 0001:00017E58       GetEnumProp
 0001:00017BF8       GetEnumValue
 0001:0000606C       GetEnvironmentVariable
 0001:0000BBB8       GetEraNamesAndYearOffsets
 0001:0000B16C       GetEraYearOffset
 0001:00018B98       GetErrorInfo
 0001:0003D884       GetESI
 0001:0003D92C       GetESP
 0001:0003CCC8       GetExceptionAddress
 0001:0000C554       GetExceptionClass
 0001:0003CCAC       GetExceptionDate
 0001:0003CDD0       GetExceptionMessage
 0001:0003CCFC       GetExceptionModule
 0001:0000C738       GetExceptionObject
 0001:0003CD50       GetExceptionType
 0001:00006074       GetExitCodeThread
 0001:0001B018       GetFieldClassTable
 0001:000999FC       GetFieldProperty
 0001:00048E90       GetFileFormats
 0001:0003257C       GetFileSize
 0001:000002B8       GetFileSize
 0001:000002B0       GetFileType
 0001:0000C9A8       GetFileVersion
 0001:000062BC       GetFileVersionInfo
 0001:000062C4       GetFileVersionInfoSize
 0001:00018580       GetFloatProp
 0001:00006734       GetFocus
 0001:00045E04       GetFontData
 0001:0000673C       GetForegroundWindow
 0001:0009344C       GetFormat
 0001:0000D264       GetFormatSettings
 0001:0003D080       GetFreeDisk
 0001:0003CF0C       GetFreeMemory
 0001:0000607C       GetFullPathName
 0001:00006BA4       GetGValue
 0001:00045370       GetHashCode
 0001:0007D6CC       GetHelpInfo
 0001:0004E3A8       GetHelpSystem
 0001:0007FF38       GetHint
 0001:0007FF70       GetHintControl
 0001:00029370       gethostbyname
 0001:00029378       gethostname
 0001:0007666C       GetHotkey
 0001:00006744       GetIconInfo
 0001:00093F5C       GetIDsOfNames
 0001:000C698C       GetInt64FromStrLength
 0001:0001899C       GetInt64Prop
 0001:00018A00       GetInterfaceProp
 0001:000C54B4       GetIntFromStrLength
 0001:0003763C       GetItemText
 0001:0000675C       GetKeyboardLayout
 0001:00006764       GetKeyboardLayoutList
 0001:0000676C       GetKeyboardState
 0001:00002788       GetKeyboardType
 0001:0000674C       GetKeyNameText
 0001:00006754       GetKeyState
 0001:000BAD40       GetLangId_From_LangName
 0001:0003CC78       GetLanguageString
 0001:00006774       GetLastActivePopup
 0001:0006A85C       GetLastChildZone
 0001:00000350       GetLastError
 0001:00006084       GetLastError
 0001:0000B97C       GetLocaleChar
 0001:0003CB4C       GetLocaleDataA
 0001:0003CB0C       GetLocaleDataW
 0001:00006094       GetLocaleInfo
 0001:00000358       GetLocaleInfo
 0001:0000609C       GetLocaleInfoA
 0001:000060A4       GetLocaleInfoW
 0001:0000B930       GetLocaleStr
 0001:0000608C       GetLocalTime
 0001:0003DC44       GetLogText
 0001:0005ED30       GetLongHint
 0001:00018228       GetLongStrProp
 0001:000355DC       GetMainWindow
 0001:0000677C       GetMenu
 0001:0007D654       GetMenuHelpContext
 0001:00006784       GetMenuItemCount
 0001:0000678C       GetMenuItemID
 0001:00006794       GetMenuItemInfo
 0001:000737BC       GetMenuSize
 0001:0000679C       GetMenuState
 0001:000067A4       GetMenuString
 0001:000067AC       GetMessageTime
 0001:00018924       GetMethodProp
 0001:000322D4       GetModuleDescriptionAndVersion
 0001:000060AC       GetModuleFileName
 0001:00000360       GetModuleFileName
 0001:00005C98       GetModuleHandle
 0001:000060B4       GetModuleHandle
 0001:00000368       GetModuleHandle
 0001:00032210       GetModulePath
 0001:000328AC       GetModulesList
 0001:0003271C       GetModulesWin9X
 0001:000325B8       GetModulesWinNT
 0002:00006144       GetMonitorInfo
 0002:00006148       GetMonitorInfoA
 0002:0000614C       GetMonitorInfoW
 0001:0000B9E0       GetMonthDayNames
 0001:0002A610       GetMXBestRecord
 0001:0002A570       GetMXRecord
 0001:0002A700       GetMXServerFromEmail
 0001:000063D4       GetNearestColor
 0001:000067B4       GetNextWindow
 0001:000063DC       GetObject
 0001:000060BC       GetOEMCP
 0001:00017D88       GetOrdProp
 0001:0003CAC4       GetOSBuild
 0001:0003CCA0       GetOSLanguage
 0001:0003C82C       GetOSType
 0001:0003CAF8       GetOSUpdate
 0001:000063E4       GetPaletteEntries
 0001:0003C5E0       GetParameters
 0001:00001A7C       GetParamStr
 0001:000067BC       GetParent
 0001:00078B20       GetParentForm
 0001:000063EC       GetPixel
 0001:000060C4       GetPrivateProfileString
 0001:00000370       GetProcAddress
 0001:000060CC       GetProcAddress
 0001:000067C4       GetProp
 0001:00017CCC       GetPropInfo
 0001:00017C5C       GetPropInfo
 0001:00017474       GetPropInfo
 0001:00017454       GetPropInfo
 0001:00017D04       GetPropInfos
 0001:00017494       GetPropValue
 0001:00078FE0       GetRealScrollPosition
 0001:00034C14       GetResourceData
 0001:0006EAF0       GetRGBColor
 0001:00006BA0       GetRValue
 0001:0003149C       GetSafeCallValue
 0001:000067CC       GetScrollInfo
 0001:000067D4       GetScrollPos
 0001:000067DC       GetScrollRange
 0001:00017ECC       GetSetProp
 0001:0005ECEC       GetShortHint
 0001:00018120       GetShortStrProp
 0001:000181B8       GetShortStrPropAsLongStr
 0001:00033788       GetSourceInfoByAddr
 0001:00000620       GetSpace
 0001:00000684       GetSpaceAt
 0001:00071248       GetSpecialName
 0001:0003DBB4       GetStack
 0001:00041358       GetStackPointer
 0001:0003D1C0       GetStartDate
 0001:00000378       GetStartupInfo
 0001:000060D4       GetStartupInfo
 0001:000002C0       GetStdHandle
 0001:000060DC       GetStdHandle
 0001:000063F4       GetStockObject
 0001:000B38F4       GetStrFromInt
 0001:000B396C       GetStrFromInt64
 0001:000B37F4       GetStrFromInt64_Width
 0001:000B3724       GetStrFromInt_Width
 0001:000060E4       GetStringTypeEx
 0001:00018358       GetStrProp
 0001:000067E4       GetSubMenu
 0001:00033DAC       GetSymbolAddr
 0001:000067EC       GetSysColor
 0001:000067F4       GetSysColorBrush
 0001:000060EC       GetSystemDefaultLangID
 0001:000060F4       GetSystemInfo
 0001:000067FC       GetSystemMenu
 0002:00006134       GetSystemMetrics
 0001:00006804       GetSystemMetrics
 0001:000063FC       GetSystemPaletteEntries
 0001:000060FC       GetTempPath
 0001:0000640C       GetTextExtentPoint
 0001:00006404       GetTextExtentPoint32
 0001:00006414       GetTextMetrics
 0002:00006258       GetThemeAppProperties
 0002:000061C4       GetThemeBackgroundContentRect
 0002:000061C8       GetThemeBackgroundExtent
 0002:000061D8       GetThemeBackgroundRegion
 0002:000061FC       GetThemeBool
 0002:000061F0       GetThemeColor
 0002:00006264       GetThemeDocumentationProperty
 0002:00006204       GetThemeEnumValue
 0002:00006224       GetThemeFilename
 0002:0000620C       GetThemeFont
 0002:00006200       GetThemeInt
 0002:00006218       GetThemeIntList
 0002:00006214       GetThemeMargins
 0002:000061F4       GetThemeMetric
 0002:000061CC       GetThemePartSize
 0002:00006208       GetThemePosition
 0002:0000621C       GetThemePropertyOrigin
 0002:00006210       GetThemeRect
 0002:000061F8       GetThemeString
 0002:00006230       GetThemeSysBool
 0002:00006228       GetThemeSysColor
 0002:0000622C       GetThemeSysColorBrush
 0002:00006238       GetThemeSysFont
 0002:00006240       GetThemeSysInt
 0002:00006234       GetThemeSysSize
 0002:0000623C       GetThemeSysString
 0002:000061D0       GetThemeTextExtent
 0002:000061D4       GetThemeTextMetrics
 0001:00006104       GetThreadContext
 0001:00000380       GetThreadLocale
 0001:0000610C       GetThreadLocale
 0001:000406C4       GetThreadParams
 0001:00006114       GetTickCount
 0001:0000A474       GetTime
 0001:0000611C       GetTimeZoneInformation
 0001:00005CC4       GetTlsSize
 0001:00080704       GetTopMostWindows
 0001:0005EE7C       GetTopParent
 0001:0000680C       GetTopWindow
 0001:0003D120       GetTotalDisk
 0001:0003CE7C       GetTotalMemory
 0001:00017AC8       GetTypeData
 0001:00006124       GetUserDefaultLCID
 0001:00005F1C       GetUserName
 0001:0008FAD4       GetValueAndMultiplyOrder
 0001:00015464       GetVarDataArrayInfo
 0001:000188A4       GetVariantProp
 0001:00000410       GetVersion
 0001:0000612C       GetVersion
 0001:00006134       GetVersionEx
 0001:0003C7D0       GetVersionNumber
 0001:000183C4       GetWideStrProp
[...]
  2390 0001:000C81F4  2391 0001:000C8200  2392 0001:000C8209  2395 0001:000C8210
  2396 0001:000C821C  2397 0001:000C8225  2400 0001:000C822C  2401 0001:000C823B
  2402 0001:000C824C  2405 0001:000C8250  2406 0001:000C825F  2415 0001:000C8268
  2417 0001:000C826C  2420 0001:000C828D  2421 0001:000C8297  2424 0001:000C829C
  2426 0001:000C82A5  2427 0001:000C82B1  2433 0001:000C82B8  2434 0001:000C82D0
  2435 0001:000C82E2  2437 0001:000C82ED  2438 0001:000C82FC  2440 0001:000C8303
  2441 0001:000C830E  2442 0001:000C831A  2443 0001:000C8321  2444 0001:000C8344
  2453 0001:000C8348  2455 0001:000C834F  2456 0001:000C8359  2458 0001:000C836A
  2459 0001:000C8382  2467 0001:000C8393  2470 0001:000C8398  2471 0001:000C83A9
  2472 0001:000C83C2  2480 0001:000C83C8  2481 0001:000C83D4  2482 0001:000C83EB
  2485 0001:000C83F0  2486 0001:000C83FC  2487 0001:000C8413  2491 0001:000C8418
  2542 0001:000C8450  2489 0001:000C8454  2490 0001:000C845B

Line numbers for Dbf(Dbf.pas) segment .text

   465 0001:000C9368   466 0001:000C9383   467 0001:000C9397   468 0001:000C939F
   469 0001:000C93A7   470 0001:000C93B1   471 0001:000C93D3   474 0001:000C93D8
   476 0001:000C93EA   477 0001:000C93F0   479 0001:000C93F9   481 0001:000C9409
   486 0001:000C9412   487 0001:000C9427   490 0001:000C944E   493 0001:000C9454
   495 0001:000C945B   496 0001:000C9464   497 0001:000C946C   500 0001:000C9470
   501 0001:000C947C   502 0001:000C9485   503 0001:000C94A0   506 0001:000C94A4
   507 0001:000C94AB   508 0001:000C94B2   509 0001:000C94BA   514 0001:000C94C0
   515 0001:000C94C9   517 0001:000C94D6   518 0001:000C94E8   519 0001:000C94F4
   520 0001:000C94FE   521 0001:000C951F   523 0001:000C9556   525 0001:000C955D
   528 0001:000C9564   529 0001:000C956D   530 0001:000C9573   531 0001:000C957C
   534 0001:000C9580   535 0001:000C9589   536 0001:000C959B   543 0001:000C95A0
   544 0001:000C95AD   547 0001:000C95DA   549 0001:000C95E4   550 0001:000C95FB
   553 0001:000C9604   554 0001:000C960A   555 0001:000C9613   557 0001:000C961A
   558 0001:000C9626   560 0001:000C9630   562 0001:000C964B   564 0001:000C9657
   565 0001:000C965D   566 0001:000C9663   568 0001:000C9669   570 0001:000C9680
   576 0001:000C9688   577 0001:000C96A3   579 0001:000C96B0   580 0001:000C96BA
   582 0001:000C96CE   583 0001:000C96D8   584 0001:000C96F0   585 0001:000C9708
   586 0001:000C971E   587 0001:000C9734   588 0001:000C973E   589 0001:000C9748
   590 0001:000C9752   591 0001:000C975D   592 0001:000C9767   593 0001:000C9771
   594 0001:000C977B   595 0001:000C9785   596 0001:000C978F   597 0001:000C9799
   598 0001:000C97A3   599 0001:000C97AD   600 0001:000C97B7   601 0001:000C97C4
   602 0001:000C97D1   603 0001:000C97E6   604 0001:000C97F6   605 0001:000C9801
   606 0001:000C980C   607 0001:000C9817   608 0001:000C9828   609 0001:000C9854
   614 0001:000C9858   615 0001:000C9869   617 0001:000C9877   619 0001:000C9883
   620 0001:000C989A   619 0001:000C98B3   621 0001:000C98B9   623 0001:000C98C7
   624 0001:000C98E3   627 0001:000C98E8   628 0001:000C98F1   629 0001:000C9912
   632 0001:000C9918   633 0001:000C9924   634 0001:000C992E   639 0001:000C9934
   640 0001:000C9943   641 0001:000C9949   642 0001:000C9953   647 0001:000C9958
   648 0001:000C9964   649 0001:000C996A   650 0001:000C9976   653 0001:000C997C
   654 0001:000C9985   655 0001:000C9996   656 0001:000C99A4   659 0001:000C99B2
   661 0001:000C99BE   663 0001:000C99C5   666 0001:000C99D6   671 0001:000C99DC
   672 0001:000C99EB   673 0001:000C99F6   675 0001:000C99FC   676 0001:000C9A00
   679 0001:000C9A02   681 0001:000C9A0E   683 0001:000C9A3A   685 0001:000C9A51
   686 0001:000C9A55   692 0001:000C9A5B   701 0001:000C9A73   713 0001:000C9A78
   715 0001:000C9A87   716 0001:000C9A9D   719 0001:000C9AA4   721 0001:000C9AB3
   722 0001:000C9AC3   727 0001:000C9ACC   729 0001:000C9AD9   732 0001:000C9AE8
   741 0001:000C9B07   742 0001:000C9B1C   743 0001:000C9B31   752 0001:000C9B38
   753 0001:000C9B48   755 0001:000C9B54   756 0001:000C9B58   759 0001:000C9B5D
   760 0001:000C9B63   762 0001:000C9B67   763 0001:000C9B6B   772 0001:000C9B78
   773 0001:000C9B89   774 0001:000C9B8F   776 0001:000C9B95   781 0001:000C9B9B
   782 0001:000C9BAC   783 0001:000C9BB2   785 0001:000C9BB8   790 0001:000C9BBC
   792 0001:000C9BC2   793 0001:000C9BD2   795 0001:000C9BE7   797 0001:000C9BED
   798 0001:000C9C04   802 0001:000C9C22   804 0001:000C9C2E   806 0001:000C9C46
   807 0001:000C9C55   808 0001:000C9C62   809 0001:000C9C6D   813 0001:000C9C78
   814 0001:000C9C84   815 0001:000C9C88   817 0001:000C9C98   819 0001:000C9CAE
   820 0001:000C9CBC   821 0001:000C9CCA   823 0001:000C9CE5   824 0001:000C9CF8
   826 0001:000C9D07   827 0001:000C9D0F   829 0001:000C9D24   831 0001:000C9D30
   834 0001:000C9D38   835 0001:000C9D41   836 0001:000C9D56   843 0001:000C9D5C
   845 0001:000C9D6B   849 0001:000C9D71   852 0001:000C9D85   853 0001:000C9D8F
   859 0001:000C9D94   861 0001:000C9DB0   865 0001:000C9DB7   866 0001:000C9DCB
   871 0001:000C9DFC   878 0001:000C9E0F   862 0001:000C9E12   883 0001:000C9E25
   885 0001:000C9E31   886 0001:000C9E49   887 0001:000C9E5B   885 0001:000C9E72
   888 0001:000C9E77   890 0001:000C9E84   892 0001:000C9E98   894 0001:000C9EA2
   895 0001:000C9EAE   897 0001:000C9EB9   898 0001:000C9EC5   899 0001:000C9ED2
   900 0001:000C9EEA   901 0001:000C9EF8   902 0001:000C9F05   903 0001:000C9F11
   904 0001:000C9F3B   909 0001:000C9F40   911 0001:000C9F49   912 0001:000C9F61
   913 0001:000C9F73   911 0001:000C9F8A   915 0001:000C9F8F   917 0001:000C9F9B
   918 0001:000C9FB2   920 0001:000C9FBF   925 0001:000C9FC4   927 0001:000C9FCD
   929 0001:000C9FD5   931 0001:000C9FE0   933 0001:000C9FE7   935 0001:000CA004
   936 0001:000CA00F   939 0001:000CA014   940 0001:000CA01B   941 0001:000CA029
   946 0001:000CA02C   947 0001:000CA038   948 0001:000CA040   949 0001:000CA051
   952 0001:000CA058   953 0001:000CA05F   954 0001:000CA070   962 0001:000CA074
   963 0001:000CA097   966 0001:000CA0A2   968 0001:000CA0C7   970 0001:000CA0DE
   971 0001:000CA0E5   974 0001:000CA0F5   975 0001:000CA0F8   972 0001:000CA114
   978 0001:000CA129   979 0001:000CA13B   981 0001:000CA15D   985 0001:000CA178
   986 0001:000CA181   989 0001:000CA19A   990 0001:000CA1A3   992 0001:000CA1BC
   966 0001:000CA1BF   995 0001:000CA1C8   996 0001:000CA1D7   999 0001:000CA1F8
  1000 0001:000CA20F  1001 0001:000CA228  1002 0001:000CA23D  1003 0001:000CA258
   996 0001:000CA25B  1004 0001:000CA28A  1007 0001:000CA298  1008 0001:000CA29F
  1009 0001:000CA2AA  1012 0001:000CA2B0  1013 0001:000CA2CF  1014 0001:000CA2E4
  1016 0001:000CA2F0  1017 0001:000CA307  1019 0001:000CA316  1020 0001:000CA341
  1022 0001:000CA350  1023 0001:000CA35D  1024 0001:000CA374  1025 0001:000CA38C
  1026 0001:000CA3B0  1027 0001:000CA3F1  1032 0001:000CA3F8  1033 0001:000CA401
  1034 0001:000CA405  1036 0001:000CA40E  1039 0001:000CA41A  1040 0001:000CA424
  1041 0001:000CA432  1043 0001:000CA436  1044 0001:000CA43E  1045 0001:000CA444
  1047 0001:000CA451  1052 0001:000CA458  1053 0001:000CA464  1054 0001:000CA46A
  1055 0001:000CA471  1057 0001:000CA478  1058 0001:000CA48C  1061 0001:000CA490
  1062 0001:000CA497  1063 0001:000CA4A5  1068 0001:000CA4A8  1069 0001:000CA4B1
  1070 0001:000CA4C3  1071 0001:000CA4CD  1073 0001:000CA4D9  1074 0001:000CA4E3
  1077 0001:000CA4EF  1078 0001:000CA502  1080 0001:000CA50E  1081 0001:000CA518
  1093 0001:000CA51C  1095 0001:000CA53E  1098 0001:000CA54B  1103 0001:000CA5A3
  1104 0001:000CA5A7  1105 0001:000CA5B4  1106 0001:000CA5C9  1107 0001:000CA5D3
  1113 0001:000CA5DB  1114 0001:000CA601  1118 0001:000CA60F  1119 0001:000CA621
  1123 0001:000CA626  1124 0001:000CA644  1125 0001:000CA653  1126 0001:000CA662
  1127 0001:000CA671  1129 0001:000CA67E  1147 0001:000CA695  1148 0001:000CA69F
  1154 0001:000CA6AA  1155 0001:000CA6B6  1157 0001:000CA6C1  1160 0001:000CA6CB
  1161 0001:000CA6E4  1162 0001:000CA6FC  1161 0001:000CA710  1165 0001:000CA715
  1166 0001:000CA71D  1169 0001:000CA72D  1170 0001:000CA731  1171 0001:000CA73E
  1172 0001:000CA753  1173 0001:000CA766  1176 0001:000CA772  1177 0001:000CA786
  1181 0001:000CA792  1182 0001:000CA7A6  1186 0001:000CA7B2  1187 0001:000CA7CB
  1193 0001:000CA7D3  1196 0001:000CA7E7  1198 0001:000CA805  1199 0001:000CA819
  1201 0001:000CA82A  1202 0001:000CA84A  1196 0001:000CA84D  1205 0001:000CA852
  1208 0001:000CA861  1210 0001:000CA87F  1211 0001:000CA88D  1214 0001:000CA8BC
  1218 0001:000CA8D7  1223 0001:000CA8E8  1227 0001:000CA918  1256 0001:000CA920
  1258 0001:000CA929  1261 0001:000CA93F  1262 0001:000CA957  1263 0001:000CA969
  1261 0001:000CA980  1265 0001:000CA985  1267 0001:000CA9A7  1273 0001:000CA9AC
  1275 0001:000CA9B5  1277 0001:000CA9C0  1278 0001:000CA9D8  1279 0001:000CA9EA
  1277 0001:000CAA01  1280 0001:000CAA06  1283 0001:000CAA12  1285 0001:000CAA2F
  1288 0001:000CAA3E  1291 0001:000CAA52  1292 0001:000CAA5C  1295 0001:000CAA60
  1297 0001:000CAA6C  1298 0001:000CAA84  1300 0001:000CAA8F  1301 0001:000CAA99
  1325 0001:000CAAA0  1326 0001:000CAAA7  1327 0001:000CAAB1  1365 0001:000CAAB4
  1366 0001:000CAAD9  1367 0001:000CAAE4  1368 0001:000CAAEC  1369 0001:000CAAFA
  1370 0001:000CAB08  1372 0001:000CAB12  1376 0001:000CAB24  1377 0001:000CAB33
  1381 0001:000CAB3B  1383 0001:000CAB5A  1385 0001:000CAB65  1386 0001:000CAB81
  1387 0001:000CAB9A  1389 0001:000CABB1  1390 0001:000CABCE  1392 0001:000CABE9
  1395 0001:000CABF1  1381 0001:000CABF4  1398 0001:000CABFD  1399 0001:000CAC07
  1400 0001:000CAC34  1401 0001:000CAC4E  1402 0001:000CAC5D  1403 0001:000CAC6C
  1405 0001:000CAC7B  1407 0001:000CAC88  1408 0001:000CACA0  1409 0001:000CACAE
  1412 0001:000CACC4  1414 0001:000CACE2  1415 0001:000CACF6  1416 0001:000CAD07
  1417 0001:000CAD27  1412 0001:000CAD2A  1420 0001:000CAD3E  1422 0001:000CAD4A
  1423 0001:000CAD57  1425 0001:000CAD79  1429 0001:000CAD90  1430 0001:000CAD9C
  1431 0001:000CADA4  1433 0001:000CADDE  1533 0001:000CADE8  1534 0001:000CADF8
  1535 0001:000CAE00  1536 0001:000CAE0B  1537 0001:000CAE0F  1538 0001:000CAE1D
  1539 0001:000CAE2B  1540 0001:000CAE35  1542 0001:000CAE3B  1543 0001:000CAE4F
  1545 0001:000CAE6F  1546 0001:000CAE83  1549 0001:000CAEAE  1550 0001:000CAEB8
  1551 0001:000CAEBE  1552 0001:000CAECC  1554 0001:000CAEE8  1602 0001:000CAEF4
  1603 0001:000CAF17  1604 0001:000CAF22  1605 0001:000CAF30  1606 0001:000CAF38
  1607 0001:000CAF46  1608 0001:000CAF5B  1609 0001:000CAF61  1611 0001:000CAF6E
  1613 0001:000CAF89  1615 0001:000CAFB9  1632 0001:000CAFC0  1633 0001:000CAFDE
  1635 0001:000CAFEE  1636 0001:000CAFFC  1638 0001:000CB009  1639 0001:000CB028
  1642 0001:000CB07F  1643 0001:000CB08B  1645 0001:000CB094  1648 0001:000CB0D5
  1649 0001:000CB0F2  1652 0001:000CB145  1653 0001:000CB151  1655 0001:000CB157
  1660 0001:000CB193  1661 0001:000CB1E0  1668 0001:000CB1E8  1669 0001:000CB21A
  1670 0001:000CB21E  1672 0001:000CB226  1674 0001:000CB22A  1677 0001:000CB246
  1680 0001:000CB26B  1681 0001:000CB26F  1682 0001:000CB275  1684 0001:000CB27B
  1685 0001:000CB27F  1686 0001:000CB290  1688 0001:000CB29C  1689 0001:000CB2A7
  1690 0001:000CB2B2  1691 0001:000CB2D0  1693 0001:000CB2D6  1695 0001:000CB2F3
  1701 0001:000CB30E  1703 0001:000CB318  1704 0001:000CB31C  1705 0001:000CB324
  1706 0001:000CB333  1707 0001:000CB341  1708 0001:000CB34F  1709 0001:000CB35B
  1710 0001:000CB368  1712 0001:000CB373  1713 0001:000CB38B  1715 0001:000CB391
  1716 0001:000CB395  1718 0001:000CB39F  1721 0001:000CB3A9  1722 0001:000CB3AD
  1725 0001:000CB3B4  1726 0001:000CB3C2  1727 0001:000CB3C8  1729 0001:000CB3E0
  1730 0001:000CB3EB  1731 0001:000CB3F5  1723 0001:000CB3F8  1733 0001:000CB409
  1734 0001:000CB40F  1719 0001:000CB417  1738 0001:000CB436  1741 0001:000CB476
  1782 0001:000CB480  1784 0001:000CB4A3  1785 0001:000CB4AF  1786 0001:000CB4BE
  1788 0001:000CB4D6  1789 0001:000CB4E2  1790 0001:000CB4F4  1791 0001:000CB512
  1792 0001:000CB529  1794 0001:000CB534  1797 0001:000CB560  1799 0001:000CB56C
  1801 0001:000CB577  1802 0001:000CB58E  1803 0001:000CB59B  1806 0001:000CB5A7
  1807 0001:000CB5B3  1810 0001:000CB5BD  1811 0001:000CB5C2  1812 0001:000CB5CE
  1814 0001:000CB5D6  1815 0001:000CB5DF  1816 0001:000CB5E5  1817 0001:000CB611
  1824 0001:000CB618  1825 0001:000CB628  1827 0001:000CB63C  1829 0001:000CB649
  1830 0001:000CB669  1831 0001:000CB673  1833 0001:000CB680  1835 0001:000CB68C
  1837 0001:000CB692  1838 0001:000CB69A  1840 0001:000CB6AE  1841 0001:000CB6C0
  1844 0001:000CB6CA  1845 0001:000CB6D2  1847 0001:000CB6D8  1850 0001:000CB6F1
  1851 0001:000CB6F9  1886 0001:000CB700  1887 0001:000CB70C  1888 0001:000CB715
  1889 0001:000CB727  1890 0001:000CB737  1895 0001:000CB73C  1896 0001:000CB748
  1898 0001:000CB74E  1899 0001:000CB754  1903 0001:000CB75D  1906 0001:000CB770
  1909 0001:000CB774  1910 0001:000CB77D  1911 0001:000CB78E  1914 0001:000CB794
  1915 0001:000CB79D  1916 0001:000CB7C4  1921 0001:000CB7C8  1922 0001:000CB7D7
  1923 0001:000CB7DD  1924 0001:000CB7E6  1929 0001:000CB7EC  1930 0001:000CB7FB
  1931 0001:000CB801  1932 0001:000CB80B  1938 0001:000CB810  1939 0001:000CB820
  1941 0001:000CB82C  1942 0001:000CB837  1943 0001:000CB840  1945 0001:000CB869
  1946 0001:000CB872  1947 0001:000CB87B  1951 0001:000CB892  1952 0001:000CB898
  1954 0001:000CB8AF  1957 0001:000CB8C3  1958 0001:000CB8D2  1960 0001:000CB8E2
  2001 0001:000CB8E8  2002 0001:000CB8F1  2003 0001:000CB8FD  2005 0001:000CB910
  2006 0001:000CB918  2011 0001:000CB91C  2012 0001:000CB925  2013 0001:000CB92D
  2014 0001:000CB941  2017 0001:000CB948  2018 0001:000CB954  2019 0001:000CB965
  2020 0001:000CB976  2023 0001:000CB980  2024 0001:000CB989  2025 0001:000CB99E
  2027 0001:000CB9A4  2028 0001:000CB9B5  2033 0001:000CB9BC  2034 0001:000CB9C8
  2035 0001:000CB9D2  2040 0001:000CB9D8  2042 0001:000CB9E4  2044 0001:000CB9F0
  2046 0001:000CBA08  2048 0001:000CBA26  2051 0001:000CBA36  2054 0001:000CBA42
  2056 0001:000CBA5D  2061 0001:000CBA6E  2064 0001:000CBA79  2065 0001:000CBAA2
  2068 0001:000CBAAC  2070 0001:000CBAB8  2073 0001:000CBAC3  2074 0001:000CBACF
  2075 0001:000CBAE0  2078 0001:000CBAE8  2079 0001:000CBB07  2081 0001:000CBB12
  2082 0001:000CBB22  2083 0001:000CBB34  2085 0001:000CBB55  2087 0001:000CBB61
  2089 0001:000CBB7E  2091 0001:000CBBCD  2096 0001:000CBBD4  2097 0001:000CBBF6
  2098 0001:000CBC11  2099 0001:000CBC1C  2100 0001:000CBC28  2103 0001:000CBC33
  2107 0001:000CBC5F  2110 0001:000CBC64  2111 0001:000CBC70  2112 0001:000CBC81
  2122 0001:000CBC88  2123 0001:000CBC94  2126 0001:000CBCA2  2130 0001:000CBCBA
  2131 0001:000CBCC5  2133 0001:000CBCD1  2136 0001:000CBCD8  2137 0001:000CBCE4
  2138 0001:000CBCF5  2145 0001:000CBCFC  2147 0001:000CBD0B  2148 0001:000CBD2D
  2150 0001:000CBD33  2151 0001:000CBD3B  2152 0001:000CBD43  2153 0001:000CBD54
  2154 0001:000CBD65  2156 0001:000CBD6D  2159 0001:000CBD74  2160 0001:000CBD80
  2161 0001:000CBDAC  2164 0001:000CBDC0  2166 0001:000CBDCC  2169 0001:000CBDD0
  2172 0001:000CBDF3  2173 0001:000CBE0A  2175 0001:000CBE20  2176 0001:000CBE48
  2203 0001:000CBE50  2204 0001:000CBE7A  2205 0001:000CBE8A  2209 0001:000CBE9A
  2210 0001:000CBEBE  2212 0001:000CBED8  2214 0001:000CBEE4  2216 0001:000CBEED
  2217 0001:000CBEF5  2220 0001:000CBF05  2221 0001:000CBF12  2223 0001:000CBF1E
  2225 0001:000CBF3C  2227 0001:000CBF4D  2229 0001:000CBF57  2230 0001:000CBF75
  2233 0001:000CBF8A  2235 0001:000CBF9B  2236 0001:000CBFA7  2238 0001:000CBFB8
  2239 0001:000CBFD6  2240 0001:000CC029  2245 0001:000CC034  2246 0001:000CC053
  2247 0001:000CC072  2248 0001:000CC078  2250 0001:000CC08A  2251 0001:000CC0B5
  2256 0001:000CC0BC  2258 0001:000CC0C8  2259 0001:000CC0DC  2260 0001:000CC0E2
  2262 0001:000CC0F4  2263 0001:000CC102  2413 0001:000CC108  2415 0001:000CC114
  2418 0001:000CC122  2420 0001:000CC12E  2421 0001:000CC13A  2423 0001:000CC14B
  2452 0001:000CC154  2453 0001:000CC15B  2457 0001:000CC167  2459 0001:000CC175
  2460 0001:000CC17D  2465 0001:000CC180  2466 0001:000CC18F  2470 0001:000CC19F
  2472 0001:000CC1AD  2473 0001:000CC1C3  2476 0001:000CC1C9  2479 0001:000CC1D7
  2481 0001:000CC1E5  2484 0001:000CC1FB  2486 0001:000CC201  2487 0001:000CC212
  2490 0001:000CC218  2494 0001:000CC228  2495 0001:000CC236  2498 0001:000CC244
  2500 0001:000CC252  2501 0001:000CC25E  2502 0001:000CC266  2556 0001:000CC26C
  2557 0001:000CC299  2559 0001:000CC2B1  2560 0001:000CC2B5  2564 0001:000CC2B7
  2565 0001:000CC2CB  2566 0001:000CC2FC  2586 0001:000CC304  2587 0001:000CC313
  2589 0001:000CC31F  2590 0001:000CC323  2593 0001:000CC328  2594 0001:000CC330
  2596 0001:000CC347  2598 0001:000CC34D  2599 0001:000CC35E  2601 0001:000CC366
  2602 0001:000CC37A  2603 0001:000CC389  2604 0001:000CC393  2605 0001:000CC3B0
  2608 0001:000CC3CE  2611 0001:000CC3D8  2612 0001:000CC3DF  2613 0001:000CC3EA
  2629 0001:000CC3F0  2630 0001:000CC3F7  2631 0001:000CC421  2632 0001:000CC429
  2637 0001:000CC42C  2638 0001:000CC435  2639 0001:000CC446  2640 0001:000CC470
  2641 0001:000CC47E  2644 0001:000CC484  2645 0001:000CC490  2646 0001:000CC498
  2647 0001:000CC4A0  2650 0001:000CC4A4  2651 0001:000CC4B0  2652 0001:000CC4B8
  2655 0001:000CC4BC  2656 0001:000CC4C5  2657 0001:000CC4D7  2660 0001:000CC4DC
  2662 0001:000CC4FB  2665 0001:000CC50A  2671 0001:000CC522  2672 0001:000CC550
  2675 0001:000CC554  2676 0001:000CC560  2677 0001:000CC574  2680 0001:000CC578
  2681 0001:000CC584  2682 0001:000CC595  2688 0001:000CC59C  2689 0001:000CC5B7
  2690 0001:000CC5C7  2691 0001:000CC5EB  2694 0001:000CC5F0  2695 0001:000CC5F9
  2696 0001:000CC607  2704 0001:000CC60C  2705 0001:000CC618  2706 0001:000CC629
  2709 0001:000CC630  2710 0001:000CC639  2711 0001:000CC645  2717 0001:000CC64C
  2718 0001:000CC658  2720 0001:000CC670  2721 0001:000CC67E  2723 0001:000CC68E
  2724 0001:000CC694  2726 0001:000CC696  2718 0001:000CC699  2727 0001:000CC69E
  2728 0001:000CC6A6  2735 0001:000CC6AC  2736 0001:000CC6D4  2737 0001:000CC6EA
  2738 0001:000CC6EF  2741 0001:000CC701  2743 0001:000CC719  2744 0001:000CC727
  2746 0001:000CC74D  2747 0001:000CC753  2749 0001:000CC755  2741 0001:000CC758
  2750 0001:000CC78A  2763 0001:000CC790  2764 0001:000CC7AB  2766 0001:000CC7B5
  2767 0001:000CC7BE  2768 0001:000CC7D2  2769 0001:000CC7F4  2772 0001:000CC7F8
  2773 0001:000CC809  2775 0001:000CC814  2776 0001:000CC830  2779 0001:000CC834
  2780 0001:000CC83C  2782 0001:000CC85A  2783 0001:000CC861  2784 0001:000CC878
  2785 0001:000CC889  2787 0001:000CC892  2788 0001:000CC89D  2791 0001:000CC8A4
  2792 0001:000CC8BF  2794 0001:000CC8C8  2796 0001:000CC8E0  2797 0001:000CC8F6
  2800 0001:000CC8FC  2801 0001:000CC903  2802 0001:000CC912  2803 0001:000CC91D
  2806 0001:000CC920  2807 0001:000CC927  2808 0001:000CC92F  2811 0001:000CC934
  2812 0001:000CC941  2813 0001:000CC966  2814 0001:000CC972  2817 0001:000CC978
  2818 0001:000CC984  2820 0001:000CC994  2821 0001:000CC9A2  2823 0001:000CC9AA
  2826 0001:000CC9B0  2827 0001:000CC9B9  2828 0001:000CC9DA  2833 0001:000CC9E0
  2834 0001:000CC9FC  2835 0001:000CCA2E  2840 0001:000CCA64  2842 0001:000CCA6D
  2844 0001:000CCA77

Line numbers for Unit1(Unit1.pas) segment .text

    27 0001:000CCC50    27 0001:000CCC57

Line numbers for Project1(u:\MASTER\Project1.dpr) segment .text

    10 0001:000CCF98    11 0001:000CCFA8    12 0001:000CCFB4    13 0001:000CCFCC
    14 0001:000CCFD8

Bound resource files

C:\Program Files\EurekaLog 4\Delphi7\DIALOG.RES
c:\program files\borland\delphi7\Lib\Buttons.res
c:\program files\borland\delphi7\Lib\ExtDlgs.res
c:\program files\borland\delphi7\Lib\Controls.res
c:\program files\borland\delphi7\Lib\DBLogDlg.dfm
c:\program files\borland\delphi7\Lib\DBPWDlg.dfm
c:\program files\borland\delphi7\Lib\DBCtrls.res
c:\program files\borland\delphi7\Lib\DBGrids.res
Unit1.dfm
Project1.res
Project1.drf


Program entry point at 0001:000CCF98
