
 Start         Length     Name                   Class
 0001:00000000 000DE568H .text                   CODE
 0002:00000000 00002C9CH .data                   DATA
 0002:00002C9C 0000121DH .bss                    BSS


Detailed map of segments

 0001:00000000 000060B3 C=CODE     S=.text    G=(none)   M=System   ACBP=A9
 0001:000060B4 00000140 C=CODE     S=.text    G=(none)   M=SysInit  ACBP=A9
 0001:000061F4 00000090 C=CODE     S=.text    G=(none)   M=Types    ACBP=A9
 0001:00006284 00000D5C C=CODE     S=.text    G=(none)   M=Windows  ACBP=A9
 0001:00006FE0 00000038 C=CODE     S=.text    G=(none)   M=Messages ACBP=A9
 0001:00007018 00000388 C=CODE     S=.text    G=(none)   M=SysConst ACBP=A9
 0001:000073A0 000079D0 C=CODE     S=.text    G=(none)   M=SysUtils ACBP=A9
 0001:0000ED70 0000082B C=CODE     S=.text    G=(none)   M=VarUtils ACBP=A9
 0001:0000F59C 0000954E C=CODE     S=.text    G=(none)   M=Variants ACBP=A9
 0001:00018AEC 00000150 C=CODE     S=.text    G=(none)   M=RTLConsts ACBP=A9
 0001:00018C3C 0000183C C=CODE     S=.text    G=(none)   M=TypInfo  ACBP=A9
 0001:0001A478 000000B0 C=CODE     S=.text    G=(none)   M=ActiveX  ACBP=A9
 0001:0001A528 0000AC12 C=CODE     S=.text    G=(none)   M=Classes  ACBP=A9
 0001:0002513C 000002F0 C=CODE     S=.text    G=(none)   M=Consts   ACBP=A9
 0001:0002542C 00008D7F C=CODE     S=.text    G=(none)   M=Graphics ACBP=A9
 0001:0002E1AC 000000C0 C=CODE     S=.text    G=(none)   M=Math     ACBP=A9
 0001:0002E26C 000002B8 C=CODE     S=.text    G=(none)   M=Contnrs  ACBP=A9
 0001:0002E524 00000190 C=CODE     S=.text    G=(none)   M=CommCtrl ACBP=A9
 0001:0002E6B4 00000787 C=CODE     S=.text    G=(none)   M=MultiMon ACBP=A9
 0001:0002EE3C 00000038 C=CODE     S=.text    G=(none)   M=Imm      ACBP=A9
 0001:0002EE74 00000FF8 C=CODE     S=.text    G=(none)   M=HelpIntfs ACBP=A9
 0001:0002FE6C 00000038 C=CODE     S=.text    G=(none)   M=WinSpool ACBP=A9
 0001:0002FEA4 00000044 C=CODE     S=.text    G=(none)   M=Printers ACBP=A9
 0001:0002FEE8 0000031F C=CODE     S=.text    G=(none)   M=FlatSB   ACBP=A9
 0001:00030208 000001A4 C=CODE     S=.text    G=(none)   M=SyncObjs ACBP=A9
 0001:000303AC 000009BB C=CODE     S=.text    G=(none)   M=UxTheme  ACBP=A9
 0001:00030D68 00000038 C=CODE     S=.text    G=(none)   M=RichEdit ACBP=A9
 0001:00030DA0 00000038 C=CODE     S=.text    G=(none)   M=ToolWin  ACBP=A9
 0001:00030DD8 00000038 C=CODE     S=.text    G=(none)   M=ShellAPI ACBP=A9
 0001:00030E10 00000038 C=CODE     S=.text    G=(none)   M=RegStr   ACBP=A9
 0001:00030E48 00000038 C=CODE     S=.text    G=(none)   M=WinInet  ACBP=A9
 0001:00030E80 00000038 C=CODE     S=.text    G=(none)   M=UrlMon   ACBP=A9
 0001:00030EB8 00000038 C=CODE     S=.text    G=(none)   M=ShlObj   ACBP=A9
 0001:00030EF0 00000038 C=CODE     S=.text    G=(none)   M=CommDlg  ACBP=A9
 0001:00030F28 00000038 C=CODE     S=.text    G=(none)   M=Dlgs     ACBP=A9
 0001:00030F60 0000132D C=CODE     S=.text    G=(none)   M=Dialogs  ACBP=A9
 0001:00032290 0000241E C=CODE     S=.text    G=(none)   M=ExtCtrls ACBP=A9
 0001:000346B0 00000078 C=CODE     S=.text    G=(none)   M=ComStrs  ACBP=A9
 0001:00034728 00000094 C=CODE     S=.text    G=(none)   M=Clipbrd  ACBP=A9
 0001:000347BC 00000038 C=CODE     S=.text    G=(none)   M=StrUtils ACBP=A9
 0001:000347F4 000000F5 C=CODE     S=.text    G=(none)   M=Buttons  ACBP=A9
 0001:000348EC 00000038 C=CODE     S=.text    G=(none)   M=ExtDlgs  ACBP=A9
 0001:00034924 00001028 C=CODE     S=.text    G=(none)   M=IniFiles ACBP=A9
 0001:0003594C 00000068 C=CODE     S=.text    G=(none)   M=Registry ACBP=A9
 0001:000359B4 0000006C C=CODE     S=.text    G=(none)   M=Mapi     ACBP=A9
 0001:00035A20 00000058 C=CODE     S=.text    G=(none)   M=ExtActns ACBP=A9
 0001:00035A78 00000038 C=CODE     S=.text    G=(none)   M=ListActns ACBP=A9
 0001:00035AB0 00003A80 C=CODE     S=.text    G=(none)   M=ComCtrls ACBP=A9
 0001:00039530 00000B24 C=CODE     S=.text    G=(none)   M=Themes   ACBP=A9
 0001:0003A054 00005690 C=CODE     S=.text    G=(none)   M=StdCtrls ACBP=A9
 0001:0003F6E4 00000168 C=CODE     S=.text    G=(none)   M=StdActns ACBP=A9
 0001:0003F84C 00000D1F C=CODE     S=.text    G=(none)   M=WinHelpViewer ACBP=A9
 0001:0004056C 00010EDB C=CODE     S=.text    G=(none)   M=Controls ACBP=A9
 0001:00051448 00001292 C=CODE     S=.text    G=(none)   M=ActnList ACBP=A9
 0001:000526DC 000016E4 C=CODE     S=.text    G=(none)   M=ImgList  ACBP=A9
 0001:00053DC0 000066AD C=CODE     S=.text    G=(none)   M=Menus    ACBP=A9
 0001:0005A470 0000C568 C=CODE     S=.text    G=(none)   M=Forms    ACBP=A9
 0001:000669D8 00000BDC C=CODE     S=.text    G=(none)   M=IdException ACBP=A9
 0001:000675B4 000002D8 C=CODE     S=.text    G=(none)   M=IdResourceStrings ACBP=A9
 0001:0006788C 00001127 C=CODE     S=.text    G=(none)   M=IdWinSock2 ACBP=A9
 0001:000689B4 00000038 C=CODE     S=.text    G=(none)   M=IdStackConsts ACBP=A9
 0001:000689EC 00000A18 C=CODE     S=.text    G=(none)   M=IdStack  ACBP=A9
 0001:00069404 00001114 C=CODE     S=.text    G=(none)   M=IdStackWindows ACBP=A9
 0001:0006A518 00000038 C=CODE     S=.text    G=(none)   M=IdURI    ACBP=A9
 0001:0006A550 000007E8 C=CODE     S=.text    G=(none)   M=IdGlobal ACBP=A9
 0001:0006AD38 000000FC C=CODE     S=.text    G=(none)   M=IdBaseComponent ACBP=A9
 0001:0006AE34 000002EC C=CODE     S=.text    G=(none)   M=IdAntiFreezeBase ACBP=A9
 0001:0006B120 00000645 C=CODE     S=.text    G=(none)   M=IdComponent ACBP=A9
 0001:0006B768 00000B24 C=CODE     S=.text    G=(none)   M=IdSocketHandle ACBP=A9
 0001:0006C28C 0000046C C=CODE     S=.text    G=(none)   M=IdIntercept ACBP=A9
 0001:0006C6F8 0000015C C=CODE     S=.text    G=(none)   M=IdIOHandler ACBP=A9
 0001:0006C854 00000700 C=CODE     S=.text    G=(none)   M=IdRFCReply ACBP=A9
 0001:0006CF54 00000038 C=CODE     S=.text    G=(none)   M=IdAssignedNumbers ACBP=A9
 0001:0006CF8C 00000B58 C=CODE     S=.text    G=(none)   M=IdSocks  ACBP=A9
 0001:0006DAE4 00000038 C=CODE     S=.text    G=(none)   M=IdTCPStream ACBP=A9
 0001:0006DB1C 00000038 C=CODE     S=.text    G=(none)   M=IdStream ACBP=A9
 0001:0006DB54 00000874 C=CODE     S=.text    G=(none)   M=IdIOHandlerSocket ACBP=A9
 0001:0006E3C8 00001E00 C=CODE     S=.text    G=(none)   M=IdTCPConnection ACBP=A9
 0001:000701C8 000006A4 C=CODE     S=.text    G=(none)   M=IdThread ACBP=A9
 0001:0007086C 0000016C C=CODE     S=.text    G=(none)   M=IdThreadMgrDefault ACBP=A9
 0001:000709D8 0000011C C=CODE     S=.text    G=(none)   M=IdServerIOHandler ACBP=A9
 0001:00070AF4 000001D0 C=CODE     S=.text    G=(none)   M=IdServerIOHandlerSocket ACBP=A9
 0001:00070CC4 0000025C C=CODE     S=.text    G=(none)   M=IdStrings ACBP=A9
 0001:00070F20 00000090 C=CODE     S=.text    G=(none)   M=IdThreadSafe ACBP=A9
 0001:00070FB0 000002C4 C=CODE     S=.text    G=(none)   M=IdThreadMgr ACBP=A9
 0001:00071274 00002404 C=CODE     S=.text    G=(none)   M=IdTCPServer ACBP=A9
 0001:00073678 00000068 C=CODE     S=.text    G=(none)   M=WinSock  ACBP=A9
 0001:000736E0 00000960 C=CODE     S=.text    G=(none)   M=ICMP     ACBP=A9
 0001:00074040 000009E0 C=CODE     S=.text    G=(none)   M=MaskUtils ACBP=A9
 0001:00074A20 00000070 C=CODE     S=.text    G=(none)   M=DateUtils ACBP=A9
 0001:00074A90 000001A8 C=CODE     S=.text    G=(none)   M=DBConsts ACBP=A9
 0001:00074C38 00000F73 C=CODE     S=.text    G=(none)   M=SqlTimSt ACBP=A9
 0001:00075BAC 00004AFB C=CODE     S=.text    G=(none)   M=FMTBcd   ACBP=A9
 0001:0007A6A8 00000058 C=CODE     S=.text    G=(none)   M=ComConst ACBP=A9
 0001:0007A700 00000E9D C=CODE     S=.text    G=(none)   M=ComObj   ACBP=A9
 0001:0007B5A0 00014A58 C=CODE     S=.text    G=(none)   M=DB       ACBP=A9
 0001:0008FFF8 000000C4 C=CODE     S=.text    G=(none)   M=OleDB    ACBP=A9
 0001:000900BC 00000250 C=CODE     S=.text    G=(none)   M=ADOInt   ACBP=A9
 0001:0009030C 00000A50 C=CODE     S=.text    G=(none)   M=DBCommon ACBP=A9
 0001:00090D5C 00000160 C=CODE     S=.text    G=(none)   M=Mtx      ACBP=A9
 0001:00090EBC 000000B0 C=CODE     S=.text    G=(none)   M=ADOConst ACBP=A9
 0001:00090F6C 000103B6 C=CODE     S=.text    G=(none)   M=ADODB    ACBP=A9
 0001:000A1324 00003657 C=CODE     S=.text    G=(none)   M=OracleCI ACBP=A9
 0001:000A497C 00000401 C=CODE     S=.text    G=(none)   M=OracleLogon ACBP=A9
 0001:000A4D80 00003EB4 C=CODE     S=.text    G=(none)   M=OracleFilter ACBP=A9
 0001:000A8C34 00001017 C=CODE     S=.text    G=(none)   M=OracleCompress ACBP=A9
 0001:000A9C4C 00000378 C=CODE     S=.text    G=(none)   M=OracleSelForm ACBP=A9
 0001:000A9FC4 0001A354 C=CODE     S=.text    G=(none)   M=OracleData ACBP=A9
 0001:000C4318 00001BEC C=CODE     S=.text    G=(none)   M=OracleTypes ACBP=A9
 0001:000C5F04 000001FC C=CODE     S=.text    G=(none)   M=OracleVisual ACBP=A9
 0001:000C6100 00016A38 C=CODE     S=.text    G=(none)   M=Oracle   ACBP=A9
 0001:000DCB38 00001630 C=CODE     S=.text    G=(none)   M=main_srv ACBP=A9
 0001:000DE168 000003FD C=CODE     S=.text    G=(none)   M=TestIPServer ACBP=A9
 0002:00000000 000000A4 C=DATA     S=.data    G=DGROUP   M=System   ACBP=A9
 0002:000000A4 00000020 C=DATA     S=.data    G=DGROUP   M=SysInit  ACBP=A9
 0002:000000C4 00000274 C=DATA     S=.data    G=DGROUP   M=SysUtils ACBP=A9
 0002:00000338 00000110 C=DATA     S=.data    G=DGROUP   M=VarUtils ACBP=A9
 0002:00000448 000001B6 C=DATA     S=.data    G=DGROUP   M=Variants ACBP=A9
 0002:00000600 0000000C C=DATA     S=.data    G=DGROUP   M=TypInfo  ACBP=A9
 0002:0000060C 00000010 C=DATA     S=.data    G=DGROUP   M=ActiveX  ACBP=A9
 0002:0000061C 00000100 C=DATA     S=.data    G=DGROUP   M=Classes  ACBP=A9
 0002:0000071C 00000304 C=DATA     S=.data    G=DGROUP   M=Graphics ACBP=A9
 0002:00000A20 00000004 C=DATA     S=.data    G=DGROUP   M=Printers ACBP=A9
 0002:00000A24 000000B4 C=DATA     S=.data    G=DGROUP   M=Dialogs  ACBP=A9
 0002:00000AD8 0000018C C=DATA     S=.data    G=DGROUP   M=ExtCtrls ACBP=A9
 0002:00000C64 0000002C C=DATA     S=.data    G=DGROUP   M=Buttons  ACBP=A9
 0002:00000C90 00000008 C=DATA     S=.data    G=DGROUP   M=IniFiles ACBP=A9
 0002:00000C98 00000008 C=DATA     S=.data    G=DGROUP   M=Registry ACBP=A9
 0002:00000CA0 00000008 C=DATA     S=.data    G=DGROUP   M=Mapi     ACBP=A9
 0002:00000CA8 00000064 C=DATA     S=.data    G=DGROUP   M=ComCtrls ACBP=A9
 0002:00000D0C 00000068 C=DATA     S=.data    G=DGROUP   M=Themes   ACBP=A9
 0002:00000D74 00000084 C=DATA     S=.data    G=DGROUP   M=StdCtrls ACBP=A9
 0002:00000DF8 0000013C C=DATA     S=.data    G=DGROUP   M=Controls ACBP=A9
 0002:00000F34 00000020 C=DATA     S=.data    G=DGROUP   M=ImgList  ACBP=A9
 0002:00000F54 000000EC C=DATA     S=.data    G=DGROUP   M=Menus    ACBP=A9
 0002:00001040 0000011C C=DATA     S=.data    G=DGROUP   M=Forms    ACBP=A9
 0002:0000115C 00000544 C=DATA     S=.data    G=DGROUP   M=IdWinSock2 ACBP=A9
 0002:000016A0 00000004 C=DATA     S=.data    G=DGROUP   M=IdStackConsts ACBP=A9
 0002:000016A4 0000000C C=DATA     S=.data    G=DGROUP   M=IdStack  ACBP=A9
 0002:000016B0 00000001 C=DATA     S=.data    G=DGROUP   M=IdStackWindows ACBP=A9
 0002:000016B4 0000009C C=DATA     S=.data    G=DGROUP   M=IdGlobal ACBP=A9
 0002:00001750 00000004 C=DATA     S=.data    G=DGROUP   M=IdAntiFreezeBase ACBP=A9
 0002:00001754 00000028 C=DATA     S=.data    G=DGROUP   M=IdComponent ACBP=A9
 0002:0000177C 00000004 C=DATA     S=.data    G=DGROUP   M=IdTCPServer ACBP=A9
 0002:00001780 00000005 C=DATA     S=.data    G=DGROUP   M=MaskUtils ACBP=A9
 0002:00001788 0000003C C=DATA     S=.data    G=DGROUP   M=SqlTimSt ACBP=A9
 0002:000017C4 00000065 C=DATA     S=.data    G=DGROUP   M=FMTBcd   ACBP=A9
 0002:0000182C 00000030 C=DATA     S=.data    G=DGROUP   M=ComObj   ACBP=A9
 0002:0000185C 0000021E C=DATA     S=.data    G=DGROUP   M=DB       ACBP=A9
 0002:00001A7C 00000010 C=DATA     S=.data    G=DGROUP   M=OleDB    ACBP=A9
 0002:00001A8C 00000060 C=DATA     S=.data    G=DGROUP   M=ADOInt   ACBP=A9
 0002:00001AEC 00000020 C=DATA     S=.data    G=DGROUP   M=Mtx      ACBP=A9
 0002:00001B0C 00000294 C=DATA     S=.data    G=DGROUP   M=ADODB    ACBP=A9
 0002:00001DA0 00000088 C=DATA     S=.data    G=DGROUP   M=OracleCI ACBP=A9
 0002:00001E28 00000040 C=DATA     S=.data    G=DGROUP   M=OracleLogon ACBP=A9
 0002:00001E68 00000118 C=DATA     S=.data    G=DGROUP   M=OracleFilter ACBP=A9
 0002:00001F80 000002A2 C=DATA     S=.data    G=DGROUP   M=OracleCompress ACBP=A9
 0002:00002224 00000038 C=DATA     S=.data    G=DGROUP   M=OracleData ACBP=A9
 0002:0000225C 00000094 C=DATA     S=.data    G=DGROUP   M=Oracle   ACBP=A9
 0002:00003000 00000664 C=BSS      S=.bss     G=DGROUP   M=System   ACBP=A9
 0002:00003664 00000010 C=BSS      S=.bss     G=DGROUP   M=SysInit  ACBP=A9
 0002:00003674 00000004 C=BSS      S=.bss     G=DGROUP   M=Types    ACBP=A9
 0002:00003678 00000004 C=BSS      S=.bss     G=DGROUP   M=Windows  ACBP=A9
 0002:0000367C 00000004 C=BSS      S=.bss     G=DGROUP   M=Messages ACBP=A9
 0002:00003680 00000004 C=BSS      S=.bss     G=DGROUP   M=SysConst ACBP=A9
 0002:00003684 00000120 C=BSS      S=.bss     G=DGROUP   M=SysUtils ACBP=A9
 0002:000037A4 0000005C C=BSS      S=.bss     G=DGROUP   M=VarUtils ACBP=A9
 0002:00003800 00000040 C=BSS      S=.bss     G=DGROUP   M=Variants ACBP=A9
 0002:00003840 00000004 C=BSS      S=.bss     G=DGROUP   M=RTLConsts ACBP=A9
 0002:00003844 00000004 C=BSS      S=.bss     G=DGROUP   M=TypInfo  ACBP=A9
 0002:00003848 00000004 C=BSS      S=.bss     G=DGROUP   M=ActiveX  ACBP=A9
 0002:0000384C 00000044 C=BSS      S=.bss     G=DGROUP   M=Classes  ACBP=A9
 0002:00003890 00000004 C=BSS      S=.bss     G=DGROUP   M=Consts   ACBP=A9
 0002:00003894 00000060 C=BSS      S=.bss     G=DGROUP   M=Graphics ACBP=A9
 0002:000038F4 00000004 C=BSS      S=.bss     G=DGROUP   M=Math     ACBP=A9
 0002:000038F8 00000004 C=BSS      S=.bss     G=DGROUP   M=Contnrs  ACBP=A9
 0002:000038FC 0000000C C=BSS      S=.bss     G=DGROUP   M=CommCtrl ACBP=A9
 0002:00003908 00000031 C=BSS      S=.bss     G=DGROUP   M=MultiMon ACBP=A9
 0002:0000393C 00000004 C=BSS      S=.bss     G=DGROUP   M=Imm      ACBP=A9
 0002:00003940 00000008 C=BSS      S=.bss     G=DGROUP   M=HelpIntfs ACBP=A9
 0002:00003948 00000004 C=BSS      S=.bss     G=DGROUP   M=WinSpool ACBP=A9
 0002:0000394C 00000004 C=BSS      S=.bss     G=DGROUP   M=Printers ACBP=A9
 0002:00003950 00000034 C=BSS      S=.bss     G=DGROUP   M=FlatSB   ACBP=A9
 0002:00003984 00000004 C=BSS      S=.bss     G=DGROUP   M=SyncObjs ACBP=A9
 0002:00003988 000000CC C=BSS      S=.bss     G=DGROUP   M=UxTheme  ACBP=A9
 0002:00003A54 00000004 C=BSS      S=.bss     G=DGROUP   M=RichEdit ACBP=A9
 0002:00003A58 00000004 C=BSS      S=.bss     G=DGROUP   M=ToolWin  ACBP=A9
 0002:00003A5C 00000004 C=BSS      S=.bss     G=DGROUP   M=ShellAPI ACBP=A9
 0002:00003A60 00000004 C=BSS      S=.bss     G=DGROUP   M=RegStr   ACBP=A9
 0002:00003A64 00000004 C=BSS      S=.bss     G=DGROUP   M=WinInet  ACBP=A9
 0002:00003A68 00000004 C=BSS      S=.bss     G=DGROUP   M=UrlMon   ACBP=A9
 0002:00003A6C 00000004 C=BSS      S=.bss     G=DGROUP   M=ShlObj   ACBP=A9
 0002:00003A70 00000004 C=BSS      S=.bss     G=DGROUP   M=CommDlg  ACBP=A9
 0002:00003A74 00000004 C=BSS      S=.bss     G=DGROUP   M=Dlgs     ACBP=A9
 0002:00003A78 00000038 C=BSS      S=.bss     G=DGROUP   M=Dialogs  ACBP=A9
 0002:00003AB0 00000004 C=BSS      S=.bss     G=DGROUP   M=ExtCtrls ACBP=A9
 0002:00003AB4 00000004 C=BSS      S=.bss     G=DGROUP   M=ComStrs  ACBP=A9
 0002:00003AB8 0000000C C=BSS      S=.bss     G=DGROUP   M=Clipbrd  ACBP=A9
 0002:00003AC4 00000004 C=BSS      S=.bss     G=DGROUP   M=StrUtils ACBP=A9
 0002:00003AC8 00000030 C=BSS      S=.bss     G=DGROUP   M=Buttons  ACBP=A9
 0002:00003AF8 00000004 C=BSS      S=.bss     G=DGROUP   M=ExtDlgs  ACBP=A9
 0002:00003AFC 00000004 C=BSS      S=.bss     G=DGROUP   M=IniFiles ACBP=A9
 0002:00003B00 00000004 C=BSS      S=.bss     G=DGROUP   M=Registry ACBP=A9
 0002:00003B04 00000004 C=BSS      S=.bss     G=DGROUP   M=Mapi     ACBP=A9
 0002:00003B08 00000009 C=BSS      S=.bss     G=DGROUP   M=ExtActns ACBP=A9
 0002:00003B14 00000004 C=BSS      S=.bss     G=DGROUP   M=ListActns ACBP=A9
 0002:00003B18 00000010 C=BSS      S=.bss     G=DGROUP   M=ComCtrls ACBP=A9
 0002:00003B28 00000008 C=BSS      S=.bss     G=DGROUP   M=Themes   ACBP=A9
 0002:00003B30 00000004 C=BSS      S=.bss     G=DGROUP   M=StdCtrls ACBP=A9
 0002:00003B34 00000004 C=BSS      S=.bss     G=DGROUP   M=StdActns ACBP=A9
 0002:00003B38 00000014 C=BSS      S=.bss     G=DGROUP   M=WinHelpViewer ACBP=A9
 0002:00003B4C 00000080 C=BSS      S=.bss     G=DGROUP   M=Controls ACBP=A9
 0002:00003BCC 00000004 C=BSS      S=.bss     G=DGROUP   M=ActnList ACBP=A9
 0002:00003BD0 0000000C C=BSS      S=.bss     G=DGROUP   M=ImgList  ACBP=A9
 0002:00003BDC 00000010 C=BSS      S=.bss     G=DGROUP   M=Menus    ACBP=A9
 0002:00003BEC 00000020 C=BSS      S=.bss     G=DGROUP   M=Forms    ACBP=A9
 0002:00003C0C 00000004 C=BSS      S=.bss     G=DGROUP   M=IdException ACBP=A9
 0002:00003C10 00000004 C=BSS      S=.bss     G=DGROUP   M=IdResourceStrings ACBP=A9
 0002:00003C14 000001C8 C=BSS      S=.bss     G=DGROUP   M=IdWinSock2 ACBP=A9
 0002:00003DDC 00000004 C=BSS      S=.bss     G=DGROUP   M=IdStackConsts ACBP=A9
 0002:00003DE0 00000008 C=BSS      S=.bss     G=DGROUP   M=IdStack  ACBP=A9
 0002:00003DE8 00000004 C=BSS      S=.bss     G=DGROUP   M=IdStackWindows ACBP=A9
 0002:00003DEC 00000004 C=BSS      S=.bss     G=DGROUP   M=IdURI    ACBP=A9
 0002:00003DF0 00000014 C=BSS      S=.bss     G=DGROUP   M=IdGlobal ACBP=A9
 0002:00003E04 00000004 C=BSS      S=.bss     G=DGROUP   M=IdBaseComponent ACBP=A9
 0002:00003E08 00000004 C=BSS      S=.bss     G=DGROUP   M=IdAntiFreezeBase ACBP=A9
 0002:00003E0C 00000008 C=BSS      S=.bss     G=DGROUP   M=IdComponent ACBP=A9
 0002:00003E14 00000004 C=BSS      S=.bss     G=DGROUP   M=IdSocketHandle ACBP=A9
 0002:00003E18 00000004 C=BSS      S=.bss     G=DGROUP   M=IdIntercept ACBP=A9
 0002:00003E1C 00000004 C=BSS      S=.bss     G=DGROUP   M=IdIOHandler ACBP=A9
 0002:00003E20 00000004 C=BSS      S=.bss     G=DGROUP   M=IdRFCReply ACBP=A9
 0002:00003E24 00000004 C=BSS      S=.bss     G=DGROUP   M=IdAssignedNumbers ACBP=A9
 0002:00003E28 00000004 C=BSS      S=.bss     G=DGROUP   M=IdSocks  ACBP=A9
 0002:00003E2C 00000004 C=BSS      S=.bss     G=DGROUP   M=IdTCPStream ACBP=A9
 0002:00003E30 00000004 C=BSS      S=.bss     G=DGROUP   M=IdStream ACBP=A9
 0002:00003E34 00000004 C=BSS      S=.bss     G=DGROUP   M=IdIOHandlerSocket ACBP=A9
 0002:00003E38 00000004 C=BSS      S=.bss     G=DGROUP   M=IdTCPConnection ACBP=A9
 0002:00003E3C 00000004 C=BSS      S=.bss     G=DGROUP   M=IdThread ACBP=A9
 0002:00003E40 00000004 C=BSS      S=.bss     G=DGROUP   M=IdThreadMgrDefault ACBP=A9
 0002:00003E44 00000004 C=BSS      S=.bss     G=DGROUP   M=IdServerIOHandler ACBP=A9
 0002:00003E48 00000004 C=BSS      S=.bss     G=DGROUP   M=IdServerIOHandlerSocket ACBP=A9
 0002:00003E4C 00000004 C=BSS      S=.bss     G=DGROUP   M=IdStrings ACBP=A9
 0002:00003E50 00000004 C=BSS      S=.bss     G=DGROUP   M=IdThreadSafe ACBP=A9
 0002:00003E54 00000004 C=BSS      S=.bss     G=DGROUP   M=IdThreadMgr ACBP=A9
 0002:00003E58 00000004 C=BSS      S=.bss     G=DGROUP   M=IdTCPServer ACBP=A9
 0002:00003E5C 00000004 C=BSS      S=.bss     G=DGROUP   M=WinSock  ACBP=A9
 0002:00003E60 00000004 C=BSS      S=.bss     G=DGROUP   M=ICMP     ACBP=A9
 0002:00003E64 00000004 C=BSS      S=.bss     G=DGROUP   M=MaskUtils ACBP=A9
 0002:00003E68 00000004 C=BSS      S=.bss     G=DGROUP   M=DateUtils ACBP=A9
 0002:00003E6C 00000004 C=BSS      S=.bss     G=DGROUP   M=DBConsts ACBP=A9
 0002:00003E70 00000004 C=BSS      S=.bss     G=DGROUP   M=SqlTimSt ACBP=A9
 0002:00003E74 00000004 C=BSS      S=.bss     G=DGROUP   M=FMTBcd   ACBP=A9
 0002:00003E78 00000004 C=BSS      S=.bss     G=DGROUP   M=ComConst ACBP=A9
 0002:00003E7C 00000011 C=BSS      S=.bss     G=DGROUP   M=ComObj   ACBP=A9
 0002:00003E90 00000010 C=BSS      S=.bss     G=DGROUP   M=DB       ACBP=A9
 0002:00003EA0 00000004 C=BSS      S=.bss     G=DGROUP   M=OleDB    ACBP=A9
 0002:00003EA4 00000004 C=BSS      S=.bss     G=DGROUP   M=ADOInt   ACBP=A9
 0002:00003EA8 00000004 C=BSS      S=.bss     G=DGROUP   M=DBCommon ACBP=A9
 0002:00003EAC 00000004 C=BSS      S=.bss     G=DGROUP   M=Mtx      ACBP=A9
 0002:00003EB0 00000004 C=BSS      S=.bss     G=DGROUP   M=ADOConst ACBP=A9
 0002:00003EB4 00000008 C=BSS      S=.bss     G=DGROUP   M=ADODB    ACBP=A9
 0002:00003EBC 000002A0 C=BSS      S=.bss     G=DGROUP   M=OracleCI ACBP=A9
 0002:0000415C 00000008 C=BSS      S=.bss     G=DGROUP   M=OracleLogon ACBP=A9
 0002:00004164 00000004 C=BSS      S=.bss     G=DGROUP   M=OracleFilter ACBP=A9
 0002:00004168 00000030 C=BSS      S=.bss     G=DGROUP   M=OracleCompress ACBP=A9
 0002:00004198 00000004 C=BSS      S=.bss     G=DGROUP   M=OracleSelForm ACBP=A9
 0002:0000419C 00000008 C=BSS      S=.bss     G=DGROUP   M=OracleData ACBP=A9
 0002:000041A4 00000004 C=BSS      S=.bss     G=DGROUP   M=OracleTypes ACBP=A9
 0002:000041A8 00000004 C=BSS      S=.bss     G=DGROUP   M=OracleVisual ACBP=A9
 0002:000041AC 00000068 C=BSS      S=.bss     G=DGROUP   M=Oracle   ACBP=A9
 0002:00004214 00000008 C=BSS      S=.bss     G=DGROUP   M=main_srv ACBP=A9


  Address         Publics by Name

 0002:00004164       .01
 0002:00003A70       .1
 0002:00003A74       .1
 0002:00003680       .1
 0002:0000367C       .1
 0002:00003E6C       .1
 0002:000041A8       .1
 0002:000038FC       .1
 0002:00003E78       .1
 0002:00003B40       .1
 0002:00003928       .1
 0002:0000393C       .1
 0002:00003E68       .1
 0002:00003EA0       .1
 0002:00003E24       .1
 0002:00003AB4       .1
 0002:00003970       .1
 0002:00003E70       .1
 0002:00003A6C       .1
 0002:00003A68       .1
 0002:00003A64       .1
 0002:00003A60       .1
 0002:00003C10       .1
 0002:00003840       .1
 0002:00003A5C       .1
 0002:00003E4C       .1
 0002:00003B04       .1
 0002:00003A54       .1
 0002:00003890       .1
 0002:00003A44       .1
 0002:00003DDC       .1
 0002:00003AC4       .1
 0002:00003EB0       .1
 0002:00003674       .1
 0002:00003EAC       .1
 0002:00004168       .1
 0002:0000366C       .1
 0002:00003E5C       .1
 0002:00003DF8       .11
 0002:00003E58       .11
 0002:00003A78       .11
 0002:00003AB0       .12
 0002:00003898       .12
 0002:00004198       .2
 0002:00003E04       .2
 0002:00003E08       .2
 0002:000038F4       .2
 0002:00003940       .2
 0002:00003B28       .2
 0002:00003E1C       .2
 0002:00004158       .2
 0002:00003E28       .2
 0002:00003E2C       .2
 0002:00003E34       .2
 0002:00003E40       .2
 0002:00004218       .2
 0002:00003E48       .2
 0002:00003E60       .2
 0002:00003E64       .2
 0002:00003ABC       .2
 0002:00003E44       .2
 0002:000038F8       .21
 0002:00003E0C       .3
 0002:00003848       .3
 0002:00003AF8       .3
 0002:00003E20       .3
 0002:00003DE8       .3
 0002:00003E30       .3
 0002:00003DEC       .3
 0002:00003DD4       .3
 0002:00003BD0       .3
 0002:00003E74       .3
 0002:0000394C       .3
 0002:00003EA8       .3
 0002:00003678       .3
 0002:00003948       .3
 0002:00003E38       .31
 0002:00003EB4       .31
 0002:00003794       .35
 0002:00003B18       .36
 0002:00003E9C       .36
 0002:00003E18       .4
 0002:00003A58       .4
 0002:00004160       .4
 0002:00003AC8       .4
 0002:00003E54       .4
 0002:00003BF4       .41
 0002:0000419C       .41
 0002:00003E7C       .41
 0002:00003B30       .42
 0002:00003858       .45
 0002:00003E3C       .5
 0002:00003B00       .5
 0002:000035BC       .5
 0002:00003EA4       .5
 0002:000041A4       .5
 0002:000037FC       .5
 0002:00003844       .6
 0002:00003984       .6
 0002:00003DE4       .6
 0002:00003C0C       .64
 0002:00003E50       .7
 0002:00003B54       .72
 0002:00003B08       .72
 0002:00003B34       .73
 0002:00004210       .74
 0002:00003BCC       .8
 0002:00003B14       .8
 0002:00003AFC       .8
 0002:00003820       .81
 0002:00003E14       .9
 0002:00003BE4       .9
 0001:00002138       @AbstractError
 0001:00002E6C       @AfterConstruction
 0001:00002C98       @AsClass
 0001:000022DC       @AStrCmp
 0001:00002E7C       @BeforeDestruction
 0001:00002A18       @BoundErr
 0001:00002CE4       @CallDynaInst
 0001:00005AF0       @CheckAutoResult
 0001:00002E14       @ClassCreate
 0001:00002E64       @ClassDestroy
 0001:000021A8       @Close
 0001:00001D18       @Copy
 0001:000049B4       @CopyArray
 0001:00004898       @CopyRecord
 0001:0000208C       @COS
 0001:00004B20       @DispCallByIDError
 0001:000105F8       @DispInvoke
 0001:000102F0       @DispInvokeError
 0001:00004ABC       @Dispose
 0001:000033BC       @DoneExcept
 0001:000052C8       @DynArrayAsg
 0001:0000528C       @DynArrayClear
 0001:0000516C       @DynArrayCopy
 0001:0000518C       @DynArrayCopyRange
 0001:00004F8C       @DynArrayHigh
 0001:00004F84       @DynArrayLength
 0001:00005160       @DynArraySetLength
 0001:000034A4       @ExceptionHandler
 0001:0000209C       @EXP
 0001:0000234C       @FillChar
 0001:00004874       @Finalize
 0001:00004788       @FinalizeArray
 0001:0000473C       @FinalizeRecord
 0001:00002CFC       @FindDynaInst
 0001:00002A0C       @FpuInit
 0001:00002948       @FpuMaskInit
 0001:000020E4       @FRAC
 0001:00001B8C       @FreeMem
 0001:00001B5C       @GetMem
 0001:0000612C       @GetTls
 0001:00003930       @Halt
 0001:00003850       @Halt0
 0001:00002F90       @HandleAnyException
 0001:0000327C       @HandleAutoException
 0001:00003244       @HandleFinally
 0001:000030BC       @HandleOnException
 0001:00006178       @InitExe
 0001:00004730       @Initialize
 0001:0000469C       @InitializeArray
 0001:0000466C       @InitializeRecord
 0001:000036F8       @InitImports
 0001:000036D0       @InitResStringImports
 0001:000036AC       @InitResStrings
 0001:0000371C       @InitWideStrings
 0001:000020B4       @INT
 0001:00005A54       @IntfAddRef
 0001:00005A24       @IntfCast
 0001:000059E0       @IntfClear
 0001:000059F8       @IntfCopy
 0001:00002C74       @IsClass
 0001:00002918       @isNECWindows
 0001:00001D5C       @LGetDir
 0001:00003E8C       @LStrAddRef
 0001:000039F0       @LStrArrayClr
 0001:00003A20       @LStrAsg
 0001:00003CA4       @LStrCat
 0001:00003CE8       @LStrCat3
 0001:00003D5C       @LStrCatN
 0001:000039CC       @LStrClr
 0001:00003DE8       @LStrCmp
 0001:00003EFC       @LStrCopy
 0001:00003F3C       @LStrDelete
 0001:00003C4C       @LStrFromArray
 0001:00003BB4       @LStrFromChar
 0001:00003BD4       @LStrFromPChar
 0001:00003ABC       @LStrFromPCharLen
 0001:00003C04       @LStrFromPWChar
 0001:00003B28       @LStrFromPWCharLen
 0001:00003C40       @LStrFromString
 0001:00003BC4       @LStrFromWChar
 0001:00003C64       @LStrFromWStr
 0001:00003F84       @LStrInsert
 0001:00003A64       @LStrLAsg
 0001:00003C9C       @LStrLen
 0001:0000408C       @LStrOfChar
 0001:00003FE0       @LStrPos
 0001:00004028       @LStrSetLength
 0001:00003E9C       @LStrToPChar
 0001:00003C78       @LStrToString
 0001:00004AA8       @New
 0001:00003A90       @NewAnsiString
 0001:000040C0       @NewWideString
 0001:00014B4C       @OleVarFromInt
 0001:00014E50       @OleVarFromLStr
 0001:00014F0C       @OleVarFromVar
 0001:0000262C       @Pow10
 0001:00002258       @PStrCmp
 0001:00002230       @PStrCpy
 0001:00002200       @PStrNCat
 0001:0000223C       @PStrNCpy
 0001:00003368       @RaiseAgain
 0001:00003340       @RaiseExcept
 0001:00001BAC       @ReallocMem
 0001:00002108       @ROUND
 0001:0000393C       @RunError
 0001:000024DC       @SetElem
 0001:00002500       @SetEq
 0001:00002064       @SetLength
 0001:00002514       @SetUnion
 0001:000020D4       @SIN
 0001:0000366C       @StartExe
 0001:00004D44       @Str0Int64
 0001:000023CC       @Str0Long
 0001:00004C84       @StrInt64
 0001:000003C8       @strlen
 0001:0000236C       @StrLong
 0001:00002114       @TRUNC
 0001:000033EC       @TryFinallyExit
 0001:00003EF4       @UniqueStringA
 0001:00002520       @ValExt
 0001:00004D60       @ValInt64
 0001:000023D8       @ValLong
 0001:00018970       @VarAdd
 0001:00016818       @VarAddRef
 0001:00017014       @VarArrayGet
 0001:00017104       @VarArrayPut
 0001:00016E60       @VarArrayRedim
 0001:00010F68       @VarCast
 0001:000105DC       @VarClear
 0001:00004770       @VarClr
 0001:000105F0       @VarClr
 0001:00018988       @VarCmpEQ
 0001:000189B8       @VarCmpGT
 0001:000189A8       @VarCmpLT
 0001:00018998       @VarCmpNE
 0001:00010A1C       @VarCopy
 0001:00004880       @VarCopy
 0001:00010C9C       @VarCopyNoInd
 0001:00014CE0       @VarFromBool
 0001:00014B6C       @VarFromByte
 0001:00014D30       @VarFromCurr
 0001:00014C88       @VarFromCurrency
 0001:00014CB4       @VarFromDate
 0001:00014E24       @VarFromDisp
 0001:00014C5C       @VarFromDouble
 0001:00014AF0       @VarFromInt
 0001:00014C0C       @VarFromInt64
 0001:00014B2C       @VarFromInteger
 0001:00014DF8       @VarFromIntf
 0001:00014BAC       @VarFromLongWord
 0001:00014D44       @VarFromLStr
 0001:00014D70       @VarFromPStr
 0001:00014D08       @VarFromReal
 0001:00014BCC       @VarFromShortInt
 0001:00014C38       @VarFromSingle
 0001:00014BEC       @VarFromSmallInt
 0001:00014D1C       @VarFromTDateTime
 0001:00014B8C       @VarFromWord
 0001:00014DC0       @VarFromWStr
 0001:00010344       @VarNull
 0001:00015E6C       @VarOp
 0001:00010CB0       @VarStringToOleStr
 0001:0001897C       @VarSub
 0001:00012734       @VarToBool
 0001:000123EC       @VarToBoolean
 0001:0001182C       @VarToByte
 0001:000135D8       @VarToCurrency
 0001:00013070       @VarToDate
 0001:00014A44       @VarToDisp
 0001:00012900       @VarToDouble
 0001:00011DF0       @VarToInt64
 0001:0001132C       @VarToInteger
 0001:00014978       @VarToIntf
 0001:00011AA4       @VarToLongWord
 0001:00013C8C       @VarToLStr
 0001:00012C7C       @VarToReal
 0001:0001177C       @VarToShortInt
 0001:00012C98       @VarToSingle
 0001:000118D4       @VarToSmallInt
 0001:000119CC       @VarToWord
 0001:000143AC       @VarToWStr
 0001:0000464C       @WStrAddRef
 0001:00004100       @WStrArrayClr
 0001:00004124       @WStrAsg
 0001:000042A8       @WStrCat
 0001:00004308       @WStrCat3
 0001:00004370       @WStrCatN
 0001:000040E8       @WStrClr
 0001:000043B8       @WStrCmp
 0001:0000443C       @WStrCopy
 0001:00004488       @WStrDelete
 0001:0000427C       @WStrFromLStr
 0001:00004210       @WStrFromPChar
 0001:00004150       @WStrFromPCharLen
 0001:00004240       @WStrFromPWChar
 0001:000041DC       @WStrFromPWCharLen
 0001:00004200       @WStrFromWChar
 0001:00004518       @WStrInsert
 0001:00004148       @WStrLAsg
 0001:0000429C       @WStrLen
 0001:000045B4       @WStrPos
 0001:00004604       @WStrSetLength
 0001:0000428C       @WStrToPWChar
 0001:000024B8       @_CLenToPasStr
 0001:000024AC       @_CToPasStr
 0001:00001CE8       @_IOTest
 0001:00004B4C       @_lldiv
 0001:00004BC8       @_llmod
 0001:00004B28       @_llmul
 0001:00004C44       @_llshl
 0001:00004C64       @_llushr
 0001:0000C8B0       Abort
 0001:000433F0       AbsMin
 0001:0000CC7C       AbstractErrorHandler
 0002:0000302C       AbstractErrorProc
 0002:00003C18       accept
 0002:00003DC8       AcceptEx
 0002:00000148       AccessMode
 0001:00001C48       AcquireExceptionObject
 0001:0001CBF0       ActivateClassGroup
 0001:00006830       ActivateKeyboardLayout
 0002:00003B88       ActiveDrag
 0001:0001A520       ActiveX
 0001:000526B0       ActnList
 0001:00000530       AddBlockAfter
 0001:00076CF8       AddChars
 0001:000C4A10       AddCR
 0001:00079DA0       AddCurrency
 0001:00079570       AddCurrencySymbol
 0002:0000061C       AddDataModule
 0001:00078E7C       AddDigit
 0001:00008098       AddExitProc
 0001:00099DB8       AddFieldDef
 0001:000826B0       AddFieldDefs
 0001:000828E4       AddFields
 0001:000A060C       AddFieldToList
 0001:00020780       AddFinished
 0001:000559F4       AddIn
 0001:0007A090       AddLiterals
 0001:00005838       AddModuleUnloadProc
 0001:00005848       AddModuleUnloadProc
 0001:000C7AD8       AddMonActivity
 0001:000C7A70       AddMonObject
 0001:00079650       AddNegCurrencySymbol
 0001:000783E4       AddNormalizedFractions
 0001:000207B8       AddNotFinished
 0001:00078E60       AddOneChar
 0001:000B5BBC       AddQuotes
 0001:00076DB4       AddStrings
 0001:000211DC       AddSubComponentsToLoaded
 0001:00023684       AddThread
 0001:000A15AC       AddToPath
 0001:000AC238       AddWithComma
 0002:000017AC       AdjustAmt
 0002:000017A4       AdjustAmt
 0002:000017B4       AdjustAmt
 0002:000017BC       AdjustAmt
 0001:00028E48       AdjustColor
 0001:00033EFC       AdjustColors
 0001:00077810       AdjustDecimalPosition
 0001:0008E36C       AdjustFirstRecord
 0001:000086D4       AdjustLineBreaks
 0001:0005CA98       Adjustment
 0001:0007873C       AdjustNibbles
 0001:000A22EC       AdjustPath
 0001:00006838       AdjustWindowRectEx
 0001:00090F64       ADOConst
 0001:000A12D0       ADODB
 0001:00090304       ADOInt
 0001:00094668       ADOTypeToFieldType
 0002:00001D6C       AffectRecordsValues
 0001:0000E088       AL1
 0002:00000318       AL1s
 0001:0000E098       AL2
 0002:00000328       AL2s
 0002:00001E1C       AliasList
 0002:00000AE0       Alignments
 0002:00000D94       Alignments
 0002:00001028       Alignments
 0002:00000D7C       Alignments
 0002:00001018       Alignments
 0002:00000CD8       AlignStyles
 0001:00048A5C       AlignWork
 0001:000639DC       AlignWork
 0001:00024F1C       AllocateHWnd
 0001:0000803C       AllocMem
 0002:000035B4       AllocMemCount
 0002:000035B8       AllocMemSize
 0001:0002DFA4       AllocPatternBitmap
 0001:000060D4       AllocTlsBuffer
 0002:00001DB0       AllowAdjustPath
 0002:000022A8       AllSessions
 0001:000A6544       AllTest
 0001:000AE374       AlmostEqual
 0001:0000E0C8       ALR
 0001:0000E0B0       ALV
 0001:000B6610       AnalyzeExpression
 0002:00000E04       AnchorAlign
 0002:00000DF8       AnimateWindowProc
 0002:00000F00       AnimationStyle
 0001:000082A0       AnsiCompareStr
 0001:000082D8       AnsiCompareText
 0001:000085C0       AnsiExtractQuotedStr
 0001:00008F58       AnsiLastChar
 0001:00006840       AnsiLower
 0001:0000826C       AnsiLowerCase
 0001:0000D690       AnsiLowerCaseFileName
 0001:0000D654       AnsiPos
 0001:00008474       AnsiQuotedStr
 0001:0005A27C       AnsiSameCaption
 0001:00008310       AnsiSameText
 0001:00008328       AnsiStrIComp
 0001:00008348       AnsiStrLIComp
 0001:0000D71C       AnsiStrPos
 0001:0000D7DC       AnsiStrRScan
 0001:0000D824       AnsiStrScan
 0001:00005E70       AnsiToUtf8
 0001:00008238       AnsiUpperCase
 0001:00015480       AnyOp
 0001:00014900       AnyToIntf
 0001:0000AAB4       AppendChars
 0001:0000AE80       AppendFormat
 0001:0000AB18       AppendNumber
 0001:0000AAF8       AppendString
 0002:00003BEC       Application
 0001:000C60A8       ApplicationComponentCount
 0001:000C60B8       ApplicationComponents
 0001:00094E88       ApplicationHandleException
 0002:0000062C       ApplicationHandleException
 0001:000C6098       ApplicationHandleException
 0002:00000634       ApplicationShowException
 0002:00001154       AppVisible
 0001:0000CC60       AssertErrorHandler
 0002:00003024       AssertErrorProc
 0001:00097824       AssignField
 0001:00019C00       AssignLongStr
 0001:000978A0       AssignParam
 0001:00097744       AssignParameter
 0001:00097B54       AssignToParam
 0001:0001A27C       AssignVariant
 0002:00003E00       ATempPath
 0001:000831B0       AttributeSetStored
 0002:0000360C       avail
 0001:00009124       BackfillGetDiskFreeSpaceEx
 0001:00045F84       BackgroundClipped
 0001:0000F008       BackupVarBoolFromStr
 0001:0000F168       BackupVarBStrFromBool
 0001:0000F088       BackupVarBStrFromCy
 0001:0000F0F8       BackupVarBStrFromDate
 0001:0000EF9C       BackupVarCyFromStr
 0001:0000EF30       BackupVarDateFromStr
 0001:0000EDEC       BackupVarI4FromStr
 0001:0000ED98       BackupVariantChangeTypeEx
 0001:0000EE58       BackupVarR4FromStr
 0001:0000EEC4       BackupVarR8FromStr
 0002:00001A54       BaseFieldTypes
 0002:00000460       BaseTypeMap
 0001:00078D10       BcdAdd
 0001:000788EC       BcdCompare
 0001:000799E0       BcdCurrencyFormat
 0001:00078CA4       BcdDivide
 0001:00078B54       BcdDivide
 0001:00075ECC       BcdError
 0001:00075E5C       BcdErrorFmt
 0001:00079390       BcdFixedOrNumberFormat
 0001:0007932C       BcdGeneralFormat
 0001:00078AE8       BcdMultiply
 0001:000789F0       BcdMultiply
 0001:00079184       BcdScale
 0001:00079344       BcdScientificFormat
 0001:000789B4       BcdSubtract
 0001:00079280       BCDToCurr
 0001:000768CC       BcdToDouble
 0001:00079040       BcdToStr
 0001:00079ACC       BcdToStrF
 0001:0000D25C       Beep
 0001:0001CF48       BeginGlobalLoading
 0001:00006848       BeginPaint
 0001:00003980       BeginThread
 0001:00028E54       BetterSize
 0001:00056888       BiDiDraw
 0002:00003C1C       bind
 0001:00023570       BinToHex
 0001:00006620       BitBlt
 0002:00000C64       BitBtnCaptions
 0002:00003ACC       BitBtnGlyphs
 0002:000009D4       BitmapCanvasList
 0002:000038B0       BitmapImageLock
 0001:0000EDD4       BiUnimplemented
 0001:000776AC       BlankArgument
 0002:000006F0       BlockCode
 0002:000035E4       blockDescBlockList
 0002:000035E8       blockDescFreeList
 0001:000A7A80       Bomb
 0002:00000600       BooleanIdents
 0002:0000045C       BooleanToStringRule
 0001:00008C64       BoolToStr
 0001:00013A14       BoolToWStrViaOS
 0002:00000AD8       BorderStyles
 0002:00000D74       BorderStyles
 0001:00006230       Bounds
 0001:0001BF08       Bounds
 0002:00000FC0       Breaks
 0002:000038E8       BrushManager
 0001:0008DA08       BufferToByteArray
 0001:0009BA2C       BufferToVar
 0001:0005905C       BuildImage
 0001:000A197C       BuildOracleHomeList
 0002:00000A80       ButtonCaptions
 0002:00000A54       ButtonNames
 0001:000348C4       Buttons
 0002:0000103C       Buttons
 0002:00000D8C       ButtonStyles
 0002:00003A84       ButtonWidths
 0001:0008DAC4       ByteArrayToBuffer
 0001:000C78E8       ByteArrayToString
 0001:0006923C       ByteIsOk
 0001:00028620       BytesPerScanline
 0001:00028984       ByteSwapColors
 0001:0000D340       ByteToCharIndex
 0001:0000D318       ByteToCharLen
 0001:0000D2DC       ByteType
 0001:0000D264       ByteTypeTest
 0002:00003BD4       CachedComCtrlVer
 0001:00024E58       CalcJmpOffset
 0001:00079C90       CalcPrecisionAndDigits
 0001:0005071C       CalcSplitterPos
 0001:00088F8C       CalcTotalSize
 0001:000831F0       CalculatedStored
 0001:000D22D0       CallbackDefine
 0001:00006850       CallNextHookEx
 0001:0000E030       CallTerminateProcs
 0001:00006858       CallWindowProc
 0001:00044428       CancelDrag
 0001:0008F10C       CancelNestedDataSets
 0001:0007763C       CanUseShort
 0002:000038EC       CanvasList
 0002:00003B9C       CanvasList
 0002:00000A2C       Captions
 0002:00000EBC       CaptureControl
 0002:00000F60       cBooleanToItemAutoFlag
 0002:0000050C       CBooleanToRelationship
 0002:00003ABA       CF_COMPONENT
 0002:00003AB8       CF_PICTURE
 0002:00003818       ChangeAnyProc
 0001:000429A8       ChangeBiDiModeAlignment
 0001:000A7C84       CharacterString
 0001:00003AEC       CharFromWChar
 0001:0000D524       CharLength
 0001:00006860       CharLowerBuff
 0001:00006868       CharNext
 0001:00000330       CharNext
 0001:00026F18       CharsetToIdent
 0001:0000D42C       CharToByteIndex
 0001:0000D490       CharToByteLen
 0001:00006870       CharToOemA
 0001:00006878       CharUpperBuff
 0001:00029438       CheckBool
 0001:0009556C       CheckForAsyncExecute
 0001:0009C548       CheckForFlyAway
 0001:00002F0C       CheckJmp
 0001:00006880       CheckMenuItem
 0001:0008DF48       CheckNestedBrowseMode
 0001:000C863C       CheckNet8
 0001:000C8850       CheckNet9
 0002:00000FB0       Checks
 0001:00075A48       CheckSqlTimeStamp
 0001:00021218       CheckSubComponents
 0001:0002369C       CheckSynchronize
 0001:0005C4D4       CheckTaskWindow
 0001:0001545C       CheckType
 0001:000440DC       CheckUndock
 0001:0000D150       CheckWin32Version
 0002:00000478       CInvalidCustomVariantType
 0002:00000F64       cItemAutoFlagToBoolean
 0002:00000F5C       cItemAutoFlagToMenu
 0001:000250A8       Classes
 0001:0001C9B4       ClassNotFound
 0002:00001A9C       CLASS_Command
 0002:00001A8C       CLASS_Connection
 0002:00001ABC       CLASS_DataSpace
 0002:00001AAC       CLASS_Recordset
 0002:00003814       ClearAnyProc
 0001:00026798       ClearColor
 0001:0007B280       ClearExcepInfo
 0001:00017BF0       ClearVariantTypeList
 0001:00006888       ClientToScreen
 0001:0004DD04       ClientToWindow
 0002:000009CC       ClipboardFormats
 0001:00034764       Clipbrd
 0001:00006890       CloseClipboard
 0001:00006368       CloseHandle
 0002:00003C20       closesocket
 0002:0000398C       CloseThemeData
 0002:00001A7C       CLSID_DATALINKS
 0002:00003040       CmdLine
 0002:0000303C       CmdShow
 0002:00000F58       cMenuAutoFlagToItem
 0002:00000518       CmpTypeMap
 0001:0000EDE0       CmpUnimplemented
 0002:00001834       CoAddRefServerProcess
 0001:0001A4C4       CoCreateInstance
 0002:0000182C       CoCreateInstanceEx
 0002:00004194       code
 0002:00002214       codesize
 0001:0001A4BC       CoGetMalloc
 0002:00001AF0       CoGetObjectContextProc
 0002:00001844       CoInitFlags
 0001:0001A4AC       CoInitialize
 0002:00001830       CoInitializeEx
 0002:0000074C       Colors
 0001:00026D10       ColorToIdent
 0002:00000AEC       ColorToPretyName
 0001:00026D00       ColorToRGB
 0002:00003E84       ComClassManagerVar
 0001:0007A6F8       ComConst
 0002:00003900       ComCtl32DLL
 0002:00003B24       ComCtlVersion
 0001:00039528       ComCtrls
 0002:00003BE8       CommandPool
 0002:00001B0C       CommandTypeValues
 0001:0002E6AC       CommCtrl
 0001:00030F20       CommDlg
 0001:000008B0       Commit
 0002:00003628       committedRoot
 0001:000A5584       CommonType
 0001:0007B548       ComObj
 0001:000786BC       CompactBcd
 0001:00076A98       CompareDigits
 0001:00054FD8       CompareFront
 0001:000081A0       CompareMem
 0001:0007849C       CompareNormalizedFractions
 0001:00008170       CompareStr
 0001:00006370       CompareString
 0001:000081C0       CompareText
 0001:00008B8C       CompareWith
 0001:000212F8       ComponentCreated
 0002:00002250       CompressionMagicValue1
 0002:00002254       CompressionMagicValue2
 0001:000291F8       ComputeAldusChecksum
 0001:00034720       ComStrs
 0001:000C5F04       Confirm
 0002:00003C24       connect
 0001:000C82B0       ConnectAsToString
 0002:00001B24       ConnectModeValues
 0002:00001B44       ConnectOptionValues
 0001:0006DD24       ConnectTimeout
 0001:00025424       Consts
 0001:0002E51C       Contnrs
 0002:00003B5A       ControlAtom
 0002:00003B60       ControlAtomString
 0001:00061280       ControlHasHelp
 0001:000513B8       Controls
 0002:00000660       Convert
 0002:00000650       Convert
 0001:0000C640       ConvertAddr
 0001:0000AC0C       ConvertEraString
 0001:00008000       ConvertError
 0001:00008018       ConvertErrorFmt
 0001:000B5424       ConvertFileWildcards
 0001:0000AD78       ConvertYearString
 0001:00004F94       CopyArray
 0001:0002B5D4       CopyBitmap
 0001:0002BC9C       CopyBitmapAsMask
 0001:00079318       CopyByte
 0001:00006628       CopyEnhMetaFile
 0001:0002BC38       CopyPalette
 0002:00000D10       Copyright
 0001:00058108       CopyToBest
 0002:00001838       CoReleaseServerProcess
 0002:0000183C       CoResumeClassObjects
 0001:000C80A8       CorrectForIdentifiers
 0002:00001840       CoSuspendClassObjects
 0001:0001A4B4       CoUninitialize
 0001:0000D39C       CountChars
 0002:000038C8       CounterLock
 0001:000C79B4       CountStr
 0002:0000047C       CRangeToType
 0001:00094604       CreateADOObject
 0001:0000CBA4       CreateAssertException
 0001:0000CD2C       CreateAVObject
 0001:00006630       CreateBitmap
 0001:00006638       CreateBrushIndirect
 0001:0007AA58       CreateComObject
 0001:00006640       CreateCompatibleBitmap
 0001:00006648       CreateCompatibleDC
 0001:00021378       CreateComponent
 0001:00006658       CreateDIBitmap
 0001:00006650       CreateDIBSection
 0001:000091C8       CreateDir
 0001:00006378       CreateDirectory
 0001:00006380       CreateEvent
 0001:000A8B40       CreateExpression
 0001:00006388       CreateFile
 0001:00006660       CreateFontIndirect
 0001:00006668       CreateHalftonePalette
 0001:00006898       CreateIcon
 0001:0000CAD0       CreateInOutError
 0001:000068A0       CreateMenu
 0001:000319E0       CreateMessageDialog
 0001:00006670       CreatePalette
 0001:00006678       CreatePenIndirect
 0001:000068A8       CreatePopupMenu
 0001:00006680       CreateSolidBrush
 0001:000289DC       CreateSystemPalette
 0001:00006390       CreateThread
 0001:00000338       CreateThread
 0001:00006E58       CreateWindow
 0001:00006E00       CreateWindowEx
 0002:00000A24       CreationControl
 0002:00000DFC       CreationControl
 0002:000005EC       CRelationshipToBoolean
 0002:00000440       CResult
 0002:00000DE8       CSHREDRAW
 0002:00000140       cSimpleBoolStrs
 0002:00000594       CText
 0002:00000EF8       Ctl3DStyles
 0002:00003620       curAlloc
 0001:0001616C       CurrCompare
 0002:0000368C       CurrencyDecimals
 0002:00003688       CurrencyFormat
 0002:00003684       CurrencyString
 0001:0000AAA0       CurrentYear
 0001:00015A68       CurrOp
 0001:000791F4       CurrToBCD
 0001:0009B2A8       CurrToBuffer
 0001:0000A35C       CurrToStr
 0001:0000A3C4       CurrToStrF
 0001:000139A4       CurrToWStrViaOS
 0002:00001B4C       CursorLocationValues
 0002:000010D8       CursorMap
 0002:00001B54       CursorOptionValues
 0002:00000E0C       Cursors
 0001:00042CC8       CursorToIdent
 0002:00001B88       CursorTypeValues
 0002:000010C8       cUseAlpha
 0002:000010D0       cUseColorKey
 0002:00000338       CVarTypeToElementInfo
 0001:000088E0       CvtInt
 0001:0000894C       CvtInt64
 0002:00001820       CWNear
 0002:00000180       CWNear
 0002:00004178       dad
 0002:00000DF0       Data
 0001:0008115C       DatabaseError
 0001:00081208       DatabaseErrorFmt
 0002:00001B9C       DataTypeValues
 0001:00016144       DateCompare
 0001:000155A0       DateOp
 0002:0000368D       DateSeparator
 0001:000A5754       DateString
 0001:0008D9C0       DateTimeToNative
 0001:00075978       DateTimeToSQLTimeStamp
 0001:0000B6E4       DateTimeToStr
 0001:0000B658       DateTimeToString
 0001:0000A578       DateTimeToTimeStamp
 0001:0000B6B4       DateToStr
 0001:000139DC       DateToWStrViaOS
 0001:00074A88       DateUtils
 0001:0000AA28       DayOfWeek
 0001:00074A20       DaysInAMonth
 0001:0008FF6C       DB
 0002:00003E98       DBApplication
 0001:00090D54       DBCommon
 0001:00074C30       DBConsts
 0002:00003E94       DBScreen
 0002:0000017C       DCon10
 0002:00000748       DDBsOnly
 0001:00024FD0       DeallocateHWnd
 0002:00000028       DebugHook
 0002:0000368B       DecimalSeparator
 0001:000173DC       DecIndices
 0001:000A9578       DecodeChar
 0001:000C83B0       DecodeConnectString
 0001:0000AA08       DecodeDate
 0001:0000A8B8       DecodeDateFully
 0001:000A95C0       DecodePosition
 0001:0000A720       DecodeTime
 0001:00000970       Decommit
 0001:0000109C       DecommitFree
 0002:000035FC       decommittedRoot
 0001:00064618       Default
 0001:0005EF00       Default
 0002:00000020       Default8087CW
 0002:00000E00       DefaultDockTreeClass
 0002:0000185C       DefaultFieldClasses
 0002:00001E08       DefaultHomeName
 0002:00001DA8       DefaultOCIDLL
 0002:000035C0       DefaultUserCodePage
 0002:0000099C       DefBrushData
 0002:0000071C       DefFontData
 0001:000068B0       DefFrameProc
 0002:0000020C       DefLongDayNames
 0002:000001C0       DefLongMonthNames
 0001:000068B8       DefMDIChildProc
 0002:0000097C       DefPenData
 0002:000001F0       DefShortDayNames
 0002:00000190       DefShortMonthNames
 0001:000068C0       DefWindowProc
 0001:00005320       DelayLoadResourceModule
 0001:0000058C       DeleteBlock
 0001:0000049C       DeleteCriticalSection
 0001:00006398       DeleteCriticalSection
 0001:00006688       DeleteDC
 0001:00006690       DeleteEnhMetaFile
 0001:00008F40       DeleteFile
 0001:000063A0       DeleteFile
 0001:00000E84       DeleteFree
 0001:000068C8       DeleteMenu
 0001:000A8E80       DeleteNode
 0001:00006698       DeleteObject
 0001:000C8A6C       DelphiToOracleDate
 0001:0002B190       DeselectBitmap
 0001:0009A4E8       DesignerDataStored
 0001:000068D0       DestroyCursor
 0001:000068D8       DestroyIcon
 0001:000347F4       DestroyLocals
 0001:000068E0       DestroyMenu
 0001:000068E8       DestroyWindow
 0001:00040220       DialogEnumerationTester
 0001:00032250       Dialogs
 0002:000009D8       DIBPalSizes
 0002:00000094       dig
 0002:00001ACC       DIID_ConnectionEvents
 0002:00001ADC       DIID_RecordsetEvents
 0001:0005C310       DisableTaskWindows
 0001:0007AC94       DispatchInvoke
 0001:0007B274       DispatchInvokeError
 0001:000068F0       DispatchMessage
 0001:00062560       DispatchShortCut
 0001:0007B290       DispCall
 0001:0007B374       DispCallByID
 0002:00003000       DispCallByIDProc
 0001:0007B1A0       DispCallError
 0001:00007FE4       DivMod
 0001:00030F58       Dlgs
 0001:000A4480       DLLExit
 0001:000A243C       DLLInit
 0001:000A222C       DLLLoaded
 0002:00002228       dmRecordChanged
 0002:0000222C       dmRecordDeleted
 0002:00002224       dmRecordLocked
 0001:00063890       DoAlign
 0001:000488EC       DoAlign
 0002:000022D8       DOAType
 0001:0008D06C       DoBindFields
 0001:0004C9E4       DoCalcConstraints
 0002:00003B90       DockSiteList
 0001:00058D28       DoClick
 0001:0004A030       DoControlMsg
 0001:0005C2C0       DoDisableWindow
 0001:00043A08       DoDragOver
 0001:0000805C       DoExitProc
 0001:0004E9F0       DoFindControlZone
 0001:0005C414       DoFindWindow
 0001:0004EF7C       DoFindZone
 0001:0004EA74       DoForEach
 0001:00050380       DoGetNextLimit
 0001:0005C288       DoneApplication
 0001:000510E0       DoneControls
 0001:0000D060       DoneExceptions
 0001:000608DC       DoNestedActivation
 0001:00023638       DoneThreadSynchronization
 0001:00065934       DoOnHelp
 0001:000636E0       DoPosition
 0001:000484AC       DoPosition
 0001:0004F9A8       DoPrune
 0001:0009C828       DoRecordsetDelete
 0001:000333BC       DoRect
 0001:0004FE80       DoSaveZone
 0001:00050084       DoSetNewBounds
 0002:00001824       Dot
 0002:00000608       DotSep
 0001:00029690       DoWrite
 0001:00053638       DoWrite
 0001:0002A2AC       DoWrite
 0001:0001E56C       DoWrite
 0001:00049618       DoWriteDesignSize
 0001:00047084       DoWriteIsControl
 0002:00003B74       DragCapture
 0002:00003B68       DragControl
 0001:00044150       DragDone
 0001:000439B8       DragFindTarget
 0001:0004398C       DragFindWindow
 0002:00003B8C       DragImageList
 0001:00043DA8       DragInit
 0001:00043F18       DragInitControl
 0002:00003B70       DragInternalObject
 0001:000438D4       DragMessage
 0002:00003B6C       DragObject
 0002:00003B98       DragSave
 0002:00003B80       DragSaveCursor
 0002:00003B78       DragStartPos
 0002:00003B84       DragThreshold
 0001:00043AD8       DragTo
 0001:00064654       DrawAppIcon
 0001:0004F514       DrawCloseButton
 0001:000068F8       DrawEdge
 0001:00006900       DrawFocusRect
 0001:00006908       DrawFrameControl
 0001:0004F56C       DrawGrabberLine
 0001:00006910       DrawIcon
 0001:00006918       DrawIconEx
 0002:00000F34       DrawingStyles
 0001:00006920       DrawMenuBar
 0001:0005A098       DrawMenuItem
 0001:00006928       DrawText
 0002:00003990       DrawThemeBackground
 0002:000039B4       DrawThemeEdge
 0002:000039B8       DrawThemeIcon
 0002:00003A3C       DrawThemeParentBackground
 0002:00003994       DrawThemeText
 0002:0000224C       dtNoMasterRefresh
 0002:00002248       dtNoQBEDetached
 0002:00002234       dtNoQBEForCursor
 0002:00002244       dtNoQBEMasterLess
 0002:0000223C       dtNoQBEOperation
 0002:00002238       dtNoQBEUpdatesPending
 0002:00002240       dtQBEOperation
 0001:000284A0       DupBits
 0001:00017384       DynArrayBounds
 0001:00004FAC       DynArrayClear
 0001:000172DC       DynArrayDim
 0001:000172B8       DynArrayElTypeInfo
 0001:00017884       DynArrayFromVariant
 0001:00017274       DynArrayIndex
 0001:00004FB4       DynArraySetLength
 0001:00017304       DynArraySize
 0001:00017500       DynArrayToVariant
 0001:00017448       DynArrayVariantBounds
 0001:000174B8       DynArrayVarType
 0002:00002000       d_code
 0002:00002100       d_len
 0002:00001020       EdgeStyle
 0002:00000EE8       EdgeStyles
 0001:0000CAA4       EHeapException.FreeInstance
 0001:000674EC       EIdProtocolReplyError.CreateError
 0001:00067534       EIdSocketError.CreateError
 0001:00067904       EIdWS2StubError.Build
 0001:00006930       EmptyClipboard
 0001:00015FD0       EmptyCompare
 0001:000159D0       EmptyOp
 0002:00003800       EmptyParam
 0002:000000C4       EmptyStr
 0002:000000C8       EmptyWideStr
 0001:00006938       EnableMenuItem
 0002:00000FB8       Enables
 0001:00006940       EnableScrollBar
 0001:0005C3C4       EnableTaskWindows
 0002:00003A24       EnableThemeDialogTexture
 0002:00003A40       EnableTheming
 0001:00006948       EnableWindow
 0001:000A9490       EncodeChar
 0001:0000A888       EncodeDate
 0001:000A9544       Encodeend
 0001:000A9500       EncodePosition
 0001:0000A6E0       EncodeTime
 0001:0001CFD0       EndGlobalLoading
 0001:000A96C4       endLZH
 0001:00006950       EndPaint
 0001:000039C4       EndThread
 0001:0000048C       EnterCriticalSection
 0001:000063A8       EnterCriticalSection
 0001:000063B0       EnumCalendarInfoA
 0002:00003924       EnumDisplayMonitors
 0001:0000C2B4       EnumEraNames
 0001:0000C2F0       EnumEraYearOffsets
 0001:0005F4C4       EnumMonitorsProc
 0001:00006958       EnumThreadWindows
 0001:00020B28       EnumValue
 0001:00006960       EnumWindows
 0001:000A7A50       EoE
 0001:0007A98C       EOleException.Create
 0001:0007A8BC       EOleSysError.Create
 0001:000C8F54       EOracleError.Create
 0001:000CB0A0       EOracleMTSError.Create
 0001:00006968       EqualRect
 0002:00003754       EraNames
 0001:0000B970       EraToYear
 0002:00003770       EraYearOffsets
 0002:0000006C       errCaption
 0001:00054D28       Error
 0001:00001CDC       Error
 0001:0001C558       Error
 0001:0002030C       Error
 0002:00000004       ErrorAddr
 0001:00001C90       ErrorAt
 0001:0000CB50       ErrorHandler
 0002:00000228       ErrorMap
 0002:00003008       ErrorProc
 0002:000033E8       ErrOutput
 0001:00081088       EUpdateError.Create
 0001:0008112C       EUpdateError.Destroy
 0002:00001C34       EventReasonValues
 0002:000019B4       Events
 0002:00001C70       EventStatusValues
 0001:00001C1C       ExceptAddr
 0002:0000300C       ExceptClsProc
 0001:0000CFCC       ExceptHandler
 0001:0000C8D0       Exception.Create
 0001:0000C90C       Exception.CreateFmt
 0001:0000CA5C       Exception.CreateHelp
 0001:0000C98C       Exception.CreateRes
 0001:0000C9C8       Exception.CreateResFmt
 0002:0000301C       ExceptionClass
 0001:0000C64C       ExceptionErrorMessage
 0002:00000260       ExceptMap
 0001:00001BFC       ExceptObject
 0002:00003010       ExceptObjProc
 0002:00003004       ExceptProc
 0001:000066A0       ExcludeClipRect
 0002:00001DAC       ExcludedOCIDLLs
 0001:00094A04       ExecuteOptionsToOrd
 0002:00001C84       ExecuteOptionValues
 0002:00000000       ExitCode
 0001:00003794       ExitDll
 0002:00003048       ExitProc
 0001:00000348       ExitProcess
 0002:00003028       ExitProcessProc
 0002:0000013C       ExitProcList
 0001:00000340       ExitThread
 0001:000090E8       ExpandFileName
 0001:000A89A0       Expression
 0001:00035A70       ExtActns
 0001:00034680       ExtCtrls
 0001:0003491C       ExtDlgs
 0002:00000DC8       ExtendSelects
 0002:00001DF4       ExtProcDetected
 0001:00095B34       ExtractCommandType
 0001:00081264       ExtractFieldName
 0001:00094A80       ExtractFieldName
 0001:00009014       ExtractFileDir
 0001:000090A0       ExtractFileExt
 0001:00009068       ExtractFileName
 0001:00008FE0       ExtractFilePath
 0001:00079F34       ExtractLiterals
 0001:00079B88       ExtractMoneySymbol
 0001:000957AC       ExtractUserID
 0001:000A7FD4       Factor
 0002:00003790       FalseBoolStrs
 0002:00003AC0       FClipboard
 0002:00000170       FCon1E18
 0002:0000181C       FConst10
 0001:0006A958       Fetch
 0001:0006A870       FetchCaseInsensitive
 0002:00003DFC       FIdPorts
 0001:00094E44       FieldListCheckSum
 0001:000A7D88       FieldnameString
 0002:000018F4       FieldTypeNames
 0001:000AD7A8       FieldVariable
 0001:00008DCC       FileAge
 0001:00008DC4       FileClose
 0001:00008D08       FileCreate
 0001:00008D2C       FileCreate
 0001:00008E34       FileExists
 0002:000009D0       FileFormats
 0002:00000008       FileMode
 0001:00008CB0       FileOpen
 0001:00008D34       FileRead
 0002:00000644       FilerSignature
 0001:00008D8C       FileSeek
 0001:000063B8       FileTimeToDosDateTime
 0001:000063C0       FileTimeToLocalFileTime
 0001:00008D60       FileWrite
 0001:00000FBC       FillAfterGap
 0001:00000F5C       FillBeforeGap
 0001:0000105C       FillerSizeAfterGap
 0001:00000FE4       FillerSizeBeforeGap
 0001:00006970       FillRect
 0002:00001C94       FilterGroupValues
 0001:00074C00       Finalization
 0001:0006C254       Finalization
 0001:0000EB70       Finalization
 0001:00074A58       Finalization
 0001:0002EDFC       Finalization
 0001:00090E84       Finalization
 0001:0002EE3C       Finalization
 0001:000693CC       Finalization
 0001:0006B0E8       Finalization
 0001:0002FE24       Finalization
 0001:000A9F8C       Finalization
 0001:0006C6C0       Finalization
 0001:0002FE6C       Finalization
 0001:00024FF8       Finalization
 0001:000A9BF4       Finalization
 0001:0002FEA4       Finalization
 0001:000DE168       Finalization
 0001:000253F4       Finalization
 0001:00040498       Finalization
 0001:00053D88       Finalization
 0001:0006ADFC       Finalization
 0001:000DE130       Finalization
 0001:0007B4C8       Finalization
 0001:000C4228       Finalization
 0001:00007368       Finalization
 0001:00006FE0       Finalization
 0001:00006FA8       Finalization
 0001:000689B4       Finalization
 0001:0006A4A8       Finalization
 0001:0006AB5C       Finalization
 0001:000301C8       Finalization
 0001:00035A78       Finalization
 0001:0006C81C       Finalization
 0001:000C5ECC       Finalization
 0001:00030374       Finalization
 0001:0007A6C8       Finalization
 0001:0006CF1C       Finalization
 0001:0007A650       Finalization
 0001:0006CF54       Finalization
 0001:00035A20       Finalization
 0001:000359C8       Finalization
 0001:00035964       Finalization
 0001:00052680       Finalization
 0001:0003F814       Finalization
 0001:00051350       Finalization
 0001:0003F6AC       Finalization
 0001:0006DAAC       Finalization
 0001:0006DAE4       Finalization
 0001:0006DB1C       Finalization
 0001:0001A4F0       Finalization
 0001:000358FC       Finalization
 0001:0006E390       Finalization
 0001:0000F55C       Finalization
 0001:0005A378       Finalization
 0001:000A1280       Finalization
 0001:00070190       Finalization
 0001:00070834       Finalization
 0001:0001A420       Finalization
 0001:000709A0       Finalization
 0001:000348EC       Finalization
 0001:0003A008       Finalization
 0001:0008FF10       Finalization
 0001:00070ABC       Finalization
 0001:00030CF8       Finalization
 0001:000A4898       Finalization
 0001:00030D68       Finalization
 0001:00030DA0       Finalization
 0001:00070C8C       Finalization
 0001:00070EE8       Finalization
 0001:00018C04       Finalization
 0001:00070F78       Finalization
 0001:00030DD8       Finalization
 0001:00090084       Finalization
 0001:000189C8       Finalization
 0001:0007123C       Finalization
 0001:0003488C       Finalization
 0001:000A4C7C       Finalization
 0001:00073640       Finalization
 0001:00030E10       Finalization
 0001:0002DFDC       Finalization
 0001:000347BC       Finalization
 0001:000394B0       Finalization
 0001:00030E48       Finalization
 0001:00030E80       Finalization
 0001:000736A8       Finalization
 0001:00030EB8       Finalization
 0001:00074008       Finalization
 0001:00030EF0       Finalization
 0001:00034728       Finalization
 0001:00030F28       Finalization
 0001:000A8BD0       Finalization
 0001:00090D24       Finalization
 0001:0000624C       Finalization
 0001:000061BC       Finalization
 0001:000902D4       Finalization
 0001:000749E8       Finalization
 0001:000321F4       Finalization
 0001:00005F8C       Finalization
 0001:00034638       Finalization
 0001:000346F0       Finalization
 0001:00067854       Finalization
 0001:000DC87C       Finalization
 0001:0006A518       Finalization
 0001:0006757C       Finalization
 0001:00066938       Finalization
 0001:0002E67C       Finalization
 0001:00075B54       Finalization
 0001:0002E4EC       Finalization
 0001:0006896C       Finalization
 0001:0006B6F8       Finalization
 0001:0002E234       Finalization
 0001:00090F34       Finalization
 0001:000C60C8       Finalization
 0001:00004FA4       FinalizeArray
 0001:0000358C       FinalizeUnits
 0001:00058AE8       Find
 0001:000053B0       FindBS
 0001:0001CA74       FindClass
 0001:00005318       FindClassHInstance
 0001:000063C8       FindClose
 0001:00008F24       FindClose
 0001:00000358       FindClose
 0001:00000F18       FindCommitted
 0001:00042AA8       FindControl
 0001:0004F1A8       FindControlAtPos
 0001:00018878       FindCustomVariantType
 0001:000187C0       FindCustomVariantType
 0001:00044474       FindDragTarget
 0001:00021528       FindExistingComponent
 0001:00008EB0       FindFirst
 0001:000063D0       FindFirstFile
 0001:00000360       FindFirstFile
 0001:0001CE60       FindGlobalComponent
 0001:0005C520       FindGlobalComponent
 0002:00003864       FindGlobalComponentProcs
 0001:000052F0       FindHInstance
 0001:000A1664       FindHomeKey
 0001:0001CD08       FindIdentToInt
 0001:00008E44       FindMatchingFile
 0002:00003A80       FindMsg
 0001:000206B8       FindNestedComponent
 0001:00008F00       FindNext
 0001:000063D8       FindNextFile
 0001:000A1E74       FindOCIDLL
 0001:00054CF0       FindPopupControl
 0001:0000F224       FindProc
 0001:000063E0       FindResource
 0001:00005368       FindResourceHInstance
 0001:000BB8A0       FindRowIdIndex
 0001:00066168       FindScanline
 0001:0003F260       FindString
 0001:0005C478       FindTopMostWindow
 0001:0002240C       FindUniqueName
 0001:00016B10       FindVarData
 0001:000C7B88       FindVariables
 0001:00044440       FindVCLWindow
 0001:00006978       FindWindow
 0001:00040278       FindWinHelp
 0001:000AC2A0       FirstWord
 0001:000A658C       Fit
 0001:0002B588       FixupBitFields
 0002:00001030       Flags
 0002:000037A0       FLanguages
 0001:000301F8       FlatSB
 0002:00003950       FlatSB_EnableScrollBar
 0002:0000395C       FlatSB_GetScrollInfo
 0002:00003960       FlatSB_GetScrollPos
 0002:00003958       FlatSB_GetScrollRange
 0002:00003968       FlatSB_SetScrollInfo
 0002:00003964       FlatSB_SetScrollPos
 0001:0002FEE8       FlatSB_SetScrollProp
 0002:0000396C       FlatSB_SetScrollRange
 0002:00003954       FlatSB_ShowScrollBar
 0001:00009FEC       FloatToDecimal
 0001:0000A32C       FloatToStr
 0001:0000A38C       FloatToStrF
 0001:00009A24       FloatToText
 0001:00009CF8       FloatToTextFmt
 0001:0000219C       Flush
 0002:00000184       FMSecsPerDay
 0001:0007A68C       FMTBcd
 0002:000017E8       FMTBcdVariantType
 0001:00009918       FmtStr
 0002:0000104C       FocusCount
 0002:00001048       FocusMessages
 0002:000008EC       FontCharsets
 0002:000038E0       FontManager
 0002:00001DC4       ForceOCI7
 0001:0005C4F4       ForegroundTask
 0002:0000018C       Format
 0001:00009904       Format
 0001:0007A588       FormatBcd
 0001:000094F4       FormatBuf
 0001:000094E8       FormatClearStr
 0001:0000A454       FormatCurr
 0001:0000B6F8       FormatDateTime
 0001:0000946C       FormatError
 0002:00000168       FormatErrorStrs
 0001:0000A3FC       FormatFloat
 0001:000749B4       FormatMaskText
 0001:000063E8       FormatMessage
 0001:0007A1D0       FormatOneBcd
 0001:000094C4       FormatVarToStr
 0001:00066994       Forms
 0001:00002624       FPower10
 0002:00000A20       FPrinter
 0001:00078EF8       FractionToStr
 0001:00033480       Frame3D
 0001:00006980       FrameRect
 0001:000DC7D0       FreeAllSessions
 0001:0000E6E4       FreeAndNil
 0001:00000C18       FreeCommitted
 0001:00001250       FreeCurAlloc
 0001:00044534       FreeDeviceContext
 0001:000445F0       FreeDeviceContexts
 0001:00024DC4       FreeIntConstList
 0001:00000368       FreeLibrary
 0001:000063F0       FreeLibrary
 0001:0002B0E4       FreeMemoryContexts
 0001:00024EF8       FreeObjectInstance
 0001:00006410       FreeResource
 0001:000007E8       FreeSpace
 0001:0000E05C       FreeTerminateProcs
 0001:000303AC       FreeThemeLibrary
 0002:00004180       freq
 0002:00003B20       FRichEditModule
 0002:00004214       f_main
 0002:00001750       GAntiFreeze
 0001:0000E15C       GDAL
 0001:00028490       GDICheck
 0001:000283E8       GDIError
 0001:00002084       Get8087CW
 0002:00003DCC       GetAcceptExSockaddrs
 0001:00006418       GetACP
 0001:00006988       GetActiveWindow
 0001:00063D6C       GetAnimation
 0001:0003133C       GetAveCharSize
 0001:000A8FF4       GetBit
 0001:000066A8       GetBitmapBits
 0001:000004A4       GetBlockDesc
 0001:000066B0       GetBrushOrgEx
 0002:00002200       getbuf
 0001:000A9058       GetByte
 0001:00006990       GetCapture
 0001:00042D70       GetCaptureControl
 0001:0001CA20       GetClass
 0001:00006998       GetClassInfo
 0001:000069A0       GetClassName
 0001:000069A8       GetClientRect
 0001:000069B0       GetClipboardData
 0001:00029E58       GetClipboardFormats
 0001:000066B8       GetClipBox
 0001:00000440       GetCmdShow
 0001:00052850       GetColor
 0001:00036D94       GetComCtlVersion
 0001:00000370       GetCommandLine
 0001:00000A2C       GetCommitted
 0001:00000AD4       GetCommittedAt
 0001:0009721C       GetComponent
 0001:00049BE4       GetControlAtPos
 0001:0000AB64       GetCount
 0001:00006420       GetCPInfo
 0001:000091A4       GetCurrentDir
 0001:00000378       GetCurrentDirectory
 0001:000066C0       GetCurrentPositionEx
 0001:00006428       GetCurrentProcessId
 0002:00003A34       GetCurrentThemeName
 0001:00000430       GetCurrentThreadId
 0001:00006430       GetCurrentThreadId
 0001:00006D64       GetCurrentTime
 0001:000069B8       GetCursor
 0001:00066178       GetCursorHeightMargin
 0001:000069C0       GetCursorPos
 0001:0000AB94       GetDate
 0001:00006438       GetDateFormat
 0001:0000B888       GetDateOrder
 0001:000069C8       GetDC
 0001:000069D0       GetDCEx
 0001:000066C8       GetDCOrgEx
 0001:0002DBE4       GetDefFontCharSet
 0001:0001DB6C       GetDesigner
 0001:000069D8       GetDesktopWindow
 0001:000066E0       GetDeviceCaps
 0001:00029420       GetDIB
 0001:000066D0       GetDIBColorTable
 0001:000066D8       GetDIBits
 0001:00029368       GetDIBSizes
 0001:00028600       GetDInColors
 0001:00006440       GetDiskFreeSpaceA
 0002:00000138       GetDiskFreeSpaceEx
 0001:00050460       GetDockAlign
 0001:00043718       GetDockSiteAtPos
 0001:00043A44       GetDropCtl
 0001:00002CB4       GetDynaMethod
 0001:000066E8       GetEnhMetaFileBits
 0001:000066F0       GetEnhMetaFileHeader
 0001:000066F8       GetEnhMetaFilePaletteEntries
 0001:000194F0       GetEnumName
 0001:000195C8       GetEnumNameValue
 0001:00019844       GetEnumProp
 0001:00019614       GetEnumValue
 0001:00006448       GetEnvironmentVariable
 0001:0000E834       GetEnvironmentVariable
 0001:0000C368       GetEraNamesAndYearOffsets
 0001:0000B91C       GetEraYearOffset
 0001:0001A4DC       GetErrorInfo
 0001:0000CD14       GetExceptionClass
 0001:0000CF00       GetExceptionObject
 0001:00006450       GetExitCodeThread
 0001:000699F8       GetFDSet
 0001:0001C9A8       GetFieldClassTable
 0001:00029E38       GetFileFormats
 0001:00006458       GetFileSize
 0001:0000D170       GetFileVersion
 0001:00006608       GetFileVersionInfo
 0001:00006610       GetFileVersionInfoSize
 0001:00094ACC       GetFilterStr
 0001:00019F6C       GetFloatProp
 0001:000069E0       GetFocus
 0001:00026F38       GetFontData
 0001:000069E8       GetForegroundWindow
 0001:0007A4C4       GetFormat
 0001:0000DAD0       GetFormatSettings
 0001:00096498       GetFromDataFactory
 0001:00096540       GetFromProperty
 0001:00006460       GetFullPathName
 0001:00026480       GetHashCode
 0001:000612B8       GetHelpInfo
 0001:0002F2BC       GetHelpSystem
 0001:00063B50       GetHint
 0001:00063B88       GetHintControl
 0001:00073688       gethostbyaddr
 0002:00003C74       gethostbyaddr
 0002:00003C78       gethostbyname
 0001:00073690       gethostbyname
 0002:00003C7C       gethostname
 0001:0005A218       GetHotkey
 0001:000069F0       GetIconInfo
 0001:0007B00C       GetIDsOfNames
 0001:0009FA50       GetIdx
 0001:0001A348       GetInt64Prop
 0001:00006A08       GetKeyboardLayout
 0001:00006A10       GetKeyboardLayoutList
 0001:00006A18       GetKeyboardState
 0001:00002910       GetKeyboardType
 0001:000069F8       GetKeyNameText
 0001:00006A00       GetKeyState
 0001:00006A20       GetLastActivePopup
 0001:0004E728       GetLastChildZone
 0001:00006468       GetLastError
 0002:00002204       getlen
 0001:0000C12C       GetLocaleChar
 0001:00000380       GetLocaleInfo
 0001:00006478       GetLocaleInfo
 0001:0000C0E0       GetLocaleStr
 0001:00006470       GetLocalTime
 0001:00042D2C       GetLongHint
 0001:00019C14       GetLongStrProp
 0001:00006A28       GetMenu
 0001:00061240       GetMenuHelpContext
 0001:00006A30       GetMenuItemCount
 0001:00006A38       GetMenuItemID
 0001:00006A40       GetMenuItemInfo
 0001:00057334       GetMenuSize
 0001:00006A48       GetMenuState
 0001:00006A50       GetMenuString
 0001:00000388       GetModuleFileName
 0001:00006480       GetModuleFileName
 0001:00000390       GetModuleHandle
 0001:000060B4       GetModuleHandle
 0001:00006488       GetModuleHandle
 0002:00003918       GetMonitorInfo
 0002:0000391C       GetMonitorInfoA
 0002:00003920       GetMonitorInfoW
 0001:0000C190       GetMonthDayNames
 0001:000C7A3C       GetNewMonID
 0001:00006A58       GetNextWindow
 0001:00006700       GetObject
 0001:00090E44       GetObjectContext
 0002:00001AEC       GetObjectContextProc
 0001:000A1B64       GetOCIDLLList
 0001:00019774       GetOrdProp
 0001:00006708       GetPaletteEntries
 0001:00001E34       GetParamStr
 0001:000A1424       GetParamString
 0001:00006A60       GetParent
 0001:0005C6EC       GetParentForm
 0001:000B8A44       GetParenthesis
 0002:00003C2C       getpeername
 0001:00006710       GetPixel
 0001:00006490       GetPrivateProfileString
 0001:000A2238       GetProc
 0001:00006498       GetProcAddress
 0001:00000398       GetProcAddress
 0001:00006A68       GetProp
 0001:00019678       GetPropInfo
 0001:000196E8       GetPropInfo
 0001:00018E90       GetPropInfo
 0001:00018E70       GetPropInfo
 0001:00019720       GetPropInfos
 0001:00018EB0       GetPropValue
 0002:00003C8C       getprotobyname
 0002:00003C88       getprotobynumber
 0001:0005CBAC       GetRealScrollPosition
 0001:00052830       GetRGBColor
 0001:000C607C       GetScreenCursor
 0001:00006A70       GetScrollInfo
 0001:00006A78       GetScrollPos
 0001:00006A80       GetScrollRange
 0002:00003C84       getservbyname
 0002:00003C80       getservbyport
 0001:000198B8       GetSetProp
 0001:00042CE8       GetShortHint
 0001:00019B0C       GetShortStrProp
 0001:00019BA4       GetShortStrPropAsLongStr
 0001:000CCE58       GetSingleEnv
 0002:00003C30       getsockname
 0002:00003C34       getsockopt
 0001:0000070C       GetSpace
 0001:00000770       GetSpaceAt
 0001:00054D80       GetSpecialName
 0001:000903C8       GetSQLToken
 0001:000003A0       GetStartupInfo
 0001:000949B0       GetStates
 0001:000064A0       GetStdHandle
 0001:00000308       GetStdHandle
 0001:00006718       GetStockObject
 0001:000064A8       GetStringTypeEx
 0001:00019D44       GetStrProp
 0001:00006A88       GetSubMenu
 0001:00006A90       GetSysColor
 0001:00006A98       GetSysColorBrush
 0001:000064B0       GetSystemInfo
 0001:00006AA0       GetSystemMenu
 0002:00003908       GetSystemMetrics
 0001:00006AA8       GetSystemMetrics
 0001:00006720       GetSystemPaletteEntries
 0001:00090B9C       GetTableNameFromSQL
 0001:000064B8       GetTempPath
 0001:00006730       GetTextExtentPoint
 0001:00006728       GetTextExtentPoint32
 0001:00006738       GetTextMetrics
 0002:00003A2C       GetThemeAppProperties
 0002:00003998       GetThemeBackgroundContentRect
 0002:0000399C       GetThemeBackgroundExtent
 0002:000039AC       GetThemeBackgroundRegion
 0002:000039D0       GetThemeBool
 0002:000039C4       GetThemeColor
 0002:00003A38       GetThemeDocumentationProperty
 0002:000039D8       GetThemeEnumValue
 0002:000039F8       GetThemeFilename
 0002:000039E0       GetThemeFont
 0002:000039D4       GetThemeInt
 0002:000039EC       GetThemeIntList
 0002:000039E8       GetThemeMargins
 0002:000039C8       GetThemeMetric
 0002:000039A0       GetThemePartSize
 0002:000039DC       GetThemePosition
 0002:000039F0       GetThemePropertyOrigin
 0002:000039E4       GetThemeRect
 0002:000039CC       GetThemeString
 0002:00003A04       GetThemeSysBool
 0002:000039FC       GetThemeSysColor
 0002:00003A00       GetThemeSysColorBrush
 0002:00003A0C       GetThemeSysFont
 0002:00003A14       GetThemeSysInt
 0002:00003A08       GetThemeSysSize
 0002:00003A10       GetThemeSysString
 0002:000039A4       GetThemeTextExtent
 0002:000039A8       GetThemeTextMetrics
 0001:000064C0       GetThreadLocale
 0001:000003A8       GetThreadLocale
 0001:000064C8       GetTickCount
 0001:0000ABCC       GetTime
 0001:000060E0       GetTlsSize
 0001:000A7E94       GetTok
 0001:00064330       GetTopMostWindows
 0001:00042E78       GetTopParent
 0001:00006AB0       GetTopWindow
 0001:000194E4       GetTypeData
 0001:00095878       GetUserName
 0001:00076B4C       GetValueAndMultiplyOrder
 0001:00016D18       GetVarDataArrayInfo
 0001:0001A290       GetVariantProp
 0001:000064D0       GetVersion
 0001:00000438       GetVersion
 0001:000064D8       GetVersionEx
 0001:00019DB0       GetWideStrProp
 0001:00019C94       GetWideStrPropAsLongStr
 0001:00006AB8       GetWindow
 0001:00006AC0       GetWindowDC
 0001:00006AC8       GetWindowLong
 0001:00006748       GetWindowOrgEx
 0001:00006AD0       GetWindowPlacement
 0001:00006AD8       GetWindowRect
 0001:00006AE0       GetWindowText
 0002:00003A20       GetWindowTheme
 0001:00006AE8       GetWindowThreadProcessId
 0001:00006AF0       GetWindowThreadProcessId
 0001:00006740       GetWinMetaFileBits
 0002:00001778       GInstanceCount
 0001:000064E0       GlobalAddAtom
 0001:000064E8       GlobalAlloc
 0001:00006D70       GlobalAllocPtr
 0001:000064F0       GlobalDeleteAtom
 0001:000064F8       GlobalFindAtom
 0002:00003868       GlobalFixupList
 0001:00020800       GlobalFixupReferences
 0001:00006500       GlobalFree
 0001:00006D9C       GlobalFreePtr
 0001:00006510       GlobalHandle
 0002:0000418C       GlobalInStream
 0001:00006508       GlobalLock
 0002:00003EB8       GlobalMalloc
 0002:0000384C       GlobalNameSpace
 0002:00004190       GlobalOutStream
 0001:00006518       GlobalReAlloc
 0001:00006D80       GlobalReAllocPtr
 0001:00006520       GlobalUnlock
 0001:0002E0B0       Graphics
 0001:0001CB9C       GroupDescendentsWith
 0002:000016AC       GServeFileProc
 0002:00003DE0       GSocketListClass
 0002:000016A4       GStack
 0002:000016A8       GStackClass
 0002:00003E10       GStackCriticalSection
 0002:000016B0       GStarted
 0002:0000060C       GUID_NULL
 0001:0001026C       HandleConversionException
 0001:000614C0       HandleEdge
 0001:00021C64       HandleException
 0001:000B536C       HasSQLWildCards
 0002:00001DBC       HDLL
 0002:00000024       HeapAllocFlags
 0002:000035C8       heapErrorCode
 0002:000035CC       heapLock
 0001:0002FE64       HelpIntfs
 0002:00003944       HelpManager
 0002:00003A7C       HelpMsg
 0002:00003B44       HelpViewer
 0002:00003B48       HelpViewerIntf
 0002:000022EC       HexDigits
 0002:00000134       HexDisplayPrefix
 0001:000235AC       HexToBin
 0001:000504DC       HideZone
 0002:00003668       HInstance
 0002:00003C00       HintDoneEvent
 0001:00063C58       HintGetMsgHook
 0002:00003C04       HintHook
 0001:00063BFC       HintMouseThread
 0002:00003C08       HintThread
 0002:00003BFC       HintThreadID
 0001:00063BA8       HintTimerProc
 0002:00001040       HintWindowClass
 0002:000039B0       HitTestThemeBackground
 0002:00001DC0       HMTS
 0002:00001E20       HomeList
 0001:00063C9C       HookHintHooks
 0002:00003C38       htonl
 0002:00003C3C       htons
 0001:00006EB0       HwndMSWheel
 0002:0000115C       hWS2Dll
 0002:00000FD4       IBreaks
 0002:00000FE0       IChecks
 0001:00074038       ICMP
 0002:00000A40       IconIDs
 0001:0006B118       IdAntiFreezeBase
 0001:0006CF84       IdAssignedNumbers
 0001:0006AE2C       IdBaseComponent
 0001:0006B740       IdComponent
 0002:00000FE8       IDefaults
 0001:00026F28       IdentToCharset
 0001:00026D20       IdentToColor
 0001:00042CD8       IdentToCursor
 0001:0001CD84       IdentToInt
 0001:000675AC       IdException
 0001:0006AC18       IdGlobal
 0001:0006C6F0       IdIntercept
 0001:0006C84C       IdIOHandler
 0001:0006E3C0       IdIOHandlerSocket
 0001:00067884       IdResourceStrings
 0001:0006CF4C       IdRFCReply
 0001:00070AEC       IdServerIOHandler
 0001:00070CBC       IdServerIOHandlerSocket
 0001:0006C284       IdSocketHandle
 0001:0006DADC       IdSocks
 0001:000693FC       IdStack
 0001:000689E4       IdStackConsts
 0001:0006A4EC       IdStackWindows
 0002:00001754       IdStati
 0001:0006DB4C       IdStream
 0001:00070F18       IdStrings
 0001:000701C0       IdTCPConnection
 0001:00073670       IdTCPServer
 0001:0006DB14       IdTCPStream
 0001:00070864       IdThread
 0001:0007126C       IdThreadMgr
 0001:000709D0       IdThreadMgrDefault
 0001:00070FA8       IdThreadSafe
 0001:0006A548       IdURI
 0001:000689A4       IdWinSock2
 0002:000016A0       Id_SO_True
 0002:00000FF0       IEnables
 0001:000580D8       IfHotkeyAvailable
 0002:00001AFC       IID_IObjectContext
 0002:00003BD8       ImageListWriteExProc
 0001:0002E5D8       ImageList_Add
 0001:0002E5F8       ImageList_AddIcon
 0001:0002E61C       ImageList_BeginDrag
 0001:0002E5C0       ImageList_Create
 0001:0002E5C8       ImageList_Destroy
 0001:0002E62C       ImageList_DragEnter
 0001:0002E634       ImageList_DragLeave
 0001:0002E63C       ImageList_DragMove
 0001:0002E64C       ImageList_DragShowNolock
 0001:0002E604       ImageList_Draw
 0001:0002E60C       ImageList_DrawEx
 0001:0002E624       ImageList_EndDrag
 0001:0002E5F0       ImageList_GetBkColor
 0001:0002E654       ImageList_GetDragImage
 0001:0002E66C       ImageList_GetIconSize
 0001:0002E5D0       ImageList_GetImageCount
 0001:0002E65C       ImageList_Read
 0001:0002E614       ImageList_Remove
 0001:0002E5E0       ImageList_ReplaceIcon
 0001:0002E5E8       ImageList_SetBkColor
 0001:0002E644       ImageList_SetDragCursorImage
 0001:0002E674       ImageList_SetIconSize
 0001:0002E664       ImageList_Write
 0002:00000F44       Images
 0001:00053DB8       ImgList
 0001:0002EE6C       Imm
 0002:00000F28       IMM32DLL
 0001:000510CC       Imm32IsIME
 0002:00000188       IMSecsPerDay
 0001:000106FC       InBounds
 0001:00010358       InBounds
 0001:0000D614       IncludeTrailingPathDelimiter
 0001:0006A704       IncludeTrailingSlash
 0001:00010388       Increment
 0001:0001072C       Increment
 0002:00001798       IncrementAmount
[...]
 0002:00003B5A       ControlAtom
 0002:00003B5C       WindowAtomString
 0002:00003B60       ControlAtomString
 0002:00003B64       RM_GetObjectInstance
 0002:00003B68       DragControl
 0002:00003B6C       DragObject
 0002:00003B70       DragInternalObject
 0002:00003B74       DragCapture
 0002:00003B78       DragStartPos
 0002:00003B80       DragSaveCursor
 0002:00003B84       DragThreshold
 0002:00003B88       ActiveDrag
 0002:00003B8C       DragImageList
 0002:00003B90       DockSiteList
 0002:00003B94       QualifyingSites
 0002:00003B98       DragSave
 0002:00003B9C       CanvasList
 0002:00003BA0       _WINNLSEnableIME
 0002:00003BA4       _ImmGetContext
 0002:00003BA8       _ImmReleaseContext
 0002:00003BAC       _ImmGetConversionStatus
 0002:00003BB0       _ImmSetConversionStatus
 0002:00003BB4       _ImmSetOpenStatus
 0002:00003BB8       _ImmSetCompositionWindow
 0002:00003BBC       _ImmSetCompositionFont
 0002:00003BC0       _ImmGetCompositionString
 0002:00003BC4       _ImmIsIME
 0002:00003BC8       _ImmNotifyIME
 0002:00003BCC       .8
 0002:00003BD0       .3
 0002:00003BD4       CachedComCtrlVer
 0002:00003BD8       ImageListWriteExProc
 0002:00003BDC       PopupList
 0002:00003BE0       ShortCutItems
 0002:00003BE4       .9
 0002:00003BE8       CommandPool
 0002:00003BEC       Application
 0002:00003BF0       Screen
 0002:00003BF4       .41
 0002:00003BF8       RM_TaskbarCreated
 0002:00003BFC       HintThreadID
 0002:00003C00       HintDoneEvent
 0002:00003C04       HintHook
 0002:00003C08       HintThread
 0002:00003C0C       .64
 0002:00003C10       .1
 0002:00003C14       WSACleanup
 0002:00003C18       accept
 0002:00003C1C       bind
 0002:00003C20       closesocket
 0002:00003C24       connect
 0002:00003C28       ioctlsocket
 0002:00003C2C       getpeername
 0002:00003C30       getsockname
 0002:00003C34       getsockopt
 0002:00003C38       htonl
 0002:00003C3C       htons
 0002:00003C40       inet_addr
 0002:00003C44       inet_ntoa
 0002:00003C48       listen
 0002:00003C4C       ntohl
 0002:00003C50       ntohs
 0002:00003C54       recv
 0002:00003C58       recvfrom
 0002:00003C5C       select
 0002:00003C60       send
 0002:00003C64       sendto
 0002:00003C68       setsockopt
 0002:00003C6C       shutdown
 0002:00003C70       socket
 0002:00003C74       gethostbyaddr
 0002:00003C78       gethostbyname
 0002:00003C7C       gethostname
 0002:00003C80       getservbyport
 0002:00003C84       getservbyname
 0002:00003C88       getprotobynumber
 0002:00003C8C       getprotobyname
 0002:00003C90       WSASetLastError
 0002:00003C94       WSAGetLastError
 0002:00003C98       WSAIsBlocking
 0002:00003C9C       WSAUnhookBlockingHook
 0002:00003CA0       WSASetBlockingHook
 0002:00003CA4       WSACancelBlockingCall
 0002:00003CA8       WSAAsyncGetServByName
 0002:00003CAC       WSAAsyncGetServByPort
 0002:00003CB0       WSAAsyncGetProtoByName
 0002:00003CB4       WSAAsyncGetProtoByNumber
 0002:00003CB8       WSAAsyncGetHostByName
 0002:00003CBC       WSAAsyncGetHostByAddr
 0002:00003CC0       WSACancelAsyncRequest
 0002:00003CC4       WSAAsyncSelect
 0002:00003CC8       __WSAFDIsSet
 0002:00003CCC       WSAAccept
 0002:00003CD0       WSACloseEvent
 0002:00003CD4       WSAConnect
 0002:00003CD8       WSACreateEvent
 0002:00003CDC       WSADuplicateSocketA
 0002:00003CE0       WSADuplicateSocketW
 0002:00003CE4       WSADuplicateSocket
 0002:00003CE8       WSAEnumNetworkEvents
 0002:00003CEC       WSAEnumProtocolsA
 0002:00003CF0       WSAEnumProtocolsW
 0002:00003CF4       WSAEnumProtocols
 0002:00003CF8       WSAEventSelect
 0002:00003CFC       WSAGetOverlappedResult
 0002:00003D00       WSAGetQosByName
 0002:00003D04       WSAHtonl
 0002:00003D08       WSAHtons
 0002:00003D0C       WSAIoctl
 0002:00003D10       WSAJoinLeaf
 0002:00003D14       WSANtohl
 0002:00003D18       WSANtohs
 0002:00003D1C       WSARecv
 0002:00003D20       WSARecvDisconnect
 0002:00003D24       WSARecvFrom
 0002:00003D28       WSAResetEvent
 0002:00003D2C       WSASend
 0002:00003D30       WSASendDisconnect
 0002:00003D34       WSASendTo
 0002:00003D38       WSASetEvent
 0002:00003D3C       WSASocketA
 0002:00003D40       WSASocketW
 0002:00003D44       WSASocket
 0002:00003D48       WSAWaitForMultipleEvents
 0002:00003D4C       WSAAddressToStringA
 0002:00003D50       WSAAddressToStringW
 0002:00003D54       WSAAddressToString
 0002:00003D58       WSAStringToAddressA
 0002:00003D5C       WSAStringToAddressW
 0002:00003D60       WSAStringToAddress
 0002:00003D64       WSALookupServiceBeginA
 0002:00003D68       WSALookupServiceBeginW
 0002:00003D6C       WSALookupServiceBegin
 0002:00003D70       WSALookupServiceNextA
 0002:00003D74       WSALookupServiceNextW
 0002:00003D78       WSALookupServiceNext
 0002:00003D7C       WSALookupServiceEnd
 0002:00003D80       WSAInstallServiceClassA
 0002:00003D84       WSAInstallServiceClassW
 0002:00003D88       WSAInstallServiceClass
 0002:00003D8C       WSARemoveServiceClass
 0002:00003D90       WSAGetServiceClassInfoA
 0002:00003D94       WSAGetServiceClassInfoW
 0002:00003D98       WSAGetServiceClassInfo
 0002:00003D9C       WSAEnumNameSpaceProvidersA
 0002:00003DA0       WSAEnumNameSpaceProvidersW
 0002:00003DA4       WSAEnumNameSpaceProviders
 0002:00003DA8       WSAGetServiceClassNameByClassIdA
 0002:00003DAC       WSAGetServiceClassNameByClassIdW
 0002:00003DB0       WSAGetServiceClassNameByClassId
 0002:00003DB4       WSASetServiceA
 0002:00003DB8       WSASetServiceW
 0002:00003DBC       WSASetService
 0002:00003DC0       WSAProviderConfigChange
 0002:00003DC4       TransmitFile
 0002:00003DC8       AcceptEx
 0002:00003DCC       GetAcceptExSockaddrs
 0002:00003DD0       WSARecvEx
 0002:00003DD4       .3
 0002:00003DD8       WS2_WSAStartup
 0002:00003DDC       .1
 0002:00003DE0       GSocketListClass
 0002:00003DE4       .6
 0002:00003DE8       .3
 0002:00003DEC       .3
 0002:00003DF0       IndyFalseBoolStrs
 0002:00003DF4       IndyTrueBoolStrs
 0002:00003DF8       .11
 0002:00003DFC       FIdPorts
 0002:00003E00       ATempPath
 0002:00003E04       .2
 0002:00003E08       .2
 0002:00003E0C       .3
 0002:00003E10       GStackCriticalSection
 0002:00003E14       .9
 0002:00003E18       .4
 0002:00003E1C       .2
 0002:00003E20       .3
 0002:00003E24       .1
 0002:00003E28       .2
 0002:00003E2C       .2
 0002:00003E30       .3
 0002:00003E34       .2
 0002:00003E38       .31
 0002:00003E3C       .5
 0002:00003E40       .2
 0002:00003E44       .2
 0002:00003E48       .2
 0002:00003E4C       .1
 0002:00003E50       .7
 0002:00003E54       .4
 0002:00003E58       .11
 0002:00003E5C       .1
 0002:00003E60       .2
 0002:00003E64       .2
 0002:00003E68       .1
 0002:00003E6C       .1
 0002:00003E70       .1
 0002:00003E74       .3
 0002:00003E78       .1
 0002:00003E7C       .41
 0002:00003E80       OleUninitializing
 0002:00003E84       ComClassManagerVar
 0002:00003E88       SaveInitProc
 0002:00003E8C       NeedToUninitialize
 0002:00003E90       LoginDialogExProc
 0002:00003E94       DBScreen
 0002:00003E98       DBApplication
 0002:00003E9C       .36
 0002:00003EA0       .1
 0002:00003EA4       .5
 0002:00003EA8       .3
 0002:00003EAC       .1
 0002:00003EB0       .1
 0002:00003EB4       .31
 0002:00003EB8       GlobalMalloc
 0002:00003EBC       orlon
 0002:00003EC0       ologof
 0002:00003EC4       oerhms
 0002:00003EC8       oopen
 0002:00003ECC       oparse
 0002:00003ED0       odefin
 0002:00003ED4       oexfet
 0002:00003ED8       oexec
 0002:00003EDC       oexn
 0002:00003EE0       ofen
 0002:00003EE4       oflng
 0002:00003EE8       oclose
 0002:00003EEC       odescr
 0002:00003EF0       obreak
 0002:00003EF4       ocom
 0002:00003EF8       orol
 0002:00003EFC       ocon
 0002:00003F00       ocof
 0002:00003F04       obndra
 0002:00003F08       odessp
 0002:00003F0C       opinit
 0002:00003F10       olog
 0002:00003F14       OCIInitialize
 0002:00003F18       OCIHandleAlloc
 0002:00003F1C       OCIHandleFree
 0002:00003F20       OCIDescriptorAlloc
 0002:00003F24       OCIDescriptorFree
 0002:00003F28       OCIEnvInit
 0002:00003F2C       OCIServerAttach
 0002:00003F30       OCIServerDetach
 0002:00003F34       OCISessionBegin
 0002:00003F38       OCISessionEnd
 0002:00003F3C       OCILogon
 0002:00003F40       OCILogoff
 0002:00003F44       OCIPasswordChange
 0002:00003F48       OCIStmtPrepare
 0002:00003F4C       OCIStmtPrepare2
 0002:00003F50       OCIStmtRelease
 0002:00003F54       OCIBindByPos
 0002:00003F58       OCIBindByName
 0002:00003F5C       OCIBindObject
 0002:00003F60       OCIBindDynamic
 0002:00003F64       OCIBindArrayOfStruct
 0002:00003F68       OCIStmtGetPieceInfo
 0002:00003F6C       OCIStmtSetPieceInfo
 0002:00003F70       OCIStmtExecute
 0002:00003F74       OCIDefineByPos
 0002:00003F78       OCIDefineObject
 0002:00003F7C       OCIDefineDynamic
 0002:00003F80       OCIDefineArrayOfStruct
 0002:00003F84       OCIStmtFetch
 0002:00003F88       OCIStmtFetch2
 0002:00003F8C       OCIStmtGetBindInfo
 0002:00003F90       OCIDescribeAny
 0002:00003F94       OCIParamGet
 0002:00003F98       OCIParamSet
 0002:00003F9C       OCITransStart
 0002:00003FA0       OCITransDetach
 0002:00003FA4       OCITransCommit
 0002:00003FA8       OCITransRollback
 0002:00003FAC       OCITransPrepare
 0002:00003FB0       OCITransForget
 0002:00003FB4       OCIErrorGet
 0002:00003FB8       OCILobAppend
 0002:00003FBC       OCILobAssign
 0002:00003FC0       OCILobCharSetForm
 0002:00003FC4       OCILobCharSetId
 0002:00003FC8       OCILobCopy
 0002:00003FCC       OCILobDisableBuffering
 0002:00003FD0       OCILobEnableBuffering
 0002:00003FD4       OCILobErase
 0002:00003FD8       OCILobFileClose
 0002:00003FDC       OCILobFileCloseAll
 0002:00003FE0       OCILobFileExists
 0002:00003FE4       OCILobFileGetName
 0002:00003FE8       OCILobFileIsOpen
 0002:00003FEC       OCILobFileOpen
 0002:00003FF0       OCILobFileSetName
 0002:00003FF4       OCILobFlushBuffer
 0002:00003FF8       OCILobGetLength
 0002:00003FFC       OCILobIsEqual
 0002:00004000       OCILobLoadFromFile
 0002:00004004       OCILobLocatorIsInit
 0002:00004008       OCILobRead
 0002:0000400C       OCILobTrim
 0002:00004010       OCILobWrite
 0002:00004014       OCIBreak
 0002:00004018       OCIServerVersion
 0002:0000401C       OCIAttrGet
 0002:00004020       OCIAttrSet
 0002:00004024       OCISvcCtxToLda
 0002:00004028       OCILdaToSvcCtx
 0002:0000402C       OCIResultSetToStmt
 0002:00004030       OCIObjectNew
 0002:00004034       OCIObjectFree
 0002:00004038       OCIObjectPin
 0002:0000403C       OCIObjectUnpin
 0002:00004040       OCIObjectPinTable
 0002:00004044       OCIObjectCopy
 0002:00004048       OCIObjectMarkDelete
 0002:0000404C       OCIObjectFlush
 0002:00004050       OCIObjectGetObjectRef
 0002:00004054       OCIObjectGetTypeRef
 0002:00004058       OCIObjectRefresh
 0002:0000405C       OCIObjectIsDirty
 0002:00004060       OCIObjectIsLocked
 0002:00004064       OCIObjectGetInd
 0002:00004068       OCIObjectExists
 0002:0000406C       OCIObjectGetAttr
 0002:00004070       OCIObjectSetAttr
 0002:00004074       OCIObjectLock
 0002:00004078       OCIObjectMarkUpdate
 0002:0000407C       OCIObjectUnmark
 0002:00004080       OCITypeByName
 0002:00004084       OCIStringPtr
 0002:00004088       OCIStringAssignText
 0002:0000408C       OCINumberToInt
 0002:00004090       OCINumberFromInt
 0002:00004094       OCINumberToReal
 0002:00004098       OCINumberToText
 0002:0000409C       OCINumberFromText
 0002:000040A0       OCINumberFromReal
 0002:000040A4       OCIDateTimeToText
 0002:000040A8       OCIDateTimeFromText
 0002:000040AC       OCIDateTimeAssign
 0002:000040B0       OCIRawPtr
 0002:000040B4       OCIRawSize
 0002:000040B8       OCIRawAssignBytes
 0002:000040BC       OCIRefAssign
 0002:000040C0       OCIRefClear
 0002:000040C4       OCIRefIsNull
 0002:000040C8       OCIRefHexSize
 0002:000040CC       OCIRefToHex
 0002:000040D0       OCIRefFromHex
 0002:000040D4       OCICollSize
 0002:000040D8       OCICollTrim
 0002:000040DC       OCICollMax
 0002:000040E0       OCICollGetElem
 0002:000040E4       OCICollAssignElem
 0002:000040E8       OCICollAppend
 0002:000040EC       OCITableDelete
 0002:000040F0       OCICacheFlush
 0002:000040F4       OCIExtProcGetEnv
 0002:000040F8       OCIExtProcRaiseExcpWithMsg
 0002:000040FC       OCIEnvCreate
 0002:00004100       OCIDirPathAbort
 0002:00004104       OCIDirPathFinish
 0002:00004108       OCIDirPathPrepare
 0002:0000410C       OCIDirPathLoadStream
 0002:00004110       OCIDirPathColArrayEntrySet
 0002:00004114       OCIDirPathColArrayToStream
 0002:00004118       OCIDirPathStreamReset
 0002:0000411C       OCILobCreateTemporary
 0002:00004120       OCILobFreeTemporary
 0002:00004124       OCILobIsTemporary
 0002:00004128       OCISessionPoolCreate
 0002:0000412C       OCISessionPoolDestroy
 0002:00004130       OCISessionGet
 0002:00004134       OCISessionRelease
 0002:00004138       OCIDateTimeGetDate
 0002:0000413C       OCIDateTimeGetTime
 0002:00004140       OCIDateTimeConstruct
 0002:00004144       OraMTSSvcGet
 0002:00004148       OraMTSSvcRel
 0002:0000414C       OraMTSSvcEnlist
 0002:00004150       OraMTSSvcEnlistEx
 0002:00004154       OraMTSTransTest
 0002:00004158       .2
 0002:0000415C       LogonHistory
 0002:00004160       .4
 0002:00004164       .01
 0002:00004168       .1
 0002:0000416C       LZHSection
 0002:00004170       Text_buf
 0002:00004174       lson
 0002:00004178       dad
 0002:0000417C       rson
 0002:00004180       freq
 0002:00004184       prnt
 0002:00004188       son
 0002:0000418C       GlobalInStream
 0002:00004190       GlobalOutStream
 0002:00004194       code
 0002:00004196       len
 0002:00004198       .2
 0002:0000419C       .41
 0002:000041A0       SetTextField
 0002:000041A4       .5
 0002:000041A8       .1
 0002:000041AC       parNone
 0002:000041BC       parString
 0002:000041CC       parInteger
 0002:000041DC       parFloat
 0002:000041EC       parDate
 0002:000041FC       parBoolean
 0002:0000420C       SetDefaults
 0002:00004210       .74
 0002:00004214       f_main
 0002:00004218       .2


Line numbers for ICMP(ICMP.pas) segment .text

   224 0001:0007386C   225 0001:000738A0   227 0001:000738A9   228 0001:000738B9
   229 0001:000738BD   233 0001:000738E1   234 0001:000738F3   236 0001:0007391A
   237 0001:00073931   238 0001:00073948   239 0001:0007395F   242 0001:0007397A
   245 0001:00073986   246 0001:00073994   247 0001:00073999   250 0001:000739A7
   253 0001:000739B3   254 0001:000739C5   256 0001:000739CC   258 0001:000739D7
   259 0001:000739E4   261 0001:000739F3   262 0001:00073A04   263 0001:00073A15
   264 0001:00073A2B   266 0001:00073A3A   267 0001:00073A45   268 0001:00073A50
   269 0001:00073A5A   270 0001:00073A64   271 0001:00073A6B   273 0001:00073AC0
   278 0001:00073BC4   280 0001:00073BCF   281 0001:00073BDA   282 0001:00073BE5
   284 0001:00073BF0   285 0001:00073BFD   287 0001:00073C09   288 0001:00073C0E
   289 0001:00073C1E   290 0001:00073C35   293 0001:00073C58   294 0001:00073C5E
   295 0001:00073C6B   298 0001:00073C70   299 0001:00073C90   300 0001:00073C97
   301 0001:00073CA5   302 0001:00073CB0   303 0001:00073CD7   307 0001:00073CDC
   308 0001:00073CE2   311 0001:00073CE4   312 0001:00073CFC   313 0001:00073D03
   314 0001:00073D09   315 0001:00073D2A   316 0001:00073D6D   320 0001:00073D74
   321 0001:00073D8E   323 0001:00073DA7   326 0001:00073DC0   327 0001:00073DD9
   328 0001:00073DDB   330 0001:00073DDE   331 0001:00073DF7   333 0001:00073E02
   334 0001:00073E09   335 0001:00073E1C   336 0001:00073E2F   342 0001:00073E52
   343 0001:00073E6A   344 0001:00073E6E   346 0001:00073E80   348 0001:00073E8D
   349 0001:00073E94   352 0001:00073ED9   356 0001:00073EFC   358 0001:00073F01
   360 0001:00073F0C   365 0001:00073F53   366 0001:00073F57   367 0001:00073F5C
   369 0001:00073F68   372 0001:00073F73   373 0001:00073F7D   375 0001:00073F85
   380 0001:00073F8C   381 0001:00073FAE   382 0001:00073FBC   384 0001:00073FD5
   385 0001:00073FF7   406 0001:00074038   406 0001:0007403F

Line numbers for main_srv(main_srv.pas) segment .text

    62 0001:000DCD68    63 0001:000DCD8C    64 0001:000DCD92    67 0001:000DCD9B
    68 0001:000DCDBA    71 0001:000DCDBE    73 0001:000DCDC6    75 0001:000DCDED
    78 0001:000DCE00    79 0001:000DCE0A    81 0001:000DCE16    82 0001:000DCE18
    83 0001:000DCE21    86 0001:000DCE23    87 0001:000DCE31    88 0001:000DCE41
    89 0001:000DCE4D    94 0001:000DCE71    95 0001:000DCE73    98 0001:000DCE83
   101 0001:000DCE8C   102 0001:000DCE8F   103 0001:000DCE9C   104 0001:000DCEA7
   105 0001:000DCEAD   109 0001:000DCEB0   111 0001:000DCEB9   113 0001:000DCEBE
   118 0001:000DCEC0   119 0001:000DCEE2   120 0001:000DCF07   121 0001:000DCF19
   122 0001:000DCF3E   123 0001:000DCF63   124 0001:000DCF88   125 0001:000DCFAD
   126 0001:000DCFD2   127 0001:000DCFF7   128 0001:000DD01C   130 0001:000DD024
   131 0001:000DD04D   140 0001:000DD0F0   142 0001:000DD116   143 0001:000DD12C
   148 0001:000DD13B   149 0001:000DD143   150 0001:000DD145   151 0001:000DD14A
   153 0001:000DD157   154 0001:000DD167   155 0001:000DD185   156 0001:000DD195
   158 0001:000DD19A   159 0001:000DD1A9   160 0001:000DD1B8   161 0001:000DD1C5
   162 0001:000DD1CA   163 0001:000DD1CC   164 0001:000DD1DB   165 0001:000DD1E8
   167 0001:000DD1EB   168 0001:000DD215   169 0001:000DD21A   172 0001:000DD21C
   156 0001:000DD22E   175 0001:000DD235   177 0001:000DD23E   179 0001:000DD2C6
   181 0001:000DD2CE   185 0001:000DD382   190 0001:000DD432   194 0001:000DD43F
   199 0001:000DD45A   200 0001:000DD475   201 0001:000DD483   202 0001:000DD48E
   203 0001:000DD4B0   204 0001:000DD4C0   205 0001:000DD4E9   206 0001:000DD4F4
   207 0001:000DD512   209 0001:000DD535   212 0001:000DD57E   213 0001:000DD599
   214 0001:000DD5A7   215 0001:000DD5B2   216 0001:000DD5D4   217 0001:000DD5E4
   218 0001:000DD60D   219 0001:000DD618   220 0001:000DD636   222 0001:000DD659
   225 0001:000DD6A2   226 0001:000DD6BD   227 0001:000DD6CB   228 0001:000DD6D6
   229 0001:000DD6F8   230 0001:000DD708   231 0001:000DD731   232 0001:000DD73C
   233 0001:000DD75A   235 0001:000DD77D   238 0001:000DD7C6   239 0001:000DD7E1
   240 0001:000DD7EF   241 0001:000DD7FA   242 0001:000DD81C   243 0001:000DD82C
   244 0001:000DD855   245 0001:000DD860   246 0001:000DD87E   248 0001:000DD8A1
   251 0001:000DD8EA   252 0001:000DD905   253 0001:000DD913   254 0001:000DD91E
   255 0001:000DD940   256 0001:000DD950   257 0001:000DD979   258 0001:000DD984
   259 0001:000DD9A2   261 0001:000DD9C5   264 0001:000DDA0E   265 0001:000DDA29
   266 0001:000DDA37   267 0001:000DDA42   268 0001:000DDA64   269 0001:000DDA74
   270 0001:000DDA9D   271 0001:000DDAA8   272 0001:000DDAC6   274 0001:000DDAE9
   277 0001:000DDB32   278 0001:000DDB4D   279 0001:000DDB5B   280 0001:000DDB66
   281 0001:000DDB88   282 0001:000DDB98   283 0001:000DDBC1   284 0001:000DDBCC
   285 0001:000DDBEA   287 0001:000DDC0D   290 0001:000DDC56   291 0001:000DDC71
   292 0001:000DDC7F   293 0001:000DDCB9   295 0001:000DDCC5   297 0001:000DDCCD
   298 0001:000DDCD7   299 0001:000DDCE4   300 0001:000DDCF3   301 0001:000DDCFA
   302 0001:000DDD02   304 0001:000DDD21   308 0001:000DDDBF   311 0001:000DDE24
   312 0001:000DDE43   313 0001:000DDF78   315 0001:000DE160   315 0001:000DE167

Line numbers for TestIPServer(C:\WORK\TESTIP\TestIPServer.dpr) segment .text

     9 0001:000DE520    10 0001:000DE530    11 0001:000DE53C    12 0001:000DE554
    13 0001:000DE560

Bound resource files

c:\program files\borland\delphi7\Lib\Buttons.res
c:\program files\borland\delphi7\Lib\ExtDlgs.res
c:\program files\borland\delphi7\Lib\Controls.res
c:\program files\borland\delphi7\DOA\OracleLogon.dfm
c:\program files\borland\delphi7\DOA\OracleSelForm.dfm
main_srv.dfm
TestIPServer.res
TestIPServer.drf


Program entry point at 0001:000DE520
