
 Start         Length     Name                   Class
 0001:00000000 0002240CH .text                   CODE
 0002:00000000 000024D8H .data                   DATA
 0002:000024D8 00000909H .bss                    BSS


Detailed map of segments

 0001:00000000 000002D6 C=CODE     S=.text    G=(none)   M=System   ACBP=A9
 0001:000002D8 00000140 C=CODE     S=.text    G=(none)   M=SysInit  ACBP=A9
 0001:00000418 00000540 C=CODE     S=.text    G=(none)   M=Windows  ACBP=A9
 0001:00000958 0000000E C=CODE     S=.text    G=(none)   M=Types    ACBP=A9
 0001:00000968 00000146 C=CODE     S=.text    G=(none)   M=SysUtils ACBP=A9
 0001:00000AB0 0000000E C=CODE     S=.text    G=(none)   M=SysConst ACBP=A9
 0001:00000AC0 0000012E C=CODE     S=.text    G=(none)   M=Classes  ACBP=A9
 0001:00000BF0 0000001E C=CODE     S=.text    G=(none)   M=ActiveX  ACBP=A9
 0001:00000C10 00000038 C=CODE     S=.text    G=(none)   M=Messages ACBP=A9
 0001:00000C48 00000026 C=CODE     S=.text    G=(none)   M=TypInfo  ACBP=A9
 0001:00000C70 00000056 C=CODE     S=.text    G=(none)   M=Variants ACBP=A9
 0001:00000CC8 0000000E C=CODE     S=.text    G=(none)   M=VarUtils ACBP=A9
 0001:00000CD8 0000000E C=CODE     S=.text    G=(none)   M=RTLConsts ACBP=A9
 0001:00000CE8 00000038 C=CODE     S=.text    G=(none)   M=ETypes   ACBP=A9
 0001:00000D20 00000F44 C=CODE     S=.text    G=(none)   M=EConsts  ACBP=A9
 0001:00001C64 0000273F C=CODE     S=.text    G=(none)   M=ECore    ACBP=A9
 0001:000043A4 00000A77 C=CODE     S=.text    G=(none)   M=EHook    ACBP=A9
 0001:00004E1C 000000C4 C=CODE     S=.text    G=(none)   M=ELang    ACBP=A9
 0001:00004EE0 000000A0 C=CODE     S=.text    G=(none)   M=WinSock  ACBP=A9
 0001:00004F80 0000161C C=CODE     S=.text    G=(none)   M=ESockets ACBP=A9
 0001:0000659C 000060A0 C=CODE     S=.text    G=(none)   M=EZLib    ACBP=A9
 0001:0000C63C 0001498A C=CODE     S=.text    G=(none)   M=ExceptionLog ACBP=A9
 0001:00020FC8 0000002E C=CODE     S=.text    G=(none)   M=DB       ACBP=A9
 0001:00020FF8 0000000E C=CODE     S=.text    G=(none)   M=FMTBcd   ACBP=A9
 0001:00021008 00000016 C=CODE     S=.text    G=(none)   M=Math     ACBP=A9
 0001:00021020 0000000E C=CODE     S=.text    G=(none)   M=DBConsts ACBP=A9
 0001:00021030 0000000E C=CODE     S=.text    G=(none)   M=SqlTimSt ACBP=A9
 0001:00021040 00000016 C=CODE     S=.text    G=(none)   M=DateUtils ACBP=A9
 0001:00021058 0000000E C=CODE     S=.text    G=(none)   M=MaskUtils ACBP=A9
 0001:00021068 0000000E C=CODE     S=.text    G=(none)   M=ComObj   ACBP=A9
 0001:00021078 0000000E C=CODE     S=.text    G=(none)   M=ComConst ACBP=A9
 0001:00021088 00000066 C=CODE     S=.text    G=(none)   M=ADODB    ACBP=A9
 0001:000210F0 0000000E C=CODE     S=.text    G=(none)   M=ADOInt   ACBP=A9
 0001:00021100 0000000E C=CODE     S=.text    G=(none)   M=OleDB    ACBP=A9
 0001:00021110 0000000E C=CODE     S=.text    G=(none)   M=ADOConst ACBP=A9
 0001:00021120 0000000E C=CODE     S=.text    G=(none)   M=Mtx      ACBP=A9
 0001:00021130 0000000E C=CODE     S=.text    G=(none)   M=DBCommon ACBP=A9
 0001:00021140 00000016 C=CODE     S=.text    G=(none)   M=IniFiles ACBP=A9
 0001:00021158 0000000E C=CODE     S=.text    G=(none)   M=StrUtils ACBP=A9
 0001:00021168 000012A4 C=CODE     S=.text    G=(none)   M=Exp2dbf  ACBP=A9
 0002:00000000 00000020 C=DATA     S=.data    G=DGROUP   M=SysInit  ACBP=A9
 0002:00000020 000002BC C=DATA     S=.data    G=DGROUP   M=EConsts  ACBP=A9
 0002:000002DC 00000008 C=DATA     S=.data    G=DGROUP   M=ECore    ACBP=A9
 0002:000002E4 0000210C C=DATA     S=.data    G=DGROUP   M=EZLib    ACBP=A9
 0002:000023F0 00000099 C=DATA     S=.data    G=DGROUP   M=ExceptionLog ACBP=A9
 0002:00003000 00000010 C=BSS      S=.bss     G=DGROUP   M=SysInit  ACBP=A9
 0002:00003010 00000004 C=BSS      S=.bss     G=DGROUP   M=Windows  ACBP=A9
 0002:00003014 00000004 C=BSS      S=.bss     G=DGROUP   M=Messages ACBP=A9
 0002:00003018 00000004 C=BSS      S=.bss     G=DGROUP   M=ETypes   ACBP=A9
 0002:0000301C 00000004 C=BSS      S=.bss     G=DGROUP   M=EConsts  ACBP=A9
 0002:00003020 0000002C C=BSS      S=.bss     G=DGROUP   M=ECore    ACBP=A9
 0002:0000304C 0000000C C=BSS      S=.bss     G=DGROUP   M=EHook    ACBP=A9
 0002:00003058 00000004 C=BSS      S=.bss     G=DGROUP   M=ELang    ACBP=A9
 0002:0000305C 00000004 C=BSS      S=.bss     G=DGROUP   M=WinSock  ACBP=A9
 0002:00003060 00000004 C=BSS      S=.bss     G=DGROUP   M=ESockets ACBP=A9
 0002:00003064 00000004 C=BSS      S=.bss     G=DGROUP   M=EZLib    ACBP=A9
 0002:00003068 0000081C C=BSS      S=.bss     G=DGROUP   M=ExceptionLog ACBP=A9
 0002:00003884 00000084 C=BSS      S=.bss     G=DGROUP   M=Exp2dbf  ACBP=A9


  Address         Publics by Name

 0001:0000A690       ..
 0002:00001950       ..
 0002:000018D8       ..
 0002:000004D4       ..
 0001:000090C8       ..
 0002:00000418       ..
 0002:000003A0       ..
 0002:00001984       ..
 0002:000002E8       ..
 0002:0000305C       .1
 0002:00003008       .1
 0002:00003064       .1
 0002:00003018       .1
 0002:00003014       .1
 0002:0000304C       .1
 0002:00003058       .1
 0002:00003028       .2
 0002:00003010       .3
 0002:0000301C       .4
 0002:00003060       .4
 0002:00003074       .7
 0001:0000C4D8       @adler32
 0001:00000350       @GetTls
 0001:00008398       @inflate_blocks
 0001:00009068       @inflate_blocks_free
 0001:00008300       @inflate_blocks_new
 0001:0000829C       @inflate_blocks_reset
 0001:000090BC       @inflate_blocks_sync_point
 0001:00009814       @inflate_codes
 0001:0000A0AC       @inflate_codes_free
 0001:000097C4       @inflate_codes_new
 0001:0000A1C8       @inflate_fast
 0001:0000A0B8       @inflate_flush
 0001:00009098       @inflate_set_dictionary
 0001:000095BC       @inflate_trees_bits
 0001:00009658       @inflate_trees_dynamic
 0001:00009798       @inflate_trees_fixed
 0001:0000039C       @InitExe
 0001:0000B888       @_tr_align
 0001:0000BB48       @_tr_flush_block
 0001:0000A694       @_tr_init
 0001:0000B7CC       @_tr_stored_block
 0001:000145F4       ActicatePage
 0002:000031C0       ActivateEurekaLog
 0002:00003045       ActiveInternalLog
 0002:00003134       ActiveSafeCall
 0001:00005D44       AddDNS
 0001:00011050       AddModule
 0001:00011160       AddToStack
 0001:00014544       AdjustDialog
 0001:00012A54       AdjustFlatStyle
 0001:0001649C       AfterScreenshot
 0001:000002F8       AllocTlsBuffer
 0002:000038F8       ApplIniName
 0001:00010400       ASMAssigned
 0001:000174C8       AttachedFile
 0001:00017728       AttachedFiles
 0001:00017038       Base64Encode
 0001:00017288       Base64EncodeFromFile
 0001:0001720C       Base64EncodeFromString
 0001:0001627C       BeforeScreenshot
 0001:00000658       BitBlt
 0001:00015FAC       BytesSwap
 0002:00003214       Cached_LogFile
 0001:0001E1E4       CalcAddr
 0001:00015FDC       CalcCRC
 0001:000117CC       CalcDuplicatedException
 0001:00011AA0       CallExceptionActionNotify
 0001:000197EC       CallExceptionActionNotify_atSavedLogFile
 0001:000197D8       CallExceptionActionNotify_atSavingLogFile
 0001:000186DC       CallExceptionActionNotify_atSendingEmail
 0001:000186F0       CallExceptionActionNotify_atSentEmail
 0001:00019AF8       CallExceptionActionNotify_atShowedExceptionInfo
 0001:00019AE4       CallExceptionActionNotify_atShowingExceptionInfo
 0001:000159DC       CallExceptionActionNotify_atTerminating
 0001:00011B60       CallExceptionErrorNotify
 0001:00019800       CallExceptionErrorNotify_atSavedLogFile
 0001:00018704       CallExceptionErrorNotify_atSentEmail
 0001:00011A3C       CallExceptionNotify
 0001:00019B0C       CallWriteIntraWebText
 0001:0001D08C       Call_HookedExceptionObject
 0001:0001CEC8       Call_HookedRaise
 0001:0001D154       Call_HookedRtlUnwind
 0002:0000316C       CanAttachScreenshot
 0002:00003169       CanAttachScreenshot_Show
 0002:0000316D       CanCopy
 0002:0000316A       CanCopy_Show
 0001:00011884       CanExit
 0002:00003046       CanSaveLog
 0002:0000316B       CanSendEmail
 0002:00003168       CanSendEmail_Show
 0002:00003244       CaptionFontName
 0002:00003438       CAPTION_HEIGHT
 0002:000030FC       CGIHandleException
 0002:000030C4       CGIOutputFile
 0001:0000F540       CheckForResult
 0001:000027C0       CheckIntoIDE
 0001:0000D98C       ClearInternalError
 0001:00000710       CloseClipboard
 0001:00000438       CloseHandle
 0001:000117B0       CloseLogFile
 0001:00004EE0       closesocket
 0002:00003104       CLXHandleException
 0002:00002448       Code64
 0002:0000343C       ColoursCount
 0002:00003400       ColWidths
 0001:000163E0       CommonSaveToStream
 0001:00010634       CompareEurekaFunctions
 0001:0000E2DC       CompareModulesFunctions
 0001:0000F2E0       CompiledWithPackages
 0001:000196D8       CompleteStr
 0001:00018B94       ComputerName
 0001:00004EE8       connect
 0001:0000F2F4       ConvertAddress
 0001:00004534       ConvertAddress
 0001:000008D0       CopyMemory
 0001:00000718       CopyRect
 0001:00014300       CPUDialogProc
 0002:00003468       CRCList
 0002:000023F4       CRCListed
 0001:00000660       CreateCompatibleBitmap
 0001:00000668       CreateCompatibleDC
 0001:00000670       CreateDC
 0001:00000908       CreateDialog
 0001:00012028       CreateDialogFonts
 0001:00000720       CreateDialogParam
 0001:00000440       CreateFile
 0001:00000448       CreateFileMapping
 0001:00000678       CreateFont
 0001:00000680       CreateFontIndirect
 0001:00019B18       CreateGeneralText
 0001:00006178       CreateMXQuery
 0001:00000688       CreatePalette
 0001:00000450       CreateProcess
 0001:0000D114       CreateSafeCallItem
 0001:00000690       CreateSolidBrush
 0001:00018294       CreateTmpLogFile
 0001:0000CEAC       CreateVirtualFile
 0002:00003124       CurrentCPUErrorText
 0001:0001ECEC       CurrentEurekaLogOptions
 0002:00003120       CurrentGeneralErrorText
 0002:000030BC       CurrentOptions
 0002:000031A0       CurrentRequestValue
 0002:000030A0       CurrentStackList
 0002:0000344C       Data
 0002:00003444       DataSize
 0002:00002428       Days
 0001:00006BD0       deflate
 0001:00006E40       deflateEnd
 0001:000066FC       deflateInit_
 0001:00000728       DefWindowProc
 0001:00000458       DeleteCriticalSection
 0001:00000698       DeleteDC
 0001:000006A0       DeleteObject
 0001:0000D038       DeleteVirtualFile
 0001:00012198       DestroyDialogFonts
 0001:00000730       DestroyWindow
 0002:00003428       DetailsActive
 0001:00012A90       DetailsState
 0001:00000738       DialogBoxParam
 0002:00003434       DialogHeight
 0001:00000740       DispatchMessage
 0001:00011CE4       DlgTemplate
 0002:00003054       DllList
 0001:00004D4C       Done
 0001:00004330       Done
 0001:00020D34       Done
 0001:0001FACC       DoneCheckFreeze
 0001:0001444C       DrawBmp
 0001:00000748       DrawIconEx
 0002:00003904       DstConn
 0002:00003900       DstTable
 0002:000038F0       dt
 0002:0000316E       DuplicatedException
 0001:00000460       DuplicateHandle
 0001:00001C5C       EConsts
 0001:00004394       ECore
 0001:00004E0C       EHook
 0001:00004ED8       ELang
 0001:00000750       EmptyClipboard
 0002:00000024       EMsgs
 0001:00000758       EnableWindow
 0001:000161A4       Encode
 0001:000183B0       EncodeURL
 0002:00003464       Encode_Data
 0002:00003460       Encode_Filter
 0001:00000760       EndDialog
 0001:00000468       EnterCriticalSection
 0001:00000470       EnumSystemLocales
 0001:00000768       EnumWindows
 0001:000115E4       EnumWindowsProc
 0001:000168D0       Error
 0002:00000280       EShowOptions
 0001:00006594       ESockets
 0001:00000D18       ETypes
 0002:00000020       EurekaLogCurrentVersion
 0002:00003184       EurekaLogList
 0002:00000164       EVals
 0002:0000306C       ExceptionActionNotify
 0002:0000321C       ExceptionAddressText
 0002:00003070       ExceptionErrorNotify
 0002:000031CC       ExceptionInfoData
 0002:000031C4       ExceptionInfoHandle
 0001:00020F90       ExceptionLog
 0001:0001F098       ExceptionManager
 0002:00003218       ExceptionModuleText
 0002:00003224       ExceptionMsgText
 0002:00003068       ExceptionNotify
 0002:000030CC       ExceptionNumber
 0001:0000F348       ExceptionTypeByAddr
 0002:00003220       ExceptionTypeText
 0001:0001C8E8       ExceptNotify
 0001:00000478       ExitThread
 0001:000212D8       Exp2dbf
 0001:00000480       ExpandEnvironmentStrings
 0001:000167A0       ExpandPath
 0001:000106C8       ExportedFunctions
 0001:000167D4       ExtractAddresses
 0001:0000FD8C       ExtractStr
 0001:0000C634       EZLib
 0002:00003230       fActive
 0002:000023F0       fActivePage
 0002:000033C0       fBmp
 0002:00003234       fCaptionFont
 0002:00003228       fDlgBack
 0002:0000323C       fFixedFont
 0001:00000770       FillRect
 0002:000033BC       fImageList
 0001:0000435C       Finalization
 0001:000003E0       Finalization
 0001:00020E70       Finalization
 0001:00001BEC       Finalization
 0001:00000CE8       Finalization
 0001:00000C10       Finalization
 0001:00004DD4       Finalization
 0001:00000920       Finalization
 0001:00004EA8       Finalization
 0001:0000C604       Finalization
 0001:00004F48       Finalization
 0001:00021168       Finalization
 0001:00006564       Finalization
 0001:00000488       FindClose
 0001:0000493C       FindCode
 0001:00019A5C       FindException
 0001:00000490       FindFirstFile
 0001:00010150       FindFunction
 0001:0000DD98       FindModuleType
 0001:00000498       FindResource
 0001:0001E934       FindSection
 0002:00003248       FixedFontName
 0002:00003240       FixedFontSize
 0001:000004A0       FlushInstructionCache
 0002:0000322C       fMemoBack
 0002:000033A0       fMonitor
 0002:000033A4       fMonitorInfo
 0001:00002670       ForceSaveLog
 0001:00019718       FormatComplete
 0001:00000778       FrameRect
 0001:000004A8       FreeLibrary
 0001:0000D16C       FreeSafeCallItem
 0002:00003138       FreezeThread
 0001:0000F444       FunctionSize
 0001:000103E0       FuzzyFind
 0002:00003238       fVariableFont
 0001:0001CDCC       GeneralRaise
 0001:000004B0       GetACP
 0001:00018CB0       GetActiveControlClass
 0001:00018CC8       GetActiveControlText
 0001:00018BD0       GetActiveFormClass
 0001:00018C1C       GetActiveFormText
 0001:0001965C       GetApplicationName
 0001:00000904       GetBValue
 0001:0001EF34       GetCallerSourceLine
 0001:000112CC       GetCallStackByAddresses
 0001:00000780       GetClassName
 0001:000004B8       GetCommandLine
 0001:000004C0       GetComputerName
 0001:0001C4D8       GetControlClass
 0001:0001C51C       GetControlText
 0001:0001EDC0       GetCurrentCallStack
 0001:000004C8       GetCurrentProcess
 0001:000004D0       GetCurrentProcessId
 0001:0001F090       GetCurrentStackPointer
 0001:000004D8       GetCurrentThread
 0002:00003024       GetCurrentThreadClass
 0001:000004E0       GetCurrentThreadId
 0001:0000DAFC       GetCurrentTopOfStack
 0001:00000788       GetCursor
 0001:00000790       GetCursorPos
 0001:00000798       GetDC
 0001:00010214       GetDebugInfosByAddr
 0001:0000FF38       GetDebugPartialInfos
 0001:000007A0       GetDesktopWindow
 0001:000006B0       GetDeviceCaps
 0001:00014520       GetDialogState
 0001:000006A8       GetDIBits
 0001:00019414       GetDiskInfo
 0001:000007A8       GetDlgItem
 0001:00005D68       GetDNSList
 0001:00005F34       GetDomain
 0001:000060A0       GetDomainName
 0001:0001A420       GetDump
 0001:0001A180       GetEAX
 0001:0001A1D4       GetEBX
 0001:0001A228       GetECX
 0001:0001A324       GetEDI
 0001:0001A27C       GetEDX
 0001:000103F8       GetEF
 0001:0001A3CC       GetEIP
 0001:000004E8       GetEnvironmentVariable
 0001:0001A2D0       GetESI
 0001:0001A378       GetESP
 0001:00019154       GetExceptionAddress
 0001:00019138       GetExceptionDate
 0001:0001924C       GetExceptionMessage
 0001:00019188       GetExceptionModule
 0001:000191DC       GetExceptionType
 0001:0000E2A8       GetFileSize
 0001:00000640       GetFileVersionInfo
 0001:00000648       GetFileVersionInfoSize
 0001:000007B0       GetFocus
 0001:000007B8       GetForegroundWindow
 0001:00019504       GetFreeDisk
 0001:00019384       GetFreeMemory
 0001:00000900       GetGValue
 0001:00004F18       gethostbyname
 0001:00004F20       gethostname
 0001:00013904       GetItemText
 0001:00019104       GetLanguageString
 0001:000004F0       GetLastError
 0002:000002DC       GetLastLine
 0001:0001EE38       GetLine
 0001:00018FD8       GetLocaleDataA
 0001:00018F98       GetLocaleDataW
 0001:000004F8       GetLocaleInfo
 0001:00000500       GetLocaleInfoA
 0001:00000508       GetLocaleInfoW
 0001:0001A69C       GetLogText
 0001:0001161C       GetMainWindow
 0001:0000E000       GetModuleDescriptionAndVersion
 0001:00000510       GetModuleFileName
 0001:00000518       GetModuleHandle
 0001:000002D8       GetModuleHandle
 0001:00001E74       GetModuleName
 0001:0000DF3C       GetModulePath
 0001:0000E5D8       GetModulesList
 0001:0000E448       GetModulesWin9X
 0001:0000E2E4       GetModulesWinNT
 0001:000062A0       GetMXBestRecord
 0001:00006200       GetMXRecord
 0001:00006390       GetMXServerFromEmail
 0001:000006B8       GetObject
 0001:00018F50       GetOSBuild
 0001:0001912C       GetOSLanguage
 0001:00003F18       GetOSType
 0001:00018D3C       GetOSType
 0001:00018F84       GetOSUpdate
 0001:00018AF0       GetParameters
 0001:000006C0       GetPixel
 0001:00000520       GetPrivateProfileString
 0001:00000528       GetProcAddress
 0001:00010A9C       GetResourceData
 0001:000008FC       GetRValue
 0001:0000D0A0       GetSafeCallValue
 0001:0000F5E0       GetSourceInfoByAddr
 0001:0001A60C       GetStack
 0001:0001D81C       GetStackPointer
 0001:00019644       GetStartDate
 0001:00000530       GetStartupInfo
 0001:0000FC40       GetSymbolAddr
 0001:00000538       GetSystemDefaultLangID
 0001:000007C0       GetSystemMetrics
 0001:000006C8       GetSystemPaletteEntries
 0001:00000540       GetTempPath
 0001:000006D0       GetTextExtentPoint32
 0001:0001DF98       GetThreadClass
 0001:00003E84       GetThreadClass
 0001:00000548       GetThreadContext
 0001:0001CBA4       GetThreadParams
 0001:00000550       GetTickCount
 0001:00000558       GetTimeZoneInformation
 0001:00000304       GetTlsSize
 0001:000195A4       GetTotalDisk
 0001:000192F4       GetTotalMemory
 0001:00000418       GetUserName
 0001:00018CE0       GetVersionNumber
 0001:000007C8       GetWindowDC
 0001:000007D0       GetWindowLong
 0001:000007D8       GetWindowPlacement
 0001:000007E0       GetWindowRect
 0001:000007E8       GetWindowText
 0001:000007F0       GetWindowThreadProcessId
 0001:00000560       GlobalAlloc
 0001:00000568       GlobalFree
 0001:00000570       GlobalLock
 0001:00000578       GlobalMemoryStatus
 0002:00003188       GlobalSMTPValues
 0001:00000580       GlobalUnlock
 0002:000031F4       Global_CriticalSection
 0002:0000320C       Global_CurrentEvent
 0002:000031D8       Global_ExceptionRecord
 0002:000031D4       Global_Execute
 0002:000031D5       Global_Handled
 0002:00003210       Global_IntraWebText
 0002:000031D6       Global_Retry
 0001:0001CC14       GoNotify
 0001:0001FC94       HandleAnyExceptionAddr
 0002:000030D0       HandleAnyExceptionAddr_Variable
 0001:0001FD48       HandleAutoExceptionAddr
 0002:000030D8       HandleAutoExceptionAddr_Variable
 0001:0001FCE0       HandleOnExceptionAddr
 0002:000030D4       HandleOnExceptionAddr_Variable
 0002:00003450       HeaderData
 0002:00003004       HInstance
 0001:000008CC       HiWord
 0001:0001031C       HookBPLProcedure
 0001:00004A00       HookDllProcedure
 0001:0001D468       HookedCreateThread
 0001:0001D130       HookedExceptionObject
 0001:0001D23C       HookedExceptProc
 0001:0001DAA4       HookedExitThread
 0001:0001DB44       HookedHttpExtensionProc
 0001:0001D02C       HookedRaise
 0001:0001D824       HookedResumeThread
 0001:0001D3C4       HookedRTLThreadProc
 0001:0001D214       HookedRtlUnwind
 0001:0001D2CC       HookedThreadProc
 0001:0001F268       Hooked_CGIHandleServerException
 0001:0001F43C       Hooked_GUIHandleException
 0001:0001F76C       Hooked_IndyThreadHandleException
 0001:0001F518       Hooked_IntraWebHandleException
 0001:0001F350       Hooked_ISAPIHandleServerException
 0001:0001F61C       Hooked_NTServiceLogMessage
 0001:00004984       HookFunction
 0001:00020488       HookingModuleName
 0001:000204AC       HookingRTLModuleName
 0001:0001FDC4       HookLastFInit
 0001:0001FDA8       HookLastInit
 0001:00004640       HookProcedureEx
 0001:000102AC       HookSymbolProcedure
 0001:0001FDD4       Hook_InitializationAndFinalization
 0001:0001FF6C       Hook_OnExceptionEvents
 0001:00017448       HostName
 0001:00004EF0       htons
 0002:0000388C       id
 0002:00002444       IDATHeader
 0001:0001615C       IDATWrite
 0001:0000CDE0       ifelseStr
 0001:0000CE58       ifStr
 0001:0000C948       ImageList_Add
 0001:0000C940       ImageList_Create
 0001:0000C950       ImageList_Destroy
 0002:00003448       ImgData
 0002:000031BC       InactiveThreads
 0001:00003B54       IncludeLastBackslash
 0002:000030F8       IndyThread_HandleException
 0001:00007D70       inflate
 0001:00007C14       inflateEnd
 0001:000065E0       InflateInit
 0001:00007D60       inflateInit_
 0001:00007BCC       inflateReset
 0001:00004D28       Init
 0001:000204B8       Init
 0001:00004194       Init
 0001:0001FA7C       InitCheckFreeze
 0001:00016060       InitDeflate
 0001:00000588       InitializeCriticalSection
 0002:000030B0       Initialized
 0001:00000390       InitializeModule
 0001:0000030C       InitThreadTLS
 0001:000124B0       InsertColumn
 0001:0001252C       InsertRow
 0001:000204A0       InstanceModuleName
 0001:0000D424       InternalCriticalError
 0002:0000317C       InternalErrorCode
 0002:00003180       InternalErrorMsg
 0001:0001BB0C       InternalExceptNotify
 0001:0000E928       InternalGetFileSize
 0001:000045D0       InternalHookProc
 0002:00003044       InternalIntoIDE
 0001:00001EAC       InternalLog
 0001:000168DC       InternalSendMail
 0001:0000D188       InternalStringReplace
 0001:000045F0       InternalUnhookProc
 0002:0000310D       IntoFinalization
 0001:000027B8       IntoIDE
 0002:0000310C       IntoInitialization
 0002:00003118       IntraWebApplication
 0002:00003128       IntraWebMainThreadID
 0002:0000311C       IntraWebServerController
 0001:0001FE8C       IntraWeb_BPL
 0002:000030E8       IntraWeb_HandleException
 0002:000030EC       IntraWeb_ShowMessage
 0001:000007F8       InvalidateRect
 0001:00004EF8       ioctlsocket
 0001:0001163C       IsAParent
 0002:00003100       ISAPIHandleException
 0002:0000308C       ISAPI_HttpExtensionProc
 0002:00003090       ISAPI_Proc
 0001:00000590       IsBadReadPtr
 0001:0000E8F4       IsCGI
 0001:0000D3A8       IsDebugged
 0001:00010298       IsDelphiException
 0002:00003430       IsDialogShowed
 0001:0001EE30       IsEurekaLogActive
 0001:0001EDD8       IsEurekaLogActiveInThread
 0001:00010C2C       IsEurekaLogModule
 0001:00010AE4       IsEurekaLogModule_New
 0001:00010958       IsEurekaLogModule_Old
 0001:000119B4       IsExceptionActionNotifyAssigned
 0001:000119F8       IsExceptionErrorNotifyAssigned
 0001:00010408       IsExceptionHandled
 0001:00011970       IsExceptionNotifyAssigned
 0001:0000EB4C       IsGUI
 0001:00002724       IsInterlanLogActive
 0001:0000EB14       IsIntraWeb
 0001:0000EADC       IsISAPI
 0001:00011598       IsMainWindow
 0001:0000DB5C       IsManageableObject
 0001:0000D37C       IsValidBlockAddr
 0001:00004508       IsValidBlockAddr
 0001:00004960       IsValidBlockAddr
 0001:00005CDC       IsValidDNS
 0001:0000DC64       IsValidModule
 0001:0000DB04       IsValidObject
 0001:0000EB20       IsWeb
 0001:0000E980       IsWinCGI
 0001:00000800       IsWindow
 0001:00000808       IsWindowVisible
 0001:0000F394       Is_HandleOnException_Handled
 0002:00003080       Kernel_CreateThread
 0002:00003088       Kernel_ExitThread
 0002:00003078       Kernel_RaiseException
 0002:00003084       Kernel_ResumeThread
 0002:0000307C       Kernel_RtlUnwind
 0001:0000DA9C       KillApplication
 0001:00000810       KillTimer
 0002:000038E0       kvit_id
 0002:000030C8       LanguageStr
 0002:00003150       LastDelphiException
 0002:00003020       LastEurekaVersion
 0002:00003144       LastExceptAddr
 0002:0000315C       LastExceptionLog
 0002:00003158       LastExceptionRecord
 0002:00003154       LastExceptMessage
 0002:0000314C       LastExceptObject
 0002:00003160       LastExceptThreadID
 0002:000030E4       LastFinalizationPtr
 0002:000030E0       LastInitializationPtr
 0002:00003108       LastInitPointer
 0002:00003164       LastLog
 0002:000030B4       LastThreadID
 0001:00000598       LeaveCriticalSection
 0002:000033F4       LeftButton
 0001:00013950       ListDialogProc
 0002:000033EC       ListHeight
 0002:000033E8       ListWidth
 0001:00000818       LoadBitmap
 0001:00010D70       LoadData
 0001:00010C50       LoadData_Old
 0001:00010EF0       LoadDebugInformation
 0001:000005A0       LoadLibrary
 0001:000005A8       LoadLibraryEx
 0001:000005B0       LoadResource
 0001:000002E0       LocalAlloc
 0001:0001901C       LocalesCallback
 0001:000005B8       LockResource
 0001:0001D044       Log
 0002:0000302C       LogCriticalSection
 0001:0001833C       LogFileMessage
 0001:0000E794       LogicToPhysicAddr
 0001:00013820       MailSlotSend
 0002:0000342C       MainDialog
 0002:0000313C       MainThreadHandle
 0002:00003140       MainThreadTopOfStack
 0001:000008C0       MakeLong
 0001:000005C0       MapViewOfFile
 0001:0001063C       MaxReadableSize
 0001:000141B4       MemoDialogProc
 0001:00000820       MessageBeep
 0001:00000828       MessageBox
 0001:00000C40       Messages
 0002:00000008       Module
 0001:00012F64       ModuleBmp
 0001:000131E0       ModuleDialogProc
 0001:0000DBCC       ModuleFileName
 0001:00004610       ModuleFileName
 0001:0000DD7C       ModuleInfoByAddr
 0001:0000DCB0       ModuleInfoByHandle
 0002:000031D0       ModuleInfoData
 0002:000031C8       ModuleInfoHandle
 0001:0000E6D0       ModuleInitTable
 0002:00003000       ModuleIsLib
 0001:00013060       ModuleSize
 0002:00003098       ModulesList
 0001:00013110       ModuleVer
 0002:000023F8       Months
 0001:00000830       MoveWindow
 0001:000005C8       MulDiv
 0001:0001BAD8       MustSendEmail
 0001:00014814       NewDialogProc
 0001:00015E70       NewDialogProc
 0001:00012248       NewDialogProc
 0001:00011194       NextItem
 0002:0000324C       NonClientMetrics
 0001:0001E8B4       NormalizePos
 0002:000031C1       NotLoadDebugInfo
 0002:000030F4       NTService_LogMessage
 0001:00000838       OffsetRect
 0002:000030B8       OldExceptObjProc
 0002:0000309C       OldExceptProc
 0001:00018930       OneString
 0002:0000312C       OnlySafeCallExceptions
 0001:00000840       OpenClipboard
 0001:00011750       OpenLogFile
 0001:000005D0       OpenProcess
 0002:000033D4       OriginalHeight
 0002:00003110       OriginalThreadProc
 0002:00003114       OriginalThreadProcAddr
 0002:000033D0       OriginalWidth
 0001:000005D8       OutputDebugString
 0001:00000848       PeekMessage
 0002:00003050       ProcedureList
 0001:0001C83C       ProcessMessages
 0002:00000004       PtrToNil
 0001:000111E8       PurgeIDECallStack
 0001:000189EC       PurgeString
 0002:00003884       qPoint
 0002:00003888       qUpdate
 0002:00003148       RaisedExceptAddr
 0001:00010698       ReadAddr
 0001:0000F4F8       ReadEncodeString
 0001:00001D68       ReadKey
 0001:00012640       ReadState
 0001:0000E7A0       ReadString
 0001:0000312C       ReadString
 0001:0001FC84       RealAddr
 0002:000033E4       RealHeight
 0002:000033D8       RealLeft
 0002:000033DC       RealTop
 0002:000033E0       RealWidth
 0002:00003094       Recursive
 0002:000002E0       Recursive
 0001:00004F00       recv
 0001:00000420       RegCloseKey
 0001:00000428       RegOpenKeyEx
 0001:00000430       RegQueryValueEx
 0001:00004924       ReHook_ProcedureByCaller
 0001:00000850       ReleaseDC
 0001:000174AC       ResetCounting
 0001:0001C808       ResetGlobalVars
 0001:000005E0       ResumeThread
 0001:00015C2C       RFCDate
 0001:000008E0       RGB
 0002:00003440       RowBytes
 0002:00003130       SafeCallHandle
 0001:0000D068       SafeCallItemName
 0001:0001818C       SavedScreenshot
 0001:000025B4       SaveLog
 0001:00019814       SaveLogFile
 0001:000128C8       SaveState
 0002:00003878       scr_Bitmap
 0002:00003874       scr_DCCompatible
 0002:00003870       scr_DCScreen
 0002:00003880       scr_Height
 0002:00003868       scr_pal
 0002:0000386C       scr_UsePal
 0002:0000387C       scr_Width
 0001:0001E4E0       SearchItem
 0001:000006D8       SelectObject
 0001:000006E0       SelectPalette
 0001:00004F08       send
 0001:00018718       SendEMail
 0001:00000858       SendMessage
 0001:00000860       SendMessageTimeout
 0002:000030C0       ServerECB
 0001:000006E8       SetBkMode
 0001:00000868       SetClipboardData
 0001:0001B854       SetClipboardText
 0001:00017480       SetCounting
 0001:0002046C       SetDebugHook
 0001:000125E4       SetDialogRect
 0001:0001261C       SetDialogState
 0001:0000D9A0       SetErrorType
 0001:00000870       SetFocus
 0001:00000878       SetForegroundWindow
 0001:000121BC       SetInitDialog
 0001:00002770       SetInterlanLog
 0001:0000D870       SetInternalError
 0001:0001D01C       SetLastECX
 0001:000005E8       SetLastError
 0001:00011748       SetLastException
 0001:00011734       SetLastExceptionData
 0001:0001D00C       SetLastStackPointer
 0001:0001FD38       SetMainThreadTopOfStack
 0001:000006F0       SetPixel
 0001:00014748       SetRectangles
 0001:00011C20       SetRectangles
 0001:0000D0DC       SetSafeCallValue
 0001:00017420       SetSMTPBar
 0001:00017338       SetSMTPLabel
 0001:000006F8       SetTextColor
 0001:00000880       SetTimer
 0001:00000888       SetWindowLong
 0001:00000890       SetWindowPlacement
 0001:00000898       SetWindowPos
 0001:00018490       ShellSendMail
 0001:000159F0       ShowDialog
 0001:00012450       ShowRequestDialog
 0001:00015E08       ShowSMTPDialog
 0001:00015F88       ShowSMTPDialogThread
 0001:000008A0       ShowWindow
 0001:000005F0       SizeofResource
 0001:000005F8       Sleep
 0001:0001839C       SMTPSend
 0001:00017EFC       SMTPSendEmail
 0001:00017798       SMTPSendSingleEmail
 0001:00004F10       socket
 0002:000038FC       SrcConn
 0002:00003170       StartDir
 0002:000030A8       StartingDate
 0001:00000700       StretchBlt
 0002:00003048       StringLog
 0001:00005F18       StrToWord
 0001:00000600       SuspendThread
 0001:000118D0       SynchronizeEvent
 0002:00003174       SynchronizeExcept
 0002:00003178       SynchronizeRaise
 0001:00000410       SysInit
 0001:000008A8       SystemParametersInfo
 0002:000038C0       temper
 0001:00018160       TempPath
 0002:000030DC       TerminateApplication
 0001:00000608       TerminateProcess
 0001:00000610       TerminateThread
 0001:00005AE8       TEurekaClientSMTP.GetText
 0001:00005AA0       TEurekaClientSMTP.Open
 0001:00005BC4       TEurekaClientSMTP.SendCommand
 0001:0000516C       TEurekaClientSocket.Cleanup
 0001:00005428       TEurekaClientSocket.Close
 0001:00005350       TEurekaClientSocket.Create
 0001:000053EC       TEurekaClientSocket.Destroy
 0001:00005264       TEurekaClientSocket.Error
 0001:00005200       TEurekaClientSocket.LookupName
 0001:000054EC       TEurekaClientSocket.Open
 0001:00005864       TEurekaClientSocket.ReceiveBuf
 0001:00005A28       TEurekaClientSocket.ReceiveFullText
 0001:0000594C       TEurekaClientSocket.ReceiveText
 0001:000056D8       TEurekaClientSocket.SendBuf
 0001:000057A0       TEurekaClientSocket.SendText
 0001:000050CC       TEurekaClientSocket.Startup
 0001:0001E13C       TEurekaFunctionsList.Clear
 0001:0001E160       TEurekaFunctionsList.Delete
 0001:0001E19C       TEurekaFunctionsList.Destroy
 0001:0001E1C8       TEurekaFunctionsList.GetItem
 0001:0000CDCC       TEurekaLogList.GetItem
 0001:00002A30       TEurekaModuleOptions.Assign
 0001:000036C4       TEurekaModuleOptions.Changed
 0001:000028A4       TEurekaModuleOptions.Create
 0001:000029B0       TEurekaModuleOptions.Destroy
 0001:000036D0       TEurekaModuleOptions.DisableSharedDataWrite
 0001:000036D4       TEurekaModuleOptions.EnableSharedDataWrite
 0001:00002CE4       TEurekaModuleOptions.GetCustomizedTexts
 0001:000031A4       TEurekaModuleOptions.LoadFromStream
 0001:00003C04       TEurekaModuleOptions.OutputFile
 0001:00003D88       TEurekaModuleOptions.OutputLogFile
 0001:000036D8       TEurekaModuleOptions.SaveToSharedData
 0001:00002E04       TEurekaModuleOptions.SaveToStream
 0001:00003960       TEurekaModuleOptions.SetActivateHandle
 0001:0000396C       TEurekaModuleOptions.SetActivateLog
 0001:00003910       TEurekaModuleOptions.SetActive
 0001:00003978       TEurekaModuleOptions.SetAppendLogs
 0001:00003984       TEurekaModuleOptions.SetAttachScreenshot
 0001:00003990       TEurekaModuleOptions.SetEMailAddresses
 0001:000039B0       TEurekaModuleOptions.SetEMailMessage
 0001:000039D0       TEurekaModuleOptions.SetEMailSendOptions
 0001:000039DC       TEurekaModuleOptions.SetEMailSubject
 0001:00003928       TEurekaModuleOptions.SetErrorsNumberToSave
 0001:000039FC       TEurekaModuleOptions.SetErrorsNumberToShowTerminateBtn
 0001:00003A08       TEurekaModuleOptions.SetEurekaLogLook
 0001:00003A14       TEurekaModuleOptions.SetForegroundTab
 0001:0000391C       TEurekaModuleOptions.SetFreezeActivate
 0001:00003A20       TEurekaModuleOptions.SetFreezeMessage
 0001:00003A3C       TEurekaModuleOptions.SetFreezeTimeout
 0001:00003A48       TEurekaModuleOptions.SetLogOptions
 0001:00003944       TEurekaModuleOptions.SetModuleName
 0001:00003A5C       TEurekaModuleOptions.SetOutputPath
 0001:00003A7C       TEurekaModuleOptions.SetSaveLogFile
 0001:00003A88       TEurekaModuleOptions.SetSendEntireLog
 0001:00003A94       TEurekaModuleOptions.SetShowExceptionDialog
 0001:00003AA0       TEurekaModuleOptions.SetShowOptions
 0001:00003AB4       TEurekaModuleOptions.SetShowTerminateBtn
 0001:00003AC0       TEurekaModuleOptions.SetSMTPFrom
 0001:00003ADC       TEurekaModuleOptions.SetSMTPHost
 0001:00003AF8       TEurekaModuleOptions.SetSMTPPassword
 0001:00003B14       TEurekaModuleOptions.SetSMTPPort
 0001:00003B20       TEurekaModuleOptions.SetSMTPShowDialog
 0001:00003B2C       TEurekaModuleOptions.SetSMTPUserID
 0001:00003B48       TEurekaModuleOptions.SetTerminateBtnOperation
 0001:00003708       TEurekaModuleOptions.SetToDefaultOptions
 0001:000036CC       TEurekaModuleOptions.StoreSharedData
 0001:0001FB28       TEurekaModuleOptionsEx.SetActive
 0001:0001FB70       TEurekaModuleOptionsEx.SetFreezeActivate
 0001:0001FBB8       TEurekaModuleOptionsEx.StoreSharedData
 0001:0001DCE8       TEurekaModulesList.Clear
 0001:0001DD0C       TEurekaModulesList.Delete
 0001:0001DD6C       TEurekaModulesList.Destroy
 0001:0001DD98       TEurekaModulesList.GetItem
 0001:0001DBE0       TEurekaStackList.AddFrom
 0001:0001DC40       TEurekaStackList.Clear
 0001:0001DC64       TEurekaStackList.Delete
 0001:0001DCA0       TEurekaStackList.Destroy
 0001:0001DCCC       TEurekaStackList.GetItem
 0001:0001DDB4       TEurekaThreadsList.Clear
 0001:0001DDD8       TEurekaThreadsList.Create
 0001:0001DE18       TEurekaThreadsList.Delete
 0001:0001DE64       TEurekaThreadsList.Destroy
 0001:0001DE9C       TEurekaThreadsList.FindByThreadHandle
 0001:0001DED4       TEurekaThreadsList.FindByThreadID
 0001:0001DF08       TEurekaThreadsList.GetItem
 0001:0001DF24       TEurekaThreadsList.Lock
 0001:0001DF30       TEurekaThreadsList.RemoveCurrentThread
 0001:0001DF8C       TEurekaThreadsList.Unlock
 0001:0001C638       TExceptionThread.Create
 0001:0001C754       TExceptionThread.Execute
 0001:00000708       TextOut
 0001:0000D28C       TextToHtml
 0002:000033F0       TextWidth
 0001:0001F858       TFreezeThread.Create
 0001:0001F890       TFreezeThread.Execute
 0001:0000DB84       THModuleStream.Create
 0002:000031A4       ThreadsCriticalSection
 0002:000030A4       ThreadsList
 0001:0001D44C       ThreadWrapperAddr
 0001:0001E450       TLogFile.Append
 0001:0001E250       TLogFile.Create
 0001:0001E2CC       TLogFile.Destroy
 0001:0001E5E8       TLogFile.FindItem
 0001:0001E3C4       TLogFile.LoadFromStream
 0001:0001E2FC       TLogFile.ParseBuffer
 0001:0001E6C8       TLogFile.Save
 0001:0001E43C       TLogFile.SaveToStream
 0001:0001E6B4       TLogFile.Text
 0001:0001E764       TLogItem.AddHeader
 0001:0001E7DC       TLogItem.AddItem
 0001:0001E74C       TLogItem.Clear
 0001:0001E718       TLogItem.Create
 0001:0001EB20       TLogItem.GetString
 0002:0000300C       tlsBuffer
 0001:000002E8       TlsGetValue
 0002:00000000       TlsIndex
 0002:FFBDC0DC       TlsLast
 0001:000002F0       TlsSetValue
 0001:0001820C       TmpLogFileName
 0001:0001837C       TmpScreenshot
 0002:000033F8       TopButton
 0001:00004E1C       TranslateCharsetInfo
 0001:000008B0       TranslateMessage
 0001:00004BDC       TryHookDllProcedureEx
 0001:0001E208       TSafeObject.GetSafeCall
 0001:00018144       TSMTPThread.Execute
 0001:0001814C       TSMTPThread.OnSent
 0001:000048E8       Unhook_Procedure
 0001:00000618       UnmapViewOfFile
 0001:00004E24       UserCharSet
 0001:00018AB4       UserName
 0002:000030F0       VCLHandleException
 0001:00000650       VerQueryValue
 0002:000038A0       ves
 0002:000038B0       ves1
 0001:00000620       VirtualProtect
 0002:000038D0       vzliv
 0001:000008B8       WaitForInputIdle
 0001:00000628       WaitForSingleObject
 0001:00000950       Windows
 0002:000033FC       WindowState
 0001:00004F78       WinSock
 0001:00000630       WriteFile
 0001:0000EB68       WriteHTMLToWeb
 0001:000160B8       WriteIDAT
 0001:00004590       WriteMem
 0001:00000638       WritePrivateProfileString
 0001:0000E860       WriteString
 0001:00002D00       WriteString
 0001:0000EF40       WriteTextToIntraWeb
 0001:0001B93C       WriteToWeb
 0001:00004F28       WSAAsyncSelect
 0001:00004F40       WSACleanup
 0001:00004F30       WSAGetLastError
 0001:00004F38       WSAStartup
 0002:00003890       xpl
 0001:000065A0       zcalloc
 0001:000065AC       zcfree
 0001:000065F8       ZDecompress
 0001:000008D8       ZeroMemory
 0002:0000190C       _inflate_mask
 0001:000065CC       _memcpy
 0001:000065B4       _memset
 0002:000002E4       _z_errmsg
 0002:000020EF       __dist_code
 0002:000022EF       __length_code


  Address         Publics by Value

 0002:FFBDC0DC       TlsLast
 0001:000002D8       GetModuleHandle
 0001:000002E0       LocalAlloc
 0001:000002E8       TlsGetValue
 0001:000002F0       TlsSetValue
 0001:000002F8       AllocTlsBuffer
 0001:00000304       GetTlsSize
 0001:0000030C       InitThreadTLS
 0001:00000350       @GetTls
 0001:00000390       InitializeModule
 0001:0000039C       @InitExe
 0001:000003E0       Finalization
 0001:00000410       SysInit
 0001:00000418       GetUserName
 0001:00000420       RegCloseKey
 0001:00000428       RegOpenKeyEx
 0001:00000430       RegQueryValueEx
 0001:00000438       CloseHandle
 0001:00000440       CreateFile
 0001:00000448       CreateFileMapping
 0001:00000450       CreateProcess
 0001:00000458       DeleteCriticalSection
 0001:00000460       DuplicateHandle
 0001:00000468       EnterCriticalSection
 0001:00000470       EnumSystemLocales
 0001:00000478       ExitThread
 0001:00000480       ExpandEnvironmentStrings
 0001:00000488       FindClose
 0001:00000490       FindFirstFile
 0001:00000498       FindResource
 0001:000004A0       FlushInstructionCache
 0001:000004A8       FreeLibrary
 0001:000004B0       GetACP
 0001:000004B8       GetCommandLine
 0001:000004C0       GetComputerName
 0001:000004C8       GetCurrentProcess
 0001:000004D0       GetCurrentProcessId
 0001:000004D8       GetCurrentThread
 0001:000004E0       GetCurrentThreadId
 0001:000004E8       GetEnvironmentVariable
 0001:000004F0       GetLastError
 0001:000004F8       GetLocaleInfo
 0001:00000500       GetLocaleInfoA
 0001:00000508       GetLocaleInfoW
 0001:00000510       GetModuleFileName
 0001:00000518       GetModuleHandle
 0001:00000520       GetPrivateProfileString
 0001:00000528       GetProcAddress
 0001:00000530       GetStartupInfo
 0001:00000538       GetSystemDefaultLangID
 0001:00000540       GetTempPath
 0001:00000548       GetThreadContext
 0001:00000550       GetTickCount
 0001:00000558       GetTimeZoneInformation
 0001:00000560       GlobalAlloc
 0001:00000568       GlobalFree
 0001:00000570       GlobalLock
 0001:00000578       GlobalMemoryStatus
 0001:00000580       GlobalUnlock
 0001:00000588       InitializeCriticalSection
 0001:00000590       IsBadReadPtr
 0001:00000598       LeaveCriticalSection
 0001:000005A0       LoadLibrary
 0001:000005A8       LoadLibraryEx
 0001:000005B0       LoadResource
 0001:000005B8       LockResource
 0001:000005C0       MapViewOfFile
 0001:000005C8       MulDiv
 0001:000005D0       OpenProcess
 0001:000005D8       OutputDebugString
 0001:000005E0       ResumeThread
 0001:000005E8       SetLastError
 0001:000005F0       SizeofResource
 0001:000005F8       Sleep
 0001:00000600       SuspendThread
 0001:00000608       TerminateProcess
 0001:00000610       TerminateThread
 0001:00000618       UnmapViewOfFile
 0001:00000620       VirtualProtect
 0001:00000628       WaitForSingleObject
 0001:00000630       WriteFile
 0001:00000638       WritePrivateProfileString
 0001:00000640       GetFileVersionInfo
 0001:00000648       GetFileVersionInfoSize
 0001:00000650       VerQueryValue
 0001:00000658       BitBlt
 0001:00000660       CreateCompatibleBitmap
 0001:00000668       CreateCompatibleDC
 0001:00000670       CreateDC
 0001:00000678       CreateFont
 0001:00000680       CreateFontIndirect
 0001:00000688       CreatePalette
 0001:00000690       CreateSolidBrush
 0001:00000698       DeleteDC
 0001:000006A0       DeleteObject
 0001:000006A8       GetDIBits
 0001:000006B0       GetDeviceCaps
 0001:000006B8       GetObject
 0001:000006C0       GetPixel
 0001:000006C8       GetSystemPaletteEntries
 0001:000006D0       GetTextExtentPoint32
 0001:000006D8       SelectObject
 0001:000006E0       SelectPalette
 0001:000006E8       SetBkMode
 0001:000006F0       SetPixel
 0001:000006F8       SetTextColor
 0001:00000700       StretchBlt
 0001:00000708       TextOut
 0001:00000710       CloseClipboard
 0001:00000718       CopyRect
 0001:00000720       CreateDialogParam
 0001:00000728       DefWindowProc
 0001:00000730       DestroyWindow
 0001:00000738       DialogBoxParam
 0001:00000740       DispatchMessage
 0001:00000748       DrawIconEx
 0001:00000750       EmptyClipboard
 0001:00000758       EnableWindow
 0001:00000760       EndDialog
 0001:00000768       EnumWindows
 0001:00000770       FillRect
 0001:00000778       FrameRect
 0001:00000780       GetClassName
 0001:00000788       GetCursor
 0001:00000790       GetCursorPos
 0001:00000798       GetDC
 0001:000007A0       GetDesktopWindow
 0001:000007A8       GetDlgItem
 0001:000007B0       GetFocus
 0001:000007B8       GetForegroundWindow
 0001:000007C0       GetSystemMetrics
 0001:000007C8       GetWindowDC
 0001:000007D0       GetWindowLong
 0001:000007D8       GetWindowPlacement
 0001:000007E0       GetWindowRect
 0001:000007E8       GetWindowText
 0001:000007F0       GetWindowThreadProcessId
 0001:000007F8       InvalidateRect
 0001:00000800       IsWindow
 0001:00000808       IsWindowVisible
 0001:00000810       KillTimer
 0001:00000818       LoadBitmap
 0001:00000820       MessageBeep
 0001:00000828       MessageBox
 0001:00000830       MoveWindow
 0001:00000838       OffsetRect
 0001:00000840       OpenClipboard
 0001:00000848       PeekMessage
 0001:00000850       ReleaseDC
 0001:00000858       SendMessage
 0001:00000860       SendMessageTimeout
 0001:00000868       SetClipboardData
 0001:00000870       SetFocus
 0001:00000878       SetForegroundWindow
 0001:00000880       SetTimer
 0001:00000888       SetWindowLong
 0001:00000890       SetWindowPlacement
 0001:00000898       SetWindowPos
 0001:000008A0       ShowWindow
 0001:000008A8       SystemParametersInfo
 0001:000008B0       TranslateMessage
 0001:000008B8       WaitForInputIdle
 0001:000008C0       MakeLong
 0001:000008CC       HiWord
 0001:000008D0       CopyMemory
 0001:000008D8       ZeroMemory
 0001:000008E0       RGB
 0001:000008FC       GetRValue
 0001:00000900       GetGValue
 0001:00000904       GetBValue
 0001:00000908       CreateDialog
 0001:00000920       Finalization
 0001:00000950       Windows
 0001:00000C10       Finalization
 0001:00000C40       Messages
 0001:00000CE8       Finalization
 0001:00000D18       ETypes
 0001:00001BEC       Finalization
 0001:00001C5C       EConsts
 0001:00001D68       ReadKey
 0001:00001E74       GetModuleName
 0001:00001EAC       InternalLog
 0001:000025B4       SaveLog
 0001:00002670       ForceSaveLog
 0001:00002724       IsInterlanLogActive
 0001:00002770       SetInterlanLog
 0001:000027B8       IntoIDE
 0001:000027C0       CheckIntoIDE
 0001:000028A4       TEurekaModuleOptions.Create
 0001:000029B0       TEurekaModuleOptions.Destroy
 0001:00002A30       TEurekaModuleOptions.Assign
 0001:00002CE4       TEurekaModuleOptions.GetCustomizedTexts
 0001:00002D00       WriteString
 0001:00002E04       TEurekaModuleOptions.SaveToStream
 0001:0000312C       ReadString
 0001:000031A4       TEurekaModuleOptions.LoadFromStream
 0001:000036C4       TEurekaModuleOptions.Changed
 0001:000036CC       TEurekaModuleOptions.StoreSharedData
 0001:000036D0       TEurekaModuleOptions.DisableSharedDataWrite
 0001:000036D4       TEurekaModuleOptions.EnableSharedDataWrite
 0001:000036D8       TEurekaModuleOptions.SaveToSharedData
 0001:00003708       TEurekaModuleOptions.SetToDefaultOptions
 0001:00003910       TEurekaModuleOptions.SetActive
 0001:0000391C       TEurekaModuleOptions.SetFreezeActivate
 0001:00003928       TEurekaModuleOptions.SetErrorsNumberToSave
 0001:00003944       TEurekaModuleOptions.SetModuleName
 0001:00003960       TEurekaModuleOptions.SetActivateHandle
 0001:0000396C       TEurekaModuleOptions.SetActivateLog
 0001:00003978       TEurekaModuleOptions.SetAppendLogs
 0001:00003984       TEurekaModuleOptions.SetAttachScreenshot
 0001:00003990       TEurekaModuleOptions.SetEMailAddresses
 0001:000039B0       TEurekaModuleOptions.SetEMailMessage
 0001:000039D0       TEurekaModuleOptions.SetEMailSendOptions
 0001:000039DC       TEurekaModuleOptions.SetEMailSubject
 0001:000039FC       TEurekaModuleOptions.SetErrorsNumberToShowTerminateBtn
 0001:00003A08       TEurekaModuleOptions.SetEurekaLogLook
 0001:00003A14       TEurekaModuleOptions.SetForegroundTab
 0001:00003A20       TEurekaModuleOptions.SetFreezeMessage
 0001:00003A3C       TEurekaModuleOptions.SetFreezeTimeout
 0001:00003A48       TEurekaModuleOptions.SetLogOptions
 0001:00003A5C       TEurekaModuleOptions.SetOutputPath
 0001:00003A7C       TEurekaModuleOptions.SetSaveLogFile
 0001:00003A88       TEurekaModuleOptions.SetSendEntireLog
 0001:00003A94       TEurekaModuleOptions.SetShowExceptionDialog
 0001:00003AA0       TEurekaModuleOptions.SetShowOptions
 0001:00003AB4       TEurekaModuleOptions.SetShowTerminateBtn
 0001:00003AC0       TEurekaModuleOptions.SetSMTPFrom
 0001:00003ADC       TEurekaModuleOptions.SetSMTPHost
 0001:00003AF8       TEurekaModuleOptions.SetSMTPPassword
 0001:00003B14       TEurekaModuleOptions.SetSMTPPort
 0001:00003B20       TEurekaModuleOptions.SetSMTPShowDialog
 0001:00003B2C       TEurekaModuleOptions.SetSMTPUserID
 0001:00003B48       TEurekaModuleOptions.SetTerminateBtnOperation
 0001:00003B54       IncludeLastBackslash
 0001:00003C04       TEurekaModuleOptions.OutputFile
 0001:00003D88       TEurekaModuleOptions.OutputLogFile
 0001:00003E84       GetThreadClass
 0001:00003F18       GetOSType
 0001:00004194       Init
 0001:00004330       Done
 0001:0000435C       Finalization
 0001:00004394       ECore
 0001:00004508       IsValidBlockAddr
 0001:00004534       ConvertAddress
 0001:00004590       WriteMem
 0001:000045D0       InternalHookProc
 0001:000045F0       InternalUnhookProc
 0001:00004610       ModuleFileName
 0001:00004640       HookProcedureEx
 0001:000048E8       Unhook_Procedure
 0001:00004924       ReHook_ProcedureByCaller
 0001:0000493C       FindCode
 0001:00004960       IsValidBlockAddr
 0001:00004984       HookFunction
 0001:00004A00       HookDllProcedure
 0001:00004BDC       TryHookDllProcedureEx
 0001:00004D28       Init
 0001:00004D4C       Done
 0001:00004DD4       Finalization
 0001:00004E0C       EHook
 0001:00004E1C       TranslateCharsetInfo
 0001:00004E24       UserCharSet
 0001:00004EA8       Finalization
 0001:00004ED8       ELang
 0001:00004EE0       closesocket
 0001:00004EE8       connect
 0001:00004EF0       htons
 0001:00004EF8       ioctlsocket
 0001:00004F00       recv
 0001:00004F08       send
 0001:00004F10       socket
 0001:00004F18       gethostbyname
 0001:00004F20       gethostname
 0001:00004F28       WSAAsyncSelect
 0001:00004F30       WSAGetLastError
 0001:00004F38       WSAStartup
 0001:00004F40       WSACleanup
 0001:00004F48       Finalization
 0001:00004F78       WinSock
 0001:000050CC       TEurekaClientSocket.Startup
 0001:0000516C       TEurekaClientSocket.Cleanup
 0001:00005200       TEurekaClientSocket.LookupName
 0001:00005264       TEurekaClientSocket.Error
 0001:00005350       TEurekaClientSocket.Create
 0001:000053EC       TEurekaClientSocket.Destroy
 0001:00005428       TEurekaClientSocket.Close
 0001:000054EC       TEurekaClientSocket.Open
 0001:000056D8       TEurekaClientSocket.SendBuf
 0001:000057A0       TEurekaClientSocket.SendText
 0001:00005864       TEurekaClientSocket.ReceiveBuf
 0001:0000594C       TEurekaClientSocket.ReceiveText
 0001:00005A28       TEurekaClientSocket.ReceiveFullText
 0001:00005AA0       TEurekaClientSMTP.Open
 0001:00005AE8       TEurekaClientSMTP.GetText
 0001:00005BC4       TEurekaClientSMTP.SendCommand
 0001:00005CDC       IsValidDNS
 0001:00005D44       AddDNS
 0001:00005D68       GetDNSList
 0001:00005F18       StrToWord
 0001:00005F34       GetDomain
 0001:000060A0       GetDomainName
 0001:00006178       CreateMXQuery
 0001:00006200       GetMXRecord
 0001:000062A0       GetMXBestRecord
 0001:00006390       GetMXServerFromEmail
 0001:00006564       Finalization
 0001:00006594       ESockets
 0001:000065A0       zcalloc
 0001:000065AC       zcfree
 0001:000065B4       _memset
 0001:000065CC       _memcpy
 0001:000065E0       InflateInit
 0001:000065F8       ZDecompress
 0001:000066FC       deflateInit_
 0001:00006BD0       deflate
 0001:00006E40       deflateEnd
 0001:00007BCC       inflateReset
 0001:00007C14       inflateEnd
 0001:00007D60       inflateInit_
 0001:00007D70       inflate
 0001:0000829C       @inflate_blocks_reset
 0001:00008300       @inflate_blocks_new
 0001:00008398       @inflate_blocks
 0001:00009068       @inflate_blocks_free
 0001:00009098       @inflate_set_dictionary
 0001:000090BC       @inflate_blocks_sync_point
 0001:000090C8       ..
 0001:000095BC       @inflate_trees_bits
 0001:00009658       @inflate_trees_dynamic
 0001:00009798       @inflate_trees_fixed
 0001:000097C4       @inflate_codes_new
 0001:00009814       @inflate_codes
 0001:0000A0AC       @inflate_codes_free
 0001:0000A0B8       @inflate_flush
 0001:0000A1C8       @inflate_fast
 0001:0000A690       ..
 0001:0000A694       @_tr_init
 0001:0000B7CC       @_tr_stored_block
 0001:0000B888       @_tr_align
 0001:0000BB48       @_tr_flush_block
 0001:0000C4D8       @adler32
 0001:0000C604       Finalization
 0001:0000C634       EZLib
 0001:0000C940       ImageList_Create
 0001:0000C948       ImageList_Add
 0001:0000C950       ImageList_Destroy
 0001:0000CDCC       TEurekaLogList.GetItem
 0001:0000CDE0       ifelseStr
 0001:0000CE58       ifStr
 0001:0000CEAC       CreateVirtualFile
 0001:0000D038       DeleteVirtualFile
 0001:0000D068       SafeCallItemName
 0001:0000D0A0       GetSafeCallValue
 0001:0000D0DC       SetSafeCallValue
 0001:0000D114       CreateSafeCallItem
 0001:0000D16C       FreeSafeCallItem
 0001:0000D188       InternalStringReplace
 0001:0000D28C       TextToHtml
 0001:0000D37C       IsValidBlockAddr
 0001:0000D3A8       IsDebugged
 0001:0000D424       InternalCriticalError
 0001:0000D870       SetInternalError
 0001:0000D98C       ClearInternalError
 0001:0000D9A0       SetErrorType
 0001:0000DA9C       KillApplication
 0001:0000DAFC       GetCurrentTopOfStack
 0001:0000DB04       IsValidObject
 0001:0000DB5C       IsManageableObject
 0001:0000DB84       THModuleStream.Create
 0001:0000DBCC       ModuleFileName
 0001:0000DC64       IsValidModule
 0001:0000DCB0       ModuleInfoByHandle
 0001:0000DD7C       ModuleInfoByAddr
 0001:0000DD98       FindModuleType
 0001:0000DF3C       GetModulePath
 0001:0000E000       GetModuleDescriptionAndVersion
 0001:0000E2A8       GetFileSize
 0001:0000E2DC       CompareModulesFunctions
 0001:0000E2E4       GetModulesWinNT
 0001:0000E448       GetModulesWin9X
 0001:0000E5D8       GetModulesList
 0001:0000E6D0       ModuleInitTable
 0001:0000E794       LogicToPhysicAddr
 0001:0000E7A0       ReadString
 0001:0000E860       WriteString
 0001:0000E8F4       IsCGI
 0001:0000E928       InternalGetFileSize
 0001:0000E980       IsWinCGI
 0001:0000EADC       IsISAPI
 0001:0000EB14       IsIntraWeb
 0001:0000EB20       IsWeb
 0001:0000EB4C       IsGUI
 0001:0000EB68       WriteHTMLToWeb
 0001:0000EF40       WriteTextToIntraWeb
 0001:0000F2E0       CompiledWithPackages
 0001:0000F2F4       ConvertAddress
 0001:0000F348       ExceptionTypeByAddr
 0001:0000F394       Is_HandleOnException_Handled
 0001:0000F444       FunctionSize
 0001:0000F4F8       ReadEncodeString
 0001:0000F540       CheckForResult
 0001:0000F5E0       GetSourceInfoByAddr
 0001:0000FC40       GetSymbolAddr
 0001:0000FD8C       ExtractStr
 0001:0000FF38       GetDebugPartialInfos
 0001:00010150       FindFunction
 0001:00010214       GetDebugInfosByAddr
 0001:00010298       IsDelphiException
 0001:000102AC       HookSymbolProcedure
 0001:0001031C       HookBPLProcedure
 0001:000103E0       FuzzyFind
 0001:000103F8       GetEF
 0001:00010400       ASMAssigned
 0001:00010408       IsExceptionHandled
 0001:00010634       CompareEurekaFunctions
 0001:0001063C       MaxReadableSize
 0001:00010698       ReadAddr
 0001:000106C8       ExportedFunctions
 0001:00010958       IsEurekaLogModule_Old
 0001:00010A9C       GetResourceData
 0001:00010AE4       IsEurekaLogModule_New
 0001:00010C2C       IsEurekaLogModule
 0001:00010C50       LoadData_Old
 0001:00010D70       LoadData
 0001:00010EF0       LoadDebugInformation
 0001:00011050       AddModule
 0001:00011160       AddToStack
 0001:00011194       NextItem
 0001:000111E8       PurgeIDECallStack
 0001:000112CC       GetCallStackByAddresses
 0001:00011598       IsMainWindow
 0001:000115E4       EnumWindowsProc
 0001:0001161C       GetMainWindow
 0001:0001163C       IsAParent
 0001:00011734       SetLastExceptionData
 0001:00011748       SetLastException
 0001:00011750       OpenLogFile
 0001:000117B0       CloseLogFile
 0001:000117CC       CalcDuplicatedException
 0001:00011884       CanExit
 0001:000118D0       SynchronizeEvent
 0001:00011970       IsExceptionNotifyAssigned
 0001:000119B4       IsExceptionActionNotifyAssigned
 0001:000119F8       IsExceptionErrorNotifyAssigned
 0001:00011A3C       CallExceptionNotify
 0001:00011AA0       CallExceptionActionNotify
 0001:00011B60       CallExceptionErrorNotify
 0001:00011C20       SetRectangles
 0001:00011CE4       DlgTemplate
 0001:00012028       CreateDialogFonts
 0001:00012198       DestroyDialogFonts
 0001:000121BC       SetInitDialog
 0001:00012248       NewDialogProc
 0001:00012450       ShowRequestDialog
 0001:000124B0       InsertColumn
 0001:0001252C       InsertRow
 0001:000125E4       SetDialogRect
 0001:0001261C       SetDialogState
 0001:00012640       ReadState
 0001:000128C8       SaveState
 0001:00012A54       AdjustFlatStyle
 0001:00012A90       DetailsState
 0001:00012F64       ModuleBmp
 0001:00013060       ModuleSize
 0001:00013110       ModuleVer
 0001:000131E0       ModuleDialogProc
 0001:00013820       MailSlotSend
 0001:00013904       GetItemText
 0001:00013950       ListDialogProc
 0001:000141B4       MemoDialogProc
 0001:00014300       CPUDialogProc
 0001:0001444C       DrawBmp
 0001:00014520       GetDialogState
 0001:00014544       AdjustDialog
 0001:000145F4       ActicatePage
 0001:00014748       SetRectangles
 0001:00014814       NewDialogProc
 0001:000159DC       CallExceptionActionNotify_atTerminating
 0001:000159F0       ShowDialog
 0001:00015C2C       RFCDate
 0001:00015E08       ShowSMTPDialog
 0001:00015E70       NewDialogProc
 0001:00015F88       ShowSMTPDialogThread
 0001:00015FAC       BytesSwap
 0001:00015FDC       CalcCRC
 0001:00016060       InitDeflate
 0001:000160B8       WriteIDAT
 0001:0001615C       IDATWrite
 0001:000161A4       Encode
 0001:0001627C       BeforeScreenshot
 0001:000163E0       CommonSaveToStream
 0001:0001649C       AfterScreenshot
 0001:000167A0       ExpandPath
 0001:000167D4       ExtractAddresses
 0001:000168D0       Error
 0001:000168DC       InternalSendMail
 0001:00017038       Base64Encode
 0001:0001720C       Base64EncodeFromString
 0001:00017288       Base64EncodeFromFile
 0001:00017338       SetSMTPLabel
 0001:00017420       SetSMTPBar
 0001:00017448       HostName
 0001:00017480       SetCounting
 0001:000174AC       ResetCounting
 0001:000174C8       AttachedFile
 0001:00017728       AttachedFiles
 0001:00017798       SMTPSendSingleEmail
 0001:00017EFC       SMTPSendEmail
 0001:00018144       TSMTPThread.Execute
 0001:0001814C       TSMTPThread.OnSent
 0001:00018160       TempPath
 0001:0001818C       SavedScreenshot
 0001:0001820C       TmpLogFileName
 0001:00018294       CreateTmpLogFile
 0001:0001833C       LogFileMessage
 0001:0001837C       TmpScreenshot
 0001:0001839C       SMTPSend
 0001:000183B0       EncodeURL
 0001:00018490       ShellSendMail
 0001:000186DC       CallExceptionActionNotify_atSendingEmail
 0001:000186F0       CallExceptionActionNotify_atSentEmail
 0001:00018704       CallExceptionErrorNotify_atSentEmail
 0001:00018718       SendEMail
 0001:00018930       OneString
 0001:000189EC       PurgeString
 0001:00018AB4       UserName
 0001:00018AF0       GetParameters
 0001:00018B94       ComputerName
 0001:00018BD0       GetActiveFormClass
 0001:00018C1C       GetActiveFormText
 0001:00018CB0       GetActiveControlClass
 0001:00018CC8       GetActiveControlText
 0001:00018CE0       GetVersionNumber
 0001:00018D3C       GetOSType
 0001:00018F50       GetOSBuild
 0001:00018F84       GetOSUpdate
 0001:00018F98       GetLocaleDataW
 0001:00018FD8       GetLocaleDataA
 0001:0001901C       LocalesCallback
 0001:00019104       GetLanguageString
 0001:0001912C       GetOSLanguage
 0001:00019138       GetExceptionDate
 0001:00019154       GetExceptionAddress
 0001:00019188       GetExceptionModule
 0001:000191DC       GetExceptionType
 0001:0001924C       GetExceptionMessage
 0001:000192F4       GetTotalMemory
 0001:00019384       GetFreeMemory
 0001:00019414       GetDiskInfo
 0001:00019504       GetFreeDisk
 0001:000195A4       GetTotalDisk
 0001:00019644       GetStartDate
 0001:0001965C       GetApplicationName
 0001:000196D8       CompleteStr
 0001:00019718       FormatComplete
 0001:000197D8       CallExceptionActionNotify_atSavingLogFile
 0001:000197EC       CallExceptionActionNotify_atSavedLogFile
 0001:00019800       CallExceptionErrorNotify_atSavedLogFile
 0001:00019814       SaveLogFile
 0001:00019A5C       FindException
 0001:00019AE4       CallExceptionActionNotify_atShowingExceptionInfo
 0001:00019AF8       CallExceptionActionNotify_atShowedExceptionInfo
 0001:00019B0C       CallWriteIntraWebText
 0001:00019B18       CreateGeneralText
 0001:0001A180       GetEAX
 0001:0001A1D4       GetEBX
 0001:0001A228       GetECX
 0001:0001A27C       GetEDX
 0001:0001A2D0       GetESI
 0001:0001A324       GetEDI
 0001:0001A378       GetESP
 0001:0001A3CC       GetEIP
 0001:0001A420       GetDump
 0001:0001A60C       GetStack
 0001:0001A69C       GetLogText
 0001:0001B854       SetClipboardText
 0001:0001B93C       WriteToWeb
 0001:0001BAD8       MustSendEmail
 0001:0001BB0C       InternalExceptNotify
 0001:0001C4D8       GetControlClass
 0001:0001C51C       GetControlText
 0001:0001C638       TExceptionThread.Create
 0001:0001C754       TExceptionThread.Execute
 0001:0001C808       ResetGlobalVars
 0001:0001C83C       ProcessMessages
 0001:0001C8E8       ExceptNotify
 0001:0001CBA4       GetThreadParams
 0001:0001CC14       GoNotify
 0001:0001CDCC       GeneralRaise
 0001:0001CEC8       Call_HookedRaise
 0001:0001D00C       SetLastStackPointer
 0001:0001D01C       SetLastECX
 0001:0001D02C       HookedRaise
 0001:0001D044       Log
 0001:0001D08C       Call_HookedExceptionObject
 0001:0001D130       HookedExceptionObject
 0001:0001D154       Call_HookedRtlUnwind
 0001:0001D214       HookedRtlUnwind
 0001:0001D23C       HookedExceptProc
 0001:0001D2CC       HookedThreadProc
 0001:0001D3C4       HookedRTLThreadProc
 0001:0001D44C       ThreadWrapperAddr
 0001:0001D468       HookedCreateThread
 0001:0001D81C       GetStackPointer
 0001:0001D824       HookedResumeThread
 0001:0001DAA4       HookedExitThread
 0001:0001DB44       HookedHttpExtensionProc
 0001:0001DBE0       TEurekaStackList.AddFrom
 0001:0001DC40       TEurekaStackList.Clear
 0001:0001DC64       TEurekaStackList.Delete
 0001:0001DCA0       TEurekaStackList.Destroy
 0001:0001DCCC       TEurekaStackList.GetItem
 0001:0001DCE8       TEurekaModulesList.Clear
 0001:0001DD0C       TEurekaModulesList.Delete
 0001:0001DD6C       TEurekaModulesList.Destroy
 0001:0001DD98       TEurekaModulesList.GetItem
 0001:0001DDB4       TEurekaThreadsList.Clear
 0001:0001DDD8       TEurekaThreadsList.Create
 0001:0001DE18       TEurekaThreadsList.Delete
 0001:0001DE64       TEurekaThreadsList.Destroy
 0001:0001DE9C       TEurekaThreadsList.FindByThreadHandle
 0001:0001DED4       TEurekaThreadsList.FindByThreadID
 0001:0001DF08       TEurekaThreadsList.GetItem
 0001:0001DF24       TEurekaThreadsList.Lock
 0001:0001DF30       TEurekaThreadsList.RemoveCurrentThread
 0001:0001DF8C       TEurekaThreadsList.Unlock
 0001:0001DF98       GetThreadClass
 0001:0001E13C       TEurekaFunctionsList.Clear
 0001:0001E160       TEurekaFunctionsList.Delete
 0001:0001E19C       TEurekaFunctionsList.Destroy
 0001:0001E1C8       TEurekaFunctionsList.GetItem
 0001:0001E1E4       CalcAddr
 0001:0001E208       TSafeObject.GetSafeCall
 0001:0001E250       TLogFile.Create
 0001:0001E2CC       TLogFile.Destroy
 0001:0001E2FC       TLogFile.ParseBuffer
 0001:0001E3C4       TLogFile.LoadFromStream
 0001:0001E43C       TLogFile.SaveToStream
 0001:0001E450       TLogFile.Append
 0001:0001E4E0       SearchItem
 0001:0001E5E8       TLogFile.FindItem
 0001:0001E6B4       TLogFile.Text
 0001:0001E6C8       TLogFile.Save
 0001:0001E718       TLogItem.Create
 0001:0001E74C       TLogItem.Clear
 0001:0001E764       TLogItem.AddHeader
 0001:0001E7DC       TLogItem.AddItem
 0001:0001E8B4       NormalizePos
 0001:0001E934       FindSection
 0001:0001EB20       TLogItem.GetString
 0001:0001ECEC       CurrentEurekaLogOptions
 0001:0001EDC0       GetCurrentCallStack
 0001:0001EDD8       IsEurekaLogActiveInThread
 0001:0001EE30       IsEurekaLogActive
 0001:0001EE38       GetLine
 0001:0001EF34       GetCallerSourceLine
 0001:0001F090       GetCurrentStackPointer
 0001:0001F098       ExceptionManager
 0001:0001F268       Hooked_CGIHandleServerException
 0001:0001F350       Hooked_ISAPIHandleServerException
 0001:0001F43C       Hooked_GUIHandleException
 0001:0001F518       Hooked_IntraWebHandleException
 0001:0001F61C       Hooked_NTServiceLogMessage
 0001:0001F76C       Hooked_IndyThreadHandleException
 0001:0001F858       TFreezeThread.Create
 0001:0001F890       TFreezeThread.Execute
 0001:0001FA7C       InitCheckFreeze
 0001:0001FACC       DoneCheckFreeze
 0001:0001FB28       TEurekaModuleOptionsEx.SetActive
 0001:0001FB70       TEurekaModuleOptionsEx.SetFreezeActivate
 0001:0001FBB8       TEurekaModuleOptionsEx.StoreSharedData
 0001:0001FC84       RealAddr
 0001:0001FC94       HandleAnyExceptionAddr
 0001:0001FCE0       HandleOnExceptionAddr
 0001:0001FD38       SetMainThreadTopOfStack
 0001:0001FD48       HandleAutoExceptionAddr
 0001:0001FDA8       HookLastInit
 0001:0001FDC4       HookLastFInit
 0001:0001FDD4       Hook_InitializationAndFinalization
 0001:0001FE8C       IntraWeb_BPL
 0001:0001FF6C       Hook_OnExceptionEvents
 0001:0002046C       SetDebugHook
 0001:00020488       HookingModuleName
 0001:000204A0       InstanceModuleName
 0001:000204AC       HookingRTLModuleName
 0001:000204B8       Init
 0001:00020D34       Done
 0001:00020E70       Finalization
 0001:00020F90       ExceptionLog
 0001:00021168       Finalization
 0001:000212D8       Exp2dbf
 0002:00000000       TlsIndex
 0002:00000004       PtrToNil
 0002:00000008       Module
 0002:00000020       EurekaLogCurrentVersion
 0002:00000024       EMsgs
 0002:00000164       EVals
 0002:00000280       EShowOptions
 0002:000002DC       GetLastLine
 0002:000002E0       Recursive
 0002:000002E4       _z_errmsg
 0002:000002E8       ..
 0002:000003A0       ..
 0002:00000418       ..
 0002:000004D4       ..
 0002:000018D8       ..
 0002:0000190C       _inflate_mask
 0002:00001950       ..
 0002:00001984       ..
 0002:000020EF       __dist_code
 0002:000022EF       __length_code
 0002:000023F0       fActivePage
 0002:000023F4       CRCListed
 0002:000023F8       Months
 0002:00002428       Days
 0002:00002444       IDATHeader
 0002:00002448       Code64
 0002:00003000       ModuleIsLib
 0002:00003004       HInstance
 0002:00003008       .1
 0002:0000300C       tlsBuffer
 0002:00003010       .3
 0002:00003014       .1
 0002:00003018       .1
 0002:0000301C       .4
 0002:00003020       LastEurekaVersion
 0002:00003024       GetCurrentThreadClass
 0002:00003028       .2
 0002:0000302C       LogCriticalSection
 0002:00003044       InternalIntoIDE
 0002:00003045       ActiveInternalLog
 0002:00003046       CanSaveLog
 0002:00003048       StringLog
 0002:0000304C       .1
 0002:00003050       ProcedureList
 0002:00003054       DllList
 0002:00003058       .1
 0002:0000305C       .1
 0002:00003060       .4
 0002:00003064       .1
 0002:00003068       ExceptionNotify
 0002:0000306C       ExceptionActionNotify
 0002:00003070       ExceptionErrorNotify
 0002:00003074       .7
 0002:00003078       Kernel_RaiseException
 0002:0000307C       Kernel_RtlUnwind
 0002:00003080       Kernel_CreateThread
 0002:00003084       Kernel_ResumeThread
 0002:00003088       Kernel_ExitThread
 0002:0000308C       ISAPI_HttpExtensionProc
 0002:00003090       ISAPI_Proc
 0002:00003094       Recursive
 0002:00003098       ModulesList
 0002:0000309C       OldExceptProc
 0002:000030A0       CurrentStackList
 0002:000030A4       ThreadsList
 0002:000030A8       StartingDate
 0002:000030B0       Initialized
 0002:000030B4       LastThreadID
 0002:000030B8       OldExceptObjProc
 0002:000030BC       CurrentOptions
 0002:000030C0       ServerECB
 0002:000030C4       CGIOutputFile
 0002:000030C8       LanguageStr
 0002:000030CC       ExceptionNumber
 0002:000030D0       HandleAnyExceptionAddr_Variable
 0002:000030D4       HandleOnExceptionAddr_Variable
 0002:000030D8       HandleAutoExceptionAddr_Variable
 0002:000030DC       TerminateApplication
 0002:000030E0       LastInitializationPtr
 0002:000030E4       LastFinalizationPtr
 0002:000030E8       IntraWeb_HandleException
 0002:000030EC       IntraWeb_ShowMessage
 0002:000030F0       VCLHandleException
 0002:000030F4       NTService_LogMessage
 0002:000030F8       IndyThread_HandleException
 0002:000030FC       CGIHandleException
 0002:00003100       ISAPIHandleException
 0002:00003104       CLXHandleException
 0002:00003108       LastInitPointer
 0002:0000310C       IntoInitialization
 0002:0000310D       IntoFinalization
 0002:00003110       OriginalThreadProc
 0002:00003114       OriginalThreadProcAddr
 0002:00003118       IntraWebApplication
 0002:0000311C       IntraWebServerController
 0002:00003120       CurrentGeneralErrorText
 0002:00003124       CurrentCPUErrorText
 0002:00003128       IntraWebMainThreadID
 0002:0000312C       OnlySafeCallExceptions
 0002:00003130       SafeCallHandle
 0002:00003134       ActiveSafeCall
 0002:00003138       FreezeThread
 0002:0000313C       MainThreadHandle
 0002:00003140       MainThreadTopOfStack
 0002:00003144       LastExceptAddr
 0002:00003148       RaisedExceptAddr
 0002:0000314C       LastExceptObject
 0002:00003150       LastDelphiException
 0002:00003154       LastExceptMessage
 0002:00003158       LastExceptionRecord
 0002:0000315C       LastExceptionLog
 0002:00003160       LastExceptThreadID
 0002:00003164       LastLog
 0002:00003168       CanSendEmail_Show
 0002:00003169       CanAttachScreenshot_Show
 0002:0000316A       CanCopy_Show
 0002:0000316B       CanSendEmail
 0002:0000316C       CanAttachScreenshot
 0002:0000316D       CanCopy
 0002:0000316E       DuplicatedException
 0002:00003170       StartDir
 0002:00003174       SynchronizeExcept
 0002:00003178       SynchronizeRaise
 0002:0000317C       InternalErrorCode
 0002:00003180       InternalErrorMsg
 0002:00003184       EurekaLogList
 0002:00003188       GlobalSMTPValues
 0002:000031A0       CurrentRequestValue
 0002:000031A4       ThreadsCriticalSection
 0002:000031BC       InactiveThreads
 0002:000031C0       ActivateEurekaLog
 0002:000031C1       NotLoadDebugInfo
 0002:000031C4       ExceptionInfoHandle
 0002:000031C8       ModuleInfoHandle
 0002:000031CC       ExceptionInfoData
 0002:000031D0       ModuleInfoData
 0002:000031D4       Global_Execute
 0002:000031D5       Global_Handled
 0002:000031D6       Global_Retry
 0002:000031D8       Global_ExceptionRecord
 0002:000031F4       Global_CriticalSection
 0002:0000320C       Global_CurrentEvent
 0002:00003210       Global_IntraWebText
 0002:00003214       Cached_LogFile
 0002:00003218       ExceptionModuleText
 0002:0000321C       ExceptionAddressText
 0002:00003220       ExceptionTypeText
 0002:00003224       ExceptionMsgText
 0002:00003228       fDlgBack
 0002:0000322C       fMemoBack
 0002:00003230       fActive
 0002:00003234       fCaptionFont
 0002:00003238       fVariableFont
 0002:0000323C       fFixedFont
 0002:00003240       FixedFontSize
 0002:00003244       CaptionFontName
 0002:00003248       FixedFontName
 0002:0000324C       NonClientMetrics
 0002:000033A0       fMonitor
 0002:000033A4       fMonitorInfo
 0002:000033BC       fImageList
 0002:000033C0       fBmp
 0002:000033D0       OriginalWidth
 0002:000033D4       OriginalHeight
 0002:000033D8       RealLeft
 0002:000033DC       RealTop
 0002:000033E0       RealWidth
 0002:000033E4       RealHeight
 0002:000033E8       ListWidth
 0002:000033EC       ListHeight
 0002:000033F0       TextWidth
 0002:000033F4       LeftButton
 0002:000033F8       TopButton
 0002:000033FC       WindowState
 0002:00003400       ColWidths
 0002:00003428       DetailsActive
 0002:0000342C       MainDialog
 0002:00003430       IsDialogShowed
 0002:00003434       DialogHeight
 0002:00003438       CAPTION_HEIGHT
 0002:0000343C       ColoursCount
 0002:00003440       RowBytes
 0002:00003444       DataSize
 0002:00003448       ImgData
 0002:0000344C       Data
 0002:00003450       HeaderData
 0002:00003460       Encode_Filter
 0002:00003464       Encode_Data
 0002:00003468       CRCList
 0002:00003868       scr_pal
 0002:0000386C       scr_UsePal
 0002:00003870       scr_DCScreen
 0002:00003874       scr_DCCompatible
 0002:00003878       scr_Bitmap
 0002:0000387C       scr_Width
 0002:00003880       scr_Height
 0002:00003884       qPoint
 0002:00003888       qUpdate
 0002:0000388C       id
 0002:00003890       xpl
 0002:000038A0       ves
 0002:000038B0       ves1
 0002:000038C0       temper
 0002:000038D0       vzliv
 0002:000038E0       kvit_id
 0002:000038F0       dt
 0002:000038F8       ApplIniName
 0002:000038FC       SrcConn
 0002:00003900       DstTable
 0002:00003904       DstConn


Line numbers for Exp2dbf(U:\MASTER\Experion2DBF\Exp2dbf.dpr) segment .text

    30 0001:000212D8    32 0001:0002130A    35 0001:00021311    36 0001:00021338
    38 0001:0002134C    39 0001:0002136F    40 0001:00021392    44 0001:000213B5
    45 0001:000213C8    46 0001:000213E3    47 0001:000213F2    48 0001:00021406
    49 0001:0002141A    50 0001:0002142E    51 0001:00021442    52 0001:00021456
    53 0001:0002146A    56 0001:0002147E    57 0001:000214AA    58 0001:000214C2
    59 0001:000214DA    61 0001:00021506    63 0001:0002151F    70 0001:0002152E
    71 0001:00021541    72 0001:0002155C    73 0001:0002156B    74 0001:0002159C
    76 0001:000215B0    78 0001:000215C4    79 0001:000215F0    80 0001:00021608
    81 0001:00021623    82 0001:0002163E    83 0001:00021659    84 0001:00021674
    85 0001:0002168D    89 0001:0002169C    91 0001:000216DC    92 0001:000216EA
    93 0001:000216F8    94 0001:00021706    95 0001:00021714    96 0001:00021722
    97 0001:0002172E   101 0001:0002173A   102 0001:00021744   104 0001:00021780
   106 0001:000217A4   107 0001:000217E4   108 0001:000217F2   109 0001:0002181C
   111 0001:0002186E   112 0001:0002187C   114 0001:0002188F   116 0001:000218D7
   119 0001:00021901   120 0001:00021949   122 0001:00021957   123 0001:00021991
   125 0001:000219AE   127 0001:000219C1   130 0001:00021A3B   131 0001:00021A65
   132 0001:00021A73   134 0001:00021AD7   137 0001:00021AE3   138 0001:00021B2B
   140 0001:00021B73   141 0001:00021B7D    99 0001:00021B7F   145 0001:00021B91
   147 0001:00021B9E   148 0001:00021BAC   150 0001:00021BFE   153 0001:00021C11
   154 0001:00021C85   155 0001:00021C93   157 0001:00021CB1   159 0001:00021CCF
   161 0001:00021CED   163 0001:00021D0B   165 0001:00021D3F   167 0001:00021D64
   172 0001:00021D82    86 0001:00021D8C   174 0001:00021D9E   175 0001:00021DAD
   177 0001:00021DC6   178 0001:00021DD0   179 0001:00021DDA   181 0001:00021ED8

Bound resource files

C:\Program Files\EurekaLog 4\delphi7\DIALOG.RES
Exp2dbf.drf


Program entry point at 0001:000212D8
